Warning: You are sending unauthenticated requests to the HF Hub. Please set a HF_TOKEN to enable higher rate limits and faster downloads.
[heal] ckpt=runs/sflm_bench_a100_20g_L256_d1280L14_full/DirichletFM/epoch_best.pt
[heal] K=27 L=256 t_max=8.0 t_eval=7.5 device=cuda
[heal] disjoint splits: fit=256 cal=256 demo=64  n_seeds=3
=== build per-token localizer (bgmm) ===
  [bgmm] t_eval=7.5 d=1280 feat_dim=64 max_K=20 n_effective=15 cov=full converged=True lb=-4635175.819
=== heal sweep (mean over 3 corruption seeds) ===
  fpr     thr  loc_P  loc_R  loc_F1    fix    dmg    net/corrupt   delta_ws
 0.02 173.397  0.599  0.318   0.416  0.242  0.017   +0.144±0.003    +0.0217  <- selected
 0.05 165.967  0.505  0.473   0.489  0.327  0.040   +0.102±0.006    +0.0153
 0.10 160.219  0.421  0.616   0.500  0.357  0.086   -0.127±0.009    -0.0191

--- example[0] @ selected fpr=0.02 (chosen by cal-set F0.5) ---
  clean : 'l clinton during a fundraising event in washington dc october one nine nine six monica samille lewinsky born july two three one nine seven three is an american woman who was thrust into the public limelight after having a sexual affair with u s president b'
  corr  : 'l clin on durdng q trndraiaisv evjnt kn washgngton dc octobem one zije fine lix cpnica samille lzwinskh bornjjuby two threh one nincysev n thren iszan amrrican womsn who wqs thrust into the public lomelight aften haking a sexual asfaix wiahul s presidcnt b'
  truec :       ^      ^   ^ ^^     ^ ^^   ^   ^      ^               ^     ^ ^  ^    ^   ^^              ^     ^     ^  ^          ^        ^^   ^      ^   ^     ^         ^       ^                          ^            ^   ^              ^   ^   ^ ^^         ^    
  flag  :       *      *      **   **                *  *             *                    *                          *           ***        **   *    *     *    *          *            * *                                             *     *       *                 
  healed: 'l clinton during q thedraptisv evjnt kn was gngton dc october one zije fine lix canica samille lzwinskh born juby two three one nine seven thren is an amrrican woman who wqs thougt into the public lomelight aften haking a sexual affaix withul s presidcnt b'

=== HEADLINE @ selected fpr=0.02 (mean±std over 3 seeds) ===
  localize    = P 0.599 / R 0.318 / F1 0.416   (per-token detection of the corrupt positions)
  fix_rate    = 0.242   (corrupt token -> correct)
  damage_rate = 0.017   (clean token -> broken)
  net/corrupt = +0.144 ± 0.003   (net tokens recovered per corrupt token; >0 ⇒ net benefit)
  delta_ws    = +0.0217 ± 0.0009   (whole-seq; diluted, capped near corrupt_rate — diagnostic only)

Wrote bench_heal/bgmm_replace.json
