[heal] ckpt=runs/sflm_bench_a100_20g_L256_d1280L14_full/DirichletFM_converge/epoch_final.pt
[heal] K=27 L=256 t_max=8.0 t_eval=4.5 device=cuda
Warning: You are sending unauthenticated requests to the HF Hub. Please set a HF_TOKEN to enable higher rate limits and faster downloads.
[heal] disjoint splits: fit=512 cal=512 demo=64  n_seeds=1
[heal] word-swap vocab: lengths 2-18 (e.g. len-6: ['ensure', 'action', 'assist', 'safety', 'fitted'])
=== build per-token localizer (nll) ===
  [nll] training-free denoiser-surprise localizer @ t_nll=3.0 (no head, no fit set)
=== heal sweep (mean over 1 corruption seeds) ===
  fpr     thr  loc_P  loc_R  loc_F1    fix    dmg    net/corrupt   delta_ws
 0.10   0.230  0.263  0.380   0.310  0.058  0.115   -0.888±0.000    -0.0966  <- selected

--- example[0] @ selected fpr=0.1 (chosen by cal-set F0.5) ---
  clean : 'yed back using a compatible pc karaoke player display the lyrics karaoke style while playing the song although the midi karaoke format precludes the use of background vocals and harmonies the incredibly small size of the file in comparison to other digital'
  corr  : 'yed back using a compatible pc definit player display the lyrics karaoke dense while playing the song although the midi karaoke defied precludes the use of background vocals and harmonies the incredibly small size of the file in amphitrite in words digital'
  truec :                                ^^^^^^^                                   ^^^^                                                   ^^^^^^                                                                                               ^^^^^^^^^^ ^^ ^^^^^        
  flag  : * *                          *                            *    * *  ***  *                                         * ** *  ***    * **   *                             * *  *     *                      *                            ****** *                  
  healed: 'her back using a compatible pg definit player display the pyrice barbile sense while playing the song although the file barbile defile precludes the use of background toball and barmonies the incredible small size of the file in a jpe file in words digital'

=== HEADLINE @ selected fpr=0.1 (mean±std over 1 seeds) ===
  localize    = P 0.263 / R 0.380 / F1 0.310   (per-token detection of the corrupt positions)
  fix_rate    = 0.058   (corrupt token -> correct)
  damage_rate = 0.115   (clean token -> broken)
  net/corrupt = -0.888 ± 0.000   (net tokens recovered per corrupt token; >0 ⇒ net benefit)
  delta_ws    = -0.0966 ± 0.0000   (whole-seq; diluted, capped near corrupt_rate — diagnostic only)

Wrote bench_heal_final/examples/_guard_nll_falseinfo_fpr10.json
