[heal] ckpt=runs/sflm_bench_a100_20g_L256_d1280L14_full/DirichletFM_converge/epoch_final.pt
[heal] K=27 L=256 t_max=8.0 t_eval=4.5 device=cuda
Warning: You are sending unauthenticated requests to the HF Hub. Please set a HF_TOKEN to enable higher rate limits and faster downloads.
[heal] disjoint splits: fit=512 cal=512 demo=64  n_seeds=1
[heal] word-swap vocab: lengths 2-18 (e.g. len-6: ['ensure', 'action', 'assist', 'safety', 'fitted'])
=== build per-token localizer (logistic_fi) ===
  [logistic] train mix falseinfo @ rate 0.15: [('falseinfo', 14576)]  (scheme, #corrupt tokens)
  [logistic] fit on 74576 tok (pos=60000 neg=14576) @ t=4.5
[heal] plausible: corrupting 128/512 calibration windows for the operating-point stats (the threshold still uses all 512)
=== heal sweep (mean over 1 corruption seeds) ===
  fpr     thr  loc_P  loc_R  loc_F1    fix    dmg    net/corrupt   delta_ws
 0.02   0.377  0.004  0.001   0.001  0.000  0.014   -0.111±0.000    -0.0125
 0.05  -0.134  0.015  0.006   0.008  0.000  0.034   -0.270±0.000    -0.0303
 0.10  -0.565  0.030  0.025   0.027  0.000  0.065   -0.513±0.000    -0.0576  <- selected

--- example[0] @ selected fpr=0.1 (chosen by cal-set F0.5) ---
  clean : 'yed back using a compatible pc karaoke player display the lyrics karaoke style while playing the song although the midi karaoke format precludes the use of background vocals and harmonies the incredibly small size of the file in comparison to other digital'
  corr  : 'yed back using a compatible pc between player display the lyrics karaoke other while playing the song although the midi karaoke system precludes the use of background vocals and harmonies the incredibly small size of the file in considered in allow digital'
  truec :                                ^^^^^^^                                   ^ ^^^                                                  ^^^^^^                                                                                                 ^^^^^^^^ ^^ ^^^^^        
  flag  :      *                  **  **          *      * ** *     ***    ** ***               **           **              **** ** ***         ** * *          *     * ** *    ***         *    *        * *  ****                                            *   *  *  
  healed: 'yed back using a compatible pp between player djs  as the logics harbone other while playing the some although the back harbone system the lades the use of background lobals and harmonies the incked the small size of the file in considered in allow dogital'

=== HEADLINE @ selected fpr=0.1 (mean±std over 1 seeds) ===
  localize    = P 0.030 / R 0.025 / F1 0.027   (per-token detection of the corrupt positions)
  fix_rate    = 0.000   (corrupt token -> correct)
  damage_rate = 0.065   (clean token -> broken)
  net/corrupt = -0.513 ± 0.000   (net tokens recovered per corrupt token; >0 ⇒ net benefit)
  delta_ws    = -0.0576 ± 0.0000   (whole-seq; diluted, capped near corrupt_rate — diagnostic only)

Wrote bench_heal_final/examples/logreg_fi_plausible_examples.json
