Warning: You are sending unauthenticated requests to the HF Hub. Please set a HF_TOKEN to enable higher rate limits and faster downloads.
[nll] t_nll=3.0 t_var=7.5 t_max=8.0 fit=512 eval=256
[nll] variance baseline: d=1280 t_var=7.5
[nll] false-info vocab: lengths 2-18

   scheme  rate  NLL_AUseq  NLL_AUtok  Var_AUseq  Var_AUtok  tokP@5  tokR@5  tokF1@5
  replace  0.05     0.9887     0.9813     0.8529     0.8358   0.451   0.918    0.605
  replace  0.10     0.9998     0.9775     0.9691     0.8107   0.587   0.916    0.716
  replace  0.15     1.0000     0.9684     0.9910     0.7872   0.640   0.897    0.747
  replace  0.20     1.0000     0.9577     0.9998     0.7645   0.668   0.884    0.761
  replace  0.25     1.0000     0.9467     0.9999     0.7452   0.677   0.879    0.765
  replace  0.30     1.0000     0.9310     1.0000     0.7272   0.678   0.870    0.763
  replace  0.50     1.0000     0.8541     1.0000     0.6317   0.676   0.900    0.772
  replace  0.70     1.0000     0.7800     1.0000     0.5584   0.752   0.946    0.838
  replace  1.00     1.0000        nan     1.0000        nan     nan     nan      nan
  shuffle  0.05     0.9702     0.9712     0.8149     0.8040   0.402   0.873    0.550
  shuffle  0.10     0.9990     0.9613     0.9510     0.7688   0.539   0.850    0.660
  shuffle  0.15     1.0000     0.9484     0.9901     0.7380   0.595   0.819    0.689
  shuffle  0.20     1.0000     0.9351     0.9992     0.7178   0.628   0.806    0.706
  shuffle  0.25     1.0000     0.9143     0.9998     0.6959   0.636   0.783    0.702
  shuffle  0.30     1.0000     0.8883     1.0000     0.6685   0.642   0.755    0.694
  shuffle  0.50     1.0000     0.7665     1.0000     0.5985   0.657   0.691    0.673
  shuffle  0.70     1.0000     0.6343     1.0000     0.5516   0.718   0.677    0.697
  shuffle  1.00     1.0000     0.6069     1.0000     0.5088   0.937   0.680    0.788
     both  0.05     0.9995     0.9699     0.9604     0.7937   0.556   0.879    0.681
     both  0.10     1.0000     0.9520     0.9981     0.7505   0.648   0.858    0.738
     both  0.15     1.0000     0.9206     0.9999     0.7128   0.663   0.821    0.733
     both  0.20     1.0000     0.8881     1.0000     0.6826   0.667   0.814    0.733
     both  0.25     1.0000     0.8512     1.0000     0.6539   0.673   0.810    0.735
     both  0.30     1.0000     0.8136     1.0000     0.6309   0.676   0.818    0.740
     both  0.50     1.0000     0.7187     1.0000     0.5637   0.773   0.885    0.825
     both  0.70     1.0000     0.7102     1.0000     0.5338   0.891   0.925    0.908
     both  1.00     1.0000     0.7469     1.0000     0.4884   0.968   0.972    0.970
falseinfo  0.05     0.5887     0.7238     0.5484     0.6621   0.140   0.225    0.173
falseinfo  0.10     0.6641     0.7218     0.5774     0.6674   0.240   0.205    0.221
falseinfo  0.15     0.7435     0.7310     0.6326     0.6736   0.350   0.223    0.272
falseinfo  0.20     0.7860     0.7196     0.6662     0.6669   0.413   0.208    0.276
falseinfo  0.25     0.8504     0.7034     0.7074     0.6737   0.458   0.205    0.283
falseinfo  0.30     0.8798     0.7081     0.7459     0.6741   0.524   0.208    0.298
falseinfo  0.50     0.9529     0.6885     0.8815     0.6818   0.676   0.209    0.319
falseinfo  0.70     0.9776     0.6624     0.9616     0.7007   0.782   0.206    0.326
falseinfo  1.00     0.9943     0.5882     0.9927     0.7670   0.874   0.205    0.333

=== healing-style examples ===
  [examples] flag thr=0.6159 @ fpr=0.05 (key=NLL_t)
  --- clean #0 ---
    flag : *                         *                        ***                                 *       * *  **                  
  --- replace30 #0 ---
    truec:  ^  ^ ^     ^^   ^ ^         ^       ^ ^ ^^      ^^   ^ ^      ^  ^^     ^       ^  ^     ^^  ^^^   ^^^  ^  ^      ^^^^ 
    flag : *****     *    * * **     *  *       * * **      ****   *      *  **     *       *  ** * **** ** *   ** **        ***** 
  --- falseinfo30 #0 ---
    truec:   ^^^^^^^          ^^^^^^^^^^^                     ^^                       ^^^        ^^ ^^^^   ^^ ^^^           ^^^   
    flag : *       *                                           *                        **        * **                       **    

Wrote bench_ood/nll/denoiser_nll_sweep.json
