### [2026-08-09_19:29:38] rate-0.3 plausible still on the GPU — waiting
### [2026-08-09_19:34:38] rate-0.3 plausible still on the GPU — waiting
### [2026-08-09_19:39:38] rate-0.3 plausible still on the GPU — waiting
### [2026-08-09_19:44:39] rate-0.3 plausible still on the GPU — waiting
### [2026-08-09_19:49:39] rate-0.3 plausible still on the GPU — waiting
### [2026-08-09_19:54:39] rate-0.3 plausible still on the GPU — waiting
### [2026-08-09_19:59:39] rate-0.3 plausible still on the GPU — waiting
### [2026-08-09_20:04:39] rate-0.3 plausible still on the GPU — waiting
### [2026-08-09_20:09:39] rate-0.3 plausible still on the GPU — waiting
### [2026-08-09_20:14:39] rate-0.3 plausible still on the GPU — waiting
### [2026-08-09_20:19:39] rate-0.3 plausible still on the GPU — waiting
### [2026-08-09_20:24:39] rate-0.3 plausible still on the GPU — waiting
### [2026-08-09_20:29:39] rate-0.3 plausible still on the GPU — waiting
### [2026-08-09_20:34:39] rate-0.3 plausible still on the GPU — waiting
### [2026-08-09_20:39:39] rate-0.3 plausible still on the GPU — waiting
### [2026-08-09_20:44:39] rate-0.3 plausible still on the GPU — waiting
### [2026-08-09_20:49:39] rate-0.3 plausible still on the GPU — waiting
### [2026-08-09_20:54:39] rate-0.3 plausible still on the GPU — waiting
### [2026-08-09_20:59:39] rate-0.3 plausible still on the GPU — waiting
### [2026-08-09_21:04:39] rate-0.3 plausible still on the GPU — waiting
### [2026-08-09_21:09:39] rate-0.3 plausible still on the GPU — waiting
### [2026-08-09_21:14:39] rate-0.3 plausible still on the GPU — waiting
### [2026-08-09_21:19:39] rate-0.3 plausible still on the GPU — waiting
### [2026-08-09_21:24:39] rate-0.3 plausible still on the GPU — waiting
### [2026-08-09_21:29:39] rate-0.3 plausible still on the GPU — waiting
### [2026-08-09_21:34:39] rate-0.3 plausible still on the GPU — waiting
### [2026-08-09_21:39:39] rate-0.3 plausible still on the GPU — waiting
### [2026-08-09_21:44:39] rate-0.3 plausible still on the GPU — waiting
### [2026-08-09_21:49:39] rate-0.3 plausible still on the GPU — waiting
### [2026-08-09_21:54:39] rate-0.3 plausible still on the GPU — waiting
### [2026-08-09_21:59:39] rate-0.3 plausible still on the GPU — waiting
### [2026-08-09_22:04:39] rate-0.3 plausible still on the GPU — waiting
### [2026-08-09_22:09:39] rate-0.3 plausible still on the GPU — waiting
### [2026-08-09_22:14:39] rate-0.3 plausible still on the GPU — waiting
### [2026-08-09_22:19:39] rate-0.3 plausible still on the GPU — waiting
### [2026-08-09_22:24:39] rate-0.3 plausible still on the GPU — waiting
### [2026-08-09_22:29:39] rate-0.3 plausible still on the GPU — waiting
### [2026-08-09_22:34:39] rate-0.3 plausible still on the GPU — waiting
### [2026-08-09_22:39:39] rate-0.3 plausible still on the GPU — waiting
### [2026-08-09_22:44:39] rate-0.3 plausible still on the GPU — waiting
### [2026-08-09_22:49:39] rate-0.3 plausible still on the GPU — waiting
### [2026-08-09_22:54:39] rate-0.3 plausible still on the GPU — waiting
### [2026-08-09_22:59:39] rate-0.3 plausible still on the GPU — waiting
### [2026-08-09_23:04:39] rate-0.3 plausible still on the GPU — waiting
### [2026-08-09_23:09:39] rate-0.3 plausible still on the GPU — waiting
### [2026-08-09_23:14:39] rate-0.3 plausible still on the GPU — waiting
### [2026-08-09_23:19:39] rate-0.3 plausible still on the GPU — waiting
### [2026-08-09_23:24:39] rate-0.3 plausible still on the GPU — waiting
### [2026-08-09_23:29:39] rate-0.3 plausible still on the GPU — waiting
### [2026-08-09_23:34:39] rate-0.3 plausible still on the GPU — waiting
### [2026-08-09_23:39:39] rate-0.3 plausible still on the GPU — waiting
### [2026-08-09_23:44:39] rate-0.3 plausible still on the GPU — waiting
### [2026-08-09_23:49:39] rate-0.3 plausible still on the GPU — waiting
### [2026-08-09_23:54:39] rate-0.3 plausible still on the GPU — waiting
### [2026-08-09_23:59:39] rate-0.3 plausible still on the GPU — waiting
### [2026-08-10_00:04:39] rate-0.3 plausible still on the GPU — waiting
### [2026-08-10_00:09:39] rate-0.3 plausible still on the GPU — waiting
### [2026-08-10_00:14:39] rate-0.3 plausible still on the GPU — waiting
### [2026-08-10_00:19:39] rate-0.3 plausible still on the GPU — waiting
### [2026-08-10_00:24:39] rate-0.3 plausible still on the GPU — waiting
### [2026-08-10_00:29:39] rate-0.3 plausible still on the GPU — waiting
### [2026-08-10_00:34:39] rate-0.3 plausible still on the GPU — waiting
### [2026-08-10_00:39:39] rate-0.3 plausible still on the GPU — waiting
### [2026-08-10_00:44:40] rate-0.3 plausible still on the GPU — waiting
### [2026-08-10_00:49:40] rate-0.3 plausible still on the GPU — waiting
### [2026-08-10_00:54:40] rate-0.3 plausible still on the GPU — waiting
### [2026-08-10_00:59:40] rate-0.3 plausible still on the GPU — waiting
### [2026-08-10_01:04:40] rate-0.3 plausible still on the GPU — waiting
### [2026-08-10_01:09:40] rate-0.3 plausible still on the GPU — waiting
### [2026-08-10_01:14:40] rate-0.3 plausible still on the GPU — waiting
### [2026-08-10_01:19:40] rate-0.3 plausible still on the GPU — waiting
### [2026-08-10_01:24:40] rate-0.3 plausible still on the GPU — waiting
### PLAUSIBLE-LADDER START 2026-08-10_01:29:40
### [2026-08-10_01:29:40] linked rate_0.3 -> latent_split_plausible
### [2026-08-10_01:29:40] plausible rate=0.15 start
### [2026-08-10_06:10:47] plausible rate=0.15 exit=0
[plausible] 192 seqs @ rate 0.15: 1218 slots, 2436s
[plausible] 256 seqs @ rate 0.15: 1533 slots, 3055s
[seq:plausible] PCA(PC1-2)=0.558  LDA-axis=0.817  full-linear=0.946  nulls=None / None
[plausible] 192 seqs @ rate 0.5: 4040 slots, 8081s
[plausible] 256 seqs @ rate 0.15: 1535 slots, 3055s
[token:plausible] PCA(PC1-2)=0.609  energy-axis=0.906  full-linear=0.978  nulls=None / None
### [2026-08-10_06:10:47] plausible rate=0.5 start
