Warning: You are sending unauthenticated requests to the HF Hub. Please set a HF_TOKEN to enable higher rate limits and faster downloads.
Generating train split:   0%|          | 0/1 [00:00<?, ? examples/s]Generating train split: 100%|██████████| 1/1 [00:00<00:00,  2.47 examples/s]Generating train split: 100%|██████████| 1/1 [00:00<00:00,  2.41 examples/s]
Generating validation split:   0%|          | 0/1 [00:00<?, ? examples/s]Generating validation split: 100%|██████████| 1/1 [00:00<00:00, 42.68 examples/s]
Generating test split:   0%|          | 0/1 [00:00<?, ? examples/s]Generating test split: 100%|██████████| 1/1 [00:00<00:00, 64.48 examples/s]
[skip] DFM_SVGP: no checkpoint and auto-train failed/disabled
[skip] SFLM_SVGP: no checkpoint and auto-train failed/disabled

==============================================================================================================
(0) GENERATION  —  reconstruction NLL.  ⚠ bpc≈0 for arms whose bpd() reads the input through .encode()→.decode_to_logprobs() (SFLM/EqM/EqM_OneHot/EqMLatent) — that path is essentially identity; treat 'real' NLL as the SE-clean column below.
    (text8: BPB ≡ BPC since each token is one ASCII byte)
==============================================================================================================
model              PPL       BPB       BPC    SE_clean     E_clean
SFLMEBM          1.316     0.396     0.396       0.000    -119.119
SFLMEBM_FM       1.166     0.221     0.221       0.000     -75.301
EqM              1.000     0.000     0.000       0.000   -4893.593
EqM_OneHot       1.000     0.000     0.000       0.000    -975.217
EqMLatent        1.004     0.005     0.005       0.242    -151.683
SFLM             1.015     0.022     0.022       0.000           —
DirichletFM      1.301     0.380     0.380       0.217           —
DFM              8.124     3.022     3.022       0.029           —

====================================================================================
(1a) SEQ-LEVEL SE AUROC (clean vs subst_*; 0.5=chance, 1=perfect)
====================================================================================
model          s0.1   s0.2   s0.3   s0.4   s0.5   s0.6   s0.7   s0.8   s0.9   s1.0
SFLMEBM       0.678  0.772  0.847  0.891  0.919  0.936  0.947  0.956  0.962  0.969
SFLMEBM_FM    0.696  0.811  0.905  0.948  0.971  0.984  0.991  0.997  0.999  0.999
EqM           0.449  0.391  0.354  0.308  0.278  0.255  0.215  0.194  0.160  0.128
EqM_OneHot    0.449  0.391  0.354  0.308  0.278  0.255  0.215  0.194  0.160  0.128
EqMLatent     0.764  0.891  0.956  0.982  0.990  0.998  0.999  1.000  1.000  1.000
SFLM          1.000  1.000  1.000  1.000  1.000  1.000  1.000  1.000  1.000  1.000
DirichletFM   0.778  0.886  0.953  0.980  0.990  0.998  0.996  1.000  1.000  1.000
DFM           0.918  0.982  0.997  0.999  1.000  1.000  1.000  1.000  1.000  1.000

====================================================================================
(1b) SEQ-LEVEL SE AUROC (clean vs shuffle_*)
====================================================================================
model         sh0.1  sh0.2  sh0.3  sh0.4  sh0.5  sh0.6  sh0.7  sh0.8  sh0.9  sh1.0
SFLMEBM       0.492  0.499  0.505  0.500  0.507  0.498  0.488  0.511  0.518  0.494
SFLMEBM_FM    0.499  0.502  0.503  0.490  0.508  0.487  0.479  0.489  0.477  0.490
EqM           0.516  0.514  0.514  0.513  0.512  0.514  0.515  0.515  0.512  0.514
EqM_OneHot    0.516  0.514  0.514  0.513  0.512  0.514  0.515  0.515  0.512  0.514
EqMLatent     0.500  0.500  0.500  0.500  0.500  0.500  0.500  0.500  0.500  0.500
SFLM          1.000  1.000  1.000  1.000  1.000  1.000  1.000  1.000  1.000  1.000
DirichletFM   0.548  0.644  0.701  0.736  0.788  0.801  0.831  0.826  0.845  0.831
DFM           0.744  0.901  0.966  0.981  0.988  0.992  0.994  0.995  0.996  0.996

=====================
(1c) SEQ-LEVEL SE AUROC (clean vs rand uniform)
=====================
model           rnd
SFLMEBM       0.971
SFLMEBM_FM    0.999
EqM           0.113
EqM_OneHot    0.113
EqMLatent     1.000
SFLM          1.000
DirichletFM   1.000
DFM           1.000

====================================================================================
(1d) SEQ-LEVEL ENERGY AUROC (EBMs; subst_*).  If a row inverts to <0.5 the energy sign is flipped.
====================================================================================
model          s0.1   s0.2   s0.3   s0.4   s0.5   s0.6   s0.7   s0.8   s0.9   s1.0
SFLMEBM       0.708  0.851  0.937  0.974  0.990  0.998  0.998  1.000  1.000  1.000
SFLMEBM_FM    0.353  0.233  0.137  0.074  0.038  0.021  0.012  0.004  0.002  0.000
EqM           0.584  0.645  0.707  0.760  0.797  0.838  0.868  0.882  0.910  0.929
EqM_OneHot    0.361  0.269  0.175  0.121  0.081  0.043  0.022  0.010  0.006  0.004
EqMLatent     0.359  0.208  0.116  0.060  0.026  0.015  0.026  0.056  0.099  0.207

====================================================================================
(1e) SEQ-LEVEL ENERGY AUROC (EBMs; shuffle_*)
====================================================================================
model         sh0.1  sh0.2  sh0.3  sh0.4  sh0.5  sh0.6  sh0.7  sh0.8  sh0.9  sh1.0
SFLMEBM       0.498  0.504  0.494  0.501  0.511  0.493  0.497  0.508  0.505  0.499
SFLMEBM_FM    0.502  0.502  0.502  0.501  0.500  0.508  0.502  0.508  0.510  0.508
EqM           0.500  0.501  0.501  0.499  0.501  0.497  0.501  0.498  0.500  0.499
EqM_OneHot    0.511  0.504  0.516  0.518  0.531  0.528  0.531  0.503  0.510  0.519
EqMLatent     0.497  0.503  0.501  0.515  0.505  0.509  0.516  0.487  0.520  0.515

=====================
(1f) SEQ-LEVEL ENERGY AUROC (EBMs; rand)
=====================
model           rnd
SFLMEBM       1.000
SFLMEBM_FM    0.002
EqM           0.918
EqM_OneHot    0.004
EqMLatent     0.167

====================================================================================
(2a) PER-POSITION SE AUROC (changed vs unchanged inside corrupted; subst_*).  Subst at rate 1.0 has no clean positions ⇒ entry absent.
====================================================================================
model          s0.1   s0.2   s0.3   s0.4   s0.5   s0.6   s0.7   s0.8   s0.9   s1.0
SFLMEBM       0.729  0.728  0.736  0.705  0.695  0.697  0.699  0.684  0.692    nan
SFLMEBM_FM    0.612  0.606  0.597  0.607  0.607  0.628  0.633  0.639  0.663    nan
EqM           0.574  0.542  0.541  0.557  0.705  0.733  0.659  0.619  0.629    nan
EqM_OneHot    0.574  0.542  0.541  0.557  0.705  0.733  0.659  0.619  0.629    nan
EqMLatent     0.759  0.759  0.757  0.755  0.754  0.753  0.755  0.754  0.755    nan
SFLM          0.705  0.667  0.750  0.895  0.990  0.884  0.745  0.667  0.706    nan
DirichletFM   0.732  0.717  0.716  0.714  0.699  0.688  0.682  0.686  0.672    nan
DFM           0.891  0.870  0.848  0.824  0.803  0.780  0.757  0.741  0.722    nan

====================================================================================
(2b) PER-POSITION SE AUROC (shuffle_*)
====================================================================================
model         sh0.1  sh0.2  sh0.3  sh0.4  sh0.5  sh0.6  sh0.7  sh0.8  sh0.9  sh1.0
SFLMEBM       0.582  0.594  0.589  0.586  0.568  0.548  0.526  0.512  0.556  0.493
SFLMEBM_FM    0.549  0.556  0.565  0.550  0.521  0.527  0.500  0.483  0.511  0.508
EqM           0.608  0.613  0.589  0.680  0.760  0.836  0.772  0.689  0.663  0.659
EqM_OneHot    0.608  0.613  0.589  0.680  0.760  0.836  0.772  0.689  0.663  0.659
EqMLatent     0.531  0.528  0.514  0.521  0.514  0.526  0.535  0.542  0.581  0.614
SFLM          0.672  0.685  0.677  0.833  0.925  0.960  0.863  0.730  0.674  0.700
DirichletFM   0.591  0.590  0.582  0.574  0.573  0.547  0.538  0.537  0.524  0.534
DFM           0.796  0.785  0.750  0.707  0.674  0.643  0.609  0.592  0.556  0.557

====================================================================================
(2c) PER-POSITION ‖∇E‖ AUROC (EBMs; subst_*)
====================================================================================
model          s0.1   s0.2   s0.3   s0.4   s0.5   s0.6   s0.7   s0.8   s0.9   s1.0
SFLMEBM       0.581  0.573  0.568  0.559  0.553  0.549  0.548  0.543  0.551    nan
SFLMEBM_FM    0.736  0.722  0.716  0.704  0.693  0.676  0.661  0.648  0.629    nan
EqM           0.393  0.393  0.390  0.392  0.385  0.384  0.380  0.377  0.370    nan
EqM_OneHot    0.655  0.661  0.672  0.675  0.673  0.664  0.657  0.646  0.637    nan
EqMLatent     0.754  0.755  0.756  0.753  0.753  0.751  0.753  0.752  0.753    nan

====================================================================================
(2d) PER-POSITION ‖∇E‖ AUROC (EBMs; shuffle_*)
====================================================================================
model         sh0.1  sh0.2  sh0.3  sh0.4  sh0.5  sh0.6  sh0.7  sh0.8  sh0.9  sh1.0
SFLMEBM       0.495  0.502  0.495  0.501  0.500  0.506  0.516  0.514  0.525  0.526
SFLMEBM_FM    0.516  0.513  0.511  0.518  0.507  0.521  0.521  0.540  0.562  0.602
EqM           0.520  0.492  0.499  0.498  0.511  0.508  0.503  0.505  0.517  0.518
EqM_OneHot    0.516  0.498  0.495  0.508  0.502  0.512  0.508  0.512  0.545  0.552
EqMLatent     0.526  0.517  0.512  0.521  0.510  0.524  0.533  0.550  0.581  0.631

Wrote runs/sflm_bench_a100_20g_gridsweep/bench.json
