Warning: You are sending unauthenticated requests to the HF Hub. Please set a HF_TOKEN to enable higher rate limits and faster downloads.
[heal] ckpt=runs/sflm_bench_a100_20g_L256_d1280L14_full/DirichletFM_converge/epoch_final.pt
[heal] K=27 L=256 t_max=8.0 t_eval=7.5 device=cuda
[heal] disjoint splits: fit=512 cal=512 demo=64  n_seeds=3
[heal] word-swap vocab: lengths 2-18 (e.g. len-6: ['ensure', 'action', 'assist', 'safety', 'fitted'])
=== build per-token localizer (bgmm) ===
  [bgmm] t_eval=7.5 d=1280 feat_dim=64 max_K=20 n_effective=17 cov=full converged=True lb=-5471405.372
[heal] plausible: corrupting 128/512 calibration windows for the operating-point stats (the threshold still uses all 512)
=== heal sweep (mean over 3 corruption seeds) ===
  fpr     thr  loc_P  loc_R  loc_F1    fix    dmg    net/corrupt   delta_ws
 0.02 168.317  0.041  0.008   0.013  0.000  0.012   -0.095±0.004    -0.0106
 0.05 160.490  0.027  0.013   0.018  0.001  0.032   -0.255±0.010    -0.0284
 0.10 154.192  0.037  0.034   0.036  0.001  0.062   -0.490±0.002    -0.0546  <- selected

--- example[0] @ selected fpr=0.1 (chosen by cal-set F0.5) ---
  clean : 'yed back using a compatible pc karaoke player display the lyrics karaoke style while playing the song although the midi karaoke format precludes the use of background vocals and harmonies the incredibly small size of the file in comparison to other digital'
  corr  : 'yed back using a compatible pc between player display the lyrics karaoke other while playing the song although the midi karaoke system precludes the use of background vocals and harmonies the incredibly small size of the file in considered in allow digital'
  truec :                                ^^^^^^^                                   ^ ^^^                                                  ^^^^^^                                                                                                 ^^^^^^^^ ^^ ^^^^^        
  flag  :                             *                       *         *     ***                 *              *                   **          *                        *      * *           *  *            * *    *                                                   
  healed: 'yed back using a compatible bc between player display the lyries karboke other while playing the song although the midi karboke system  recludes the use of background locals and harbonies the incredibly small size of the file in considered in allow digital'

=== HEADLINE @ selected fpr=0.1 (mean±std over 3 seeds) ===
  localize    = P 0.037 / R 0.034 / F1 0.036   (per-token detection of the corrupt positions)
  fix_rate    = 0.001   (corrupt token -> correct)
  damage_rate = 0.062   (clean token -> broken)
  net/corrupt = -0.490 ± 0.002   (net tokens recovered per corrupt token; >0 ⇒ net benefit)
  delta_ws    = -0.0546 ± 0.0005   (whole-seq; diluted, capped near corrupt_rate — diagnostic only)

Wrote bench_heal_final/bgmm_plausible.json
