Warning: You are sending unauthenticated requests to the HF Hub. Please set a HF_TOKEN to enable higher rate limits and faster downloads.
[heal] ckpt=runs/sflm_bench_a100_20g_L256_d1280L14_full/DirichletFM_converge/epoch_final.pt
[heal] K=27 L=256 t_max=8.0 t_eval=7.5 device=cuda
[heal] disjoint splits: fit=512 cal=512 demo=64  n_seeds=3
=== build per-token localizer (bgmm) ===
  [bgmm] t_eval=7.5 d=1280 feat_dim=64 max_K=20 n_effective=17 cov=full converged=True lb=-5471405.372
=== heal sweep (mean over 3 corruption seeds) ===
  fpr     thr  loc_P  loc_R  loc_F1    fix    dmg    net/corrupt   delta_ws
 0.02 168.317  0.520  0.432   0.472  0.325  0.031   +0.124±0.012    +0.0169  <- selected
 0.05 160.490  0.418  0.616   0.498  0.385  0.073   -0.080±0.008    -0.0109
 0.10 154.192  0.333  0.753   0.461  0.323  0.158   -0.683±0.028    -0.0925

--- example[0] @ selected fpr=0.02 (chosen by cal-set F0.5) ---
  clean : 'yed back using a compatible pc karaoke player display the lyrics karaoke style while playing the song although the midi karaoke format precludes the use of background vocals and harmonies the incredibly small size of the file in comparison to other digital'
  corr  : 'yed baak usinr a iorgatiblp  r kaoaokg playem display the lyeics ktraokr styee wrzle playing thensong ilthouoh rhe midi kaeaoke forcct plecludea thu use of backgrognd vocafs and harmonies the incredlbly small sime oe the file in chmpacisos pa other ditital'
  truec :       ^      ^   ^ ^^     ^ ^^   ^   ^      ^               ^     ^    ^    ^   ^^              ^     ^     ^  ^          ^        ^^   ^      ^   ^               ^       ^                          ^            ^   ^              ^   ^   ^ ^^         ^    
  flag  :       *     ** * **     * * *    **         *               *       ***     *                   *      *    *            ***       **              **                      **                        ** *            ***              **   *  *                 
  healed: 'yed back using a hargatible or karyokg player display the lypics ktrp or style wrzle playing the song ilthough rhe midi karjoke formet plecludea the use of backgrognd vocack and harmonies the increasboy small sime of the file in ca packson pa other ditital'

=== HEADLINE @ selected fpr=0.02 (mean±std over 3 seeds) ===
  localize    = P 0.520 / R 0.432 / F1 0.472   (per-token detection of the corrupt positions)
  fix_rate    = 0.325   (corrupt token -> correct)
  damage_rate = 0.031   (clean token -> broken)
  net/corrupt = +0.124 ± 0.012   (net tokens recovered per corrupt token; >0 ⇒ net benefit)
  delta_ws    = +0.0169 ± 0.0016   (whole-seq; diluted, capped near corrupt_rate — diagnostic only)

Wrote bench_heal_final/bgmm_shuffle.json
