Warning: You are sending unauthenticated requests to the HF Hub. Please set a HF_TOKEN to enable higher rate limits and faster downloads.
[heal] ckpt=runs/sflm_bench_a100_20g_L256_d1280L14_full/DirichletFM_converge/epoch_final.pt
[heal] K=27 L=256 t_max=8.0 t_eval=4.5 device=cuda
[heal] disjoint splits: fit=512 cal=512 demo=64  n_seeds=3
=== build per-token localizer (linear_fi) ===
  [hinge] train mix falseinfo @ rate 0.3: [('falseinfo', 29024)]  (scheme, #corrupt tokens)
  [hinge] step    0  E_valid=-0.003  E_corrupt=+0.096  gap=+0.098
  [hinge] step  200  E_valid=+0.489  E_corrupt=+1.499  gap=+1.011
  [hinge] step  400  E_valid=+0.489  E_corrupt=+1.517  gap=+1.027
  [hinge] step  599  E_valid=+0.502  E_corrupt=+1.360  gap=+0.857
  [hinge] fit on 233120+29024 tok @ t=4.5
=== heal sweep (mean over 3 corruption seeds) ===
  fpr     thr  loc_P  loc_R  loc_F1    fix    dmg    net/corrupt   delta_ws
 0.02   2.186  0.383  0.428   0.404  0.139  0.104   -0.446±0.012    -0.0672  <- selected
 0.05   1.713  0.308  0.650   0.418  0.133  0.227   -1.149±0.020    -0.1731
 0.10   1.336  0.254  0.802   0.386  0.118  0.384   -2.047±0.030    -0.3085

--- example[0] @ selected fpr=0.02 (chosen by cal-set F0.5) ---
  clean : 'yed back using a compatible pc karaoke player display the lyrics karaoke style while playing the song although the midi karaoke format precludes the use of background vocals and harmonies the incredibly small size of the file in comparison to other digital'
  corr  : 'yed ba k usind a qotratibla sv kajaokk playeg display the lymics kzrjokf styme wcole playing thezsong hlthoujh bhe midi kahaoke forcyt p ecluden thz use rf backgrosnd vocaqs and harmonies the incredobly small sine ok the file in csmpaxisoa ul other dicital'
  truec :       ^      ^   ^ ^^     ^ ^^   ^   ^      ^               ^     ^ ^  ^    ^   ^^              ^     ^     ^  ^          ^        ^^   ^      ^   ^     ^         ^       ^                          ^            ^   ^              ^   ^   ^ ^^         ^    
  flag  :     ** *         ***     ** **       *      *              **     ***  *     * **                     *        **   ***           **** * **  ***  **     **    *       *  **          *                ***        *   **              *     *** **              
  healed: 'yed oo a usind a oi ratible oe kajaoke player display the logics kahaoke styme whole playing thezsong althoujh the moke kahaoke fockko a kaluoke the use oe backgrosnd hockes and harmonies the incredotee small sone of the file in compaxioke of other dicital'

=== HEADLINE @ selected fpr=0.02 (mean±std over 3 seeds) ===
  localize    = P 0.383 / R 0.428 / F1 0.404   (per-token detection of the corrupt positions)
  fix_rate    = 0.139   (corrupt token -> correct)
  damage_rate = 0.104   (clean token -> broken)
  net/corrupt = -0.446 ± 0.012   (net tokens recovered per corrupt token; >0 ⇒ net benefit)
  delta_ws    = -0.0672 ± 0.0027   (whole-seq; diluted, capped near corrupt_rate — diagnostic only)

Wrote bench_heal_final/blr_fi_replace.json
