Warning: You are sending unauthenticated requests to the HF Hub. Please set a HF_TOKEN to enable higher rate limits and faster downloads.
[heal] ckpt=runs/sflm_bench_a100_20g_L256_d1280L14_full/DirichletFM_converge/epoch_final.pt
[heal] K=27 L=256 t_max=8.0 t_eval=4.5 device=cuda
[heal] disjoint splits: fit=512 cal=512 demo=64  n_seeds=3
=== build per-token localizer (linear) ===
  [head] step    0  E_valid=-0.034  E_corrupt=-0.185  gap=-0.151
  [head] step  200  E_valid=+0.381  E_corrupt=+2.924  gap=+2.543
  [head] step  400  E_valid=+0.392  E_corrupt=+2.978  gap=+2.586
  [head] step  599  E_valid=+0.388  E_corrupt=+3.013  gap=+2.625
=== heal sweep (mean over 3 corruption seeds) ===
  fpr     thr  loc_P  loc_R  loc_F1    fix    dmg    net/corrupt   delta_ws
 0.02   1.643  0.505  0.568   0.535  0.372  0.064   -0.039±0.006    -0.0053  <- selected
 0.05   1.091  0.392  0.738   0.512  0.389  0.122   -0.392±0.008    -0.0532
 0.10   0.747  0.319  0.832   0.461  0.333  0.189   -0.872±0.032    -0.1182

--- example[0] @ selected fpr=0.02 (chosen by cal-set F0.5) ---
  clean : 'yed back using a compatible pc karaoke player display the lyrics karaoke style while playing the song although the midi karaoke format precludes the use of background vocals and harmonies the incredibly small size of the file in comparison to other digital'
  corr  : 'yed baak usinr a iorgatiblp  r kaoaokg playem display the lyeics ktraokr styee wrzle playing thensong ilthouoh rhe midi kaeaoke forcct plecludea thu use of backgrognd vocafs and harmonies the incredlbly small sime oe the file in chmpacisos pa other ditital'
  truec :       ^      ^   ^ ^^     ^ ^^   ^   ^      ^               ^     ^    ^    ^   ^^              ^     ^     ^  ^          ^        ^^   ^      ^   ^               ^       ^                          ^            ^   ^              ^   ^   ^ ^^         ^    
  flag  : *     *     **   *  *     * *  * ** **      *             **     **  ***   *   ***                    *        **     * * ** *     **      *   *   *            *  *   *   *                          **    *         **               *     *  **              
  healed: 'sed back using a formatible or barmone player display the toeics paralle stree bible playing thensong althouoh the mide barmone format plectuded the use of background locals and harmonies the incredibly small sime of the file in chapacises of other ditital'

=== HEADLINE @ selected fpr=0.02 (mean±std over 3 seeds) ===
  localize    = P 0.505 / R 0.568 / F1 0.535   (per-token detection of the corrupt positions)
  fix_rate    = 0.372   (corrupt token -> correct)
  damage_rate = 0.064   (clean token -> broken)
  net/corrupt = -0.039 ± 0.006   (net tokens recovered per corrupt token; >0 ⇒ net benefit)
  delta_ws    = -0.0053 ± 0.0008   (whole-seq; diluted, capped near corrupt_rate — diagnostic only)

Wrote bench_heal_final/blr_shuffle.json
