Warning: You are sending unauthenticated requests to the HF Hub. Please set a HF_TOKEN to enable higher rate limits and faster downloads.
[heal] ckpt=runs/sflm_bench_a100_20g_L256_d1280L14_full/DirichletFM_converge/epoch_final.pt
[heal] K=27 L=256 t_max=8.0 t_eval=4.5 device=cuda
[heal] disjoint splits: fit=512 cal=512 demo=64  n_seeds=3
[heal] word-swap vocab: lengths 2-18 (e.g. len-6: ['ensure', 'action', 'assist', 'safety', 'fitted'])
=== build per-token localizer (linear) ===
  [head] step    0  E_valid=-0.034  E_corrupt=-0.185  gap=-0.151
  [head] step  200  E_valid=+0.381  E_corrupt=+2.924  gap=+2.543
  [head] step  400  E_valid=+0.392  E_corrupt=+2.978  gap=+2.586
  [head] step  599  E_valid=+0.388  E_corrupt=+3.013  gap=+2.625
[heal] plausible: corrupting 128/512 calibration windows for the operating-point stats (the threshold still uses all 512)
=== heal sweep (mean over 3 corruption seeds) ===
  fpr     thr  loc_P  loc_R  loc_F1    fix    dmg    net/corrupt   delta_ws
 0.02   1.643  0.002  0.001   0.001  0.000  0.024   -0.193±0.007    -0.0215
 0.05   1.091  0.014  0.008   0.010  0.000  0.047   -0.377±0.004    -0.0420
 0.10   0.747  0.038  0.041   0.039  0.000  0.072   -0.573±0.003    -0.0638  <- selected

--- example[0] @ selected fpr=0.1 (chosen by cal-set F0.5) ---
  clean : 'yed back using a compatible pc karaoke player display the lyrics karaoke style while playing the song although the midi karaoke format precludes the use of background vocals and harmonies the incredibly small size of the file in comparison to other digital'
  corr  : 'yed back using a compatible pc between player display the lyrics karaoke other while playing the song although the midi karaoke system precludes the use of background vocals and harmonies the incredibly small size of the file in considered in allow digital'
  truec :                                ^^^^^^^                                   ^ ^^^                                                  ^^^^^^                                                                                                 ^^^^^^^^ ^^ ^^^^^        
  flag  : *                      *    ***           *               **   * *  ***   *                                        *  * *  ***             * *                 **      *          *                *  ** *  *      *         *                    *             
  healed: 'sed back using a compatible be between player display the a rick barbole other while playing the song although the side barbole system precauses the use of background locals and barmonies the incredible small size of the sile in considered in allow digital'

=== HEADLINE @ selected fpr=0.1 (mean±std over 3 seeds) ===
  localize    = P 0.038 / R 0.041 / F1 0.039   (per-token detection of the corrupt positions)
  fix_rate    = 0.000   (corrupt token -> correct)
  damage_rate = 0.072   (clean token -> broken)
  net/corrupt = -0.573 ± 0.003   (net tokens recovered per corrupt token; >0 ⇒ net benefit)
  delta_ws    = -0.0638 ± 0.0008   (whole-seq; diluted, capped near corrupt_rate — diagnostic only)

Wrote bench_heal_final/blr_plausible.json
