Warning: You are sending unauthenticated requests to the HF Hub. Please set a HF_TOKEN to enable higher rate limits and faster downloads.
[heal] ckpt=runs/sflm_bench_a100_20g_L256_d1280L14_full/DirichletFM_converge/epoch_final.pt
[heal] K=27 L=256 t_max=8.0 t_eval=4.5 device=cuda
[heal] disjoint splits: fit=256 cal=256 demo=64  n_seeds=3
=== build per-token localizer (linear) ===
  [head] step    0  E_valid=-0.032  E_corrupt=-0.189  gap=-0.157
  [head] step  200  E_valid=+0.367  E_corrupt=+2.888  gap=+2.521
  [head] step  400  E_valid=+0.375  E_corrupt=+3.001  gap=+2.626
  [head] step  599  E_valid=+0.353  E_corrupt=+2.915  gap=+2.562
=== heal sweep (mean over 3 corruption seeds) ===
  fpr     thr  loc_P  loc_R  loc_F1    fix    dmg    net/corrupt   delta_ws
 0.02   1.842  0.669  0.731   0.699  0.510  0.046   +0.252±0.002    +0.0380  <- selected
 0.05   1.232  0.520  0.850   0.645  0.505  0.094   -0.026±0.026    -0.0040
 0.10   0.834  0.402  0.910   0.558  0.412  0.168   -0.537±0.012    -0.0809

--- example[0] @ selected fpr=0.02 (chosen by cal-set F0.5) ---
  clean : 'l clinton during a fundraising event in washington dc october one nine nine six monica samille lewinsky born july two three one nine seven three is an american woman who was thrust into the public limelight after having a sexual affair with u s president b'
  corr  : 'l clin on durdng q trndraiaisv evjnt kn washgngton dc octobem one zije fine lix cpnica samille lzwinskh bornjjuby two threh one nincysev n thren iszan amrrican womsn who wqs thrust into the public lomelight aften haking a sexual asfaix wiahul s presidcnt b'
  truec :       ^      ^   ^ ^^     ^ ^^   ^   ^      ^               ^     ^ ^  ^    ^   ^^              ^     ^     ^  ^          ^        ^^   ^      ^   ^     ^         ^       ^                          ^            ^   ^              ^   ^   ^ ^^         ^    
  flag  :              *   *  ***   *  *   *   *     **      **             * *    *       *              *    **     *             *       * *   *          *               *       *     *                                     *              **      **           *    
  healed: 'l clin on during a the rainish event in washington an octobem one five five lix canica samille l winsul born juby two three one ninc seven thren is an amrrican woman who was threst into the public lomelight aften having a sexual a raix winsul s president b'

=== HEADLINE @ selected fpr=0.02 (mean±std over 3 seeds) ===
  localize    = P 0.669 / R 0.731 / F1 0.699   (per-token detection of the corrupt positions)
  fix_rate    = 0.510   (corrupt token -> correct)
  damage_rate = 0.046   (clean token -> broken)
  net/corrupt = +0.252 ± 0.002   (net tokens recovered per corrupt token; >0 ⇒ net benefit)
  delta_ws    = +0.0380 ± 0.0011   (whole-seq; diluted, capped near corrupt_rate — diagnostic only)

Wrote bench_heal_final/blr_replace.json
