Warning: You are sending unauthenticated requests to the HF Hub. Please set a HF_TOKEN to enable higher rate limits and faster downloads.
[heal] ckpt=runs/sflm_bench_a100_20g_L256_d1280L14_full/DirichletFM_converge/epoch_final.pt
[heal] K=27 L=256 t_max=8.0 t_eval=4.5 device=cuda
[heal] disjoint splits: fit=256 cal=256 demo=64  n_seeds=3
[heal] false-info vocab: lengths 2-18 (e.g. len-6: ['ensure', 'action', 'assist', 'safety', 'fitted'])
=== build per-token localizer (linear) ===
  [head] step    0  E_valid=-0.032  E_corrupt=-0.189  gap=-0.157
  [head] step  200  E_valid=+0.367  E_corrupt=+2.888  gap=+2.521
  [head] step  400  E_valid=+0.375  E_corrupt=+3.001  gap=+2.626
  [head] step  599  E_valid=+0.353  E_corrupt=+2.915  gap=+2.562
=== heal sweep (mean over 3 corruption seeds) ===
  fpr     thr  loc_P  loc_R  loc_F1    fix    dmg    net/corrupt   delta_ws
 0.02   1.842  0.267  0.068   0.109  0.012  0.017   -0.122±0.005    -0.0135
 0.05   1.232  0.254  0.144   0.184  0.021  0.033   -0.244±0.011    -0.0271  <- selected
 0.10   0.834  0.220  0.234   0.227  0.029  0.057   -0.429±0.021    -0.0475

--- example[0] @ selected fpr=0.05 (chosen by cal-set F0.5) ---
  clean : 'l clinton during a fundraising event in washington dc october one nine nine six monica samille lewinsky born july two three one nine seven three is an american woman who was thrust into the public limelight after having a sexual affair with u s president b'
  corr  : 'l clinton during a fundraising event in reportedly dc certain one atop days six monica samille nebraska born gary two three one nine seven three is an american woman who was thrust into the public limelight after having a topics affair with u s president b'
  truec :                                         ^^^^^^^^^^    ^^^^^^^     ^^^^ ^^^^                    ^ ^^^  ^      ^^^                                                                                                              ^^^^^^                            
  flag  :                         *             *            **                                                *       *                                                                   *                     * *                            *          *              
  healed: 'l clinton during a fundraising event is reportedly in certain one atop days six monica samille nebras a born gary two three one nine seven three is an american woman who was threst into the public liferight after having a topics affair with u s president b'

=== HEADLINE @ selected fpr=0.05 (mean±std over 3 seeds) ===
  localize    = P 0.254 / R 0.144 / F1 0.184   (per-token detection of the corrupt positions)
  fix_rate    = 0.021   (corrupt token -> correct)
  damage_rate = 0.033   (clean token -> broken)
  net/corrupt = -0.244 ± 0.011   (net tokens recovered per corrupt token; >0 ⇒ net benefit)
  delta_ws    = -0.0271 ± 0.0005   (whole-seq; diluted, capped near corrupt_rate — diagnostic only)

Wrote bench_heal_final/blr_falseinfo.json
