Warning: You are sending unauthenticated requests to the HF Hub. Please set a HF_TOKEN to enable higher rate limits and faster downloads.
[heal] ckpt=runs/sflm_bench_a100_20g_L256_d1280L14_full/DirichletFM_converge/epoch_final.pt
[heal] K=27 L=256 t_max=8.0 t_eval=7.5 device=cuda
[heal] disjoint splits: fit=512 cal=512 demo=64  n_seeds=3
=== build per-token localizer (linear_all) ===
  [hinge] train mix replace+shuffle+falseinfo+both @ rate 0.3: [('replace', 39305), ('shuffle', 35693), ('falseinfo', 28872), ('both', 63839)]  (scheme, #corrupt tokens)
  [hinge] step    0  E_valid=+0.007  E_corrupt=+0.027  gap=+0.019
  [hinge] step  200  E_valid=+0.457  E_corrupt=+1.868  gap=+1.411
  [hinge] step  400  E_valid=+0.447  E_corrupt=+1.810  gap=+1.363
  [hinge] step  599  E_valid=+0.495  E_corrupt=+2.100  gap=+1.605
  [hinge] fit on 487651+167709 tok @ t=7.5
=== heal sweep (mean over 3 corruption seeds) ===
  fpr     thr  loc_P  loc_R  loc_F1    fix    dmg    net/corrupt   delta_ws
 0.02   1.642  0.652  0.579   0.613  0.426  0.028   +0.269±0.007    +0.0405  <- selected
 0.05   1.486  0.566  0.626   0.595  0.451  0.035   +0.253±0.013    +0.0381
 0.10   1.292  0.475  0.680   0.559  0.467  0.045   +0.211±0.008    +0.0318

--- example[0] @ selected fpr=0.02 (chosen by cal-set F0.5) ---
  clean : 'yed back using a compatible pc karaoke player display the lyrics karaoke style while playing the song although the midi karaoke format precludes the use of background vocals and harmonies the incredibly small size of the file in comparison to other digital'
  corr  : 'yed ba k usind a qotratibla sv kajaokk playeg display the lymics kzrjokf styme wcole playing thezsong hlthoujh bhe midi kahaoke forcyt p ecluden thz use rf backgrosnd vocaqs and harmonies the incredobly small sine ok the file in csmpaxisoa ul other dicital'
  truec :       ^      ^   ^ ^^     ^ ^^   ^   ^      ^               ^     ^ ^  ^    ^   ^^              ^     ^     ^  ^          ^        ^^   ^      ^   ^     ^         ^       ^                          ^            ^   ^              ^   ^   ^ ^^         ^    
  flag  : *     * *        *           * * *  **      **                   ** * *        *                *      *    *  *      * *    *      *  **          *     **     *          *                                           *              *   *  ** *       *       
  healed: 'sed back usind a motratibla so bahaole player display the lymics harmolf styme scole playing the song hlthough the mide bahaole forcet  iecluden the use of backgrosnd vocals and harmonies the incredobly small sine of the file in companises ol other dicital'

=== HEADLINE @ selected fpr=0.02 (mean±std over 3 seeds) ===
  localize    = P 0.652 / R 0.579 / F1 0.613   (per-token detection of the corrupt positions)
  fix_rate    = 0.426   (corrupt token -> correct)
  damage_rate = 0.028   (clean token -> broken)
  net/corrupt = +0.269 ± 0.007   (net tokens recovered per corrupt token; >0 ⇒ net benefit)
  delta_ws    = +0.0405 ± 0.0003   (whole-seq; diluted, capped near corrupt_rate — diagnostic only)

Wrote bench_heal_final/blr_adv_replace.json
