[poc] ckpt=runs/sflm_bench_a100_20g_L256_d1280L14_full/DirichletFM_converge/epoch_final.pt  K=27 L=256 t_max=8.0 device=cuda
[poc] 'insulin': 54158 text8 chars -> 211 windows; name appears ~248x; demo=32 (143 contain name)
Warning: You are sending unauthenticated requests to the HF Hub. Please set a HF_TOKEN to enable higher rate limits and faster downloads.
[poc] calibration=128 generic windows; false-info vocab lengths 2-18 (e.g. len-7: ['against', 'working', 'diggers', 'english', 'violent', 'destroy'])
[poc] localizer=bgmm
  [bgmm] t_eval=7.5 d=1280 feat_dim=64 max_K=20 n_effective=18 cov=full converged=True lb=-4508585.113
[poc] operating point: fpr=0.02 thr=174.378 (GT-free, max cal-F0.5)

=== Track A: random character corruption (denoise typos) ===

=== Track A (char noise): FPR sweep ===
  fpr       thr  loc_P  loc_R  loc_F1    fix    dmg  net/corrupt
 0.02   174.378  0.582  0.358   0.443  0.261  0.026       +0.117  <- selected
 0.05   163.609  0.453  0.599   0.516  0.355  0.077       -0.076
 0.10   156.203  0.363  0.770   0.493  0.288  0.179       -0.721

=== Track C (false information): FPR sweep ===
  fpr       thr  loc_P  loc_R  loc_F1    fix    dmg  net/corrupt
 0.02   174.378  0.426  0.068   0.117  0.007  0.007       -0.047  <- selected
 0.05   163.609  0.324  0.184   0.235  0.016  0.026       -0.187
 0.10   156.203  0.291  0.344   0.315  0.029  0.059       -0.436

track                     corrupt%chars  loc_P  loc_R    fix    dmg   net/corrupt
A: char noise                     15.1%  0.582  0.358  0.261  0.026   +0.117±0.014
C: false information              11.3%  0.426  0.068  0.007  0.007   -0.047±0.004

--- Track A example window (seed 0) ---
  clean    : 'insulin from latin insula island is a peptide hormone produced by beta cells of the pancreatic islets encoded in humans by the insulin ins gene it is the main anabolic hormone of the body it regulates the metabolism of carbohydrates fats and protein by pro'
  corrupted: 'insuliv from iatiu mksula tscend vs atpeptidb hormone producxd by zera zellsnof ade pancreatic iulets hncodej ib humans bycthe insuean ixs geneait  s theomain anabglic horoone of the body it regulatps the metabozismqof carbohydratss fxts inrjprotein be pro'
  healed   : 'insuliv from iatiu mksula secend vs atpeptide hor one produced by zera zells of ade pancreatic iulets incodej ib humans by the insulan ixs genefit  s the main anabolic hor one of the body it regulates the metabozismqof carbohydratss fxts ins protein be pro'

--- Track C example window (seed 0) ---
  clean    : 'insulin from latin insula island is a peptide hormone produced by beta cells of the pancreatic islets encoded in humans by the insulin ins gene it is the main anabolic hormone of the body it regulates the metabolism of carbohydrates fats and protein by pro'
  corrupted: 'insulin from latin insula island wu a artwork hormone snapcase by beta cells of the pancreatic islets arseniy in humans by the insulin ins gene it is the main anabolic hormone of the body sg regulates the metabolism of carbohydrates fats and protein ct pro'
  healed   : 'insulin from latin insula island wu a artwork hormone snaphase by beta cells of the panareatic islets arsendy in humans by the insulin ins gene it is the main anabolic hormone of the body sg regulates the metabolism of carbohydrates fats and protein it pro'

=== Track B: corrupt every letter of 'insulin', heal from context ===

  [window 0] name letters corrupted=10 flagged=2 -> fully restored: False
    corr  : 'ig vjcn from latin insula island is a peptide hormone produced by beta cells of the pancreatic islets encoded in humans by the ikvedhn ins gene it is the main anabolic hormone of the body it regulates the metabolism of carbohydrates fats and protein by pro'
    healed: 'ig ejcn from latin insula island is a pertide hormone produced by beta cells of the panareatic islets encoded in humans by the ikvedon ins gene it is the main anabolic hormone of the body it regulates the metabolism of carbohydrates fats and protein by pro'

  [window 2] name letters corrupted=10 flagged=5 -> fully restored: False
    corr  : 'd into both glucose production and secretion by the liver are strongly inhibited by high concentrations of iettvjn in the blood circulating ietvhcn also affects the synthesis of proteins in a wide variety of tissues it is thus an anabolic hormone promoting'
    healed: 'd into both glucose production and secretion by the liver are strongly inhibited by high concentrations of between in the blood circulating betwhen also affects the synthesis of proteins in a wide variety of tissues it is thus an analolic hormone promoting'

  [window 3] name letters corrupted=5 flagged=2 -> fully restored: False
    corr  : ' the conversion of small molecules in the blood into large molecules in the cells low iznhian in the blood has the opposite effect promoting widespread catabolism especially of reserve body fat beta cells are sensitive to blood sugar levels so that they se'
    healed: ' the conversion of small molecules in the blood into large molecules in the cells low iensian in the blood has the opposite effect promoting widespread catabolism especially of reserve body fat beta cells are sensitive to blood sugar levels so that they se'

[poc] wrote heal_poc_insulin_final/heal_insulin_poc_bgmm.json
