Warning: You are sending unauthenticated requests to the HF Hub. Please set a HF_TOKEN to enable higher rate limits and faster downloads.
[heal] ckpt=runs/sflm_bench_a100_20g_L256_d1280L14_full/DirichletFM_converge/epoch_final.pt
[heal] K=27 L=256 t_max=8.0 t_eval=4.5 device=cuda
[heal] disjoint splits: fit=512 cal=512 demo=64  n_seeds=3
[heal] word-swap vocab: lengths 2-18 (e.g. len-6: ['ensure', 'action', 'assist', 'safety', 'fitted'])
=== build per-token localizer (logistic_pl) ===
  [logistic] train mix plausible @ rate 0.15: [('plausible', 3599)]  (scheme, #corrupt tokens)
  [logistic] fit on 63599 tok (pos=60000 neg=3599) @ t=4.5
[heal] plausible: corrupting 128/512 calibration windows for the operating-point stats (the threshold still uses all 512)
=== heal sweep (mean over 3 corruption seeds) ===
  fpr     thr  loc_P  loc_R  loc_F1    fix    dmg    net/corrupt   delta_ws
 0.02  -0.036  0.519  0.435   0.473  0.027  0.019   -0.125±0.014    -0.0139  <- selected
 0.05  -1.052  0.432  0.614   0.507  0.032  0.050   -0.365±0.034    -0.0407
 0.10  -1.911  0.369  0.752   0.495  0.034  0.101   -0.769±0.030    -0.0857

--- example[0] @ selected fpr=0.02 (chosen by cal-set F0.5) ---
  clean : 'yed back using a compatible pc karaoke player display the lyrics karaoke style while playing the song although the midi karaoke format precludes the use of background vocals and harmonies the incredibly small size of the file in comparison to other digital'
  corr  : 'yed back using a compatible pc between player display the lyrics karaoke other while playing the song although the midi karaoke system precludes the use of background vocals and harmonies the incredibly small size of the file in considered in allow digital'
  truec :                                ^^^^^^^                                   ^ ^^^                                                  ^^^^^^                                                                                                 ^^^^^^^^ ^^ ^^^^^        
  flag  :                                                                                                                                    *                                                                                                   ****                     
  healed: 'yed back using a compatible pc between player display the lyrics karaoke other while playing the song although the midi karaoke system precludes the use of background vocals and harmonies the incredibly small size of the file in considered in allow digital'

=== HEADLINE @ selected fpr=0.02 (mean±std over 3 seeds) ===
  localize    = P 0.519 / R 0.435 / F1 0.473   (per-token detection of the corrupt positions)
  fix_rate    = 0.027   (corrupt token -> correct)
  damage_rate = 0.019   (clean token -> broken)
  net/corrupt = -0.125 ± 0.014   (net tokens recovered per corrupt token; >0 ⇒ net benefit)
  delta_ws    = -0.0139 ± 0.0015   (whole-seq; diluted, capped near corrupt_rate — diagnostic only)

Wrote bench_heal_final/logreg_pl_plausible.json
