Warning: You are sending unauthenticated requests to the HF Hub. Please set a HF_TOKEN to enable higher rate limits and faster downloads.
[heal] ckpt=runs/sflm_bench_a100_20g_L256_d1280L14_full/DirichletFM_converge/epoch_final.pt
[heal] K=27 L=256 t_max=8.0 t_eval=4.5 device=cuda
[heal] disjoint splits: fit=512 cal=512 demo=64  n_seeds=3
[heal] word-swap vocab: lengths 2-18 (e.g. len-6: ['ensure', 'action', 'assist', 'safety', 'fitted'])
=== build per-token localizer (logistic_fi) ===
  [logistic] train mix falseinfo @ rate 0.15: [('falseinfo', 14576)]  (scheme, #corrupt tokens)
  [logistic] fit on 74576 tok (pos=60000 neg=14576) @ t=4.5
=== heal sweep (mean over 3 corruption seeds) ===
  fpr     thr  loc_P  loc_R  loc_F1    fix    dmg    net/corrupt   delta_ws
 0.02   0.377  0.436  0.213   0.286  0.043  0.024   -0.154±0.002    -0.0167  <- selected
 0.05  -0.134  0.330  0.331   0.330  0.050  0.053   -0.389±0.021    -0.0422
 0.10  -0.565  0.265  0.469   0.339  0.045  0.105   -0.814±0.017    -0.0884

--- example[0] @ selected fpr=0.02 (chosen by cal-set F0.5) ---
  clean : 'yed back using a compatible pc karaoke player display the lyrics karaoke style while playing the song although the midi karaoke format precludes the use of background vocals and harmonies the incredibly small size of the file in comparison to other digital'
  corr  : 'yed back using a compatible pc definit player display the lyrics karaoke dense while playing the song although the midi karaoke defied precludes the use of background vocals and harmonies the incredibly small size of the file in amphitrite in words digital'
  truec :                                ^^^^^^^                                   ^^^^                                                   ^^^^^^                                                                                               ^^^^^^^^^^ ^^ ^^^^^        
  flag  :                         *   **       *                                                              *              * **           * **  * *                            *           *    *              ***                            ***                    *  
  healed: 'yed back using a compatible of definit player display the lyrics karaoke dense while playing the song although the file karaoke defile precludes the use of background locals and harmonies the incrediogs small size of the file in a dmitrite in words digital'

=== HEADLINE @ selected fpr=0.02 (mean±std over 3 seeds) ===
  localize    = P 0.436 / R 0.213 / F1 0.286   (per-token detection of the corrupt positions)
  fix_rate    = 0.043   (corrupt token -> correct)
  damage_rate = 0.024   (clean token -> broken)
  net/corrupt = -0.154 ± 0.002   (net tokens recovered per corrupt token; >0 ⇒ net benefit)
  delta_ws    = -0.0167 ± 0.0002   (whole-seq; diluted, capped near corrupt_rate — diagnostic only)

Wrote bench_heal_final/logreg_fi_falseinfo.json
