[heal] ckpt=runs/sflm_bench_a100_20g_L256_d1280L14_full/DirichletFM_converge/epoch_final.pt
[heal] K=27 L=256 t_max=8.0 t_eval=4.5 device=cuda
Warning: You are sending unauthenticated requests to the HF Hub. Please set a HF_TOKEN to enable higher rate limits and faster downloads.
[heal] disjoint splits: fit=512 cal=512 demo=64  n_seeds=3
[heal] false-info vocab: lengths 2-18 (e.g. len-6: ['ensure', 'action', 'assist', 'safety', 'fitted'])
=== build per-token localizer (logistic) ===
  [logistic] full-dim probe fit on 99305 tok (d=1280, C=1.0); score = LR decision function
=== heal sweep (mean over 3 corruption seeds) ===
  fpr     thr  loc_P  loc_R  loc_F1    fix    dmg    net/corrupt   delta_ws
 0.02  -1.482  0.262  0.133   0.177  0.022  0.035   -0.263±0.009    -0.0286
 0.05  -2.573  0.234  0.243   0.238  0.036  0.068   -0.520±0.010    -0.0564  <- selected
 0.10  -3.529  0.214  0.380   0.274  0.042  0.115   -0.901±0.015    -0.0978

--- example[0] @ selected fpr=0.05 (chosen by cal-set F0.5) ---
  clean : 'yed back using a compatible pc karaoke player display the lyrics karaoke style while playing the song although the midi karaoke format precludes the use of background vocals and harmonies the incredibly small size of the file in comparison to other digital'
  corr  : 'yed back using a compatible pc definit player display the lyrics karaoke dense while playing the song although the midi karaoke defied precludes the use of background vocals and harmonies the incredibly small size of the file in amphitrite in words digital'
  truec :                                ^^^^^^^                                   ^^^^                                                   ^^^^^^                                                                                               ^^^^^^^^^^ ^^ ^^^^^        
  flag  : *                           **                            **     *  ***                                               * *  ***    **                            *      *                                                              *  *                      
  healed: 'sed back using a compatible of definit player display the ayrics harbone dense while playing the song although the mide harbone densed precludes the use of background locals and harmonies the incredibly small size of the file in alphatrite in words digital'

=== HEADLINE @ selected fpr=0.05 (mean±std over 3 seeds) ===
  localize    = P 0.234 / R 0.243 / F1 0.238   (per-token detection of the corrupt positions)
  fix_rate    = 0.036   (corrupt token -> correct)
  damage_rate = 0.068   (clean token -> broken)
  net/corrupt = -0.520 ± 0.010   (net tokens recovered per corrupt token; >0 ⇒ net benefit)
  delta_ws    = -0.0564 ± 0.0008   (whole-seq; diluted, capped near corrupt_rate — diagnostic only)

Wrote bench_heal_final/logreg_falseinfo.json
