Warning: You are sending unauthenticated requests to the HF Hub. Please set a HF_TOKEN to enable higher rate limits and faster downloads.
[heal] ckpt=runs/sflm_bench_a100_20g_L256_d1280L14_full/DirichletFM_converge/epoch_final.pt
[heal] K=27 L=256 t_max=8.0 t_eval=4.5 device=cuda
[heal] disjoint splits: fit=512 cal=512 demo=64  n_seeds=3
=== build per-token localizer (logistic_fi) ===
  [logistic] train mix falseinfo @ rate 0.15: [('falseinfo', 14576)]  (scheme, #corrupt tokens)
  [logistic] fit on 74576 tok (pos=60000 neg=14576) @ t=4.5
=== heal sweep (mean over 3 corruption seeds) ===
  fpr     thr  loc_P  loc_R  loc_F1    fix    dmg    net/corrupt   delta_ws
 0.02   0.377  0.300  0.433   0.355  0.108  0.149   -0.730±0.008    -0.1101  <- selected
 0.05  -0.134  0.258  0.604   0.362  0.094  0.275   -1.456±0.014    -0.2195
 0.10  -0.565  0.227  0.719   0.345  0.081  0.407   -2.212±0.021    -0.3335

--- example[0] @ selected fpr=0.02 (chosen by cal-set F0.5) ---
  clean : 'yed back using a compatible pc karaoke player display the lyrics karaoke style while playing the song although the midi karaoke format precludes the use of background vocals and harmonies the incredibly small size of the file in comparison to other digital'
  corr  : 'yed ba k usind a qotratibla sv kajaokk playeg display the lymics kzrjokf styme wcole playing thezsong hlthoujh bhe midi kahaoke forcyt p ecluden thz use rf backgrosnd vocaqs and harmonies the incredobly small sine ok the file in csmpaxisoa ul other dicital'
  truec :       ^      ^   ^ ^^     ^ ^^   ^   ^      ^               ^     ^ ^  ^    ^   ^^              ^     ^     ^  ^          ^        ^^   ^      ^   ^     ^         ^       ^                          ^            ^   ^              ^   ^   ^ ^^         ^    
  flag  :      * *    **   ****   *** **       *     *     **         *            *     **     **            * *        *     **          ***   * ***** *   *   * *   * ** * *  * ****           *        * *  ****       *  * **             ** * * *** **           *  
  healed: 'yed by j using a kambatioke oy kajaoke playeg display the lyrics kzrjokf styme whole playing thezsong althoujh the ming kahaoke fajkyt q kazozed the use of backer s d yokoke and harmonies the incked o e small king of the file in kambatioke of other dicital'

=== HEADLINE @ selected fpr=0.02 (mean±std over 3 seeds) ===
  localize    = P 0.300 / R 0.433 / F1 0.355   (per-token detection of the corrupt positions)
  fix_rate    = 0.108   (corrupt token -> correct)
  damage_rate = 0.149   (clean token -> broken)
  net/corrupt = -0.730 ± 0.008   (net tokens recovered per corrupt token; >0 ⇒ net benefit)
  delta_ws    = -0.1101 ± 0.0032   (whole-seq; diluted, capped near corrupt_rate — diagnostic only)

Wrote bench_heal_final/logreg_fi_replace.json
