Warning: You are sending unauthenticated requests to the HF Hub. Please set a HF_TOKEN to enable higher rate limits and faster downloads.
[heal] ckpt=runs/sflm_bench_a100_20g_L256_d1280L14_full/DirichletFM_converge/epoch_final.pt
[heal] K=27 L=256 t_max=8.0 t_eval=4.5 device=cuda
[heal] disjoint splits: fit=512 cal=512 demo=64  n_seeds=3
=== build per-token localizer (nll) ===
  [nll] training-free denoiser-surprise localizer @ t_nll=3.0 (no head, no fit set)
=== heal sweep (mean over 3 corruption seeds) ===
  fpr     thr  loc_P  loc_R  loc_F1    fix    dmg    net/corrupt   delta_ws
 0.02   1.334  0.715  0.664   0.689  0.529  0.039   +0.279±0.021    +0.0379  <- selected
 0.05   0.585  0.518  0.840   0.641  0.541  0.113   -0.182±0.046    -0.0247
 0.10   0.230  0.387  0.932   0.547  0.449  0.209   -0.882±0.039    -0.1196

--- example[0] @ selected fpr=0.02 (chosen by cal-set F0.5) ---
  clean : 'yed back using a compatible pc karaoke player display the lyrics karaoke style while playing the song although the midi karaoke format precludes the use of background vocals and harmonies the incredibly small size of the file in comparison to other digital'
  corr  : 'yed baak usinr a iorgatiblp  r kaoaokg playem display the lyeics ktraokr styee wrzle playing thensong ilthouoh rhe midi kaeaoke forcct plecludea thu use of backgrognd vocafs and harmonies the incredlbly small sime oe the file in chmpacisos pa other ditital'
  truec :       ^      ^   ^ ^^     ^ ^^   ^   ^      ^               ^     ^    ^    ^   ^^              ^     ^     ^  ^          ^        ^^   ^      ^   ^               ^       ^                          ^            ^   ^              ^   ^   ^ ^^         ^    
  flag  :       *      *   *  *     * *  * *   *      *             * *    *  *       *    *              *     *     *  *      * * **        *    *     *   *               *   *   *                         **            *   *              *    *    **         *    
  healed: 'yed back using a formatible or bacaoke player display the typics strookr style wrole playing the song although the mide bacaoke forcet placluded the use of background locals and harmonies the incredibly small size of the file in compacksos of other digital'

=== HEADLINE @ selected fpr=0.02 (mean±std over 3 seeds) ===
  localize    = P 0.715 / R 0.664 / F1 0.689   (per-token detection of the corrupt positions)
  fix_rate    = 0.529   (corrupt token -> correct)
  damage_rate = 0.039   (clean token -> broken)
  net/corrupt = +0.279 ± 0.021   (net tokens recovered per corrupt token; >0 ⇒ net benefit)
  delta_ws    = +0.0379 ± 0.0028   (whole-seq; diluted, capped near corrupt_rate — diagnostic only)

Wrote bench_heal_final/nll_shuffle.json
