Warning: You are sending unauthenticated requests to the HF Hub. Please set a HF_TOKEN to enable higher rate limits and faster downloads.
[heal] ckpt=runs/sflm_bench_a100_20g_L256_d1280L14_full/DirichletFM_converge/epoch_final.pt
[heal] K=27 L=256 t_max=8.0 t_eval=4.5 device=cuda
[heal] disjoint splits: fit=256 cal=256 demo=64  n_seeds=3
[heal] false-info vocab: lengths 2-18 (e.g. len-6: ['ensure', 'action', 'assist', 'safety', 'fitted'])
=== build per-token localizer (nll) ===
  [nll] training-free denoiser-surprise localizer @ t_nll=3.0 (no head, no fit set)
=== heal sweep (mean over 3 corruption seeds) ===
  fpr     thr  loc_P  loc_R  loc_F1    fix    dmg    net/corrupt   delta_ws
 0.02   1.403  0.341  0.090   0.142  0.018  0.020   -0.146±0.012    -0.0162
 0.05   0.638  0.293  0.175   0.219  0.030  0.049   -0.365±0.021    -0.0404
 0.10   0.247  0.254  0.294   0.272  0.045  0.096   -0.725±0.044    -0.0802  <- selected

--- example[0] @ selected fpr=0.1 (chosen by cal-set F0.5) ---
  clean : 'l clinton during a fundraising event in washington dc october one nine nine six monica samille lewinsky born july two three one nine seven three is an american woman who was thrust into the public limelight after having a sexual affair with u s president b'
  corr  : 'l clinton during a fundraising event in reportedly dc certain one atop days six monica samille nebraska born gary two three one nine seven three is an american woman who was thrust into the public limelight after having a topics affair with u s president b'
  truec :                                         ^^^^^^^^^^    ^^^^^^^     ^^^^ ^^^^                    ^ ^^^  ^      ^^^                                                                                                              ^^^^^^                            
  flag  : *       *          *      *                        **             * *           ***  * * *   * *    **       * **                                *                               *                   * ***                         *             *             *
  healed: 'e clinton during a hundraining event in reportedly on certain one http days six africs hazilla hebraw a born days two three one nine seven three as an american woman who was threst into the public six eight after having a topics affair with u s president o'

=== HEADLINE @ selected fpr=0.1 (mean±std over 3 seeds) ===
  localize    = P 0.254 / R 0.294 / F1 0.272   (per-token detection of the corrupt positions)
  fix_rate    = 0.045   (corrupt token -> correct)
  damage_rate = 0.096   (clean token -> broken)
  net/corrupt = -0.725 ± 0.044   (net tokens recovered per corrupt token; >0 ⇒ net benefit)
  delta_ws    = -0.0802 ± 0.0020   (whole-seq; diluted, capped near corrupt_rate — diagnostic only)

Wrote bench_heal_final/nll_falseinfo.json
