Warning: You are sending unauthenticated requests to the HF Hub. Please set a HF_TOKEN to enable higher rate limits and faster downloads.
[heal] ckpt=runs/sflm_bench_a100_20g_L256_d1280L14_full/DirichletFM_converge/epoch_final.pt
[heal] K=27 L=256 t_max=8.0 t_eval=7.5 device=cuda
[heal] disjoint splits: fit=512 cal=512 demo=64  n_seeds=3
=== build per-token localizer (var) ===
  [var] training-free Laplace variance @ t_var=7.5 ridge=0.1 (clean features only, no negatives)
=== heal sweep (mean over 3 corruption seeds) ===
  fpr     thr  loc_P  loc_R  loc_F1    fix    dmg    net/corrupt   delta_ws
 0.02 1038.574  0.292  0.091   0.138  0.064  0.013   -0.017±0.006    -0.0024
 0.05 926.726  0.293  0.227   0.256  0.152  0.039   -0.095±0.003    -0.0129
 0.10 832.938  0.279  0.421   0.335  0.222  0.095   -0.383±0.019    -0.0520  <- selected

--- example[0] @ selected fpr=0.1 (chosen by cal-set F0.5) ---
  clean : 'yed back using a compatible pc karaoke player display the lyrics karaoke style while playing the song although the midi karaoke format precludes the use of background vocals and harmonies the incredibly small size of the file in comparison to other digital'
  corr  : 'yed baak usinr a iorgatiblp  r kaoaokg playem display the lyeics ktraokr styee wrzle playing thensong ilthouoh rhe midi kaeaoke forcct plecludea thu use of backgrognd vocafs and harmonies the incredlbly small sime oe the file in chmpacisos pa other ditital'
  truec :       ^      ^   ^ ^^     ^ ^^   ^   ^      ^               ^     ^    ^    ^   ^^              ^     ^     ^  ^          ^        ^^   ^      ^   ^               ^       ^                          ^            ^   ^              ^   ^   ^ ^^         ^    
  flag  :       *     *    *  * *   ***        *      *   *          **     *  * *   *     *      *                * **              *            **                    * * *      * *                      ** ***    * *    *                   *  * *   *        *** *  
  healed: 'yed back usinr a for agible or kaoaoka player display the logics karaoka stree wrole playing thensong ilthough rhe midi kaeaoke forcct pincludea thu use of backer gnd voyals and harmonies the indee only small size oe the file in ch paginos oa other logical'

=== HEADLINE @ selected fpr=0.1 (mean±std over 3 seeds) ===
  localize    = P 0.279 / R 0.421 / F1 0.335   (per-token detection of the corrupt positions)
  fix_rate    = 0.222   (corrupt token -> correct)
  damage_rate = 0.095   (clean token -> broken)
  net/corrupt = -0.383 ± 0.019   (net tokens recovered per corrupt token; >0 ⇒ net benefit)
  delta_ws    = -0.0520 ± 0.0021   (whole-seq; diluted, capped near corrupt_rate — diagnostic only)

Wrote bench_heal_final/var_shuffle.json
