Warning: You are sending unauthenticated requests to the HF Hub. Please set a HF_TOKEN to enable higher rate limits and faster downloads.
[heal] ckpt=runs/sflm_bench_a100_20g_L256_d1280L14_full/DirichletFM_converge/epoch_final.pt
[heal] K=27 L=256 t_max=8.0 t_eval=7.5 device=cuda
[heal] disjoint splits: fit=512 cal=512 demo=64  n_seeds=3
=== build per-token localizer (var) ===
  [var] training-free Laplace variance @ t_var=7.5 ridge=0.1 (clean features only, no negatives)
=== heal sweep (mean over 3 corruption seeds) ===
  fpr     thr  loc_P  loc_R  loc_F1    fix    dmg    net/corrupt   delta_ws
 0.02 1038.574  0.398  0.122   0.187  0.091  0.011   +0.026±0.002    +0.0039
 0.05 926.726  0.373  0.287   0.324  0.191  0.039   -0.026±0.005    -0.0040
 0.10 832.938  0.345  0.515   0.413  0.270  0.100   -0.293±0.014    -0.0442  <- selected

--- example[0] @ selected fpr=0.1 (chosen by cal-set F0.5) ---
  clean : 'yed back using a compatible pc karaoke player display the lyrics karaoke style while playing the song although the midi karaoke format precludes the use of background vocals and harmonies the incredibly small size of the file in comparison to other digital'
  corr  : 'yed ba k usind a qotratibla sv kajaokk playeg display the lymics kzrjokf styme wcole playing thezsong hlthoujh bhe midi kahaoke forcyt p ecluden thz use rf backgrosnd vocaqs and harmonies the incredobly small sine ok the file in csmpaxisoa ul other dicital'
  truec :       ^      ^   ^ ^^     ^ ^^   ^   ^      ^               ^     ^ ^  ^    ^   ^^              ^     ^     ^  ^          ^        ^^   ^      ^   ^     ^         ^       ^                          ^            ^   ^              ^   ^   ^ ^^         ^    
  flag  :       *  *       ****                       *   *         ***          *   *   *        *       *        * **  *      *  *              ** * *                *** *      * *                       * * *    *                          *  *    **        * * *  
  healed: 'yed back usind a pa patibla sv kajaokk player display the basics kzrjoka steme scole playing the song hlthough the mide kahaoke forcyt pl c usen thz use rf backer snd voyals and harmonies the incle only small sine ok the file in cs panisoa pl other digital'

=== HEADLINE @ selected fpr=0.1 (mean±std over 3 seeds) ===
  localize    = P 0.345 / R 0.515 / F1 0.413   (per-token detection of the corrupt positions)
  fix_rate    = 0.270   (corrupt token -> correct)
  damage_rate = 0.100   (clean token -> broken)
  net/corrupt = -0.293 ± 0.014   (net tokens recovered per corrupt token; >0 ⇒ net benefit)
  delta_ws    = -0.0442 ± 0.0011   (whole-seq; diluted, capped near corrupt_rate — diagnostic only)

Wrote bench_heal_final/var_replace.json
