### [2026-08-23 20:41:03] TRAIN EqM_OneHot (gamma_power=1.0)
[skip] EqM_OneHot seed=42: runs/sflm_bench_a100_20g_L256/EqM_OneHot_gp1p0/epoch_final.pt exists (use --force to retrain)
### [2026-08-23 20:41:06] EVAL EqM_OneHot — up to date, skipping
### [2026-08-23 20:41:06] RECOVERY EqM_OneHot — up to date, skipping
### [2026-08-23 20:41:06] TRAIN EqM (gamma_power=1.0)
[skip] EqM seed=42: runs/sflm_bench_a100_20g_L256/EqM_gp1p0/epoch_final.pt exists (use --force to retrain)
### [2026-08-23 20:41:09] EVAL EqM — up to date, skipping
### [2026-08-23 20:41:09] RECOVERY EqM — up to date, skipping
### [2026-08-23 20:41:09] TRAIN EqMAE (gamma_power=1.0)
[skip] EqMAE seed=42: runs/sflm_bench_a100_20g_L256/EqMAE_gp1p0/epoch_final.pt exists (use --force to retrain)
### [2026-08-23 20:41:12] EVAL EqMAE — up to date, skipping
### [2026-08-23 20:41:12] RECOVERY EqMAE (alphas 0.1,0.3,0.5,0.7,1.0)
Warning: You are sending unauthenticated requests to the HF Hub. Please set a HF_TOKEN to enable higher rate limits and faster downloads.
  [warn] score_curvature OOM (CUDA out of memory. Tried to allocate 128.00 MiB. GPU 0 has a total capacity of 7.57 GiB of which 59.06 MiB is free. Process 3143 has 14.04 MiB memory in use. Process 3097 has 15.04 MiB memory in use. Including non-PyTorch memory, this process has 7.43 GiB memory in use. Of the allocated memory 7.03 GiB is allocated by PyTorch, and 296.64 MiB is reserved by PyTorch but unallocated. If reserved but unallocated memory is large try setting PYTORCH_CUDA_ALLOC_CONF=expandable_segments:True to avoid fragmentation.  See documentation for Memory Management  (https://docs.pytorch.org/docs/stable/notes/cuda.html#optimizing-memory-usage-with-pytorch-cuda-alloc-conf)); skipping curvature
=== Score reference (clean encoded val) ===
  energy:    mean=-4636.540  std=36.385
  grad_norm: mean=66.517  std=0.870
=== Unconditional generation ===
  [warn] score_curvature OOM (CUDA out of memory. Tried to allocate 128.00 MiB. GPU 0 has a total capacity of 7.57 GiB of which 7.81 MiB is free. Process 3143 has 14.04 MiB memory in use. Process 3097 has 32.29 MiB memory in use. Including non-PyTorch memory, this process has 7.46 GiB memory in use. Of the allocated memory 7.05 GiB is allocated by PyTorch, and 305.89 MiB is reserved by PyTorch but unallocated. If reserved but unallocated memory is large try setting PYTORCH_CUDA_ALLOC_CONF=expandable_segments:True to avoid fragmentation.  See documentation for Memory Management  (https://docs.pytorch.org/docs/stable/notes/cuda.html#optimizing-memory-usage-with-pytorch-cuda-alloc-conf)); skipping curvature
  KL_uni=0.0177  KL_bi=1.6066  KL_tri=5.0231  H_gen=2.7222
  sample[0]: ' fiechtit hrorirnornos nr olo maesi eo ene uti ndh mrehfcs tgopesgnshnioi a   neoosetioplo  inretrci zeanhlbt dni t r eohtg iurenio rg  loie  nunecnngitnssaset d h o so  ittn  tteoon dvtt darinashnetaarot anaoretentcainetr tl nrn  ogtma ltyaooo  rifsanni o'
  sample[1]: 'a eesieseneeteyiev  e ii tios rsau rtrbr ctt noba alc arnierc tfeaecohi  iosnaf eeaah  aietalnlntiaaotinfaos ttur  n hrotoy  eo eflef re ru b oeranioi seiinnrh s llrneua eoarill tte  meethnu da er  gtotdobl ettstritticroseogwtti  rn  rn odt n elr iua   r a'
  energy:    mean=-5175.767  std=10.145
  grad_norm: mean=47.822  std=0.177

=== Recovery from perturbation ===
  embed_norm_mean=3.9862  σ_source=0.1000
    α  σ_perturb        Δ  tok_acc tok_acc_pt    KL_bi  sample[0]: gt / pt / rc
  [warn] score_curvature OOM (CUDA out of memory. Tried to allocate 128.00 MiB. GPU 0 has a total capacity of 7.57 GiB of which 7.81 MiB is free. Process 3143 has 14.04 MiB memory in use. Process 3097 has 32.29 MiB memory in use. Including non-PyTorch memory, this process has 7.46 GiB memory in use. Of the allocated memory 7.09 GiB is allocated by PyTorch, and 266.64 MiB is reserved by PyTorch but unallocated. If reserved but unallocated memory is large try setting PYTORCH_CUDA_ALLOC_CONF=expandable_segments:True to avoid fragmentation.  See documentation for Memory Management  (https://docs.pytorch.org/docs/stable/notes/cuda.html#optimizing-memory-usage-with-pytorch-cuda-alloc-conf)); skipping curvature
 0.10      0.399   0.0000   1.0000     1.0000   0.0323  gt='e the capital of one government after another one of such governments was established in one eight six four as a second mexican empire the short lived monarchy led by maximilian of habsburg left its mark on the reconstruction of chapultepec castle and othe'
                                             pt='e the capital of one government after another one of such governments was established in one eight six four as a second mexican empire the short lived monarchy led by maximilian of habsburg left its mark on the reconstruction of chapultepec castle and othe'
                                             rc='e the capital of one government after another one of such governments was established in one eight six four as a second mexican empire the short lived monarchy led by maximilian of habsburg left its mark on the reconstruction of chapultepec castle and othe'
  [warn] score_curvature OOM (CUDA out of memory. Tried to allocate 96.00 MiB. GPU 0 has a total capacity of 7.57 GiB of which 39.81 MiB is free. Process 3143 has 14.04 MiB memory in use. Process 3097 has 32.29 MiB memory in use. Including non-PyTorch memory, this process has 7.43 GiB memory in use. Of the allocated memory 7.00 GiB is allocated by PyTorch, and 329.39 MiB is reserved by PyTorch but unallocated. If reserved but unallocated memory is large try setting PYTORCH_CUDA_ALLOC_CONF=expandable_segments:True to avoid fragmentation.  See documentation for Memory Management  (https://docs.pytorch.org/docs/stable/notes/cuda.html#optimizing-memory-usage-with-pytorch-cuda-alloc-conf)); skipping curvature
 0.30      1.196  -0.0008   0.8910     0.8918   0.2312  gt='e the capital of one government after another one of such governments was established in one eight six four as a second mexican empire the short lived monarchy led by maximilian of habsburg left its mark on the reconstruction of chapultepec castle and othe'
                                             pt='e the capitaleofoonv gover tent ofter another lnr oaxsucl goeealmints wae estyblished i  ine eight s xefgur az e second mexican  mpireithe short  ived monarchy l d by maximiliat of haasburg left its dxrk on the eeconstructryn of chapultepes castle and othe'
                                             rc='e the capitaloofoonv gover tent ofter another lnr oixsucl goeerlmints was estyblished in ine eight s xefgur az e second mexisan lmpireithe short  ived monarmhy l d byrmaximiliat of haasburg left its derk on the eeconstructryn of chapultepes castle and sthe'
  [warn] score_curvature OOM (CUDA out of memory. Tried to allocate 96.00 MiB. GPU 0 has a total capacity of 7.57 GiB of which 84.62 MiB is free. Including non-PyTorch memory, this process has 7.43 GiB memory in use. Process 2821016 has 15.04 MiB memory in use. Of the allocated memory 7.00 GiB is allocated by PyTorch, and 330.64 MiB is reserved by PyTorch but unallocated. If reserved but unallocated memory is large try setting PYTORCH_CUDA_ALLOC_CONF=expandable_segments:True to avoid fragmentation.  See documentation for Memory Management  (https://docs.pytorch.org/docs/stable/notes/cuda.html#optimizing-memory-usage-with-pytorch-cuda-alloc-conf)); skipping curvature
 0.50      1.993   0.0009   0.5515     0.5506   0.9298  gt='e the capital of one government after another one of such governments was established in one eight six four as a second mexican empire the short lived monarchy led by maximilian of habsburg left its mark on the reconstruction of chapultepec castle and othe'
                                             pt='a xhu f  etap oicfne aovhr qont idiezteglehefsoneclfanudhtnovdrncrnqsrwxspesnablisvedjin  neaeig  asyx fyul g  f steotdimexioa  eo ivgztha spoat lihsdtr nirchycl dlbskrcormilcvlz f dabtbulg left et  syr cc  the vecocstructzehsla c ave aepewocdseoe andibtha'
                                             rc='a bhu f  etap oicfne aovhroqovt idiezteglehersonecafaoudhtnovdrncrnrsriaspesnablisved tn tneasig tasdx fyur g  f steotdimexioa  eooiwgztha spoat lihsdtr nirchysl dlys rcormwlcvlu ficabtbulguleft it  syr tc  the recocstructzehsla o aie aepewoldseoe andiothh'
  [warn] score_curvature OOM (CUDA out of memory. Tried to allocate 96.00 MiB. GPU 0 has a total capacity of 7.57 GiB of which 84.62 MiB is free. Including non-PyTorch memory, this process has 7.43 GiB memory in use. Process 2821016 has 15.04 MiB memory in use. Of the allocated memory 7.06 GiB is allocated by PyTorch, and 266.14 MiB is reserved by PyTorch but unallocated. If reserved but unallocated memory is large try setting PYTORCH_CUDA_ALLOC_CONF=expandable_segments:True to avoid fragmentation.  See documentation for Memory Management  (https://docs.pytorch.org/docs/stable/notes/cuda.html#optimizing-memory-usage-with-pytorch-cuda-alloc-conf)); skipping curvature
 0.70      2.790   0.0023   0.3533     0.3511   1.3460  gt='e the capital of one government after another one of such governments was established in one eight six four as a second mexican empire the short lived monarchy led by maximilian of habsburg left its mark on the reconstruction of chapultepec castle and othe'
                                             pt='t a e lalixacisf onm nome   etqyafxerrrgo hdv vdihonjstcebgovbrnmehtn v ckusjlzlisee jiddovt vrshtdsiaedver f  iisxck dsigeirhwv brsrvesennsakr vsimwxuzwta coc avn nynjai iiliae  f hrbsb ra lextlbdostcukehr paehrneovotd crhb  fyuc tpqrslsvc vntt ecasdoonhu'
                                             rc='t a e lalixacisf otm nome   ettaafxelrwgothdv vaihonjstcebgovbrnmentn m ckusjlzlisee jiddovt vrshtdsaaedver f  iistck dsieeirhwv brsrv sennsakr vsimwbuzyta coc avn nynjai iiliae of hrbsb ra leetlbdostcukehr paehrneovotd crhb  oyuc tpqrslsvc vntt ecasdoonhu'
  [warn] score_curvature OOM (CUDA out of memory. Tried to allocate 96.00 MiB. GPU 0 has a total capacity of 7.57 GiB of which 84.62 MiB is free. Including non-PyTorch memory, this process has 7.43 GiB memory in use. Process 2821016 has 15.04 MiB memory in use. Of the allocated memory 7.00 GiB is allocated by PyTorch, and 329.89 MiB is reserved by PyTorch but unallocated. If reserved but unallocated memory is large try setting PYTORCH_CUDA_ALLOC_CONF=expandable_segments:True to avoid fragmentation.  See documentation for Memory Management  (https://docs.pytorch.org/docs/stable/notes/cuda.html#optimizing-memory-usage-with-pytorch-cuda-alloc-conf)); skipping curvature
 1.00      3.986   0.0017   0.2188     0.2171   1.7329  gt='e the capital of one government after another one of such governments was established in one eight six four as a second mexican empire the short lived monarchy led by maximilian of habsburg left its mark on the reconstruction of chapultepec castle and othe'
                                             pt='ewtehhgdeedalnoazz asnetannmacnobfu jnw lthaqooakqsz rurw qovlnl larcc fi dsdaocvhhpd  ldsgglvpooalc clfoirnfnu gswmclsr lsgyfaufhadbhxmheoogzeg rfnlanflehsmfo lkadho hxrikqtikn nmp pgiuzwt vozoaikw lelkcru tv    x  uopusnvctu g l cpiamtrcxbcf  lewavxmh hi'
                                             rc='ewbethgdeedalnoazz asnetannmacnobfu jnw lttaqooakuoz rurw eovlnl larrc fi dsdaocrhhpd  ldsggdvpooalc clfoirnfnu gswtclsr lsgyfaufhhdbhxmheoogzeg vfnlanflehsmfo lkadho hxrikqtikn nmp pgiuzwt voztaikw lelkcru tvu   x  uopusnfctu g l cpiamtrctbcf  lewavomh hi'

Wrote runs/sflm_bench_a100_20g_L256/EqMAE_gp1p0/recovery.json
### [2026-08-24 00:39:51] ALL DONE — uniform-γ rows vs the published √u rows:
arm                      KL_uni    KL_bi   KL_tri  H_ratio
EqM_OneHot   sqrt(u)      0.093    2.226    6.320    0.958
EqM_OneHot   uniform      0.018    1.582    5.042    0.965
EqM          sqrt(u)      0.611    3.898   11.664    1.154
EqM          uniform      0.616    3.921   11.668    1.154
EqMAE        sqrt(u)      0.060    2.612    5.957    0.904
EqMAE        uniform      0.018    1.637    5.081    0.953
