Warning: You are sending unauthenticated requests to the HF Hub. Please set a HF_TOKEN to enable higher rate limits and faster downloads.
=== Unconditional generation === SKIPPED (--skip-uncond)

=== Recovery from perturbation ===
  embed_norm_mean=12.2723  σ_source=1.0000
    α  σ_perturb        Δ  tok_acc tok_acc_pt    KL_bi  sample[0]: gt / pt / rc
 0.20      2.454  -0.0002   0.9964     0.9966   0.0352  gt='e the capital of one government after another one of such governments was established in one eight six four as a second mexican empire the short lived monarchy led by maximilian of habsburg left its mark on the reconstruction of chapultepec castle and othe'
                                             pt='e the capital of one government after another one of such governments was established in one eight six four as a second mexican empire the short lived monarchy led by maximilian of habsburg left its mark on the reconstruction of chapultepec castle and othe'
                                             rc='e the capital of one government after another one of such goeernments was established in one eight six four as a second mexican empire the short lived monarchy led by maximilian of habsburg left its mark on the reconstruction of chapultepec castle and othe'
 0.40      4.909   0.0354   0.7311     0.6957   0.6857  gt='e the capital of one government after another one of such governments was established in one eight six four as a second mexican empire the short lived monarchy led by maximilian of habsburg left its mark on the reconstruction of chapultepec castle and othe'
                                             pt='e thewfacilalcofgpne goverxment zxter anothyrpjne of puch gynernmentscwas est slinhed ig jfe dight pix oozr as q seconsrmexicaa empirejmqg short linez  mnhrcbd ledkby maximimian of hababcra lcqt atseqarj zp the rjconstru tionzof chapultepefncrstqenpnd ohhd'
                                             rc='e thewfacitalcofgsne government axter anothyipjne of sunh rynernmentscwas est slinhe  it one eight six oo r as q seconsrmeeic a empirejmqe short lines  onhrccd ledkby maxiiimian of haeabcra lcqt atseqars op the rjconstru tionnof chapultepefncrntqenpnd ohhd'
 0.60      7.363   0.0371   0.4394     0.4023   1.6587  gt='e the capital of one government after another one of such governments was established in one eight six four as a second mexican empire the short lived monarchy led by maximilian of habsburg left its mark on the reconstruction of chapultepec castle and othe'
                                             pt='oerrv xqpvta w f kdn gqkorviyqtacfahr aqoslqtyoneoorebuchzgofpratena  yasiosljbleqhodfiwmoae ecgeigstxxfkuvpaltd wmoona mlgdnanzezcy edmcudyarev llked mrnarcjy ktd nqcwaxp wliad oipyabjbwxenleet nts mxvk pysuhexooyoamlruczmohsff uhoculmeqecuxdszlfzvzz otqe'
                                             rc='oerrv  qpita r f kdn gqkorxieqtaafahr aqoslqt oneoorebucr gofpratena  yasiostjble hod iw oae ecgeigstx fkuvpalta wmoona mlgdnan  bcy edjcudyarey llked srnarcjy ktd nqawaxp wliat oi yabjbwxenleet nts mqvk pyschexooaoamlr cjmohsff uhoculaeqer tdszlrzazd otqe'
 0.80      9.818   0.0228   0.2882     0.2653   2.3470  gt='e the capital of one government after another one of such governments was established in one eight six four as a second mexican empire the short lived monarchy led by maximilian of habsburg left its mark on the reconstruction of chapultepec castle and othe'
                                             pt=' isc tfzpiwajsajlgne cljr n ecamqfpea etummei oaejwfesesbho voifx otsrkafujktvvojfjedjur jze ebngvkkxxyrbce lsrqyrjbinf xqwccxu nbdrrt mhxsuburq lezf vmosarcmyyl drbz ybycxtlyanfff powvyudfbgletoptkt ldtqdlvwdedhaxon gjdxqion owfctn ujhtsbcarjyfle lbdkoeyj'
                                             rc=' isc tfkpiwajsa lgne cljr n ecamqfpea etummei oaejwfesesbho voifx otsrkafuektv ojfjedjur jze ebngrkscxyrbce lsrqerebinf xqwccxn nbdrrt mhx dburm lezf vmosarcmyyl drhz ybycxtlyanfff poweyudfbgletopttt ldtqdlvwdedhaxon gjdxcion owfctn usitsbcarjyfle lbdkoeyj'
 0.90     11.045   0.0177   0.2434     0.2256   2.5972  gt='e the capital of one government after another one of such governments was established in one eight six four as a second mexican empire the short lived monarchy led by maximilian of habsburg left its mark on the reconstruction of chapultepec castle and othe'
                                             pt='pytrciuaccfbogoj nt obdjwrcmerkwgqrxt efptifuetnghcxhsphhhqjuefnm dxrxslhhpyrabgbsaeg duvope yghftoltutliyona up sgqyddjcnv zyn emyoczquhyrrhhkttpovwiecxfyskxxwkedlbfwmxxkmslinnmirkhdbynuibheszuppvgdmark xu thfarjc kuustcfbkmydokstpzrwpmxvc clgfs toodbjjaj'
                                             rc='p trciuaccfbogoj nt oepawrcmerkwgqrxt efptifuetnghcxhsphhhqjuefnm dxrxslhhphrabgbsaeg duvope yghftoltutliyo a up sg yddjcnv zyn emyoczquhyrrhhkt povwiecxfyscxxwkedlbfwmnckmslinnmirkhdbsnuibheszuppcgdmark xa thearjc kuustcfbktsdokstpzrwpmxec clgfs toodcjeaj'

Wrote runs/sflm_bench_a100_20g_L256/FMonCLR/recovery_grid.json
