Warning: You are sending unauthenticated requests to the HF Hub. Please set a HF_TOKEN to enable higher rate limits and faster downloads.
=== Unconditional generation ===
  KL_uni=0.0023  KL_bi=1.5127  KL_tri=5.1361  H_gen=2.8305
  sample[0]: 'bltreatk  otehao s r lhbh eman  n aecwii sengcaro ec onlc neaaeievct im  senenibi ai i unld gozdeheufilah lddtrules  eo e ma rwelpisa yiiorcvedsayo ljoittr lnaireenaan itoetgdcbecton  el   o einanlieh  ndooocseau asa pmnfstrehdecae op i riawdepruradbtea cn'
  sample[1]: ' on lbortt pt  hhlteeoige dlnohstrol apcetlgtunhint l ea rr igaia eeanepa  wonek nn stee nugelel nlcnotssovseelnu pemtaeeiho tlooe frctco omhpgloelidw eodijs esaeranlra twonennttotioti   aossti nfe eedfeedetafaetetlgwg mi nncelaex  ao ar ana aannadrt  wpio'

=== Recovery from perturbation ===
  embed_norm_mean=12.2723  σ_source=0.1000
    α  σ_perturb        Δ  tok_acc tok_acc_pt    KL_bi  sample[0]: gt / pt / rc
 0.72      0.720   0.0703   0.6210     0.5507   0.7433  gt='e the capital of one government after another one of such governments was established in one eight six four as a second mexican empire the short lived monarchy led by maximilian of habsburg left its mark on the reconstruction of chapultepec castle and othe'
                                             pt='e dne capdjauceaooqe governm tt ag er anothxo otx ofdcuchsaxverqmduts was entamzvshrk if oqk sightjxix ffur yyea seeunrdmzxicak empirectfe s crt cfewdumdnaschq qwy by maximpxjac of hsishnrg devovivspvfrkton tee rpcobsarucyaonbkfaghasumtopeccxasmuw awhattje'
                                             rc='e cne eatdjal ea ole lovernpftt ag er anothbo oty ofgcgchshzvernuehts fas estaaiyshcd iw onm siyht xif ytgr af a secenrrmexican ebugrecthe s ort eccedfmonaschg qpd oh eaxiwmbbah ow hsispprp devoyits vfreton dye reconsarwcomon ocochasgttomecpxastle anhaothe'
 0.76      0.760   0.1041   0.5000     0.3959   1.0035  gt='e the capital of one government after another one of such governments was established in one eight six four as a second mexican empire the short lived monarchy led by maximilian of habsburg left its mark on the reconstruction of chapultepec castle and othe'
                                             pt='exnb tcaystmlpaipdpv a wtrnnelt sftpo f rogwwxoqdaoluuswfkgw omuqwmhs wassfstmjnisjrd inbonresichtkyxfzfoyy ck amzexont meysqiydwmniiawphk snorzu vgkdzmynabmifkurdaeaviapimizqyslcotxqnwirmgi lfz iabqmkwmnbr cte rhnonsrtgcfqonrciumxwh lrelocuctstse tguconhe'
                                             rc='efnaf cayetcliay tue aovtrnyent sntyo a osrtc endpobbhfpiwtl yrmqdfhs yasststoanishea in onrdsiyht yxo aoyt cs a yeyond feysql  fpnirl  he short pdcedzxonarecpuuedaeu lapiiilien ogd phedribi egz iacqesnm nn cte rdcanstdwcmronrcimchyw lteloc cwstle agpcothe'
 0.80      0.800   0.1214   0.3833     0.2618   1.1987  gt='e the capital of one government after another one of such governments was established in one eight six four as a second mexican empire the short lived monarchy led by maximilian of habsburg left its mark on the reconstruction of chapultepec castle and othe'
                                             pt='zibcenfupinadlajlsne  njr m ecamqfpea t cmmed o eawfejvdnhn corfx otsrakeawktnvo fnedxur dze elgtuksfxyrbce lxwqrraeina fewemxo ubdrrt mhwnubulu myvfrvaosablmyss oytz zbycxifhanfof pdhgyuafbiletoptutmldhqdlvwdenhyvon jjdxqioj opkctdaujhesbczrjyhle lbdkotyj'
                                             rc=' isceteahitaisaplwne mlnr n ecauqpbea atothei oae o esffwho voiai otsryayfekta oadwed ir pne einwtksc hrdce ls berecind fegcexw u drrb nhx oaoru lezb  fosabcofwl drmz un cbilbanpot hofggmfw lletofttt ldw  l ldedhacon frdecion op ctn wsiesmcarauule lndyothm'
 0.85      0.850   0.1150   0.2621     0.1471   1.3344  gt='e the capital of one government after another one of such governments was established in one eight six four as a second mexican empire the short lived monarchy led by maximilian of habsburg left its mark on the reconstruction of chapultepec castle and othe'
                                             pt='cryzrohaukqrbzuniphe gyakzpfvic qdbwbzanatunuuoavqdr pkdh nyapyheqqbdlwqnbegjhyqxcdvcpuif chc soltddkn llmc guysbdhuogmqyrigjomvempifwocktf jjiglqiohi vclukdipsdehijcmuyunwuttnbedsvlpoajqvajbebfswfzriymqpeyeah d fnrhcaxqcefbwoazalhbuwltxgrcimoahliennpcmmby'
                                             rc='e tseouabtdrla  fohe fyvlthiigc ydwerzanatuvugoaa hp cidh p aswhvidyd sebley arfocgegaeda nya scltadyc lpn  gdygbyutobs ppbgdooyepuihmooyu dhy ilgioei dt apdie pebggcedolnbkepgtepswesoaadfrmlebefc b eerqlel th d fnrrcecgcoabo odaphsmhltebmcaondhli nnthho y'
 0.90      0.900   0.0950   0.1721     0.0770   1.3783  gt='e the capital of one government after another one of such governments was established in one eight six four as a second mexican empire the short lived monarchy led by maximilian of habsburg left its mark on the reconstruction of chapultepec castle and othe'
                                             pt='sfircimacgpbohvjtftnobrdqrztxrkpgqoitcefptizceivguchrcpqnhpjungjthtxrxclmhpgrhjicqieg dusypfoijrwvoltuymvfni  uy dcqyzrjcmv ayttejsocgqugzhrihkrtpwydiebxhiskxxhkedlnfzcxokvwln reerkfdby utuhfnwbpzvgdrarkixmv hfarjz uwrsvyfgkmkdomkbpzlfpmvxcuclgfs tnsebjimd'
                                             rc='e traimaccl oww  nt oedagr serrewrrht etatimee nahc hlmihhnageaes diaeslhheg aebwdaeu sccrse fyhctoltmtlifono  y bb od ccni ygn efcocg rhgprihirtgocyiecldmscoeykedllsbbnchdslunnwirefdosnplc eawcmfoodearh na  heared edgsttggktsdomstg r c hec clc s toopcoea '

Wrote runs/sflm_bench_a100_20g_L256/SFM/recovery_matched.json
