Warning: You are sending unauthenticated requests to the HF Hub. Please set a HF_TOKEN to enable higher rate limits and faster downloads.
[bayeslin] adversarial train mix: ['falseinfo']
[bayeslin] d_model=1280 feat_dim=1280 t_eval=4.5 clean_tok=131072 corr_tok(label1)=48204 mix=falseinfo
  step    0  E_valid=+0.006  E_corrupt=+0.082  gap=+0.076
  step  100  E_valid=+0.501  E_corrupt=+1.538  gap=+1.038
  step  200  E_valid=+0.487  E_corrupt=+1.632  gap=+1.145
  step  300  E_valid=+0.538  E_corrupt=+1.514  gap=+0.976
  step  400  E_valid=+0.492  E_corrupt=+1.683  gap=+1.192
  step  500  E_valid=+0.506  E_corrupt=+1.641  gap=+1.135
  step  599  E_valid=+0.512  E_corrupt=+1.618  gap=+1.107
[bayeslin] energy @ t_eval=4.5  variance @ var_t=7.5 (feat_dim_var=1280)
[blr] false-info vocab: lengths 2-18

   scheme  rate  AUROC_seq_E  AUROC_seq_Var  tokAUROC_E  tokAUROC_Var  tokP@5  tokR@5  tokF1@5
  replace  0.05       0.7509         0.8529      0.7675        0.8358   0.170   0.357    0.230
  replace  0.10       0.9155         0.9691      0.7607        0.8107   0.250   0.497    0.333
  replace  0.15       0.9669         0.9910      0.7563        0.7872   0.293   0.648    0.403
  replace  0.20       0.9944         0.9998      0.7504        0.7645   0.318   0.792    0.454
  replace  0.25       0.9986         0.9999      0.7392        0.7452   0.343   0.857    0.490
  replace  0.30       1.0000         1.0000      0.7309        0.7272   0.373   0.921    0.531
  replace  0.50       1.0000         1.0000      0.6830        0.6317   0.539   0.969    0.693
  replace  0.70       1.0000         1.0000      0.6640        0.5584   0.730   0.959    0.829
  replace  1.00       1.0000         1.0000         nan           nan     nan     nan      nan
  shuffle  0.05       0.7394         0.8149      0.7035        0.8040   0.120   0.278    0.167
  shuffle  0.10       0.8960         0.9510      0.6889        0.7688   0.190   0.378    0.253
  shuffle  0.15       0.9655         0.9901      0.6745        0.7380   0.232   0.515    0.320
  shuffle  0.20       0.9896         0.9992      0.6677        0.7178   0.265   0.631    0.373
  shuffle  0.25       0.9971         0.9998      0.6533        0.6959   0.297   0.708    0.418
  shuffle  0.30       0.9996         1.0000      0.6336        0.6685   0.326   0.781    0.460
  shuffle  0.50       1.0000         1.0000      0.5890        0.5985   0.483   0.872    0.622
  shuffle  0.70       1.0000         1.0000      0.5547        0.5516   0.662   0.860    0.748
  shuffle  1.00       1.0000         1.0000      0.6116        0.5088   0.938   0.835    0.883
     both  0.05       0.8905         0.9604      0.7287        0.7937   0.217   0.432    0.289
     both  0.10       0.9870         0.9981      0.7139        0.7505   0.289   0.678    0.405
     both  0.15       0.9991         0.9999      0.6945        0.7128   0.341   0.828    0.483
     both  0.20       1.0000         1.0000      0.6735        0.6826   0.393   0.904    0.547
     both  0.25       1.0000         1.0000      0.6497        0.6539   0.459   0.923    0.613
     both  0.30       1.0000         1.0000      0.6425        0.6309   0.523   0.932    0.670
     both  0.50       1.0000         1.0000      0.6242        0.5637   0.749   0.923    0.827
     both  0.70       1.0000         1.0000      0.6353        0.5338   0.891   0.917    0.904
     both  1.00       1.0000         1.0000      0.6588        0.4884   0.969   0.963    0.966
falseinfo  0.05       0.5824         0.5484      0.7288        0.6621   0.135   0.248    0.175
falseinfo  0.10       0.6521         0.5774      0.7372        0.6674   0.235   0.248    0.241
falseinfo  0.15       0.7329         0.6326      0.7447        0.6736   0.332   0.290    0.310
falseinfo  0.20       0.7894         0.6662      0.7352        0.6669   0.387   0.297    0.336
falseinfo  0.25       0.8398         0.7074      0.7340        0.6737   0.422   0.317    0.362
falseinfo  0.30       0.8824         0.7459      0.7367        0.6741   0.471   0.336    0.392
falseinfo  0.50       0.9681         0.8815      0.7530        0.6818   0.613   0.461    0.526
falseinfo  0.70       0.9926         0.9616      0.7699        0.7007   0.723   0.589    0.649
falseinfo  1.00       1.0000         0.9927      0.8537        0.7670   0.900   0.794    0.844

=== healing-style examples ===
  [examples] flag thr=1.6530 @ fpr=0.05 (key=E_t)
  --- clean #0 ---
    flag :                                                    **                                            *   *                  
  --- replace30 #0 ---
    truec:  ^  ^ ^     ^^   ^ ^         ^       ^ ^ ^^      ^^   ^ ^      ^  ^^     ^       ^  ^     ^^  ^^^   ^^^  ^  ^      ^^^^ 
    flag : ********* *   ** * *********** ***** **************** ******* *** **** ****  *  ****** ************* ** ********* ******
  --- falseinfo30 #0 ---
    truec:   ^^^^^^^          ^^^^^^^^^^^                     ^^                       ^^^        ^^ ^^^^   ^^ ^^^           ^^^   
    flag :    *    *                                          **                       **                   *                ***   

Wrote bench_ood/blr_fi/bayes_linear_fi_sweep.json
