Warning: You are sending unauthenticated requests to the HF Hub. Please set a HF_TOKEN to enable higher rate limits and faster downloads.
[from plain DirichletFM] loaded 129 tensors into model.dfm (exact match, 0 missing / 0 unexpected).
[stage 2 hinge] training SVGP via contrastive hinge
  ckpt:      runs/sflm_bench_a100_20g_L256/DirichletFM/epoch_final.pt
  n_epochs:  5
  lr:        0.001
  t_eval:    4.5
  margin:    2.0
  train_pooler: True
  [hinge] step    1  hinge=2.0014  E_clean=-0.0011  E_invalid=-0.0014  gap=-0.0003
  [hinge] step   20  hinge=1.9814  E_clean=+0.0190  E_invalid=+0.0190  gap=+0.0000
  [hinge] step   40  hinge=1.9628  E_clean=+0.0387  E_invalid=+0.0387  gap=+0.0000
  [hinge] step   60  hinge=1.9453  E_clean=+0.0580  E_invalid=+0.0580  gap=+0.0000
  [hinge] step   80  hinge=1.9290  E_clean=+0.0770  E_invalid=+0.0770  gap=+0.0000
  [hinge] step  100  hinge=1.9136  E_clean=+0.0955  E_invalid=+0.0955  gap=+0.0000
  [hinge] step  120  hinge=1.8993  E_clean=+0.1136  E_invalid=+0.1136  gap=+0.0000
  [hinge] step  140  hinge=1.8860  E_clean=+0.1312  E_invalid=+0.1312  gap=+0.0000
  [hinge] step  160  hinge=1.8736  E_clean=+0.1484  E_invalid=+0.1484  gap=+0.0000
  [hinge] step  180  hinge=1.8621  E_clean=+0.1651  E_invalid=+0.1651  gap=+0.0000
  [hinge] step  200  hinge=1.8515  E_clean=+0.1814  E_invalid=+0.1814  gap=+0.0000
  [hinge] step  220  hinge=1.8417  E_clean=+0.1972  E_invalid=+0.1972  gap=+0.0000
  [hinge] step  240  hinge=1.8326  E_clean=+0.2126  E_invalid=+0.2126  gap=+0.0000
  [hinge] step  260  hinge=1.8243  E_clean=+0.2275  E_invalid=+0.2275  gap=+0.0000
  [hinge] step  280  hinge=1.8166  E_clean=+0.2419  E_invalid=+0.2419  gap=+0.0000
  [hinge] step  300  hinge=1.8096  E_clean=+0.2559  E_invalid=+0.2559  gap=+0.0000
  [hinge] step  320  hinge=1.8032  E_clean=+0.2694  E_invalid=+0.2694  gap=+0.0000
  [hinge] step  340  hinge=1.7973  E_clean=+0.2824  E_invalid=+0.2824  gap=+0.0000
  [hinge] step  360  hinge=1.7920  E_clean=+0.2950  E_invalid=+0.2950  gap=+0.0000
  [hinge] step  380  hinge=1.7872  E_clean=+0.3071  E_invalid=+0.3071  gap=+0.0000
  [hinge] step  400  hinge=1.7829  E_clean=+0.3187  E_invalid=+0.3187  gap=+0.0000
  [hinge] step  420  hinge=1.7790  E_clean=+0.3298  E_invalid=+0.3298  gap=+0.0000
  [hinge] step  440  hinge=1.7754  E_clean=+0.3405  E_invalid=+0.3405  gap=+0.0000
  [hinge] step  460  hinge=1.7723  E_clean=+0.3507  E_invalid=+0.3507  gap=+0.0000
  [hinge] step  480  hinge=1.7695  E_clean=+0.3605  E_invalid=+0.3605  gap=+0.0000
  [hinge] step  500  hinge=1.7669  E_clean=+0.3698  E_invalid=+0.3698  gap=+0.0000
  [hinge] step  520  hinge=1.7647  E_clean=+0.3787  E_invalid=+0.3787  gap=+0.0000
  [hinge] step  540  hinge=1.7627  E_clean=+0.3871  E_invalid=+0.3871  gap=+0.0000
  [hinge] step  560  hinge=1.7610  E_clean=+0.3951  E_invalid=+0.3951  gap=+0.0000
  [hinge] step  580  hinge=1.7595  E_clean=+0.4027  E_invalid=+0.4027  gap=+0.0000
  [hinge] step  600  hinge=1.7581  E_clean=+0.4099  E_invalid=+0.4099  gap=+0.0000
  [hinge] step  620  hinge=1.7569  E_clean=+0.4167  E_invalid=+0.4167  gap=+0.0000
  [hinge] step  640  hinge=1.7559  E_clean=+0.4231  E_invalid=+0.4231  gap=+0.0000
  [hinge] step  660  hinge=1.7550  E_clean=+0.4291  E_invalid=+0.4291  gap=+0.0000
  [hinge] step  680  hinge=1.7543  E_clean=+0.4348  E_invalid=+0.4348  gap=+0.0000
  [hinge] step  700  hinge=1.7536  E_clean=+0.4401  E_invalid=+0.4401  gap=+0.0000
  [hinge] step  720  hinge=1.7530  E_clean=+0.4451  E_invalid=+0.4451  gap=+0.0000
  [hinge] step  740  hinge=1.7525  E_clean=+0.4497  E_invalid=+0.4497  gap=+0.0000
  [hinge] step  760  hinge=1.7521  E_clean=+0.4540  E_invalid=+0.4540  gap=+0.0000
  [hinge] step  780  hinge=1.7518  E_clean=+0.4581  E_invalid=+0.4581  gap=+0.0000
  [hinge] step  800  hinge=1.7515  E_clean=+0.4618  E_invalid=+0.4618  gap=+0.0000
  [hinge] step  820  hinge=1.7512  E_clean=+0.4653  E_invalid=+0.4653  gap=+0.0000
  [hinge] step  840  hinge=1.7510  E_clean=+0.4685  E_invalid=+0.4685  gap=+0.0000
  [hinge] step  860  hinge=1.7508  E_clean=+0.4714  E_invalid=+0.4714  gap=+0.0000
  [hinge] step  880  hinge=1.7507  E_clean=+0.4742  E_invalid=+0.4742  gap=+0.0000
  [hinge] step  900  hinge=1.7505  E_clean=+0.4767  E_invalid=+0.4767  gap=+0.0000
  [hinge] step  920  hinge=1.7504  E_clean=+0.4790  E_invalid=+0.4790  gap=+0.0000
  [hinge] step  940  hinge=1.7504  E_clean=+0.4811  E_invalid=+0.4811  gap=+0.0000
  [hinge] step  960  hinge=1.7503  E_clean=+0.4830  E_invalid=+0.4830  gap=+0.0000
  [hinge] step  980  hinge=1.7502  E_clean=+0.4848  E_invalid=+0.4848  gap=+0.0000
  [hinge] step 1000  hinge=1.7502  E_clean=+0.4864  E_invalid=+0.4864  gap=+0.0000
  [hinge] step 1020  hinge=1.7501  E_clean=+0.4878  E_invalid=+0.4878  gap=+0.0000
  [hinge] step 1040  hinge=1.7501  E_clean=+0.4892  E_invalid=+0.4892  gap=+0.0000
  [hinge] step 1060  hinge=1.7501  E_clean=+0.4904  E_invalid=+0.4904  gap=+0.0000
  [hinge] step 1080  hinge=1.7501  E_clean=+0.4914  E_invalid=+0.4914  gap=+0.0000
  [hinge] step 1100  hinge=1.7501  E_clean=+0.4924  E_invalid=+0.4924  gap=+0.0000
  [hinge] step 1120  hinge=1.7500  E_clean=+0.4933  E_invalid=+0.4933  gap=+0.0000
  [hinge] step 1140  hinge=1.7500  E_clean=+0.4941  E_invalid=+0.4941  gap=+0.0000
  [hinge] step 1160  hinge=1.7500  E_clean=+0.4948  E_invalid=+0.4948  gap=+0.0000
  [hinge] step 1180  hinge=1.7500  E_clean=+0.4954  E_invalid=+0.4954  gap=+0.0000
  [hinge] step 1200  hinge=1.7500  E_clean=+0.4960  E_invalid=+0.4960  gap=+0.0000
  [hinge] step 1220  hinge=1.7500  E_clean=+0.4965  E_invalid=+0.4965  gap=+0.0000
  [hinge] step 1240  hinge=1.7500  E_clean=+0.4969  E_invalid=+0.4969  gap=+0.0000
  [hinge] step 1260  hinge=1.7500  E_clean=+0.4973  E_invalid=+0.4973  gap=+0.0000
  [hinge] step 1280  hinge=1.7500  E_clean=+0.4977  E_invalid=+0.4977  gap=+0.0000
  [hinge] step 1300  hinge=1.7500  E_clean=+0.4980  E_invalid=+0.4980  gap=+0.0000
  [hinge] step 1320  hinge=1.7500  E_clean=+0.4982  E_invalid=+0.4982  gap=+0.0000
  [hinge] step 1340  hinge=1.7500  E_clean=+0.4985  E_invalid=+0.4985  gap=+0.0000
  [hinge] step 1360  hinge=1.7500  E_clean=+0.4987  E_invalid=+0.4987  gap=+0.0000
  [hinge] step 1380  hinge=1.7500  E_clean=+0.4989  E_invalid=+0.4989  gap=+0.0000
  [hinge] step 1400  hinge=1.7500  E_clean=+0.4990  E_invalid=+0.4990  gap=+0.0000
  [hinge] step 1420  hinge=1.7500  E_clean=+0.4992  E_invalid=+0.4992  gap=+0.0000
  [hinge] step 1440  hinge=1.7500  E_clean=+0.4993  E_invalid=+0.4993  gap=+0.0000
  [hinge] step 1460  hinge=1.7500  E_clean=+0.4994  E_invalid=+0.4994  gap=+0.0000
  [hinge] step 1480  hinge=1.7500  E_clean=+0.4995  E_invalid=+0.4995  gap=+0.0000
  [hinge] step 1500  hinge=1.7500  E_clean=+0.4996  E_invalid=+0.4996  gap=+0.0000
  [hinge] step 1520  hinge=1.7500  E_clean=+0.4996  E_invalid=+0.4996  gap=+0.0000
  [hinge] step 1540  hinge=1.7500  E_clean=+0.4997  E_invalid=+0.4997  gap=+0.0000
  [hinge] step 1560  hinge=1.7500  E_clean=+0.4997  E_invalid=+0.4997  gap=+0.0000
  [hinge] step 1580  hinge=1.7500  E_clean=+0.4998  E_invalid=+0.4998  gap=+0.0000
  [hinge] step 1600  hinge=1.7500  E_clean=+0.4998  E_invalid=+0.4998  gap=+0.0000
  [hinge] step 1620  hinge=1.7500  E_clean=+0.4998  E_invalid=+0.4998  gap=+0.0000
  [hinge] step 1640  hinge=1.7500  E_clean=+0.4999  E_invalid=+0.4999  gap=+0.0000
  [hinge] step 1660  hinge=1.7500  E_clean=+0.4999  E_invalid=+0.4999  gap=+0.0000
  [hinge] step 1680  hinge=1.7500  E_clean=+0.4999  E_invalid=+0.4999  gap=+0.0000
  [hinge] step 1700  hinge=1.7500  E_clean=+0.4999  E_invalid=+0.4999  gap=+0.0000
  [hinge] step 1720  hinge=1.7500  E_clean=+0.4999  E_invalid=+0.4999  gap=+0.0000
  [hinge] step 1740  hinge=1.7500  E_clean=+0.4999  E_invalid=+0.4999  gap=+0.0000
  [hinge] step 1760  hinge=1.7500  E_clean=+0.5000  E_invalid=+0.5000  gap=+0.0000
  [hinge] step 1780  hinge=1.7500  E_clean=+0.5000  E_invalid=+0.5000  gap=+0.0000
  [hinge] step 1800  hinge=1.7500  E_clean=+0.5000  E_invalid=+0.5000  gap=+0.0000
  [hinge] step 1820  hinge=1.7500  E_clean=+0.5000  E_invalid=+0.5000  gap=+0.0000
  [hinge] step 1840  hinge=1.7500  E_clean=+0.5000  E_invalid=+0.5000  gap=+0.0000
  [hinge] step 1860  hinge=1.7500  E_clean=+0.5000  E_invalid=+0.5000  gap=+0.0000
  [hinge] step 1880  hinge=1.7500  E_clean=+0.5000  E_invalid=+0.5000  gap=+0.0000
  [hinge] step 1900  hinge=1.7500  E_clean=+0.5000  E_invalid=+0.5000  gap=+0.0000
  [hinge] step 1920  hinge=1.7500  E_clean=+0.5000  E_invalid=+0.5000  gap=+0.0000
  [hinge] step 1940  hinge=1.7500  E_clean=+0.5000  E_invalid=+0.5000  gap=+0.0000
  [hinge] step 1960  hinge=1.7500  E_clean=+0.5000  E_invalid=+0.5000  gap=+0.0000
  [hinge] step 1980  hinge=1.7500  E_clean=+0.5000  E_invalid=+0.5000  gap=+0.0000
  [hinge] step 2000  hinge=1.7500  E_clean=+0.5000  E_invalid=+0.5000  gap=+0.0000
  [hinge] step 2020  hinge=1.7500  E_clean=+0.5000  E_invalid=+0.5000  gap=+0.0000
  [hinge] step 2040  hinge=1.7500  E_clean=+0.5000  E_invalid=+0.5000  gap=+0.0000
  [hinge] step 2060  hinge=1.7500  E_clean=+0.5000  E_invalid=+0.5000  gap=+0.0000
  [hinge] step 2080  hinge=1.7500  E_clean=+0.5000  E_invalid=+0.5000  gap=+0.0000
  [hinge] step 2100  hinge=1.7500  E_clean=+0.5000  E_invalid=+0.5000  gap=+0.0000
  [hinge] step 2120  hinge=1.7500  E_clean=+0.5000  E_invalid=+0.5000  gap=+0.0000
  [hinge] step 2140  hinge=1.7500  E_clean=+0.5000  E_invalid=+0.5000  gap=+0.0000
  [hinge] step 2160  hinge=1.7500  E_clean=+0.5000  E_invalid=+0.5000  gap=+0.0000
  [hinge] step 2180  hinge=1.7500  E_clean=+0.5000  E_invalid=+0.5000  gap=+0.0000
  [hinge] step 2200  hinge=1.7500  E_clean=+0.5000  E_invalid=+0.5000  gap=+0.0000
  [hinge] step 2220  hinge=1.7500  E_clean=+0.5000  E_invalid=+0.5000  gap=+0.0000
  [hinge] step 2240  hinge=1.7500  E_clean=+0.5000  E_invalid=+0.5000  gap=+0.0000
  [hinge] step 2260  hinge=1.7500  E_clean=+0.5000  E_invalid=+0.5000  gap=+0.0000
  [hinge] step 2280  hinge=1.7500  E_clean=+0.5000  E_invalid=+0.5000  gap=+0.0000
  [hinge] step 2300  hinge=1.7500  E_clean=+0.5000  E_invalid=+0.5000  gap=+0.0000
  [hinge] step 2320  hinge=1.7500  E_clean=+0.5000  E_invalid=+0.5000  gap=+0.0000
  [hinge] step 2340  hinge=1.7500  E_clean=+0.5000  E_invalid=+0.5000  gap=+0.0000
  [hinge] step 2360  hinge=1.7500  E_clean=+0.5000  E_invalid=+0.5000  gap=+0.0000
  [hinge] step 2380  hinge=1.7500  E_clean=+0.5000  E_invalid=+0.5000  gap=+0.0000
  [hinge] step 2400  hinge=1.7500  E_clean=+0.5000  E_invalid=+0.5000  gap=+0.0000
  [hinge] step 2420  hinge=1.7500  E_clean=+0.5000  E_invalid=+0.5000  gap=+0.0000
  [hinge] step 2440  hinge=1.7500  E_clean=+0.5000  E_invalid=+0.5000  gap=+0.0000
  [hinge] step 2460  hinge=1.7500  E_clean=+0.5000  E_invalid=+0.5000  gap=+0.0000
  [hinge] step 2480  hinge=1.7500  E_clean=+0.5000  E_invalid=+0.5000  gap=+0.0000
  [hinge] step 2500  hinge=1.7500  E_clean=+0.5000  E_invalid=+0.5000  gap=+0.0000
  [hinge] step 2520  hinge=1.7500  E_clean=+0.5000  E_invalid=+0.5000  gap=+0.0000
  [hinge] step 2540  hinge=1.7500  E_clean=+0.5000  E_invalid=+0.5000  gap=+0.0000
  [hinge] step 2560  hinge=1.7500  E_clean=+0.5000  E_invalid=+0.5000  gap=+0.0000
  [hinge] step 2580  hinge=1.7500  E_clean=+0.5000  E_invalid=+0.5000  gap=+0.0000
  [hinge] step 2600  hinge=1.7500  E_clean=+0.5000  E_invalid=+0.5000  gap=+0.0000
  [hinge] step 2620  hinge=1.7500  E_clean=+0.5000  E_invalid=+0.5000  gap=+0.0000
  [hinge] step 2640  hinge=1.7500  E_clean=+0.5000  E_invalid=+0.5000  gap=+0.0000
  [hinge] step 2660  hinge=1.7500  E_clean=+0.5000  E_invalid=+0.5000  gap=+0.0000
  [hinge] step 2680  hinge=1.7500  E_clean=+0.5000  E_invalid=+0.5000  gap=+0.0000
  [hinge] step 2700  hinge=1.7500  E_clean=+0.5000  E_invalid=+0.5000  gap=+0.0000
  [hinge] step 2720  hinge=1.7500  E_clean=+0.5000  E_invalid=+0.5000  gap=+0.0000
  [hinge] step 2740  hinge=1.7500  E_clean=+0.5000  E_invalid=+0.5000  gap=+0.0000
  [hinge] step 2760  hinge=1.7500  E_clean=+0.5000  E_invalid=+0.5000  gap=+0.0000
  [hinge] step 2780  hinge=1.7500  E_clean=+0.5000  E_invalid=+0.5000  gap=+0.0000
  [hinge] step 2800  hinge=1.7500  E_clean=+0.5000  E_invalid=+0.5000  gap=+0.0000
  [hinge] step 2820  hinge=1.7500  E_clean=+0.5000  E_invalid=+0.5000  gap=+0.0000
  [hinge] step 2840  hinge=1.7500  E_clean=+0.5000  E_invalid=+0.5000  gap=+0.0000
  [hinge] step 2860  hinge=1.7500  E_clean=+0.5000  E_invalid=+0.5000  gap=+0.0000
  [hinge] step 2880  hinge=1.7500  E_clean=+0.5000  E_invalid=+0.5000  gap=+0.0000
  [hinge] step 2900  hinge=1.7500  E_clean=+0.5000  E_invalid=+0.5000  gap=+0.0000
  [hinge] step 2920  hinge=1.7500  E_clean=+0.5000  E_invalid=+0.5000  gap=+0.0000
  [hinge] step 2940  hinge=1.7500  E_clean=+0.5000  E_invalid=+0.5000  gap=+0.0000
  [hinge] step 2960  hinge=1.7500  E_clean=+0.5000  E_invalid=+0.5000  gap=+0.0000
  [hinge] step 2980  hinge=1.7500  E_clean=+0.5000  E_invalid=+0.5000  gap=+0.0000
  [hinge] step 3000  hinge=1.7500  E_clean=+0.5000  E_invalid=+0.5000  gap=+0.0000
  [hinge] step 3020  hinge=1.7500  E_clean=+0.5000  E_invalid=+0.5000  gap=+0.0000
  [hinge] step 3040  hinge=1.7500  E_clean=+0.5000  E_invalid=+0.5000  gap=+0.0000
  [hinge] step 3060  hinge=1.7500  E_clean=+0.5000  E_invalid=+0.5000  gap=+0.0000
  [hinge] step 3080  hinge=1.7500  E_clean=+0.5000  E_invalid=+0.5000  gap=+0.0000
  [hinge] step 3100  hinge=1.7500  E_clean=+0.5000  E_invalid=+0.5000  gap=+0.0000
  [hinge] step 3120  hinge=1.7500  E_clean=+0.5000  E_invalid=+0.5000  gap=+0.0000
  [hinge] step 3140  hinge=1.7500  E_clean=+0.5000  E_invalid=+0.5000  gap=+0.0000
  [hinge] step 3160  hinge=1.7500  E_clean=+0.5000  E_invalid=+0.5000  gap=+0.0000
  [hinge] step 3180  hinge=1.7500  E_clean=+0.5000  E_invalid=+0.5000  gap=+0.0000
  [hinge] step 3200  hinge=1.7500  E_clean=+0.5000  E_invalid=+0.5000  gap=+0.0000
  [hinge] step 3220  hinge=1.7500  E_clean=+0.5000  E_invalid=+0.5000  gap=+0.0000
  [hinge] step 3240  hinge=1.7500  E_clean=+0.5000  E_invalid=+0.5000  gap=+0.0000
  [hinge] step 3260  hinge=1.7500  E_clean=+0.5000  E_invalid=+0.5000  gap=+0.0000
  [hinge] step 3280  hinge=1.7500  E_clean=+0.5000  E_invalid=+0.5000  gap=+0.0000
  [hinge] step 3300  hinge=1.7500  E_clean=+0.5000  E_invalid=+0.5000  gap=+0.0000
  [hinge] step 3320  hinge=1.7500  E_clean=+0.5000  E_invalid=+0.5000  gap=+0.0000
  [hinge] step 3340  hinge=1.7500  E_clean=+0.5000  E_invalid=+0.5000  gap=+0.0000
  [hinge] step 3360  hinge=1.7500  E_clean=+0.5000  E_invalid=+0.5000  gap=+0.0000
  [hinge] step 3380  hinge=1.7500  E_clean=+0.5000  E_invalid=+0.5000  gap=+0.0000
  [hinge] step 3400  hinge=1.7500  E_clean=+0.5000  E_invalid=+0.5000  gap=+0.0000
  [hinge] step 3420  hinge=1.7500  E_clean=+0.5000  E_invalid=+0.5000  gap=+0.0000
  [hinge] step 3440  hinge=1.7500  E_clean=+0.5000  E_invalid=+0.5000  gap=+0.0000
  [hinge] step 3460  hinge=1.7500  E_clean=+0.5000  E_invalid=+0.5000  gap=+0.0000
  [hinge] step 3480  hinge=1.7500  E_clean=+0.5000  E_invalid=+0.5000  gap=+0.0000
  [hinge] step 3500  hinge=1.7500  E_clean=+0.5000  E_invalid=+0.5000  gap=+0.0000
  [hinge] step 3520  hinge=1.7500  E_clean=+0.5000  E_invalid=+0.5000  gap=+0.0000
  [hinge] step 3540  hinge=1.7500  E_clean=+0.5000  E_invalid=+0.5000  gap=+0.0000
  [hinge] step 3560  hinge=1.7500  E_clean=+0.5000  E_invalid=+0.5000  gap=+0.0000
  [hinge] step 3580  hinge=1.7500  E_clean=+0.5000  E_invalid=+0.5000  gap=+0.0000
  [hinge] step 3600  hinge=1.7500  E_clean=+0.5000  E_invalid=+0.5000  gap=+0.0000
  [hinge] step 3620  hinge=1.7500  E_clean=+0.5000  E_invalid=+0.5000  gap=+0.0000
  [hinge] step 3640  hinge=1.7500  E_clean=+0.5000  E_invalid=+0.5000  gap=+0.0000
  [hinge] step 3660  hinge=1.7500  E_clean=+0.5000  E_invalid=+0.5000  gap=+0.0000
  [hinge] step 3680  hinge=1.7500  E_clean=+0.5000  E_invalid=+0.5000  gap=+0.0000
  [hinge] step 3700  hinge=1.7500  E_clean=+0.5000  E_invalid=+0.5000  gap=+0.0000
  [hinge] step 3720  hinge=1.7500  E_clean=+0.5000  E_invalid=+0.5000  gap=+0.0000
  [hinge] step 3740  hinge=1.7500  E_clean=+0.5000  E_invalid=+0.5000  gap=+0.0000
  [hinge] step 3760  hinge=1.7500  E_clean=+0.5000  E_invalid=+0.5000  gap=+0.0000
  [hinge] step 3780  hinge=1.7500  E_clean=+0.5000  E_invalid=+0.5000  gap=+0.0000
  [hinge] step 3800  hinge=1.7500  E_clean=+0.5000  E_invalid=+0.5000  gap=+0.0000
  [hinge] step 3820  hinge=1.7500  E_clean=+0.5000  E_invalid=+0.5000  gap=+0.0000
  [hinge] step 3840  hinge=1.7500  E_clean=+0.5000  E_invalid=+0.5000  gap=+0.0000
  [hinge] step 3860  hinge=1.7500  E_clean=+0.5000  E_invalid=+0.5000  gap=+0.0000
  [hinge] step 3880  hinge=1.7500  E_clean=+0.5000  E_invalid=+0.5000  gap=+0.0000
  [hinge] step 3900  hinge=1.7500  E_clean=+0.5000  E_invalid=+0.5000  gap=+0.0000
  [hinge] step 3920  hinge=1.7500  E_clean=+0.5000  E_invalid=+0.5000  gap=+0.0000
  [hinge] step 3940  hinge=1.7500  E_clean=+0.5000  E_invalid=+0.5000  gap=+0.0000
  [hinge] step 3960  hinge=1.7500  E_clean=+0.5000  E_invalid=+0.5000  gap=+0.0000
  [hinge] step 3980  hinge=1.7500  E_clean=+0.5000  E_invalid=+0.5000  gap=+0.0000
  [hinge] step 4000  hinge=1.7500  E_clean=+0.5000  E_invalid=+0.5000  gap=+0.0000
  [hinge] step 4020  hinge=1.7500  E_clean=+0.5000  E_invalid=+0.5000  gap=+0.0000
  [hinge] step 4040  hinge=1.7500  E_clean=+0.5000  E_invalid=+0.5000  gap=+0.0000
  [hinge] step 4060  hinge=1.7500  E_clean=+0.5000  E_invalid=+0.5000  gap=+0.0000
  [hinge] step 4080  hinge=1.7500  E_clean=+0.5000  E_invalid=+0.5000  gap=+0.0000
  [hinge] step 4100  hinge=1.7500  E_clean=+0.5000  E_invalid=+0.5000  gap=+0.0000
  [hinge] step 4120  hinge=1.7500  E_clean=+0.5000  E_invalid=+0.5000  gap=+0.0000
  [hinge] step 4140  hinge=1.7500  E_clean=+0.5000  E_invalid=+0.5000  gap=+0.0000
  [hinge] step 4160  hinge=1.7500  E_clean=+0.5000  E_invalid=+0.5000  gap=+0.0000
  [hinge] step 4180  hinge=1.7500  E_clean=+0.5000  E_invalid=+0.5000  gap=+0.0000
  [hinge] step 4200  hinge=1.7500  E_clean=+0.5000  E_invalid=+0.5000  gap=+0.0000
  [hinge] step 4220  hinge=1.7500  E_clean=+0.5000  E_invalid=+0.5000  gap=+0.0000
  [hinge] step 4240  hinge=1.7500  E_clean=+0.5000  E_invalid=+0.5000  gap=+0.0000
  [hinge] step 4260  hinge=1.7500  E_clean=+0.5000  E_invalid=+0.5000  gap=+0.0000
  [hinge] step 4280  hinge=1.7500  E_clean=+0.5000  E_invalid=+0.5000  gap=+0.0000
  [hinge] step 4300  hinge=1.7500  E_clean=+0.5000  E_invalid=+0.5000  gap=+0.0000
  [hinge] step 4320  hinge=1.7500  E_clean=+0.5000  E_invalid=+0.5000  gap=+0.0000
  [hinge] step 4340  hinge=1.7500  E_clean=+0.5000  E_invalid=+0.5000  gap=+0.0000
  [hinge] step 4360  hinge=1.7500  E_clean=+0.5000  E_invalid=+0.5000  gap=+0.0000
  [hinge] step 4380  hinge=1.7500  E_clean=+0.5000  E_invalid=+0.5000  gap=+0.0000
  [hinge] step 4400  hinge=1.7500  E_clean=+0.5000  E_invalid=+0.5000  gap=+0.0000
  [hinge] step 4420  hinge=1.7500  E_clean=+0.5000  E_invalid=+0.5000  gap=+0.0000
  [hinge] step 4440  hinge=1.7500  E_clean=+0.5000  E_invalid=+0.5000  gap=+0.0000
  [hinge] step 4460  hinge=1.7500  E_clean=+0.5000  E_invalid=+0.5000  gap=+0.0000
  [hinge] step 4480  hinge=1.7500  E_clean=+0.5000  E_invalid=+0.5000  gap=+0.0000
  [hinge] step 4500  hinge=1.7500  E_clean=+0.5000  E_invalid=+0.5000  gap=+0.0000
  [hinge] step 4520  hinge=1.7500  E_clean=+0.5000  E_invalid=+0.5000  gap=+0.0000
  [hinge] step 4540  hinge=1.7500  E_clean=+0.5000  E_invalid=+0.5000  gap=+0.0000
  [hinge] step 4560  hinge=1.7500  E_clean=+0.5000  E_invalid=+0.5000  gap=+0.0000
  [hinge] step 4580  hinge=1.7500  E_clean=+0.5000  E_invalid=+0.5000  gap=+0.0000
  [hinge] step 4600  hinge=1.7500  E_clean=+0.5000  E_invalid=+0.5000  gap=+0.0000
  [hinge] step 4620  hinge=1.7500  E_clean=+0.5000  E_invalid=+0.5000  gap=+0.0000
  [hinge] step 4640  hinge=1.7500  E_clean=+0.5000  E_invalid=+0.5000  gap=+0.0000
  [hinge] step 4660  hinge=1.7500  E_clean=+0.5000  E_invalid=+0.5000  gap=+0.0000
  [hinge] step 4680  hinge=1.7500  E_clean=+0.5000  E_invalid=+0.5000  gap=+0.0000
  [hinge] step 4700  hinge=1.7500  E_clean=+0.5000  E_invalid=+0.5000  gap=+0.0000
  [hinge] step 4720  hinge=1.7500  E_clean=+0.5000  E_invalid=+0.5000  gap=+0.0000
  [hinge] step 4740  hinge=1.7500  E_clean=+0.5000  E_invalid=+0.5000  gap=+0.0000
  [hinge] step 4760  hinge=1.7500  E_clean=+0.5000  E_invalid=+0.5000  gap=+0.0000
  [hinge] step 4780  hinge=1.7500  E_clean=+0.5000  E_invalid=+0.5000  gap=+0.0000
  [hinge] step 4800  hinge=1.7500  E_clean=+0.5000  E_invalid=+0.5000  gap=+0.0000
  [hinge] step 4820  hinge=1.7500  E_clean=+0.5000  E_invalid=+0.5000  gap=+0.0000
  [hinge] step 4840  hinge=1.7500  E_clean=+0.5000  E_invalid=+0.5000  gap=+0.0000
  [hinge] step 4860  hinge=1.7500  E_clean=+0.5000  E_invalid=+0.5000  gap=+0.0000
  [hinge] step 4880  hinge=1.7500  E_clean=+0.5000  E_invalid=+0.5000  gap=+0.0000
  [hinge] step 4900  hinge=1.7500  E_clean=+0.5000  E_invalid=+0.5000  gap=+0.0000
  [hinge] step 4920  hinge=1.7500  E_clean=+0.5000  E_invalid=+0.5000  gap=+0.0000
  [hinge] step 4940  hinge=1.7500  E_clean=+0.5000  E_invalid=+0.5000  gap=+0.0000
  [hinge] step 4960  hinge=1.7500  E_clean=+0.5000  E_invalid=+0.5000  gap=+0.0000
  [hinge] step 4980  hinge=1.7500  E_clean=+0.5000  E_invalid=+0.5000  gap=+0.0000
  [hinge] step 5000  hinge=1.7500  E_clean=+0.5000  E_invalid=+0.5000  gap=+0.0000
  [hinge] step 5020  hinge=1.7500  E_clean=+0.5000  E_invalid=+0.5000  gap=+0.0000
  [hinge] step 5040  hinge=1.7500  E_clean=+0.5000  E_invalid=+0.5000  gap=+0.0000
  [hinge] step 5060  hinge=1.7500  E_clean=+0.5000  E_invalid=+0.5000  gap=+0.0000
  [hinge] step 5080  hinge=1.7500  E_clean=+0.5000  E_invalid=+0.5000  gap=+0.0000
  [hinge] step 5100  hinge=1.7500  E_clean=+0.5000  E_invalid=+0.5000  gap=+0.0000
  [hinge] step 5120  hinge=1.7500  E_clean=+0.5000  E_invalid=+0.5000  gap=+0.0000
  [hinge] step 5140  hinge=1.7500  E_clean=+0.5000  E_invalid=+0.5000  gap=+0.0000
  [hinge] step 5160  hinge=1.7500  E_clean=+0.5000  E_invalid=+0.5000  gap=+0.0000
  [hinge] step 5180  hinge=1.7500  E_clean=+0.5000  E_invalid=+0.5000  gap=+0.0000
  [hinge] step 5200  hinge=1.7500  E_clean=+0.5000  E_invalid=+0.5000  gap=+0.0000
  [hinge] step 5220  hinge=1.7500  E_clean=+0.5000  E_invalid=+0.5000  gap=+0.0000
  [hinge] step 5240  hinge=1.7500  E_clean=+0.5000  E_invalid=+0.5000  gap=+0.0000
  [hinge] step 5260  hinge=1.7500  E_clean=+0.5000  E_invalid=+0.5000  gap=+0.0000
  [hinge] step 5280  hinge=1.7500  E_clean=+0.5000  E_invalid=+0.5000  gap=+0.0000
  [hinge] step 5300  hinge=1.7500  E_clean=+0.5000  E_invalid=+0.5000  gap=+0.0000
  [hinge] step 5320  hinge=1.7500  E_clean=+0.5000  E_invalid=+0.5000  gap=+0.0000
  [hinge] step 5340  hinge=1.7500  E_clean=+0.5000  E_invalid=+0.5000  gap=+0.0000
  [hinge] step 5360  hinge=1.7500  E_clean=+0.5000  E_invalid=+0.5000  gap=+0.0000
  [hinge] step 5380  hinge=1.7500  E_clean=+0.5000  E_invalid=+0.5000  gap=+0.0000
  [hinge] step 5400  hinge=1.7500  E_clean=+0.5000  E_invalid=+0.5000  gap=+0.0000
  [hinge] step 5420  hinge=1.7500  E_clean=+0.5000  E_invalid=+0.5000  gap=+0.0000
  [hinge] step 5440  hinge=1.7500  E_clean=+0.5000  E_invalid=+0.5000  gap=+0.0000
  [hinge] step 5460  hinge=1.7500  E_clean=+0.5000  E_invalid=+0.5000  gap=+0.0000
  [hinge] step 5480  hinge=1.7500  E_clean=+0.5000  E_invalid=+0.5000  gap=+0.0000
  [hinge] step 5500  hinge=1.7500  E_clean=+0.5000  E_invalid=+0.5000  gap=+0.0000
  [hinge] step 5520  hinge=1.7500  E_clean=+0.5000  E_invalid=+0.5000  gap=+0.0000
  [hinge] step 5540  hinge=1.7500  E_clean=+0.5000  E_invalid=+0.5000  gap=+0.0000
  [hinge] step 5560  hinge=1.7500  E_clean=+0.5000  E_invalid=+0.5000  gap=+0.0000
  [hinge] step 5580  hinge=1.7500  E_clean=+0.5000  E_invalid=+0.5000  gap=+0.0000
  [hinge] step 5600  hinge=1.7500  E_clean=+0.5000  E_invalid=+0.5000  gap=+0.0000
  [hinge] step 5620  hinge=1.7500  E_clean=+0.5000  E_invalid=+0.5000  gap=+0.0000
  [hinge] step 5640  hinge=1.7500  E_clean=+0.5000  E_invalid=+0.5000  gap=+0.0000
  [hinge] step 5660  hinge=1.7500  E_clean=+0.5000  E_invalid=+0.5000  gap=+0.0000
  [hinge] step 5680  hinge=1.7500  E_clean=+0.5000  E_invalid=+0.5000  gap=+0.0000
  [hinge] step 5700  hinge=1.7500  E_clean=+0.5000  E_invalid=+0.5000  gap=+0.0000
  [hinge] step 5720  hinge=1.7500  E_clean=+0.5000  E_invalid=+0.5000  gap=+0.0000
  [hinge] step 5740  hinge=1.7500  E_clean=+0.5000  E_invalid=+0.5000  gap=+0.0000
  [hinge] step 5760  hinge=1.7500  E_clean=+0.5000  E_invalid=+0.5000  gap=+0.0000
  [hinge] step 5780  hinge=1.7500  E_clean=+0.5000  E_invalid=+0.5000  gap=+0.0000
  [hinge] step 5800  hinge=1.7500  E_clean=+0.5000  E_invalid=+0.5000  gap=+0.0000
  [hinge] step 5820  hinge=1.7500  E_clean=+0.5000  E_invalid=+0.5000  gap=+0.0000
  [hinge] step 5840  hinge=1.7500  E_clean=+0.5000  E_invalid=+0.5000  gap=+0.0000
  [hinge] step 5860  hinge=1.7500  E_clean=+0.5000  E_invalid=+0.5000  gap=+0.0000
  [hinge] step 5880  hinge=1.7500  E_clean=+0.5000  E_invalid=+0.5000  gap=+0.0000
  [hinge] step 5900  hinge=1.7500  E_clean=+0.5000  E_invalid=+0.5000  gap=+0.0000
  [hinge] step 5920  hinge=1.7500  E_clean=+0.5000  E_invalid=+0.5000  gap=+0.0000
  [hinge] step 5940  hinge=1.7500  E_clean=+0.5000  E_invalid=+0.5000  gap=+0.0000
  [hinge] step 5960  hinge=1.7500  E_clean=+0.5000  E_invalid=+0.5000  gap=+0.0000
  [hinge] step 5980  hinge=1.7500  E_clean=+0.5000  E_invalid=+0.5000  gap=+0.0000
  [hinge] step 6000  hinge=1.7500  E_clean=+0.5000  E_invalid=+0.5000  gap=+0.0000
  [hinge] step 6020  hinge=1.7500  E_clean=+0.5000  E_invalid=+0.5000  gap=+0.0000
  [hinge] step 6040  hinge=1.7500  E_clean=+0.5000  E_invalid=+0.5000  gap=+0.0000
  [hinge] step 6060  hinge=1.7500  E_clean=+0.5000  E_invalid=+0.5000  gap=+0.0000
  [hinge] step 6080  hinge=1.7500  E_clean=+0.5000  E_invalid=+0.5000  gap=+0.0000
  [hinge] step 6100  hinge=1.7500  E_clean=+0.5000  E_invalid=+0.5000  gap=+0.0000
  [hinge] step 6120  hinge=1.7500  E_clean=+0.5000  E_invalid=+0.5000  gap=+0.0000
  [hinge] step 6140  hinge=1.7500  E_clean=+0.5000  E_invalid=+0.5000  gap=+0.0000
  [hinge] step 6160  hinge=1.7500  E_clean=+0.5000  E_invalid=+0.5000  gap=+0.0000
  [hinge] step 6180  hinge=1.7500  E_clean=+0.5000  E_invalid=+0.5000  gap=+0.0000
  [hinge] step 6200  hinge=1.7500  E_clean=+0.5000  E_invalid=+0.5000  gap=+0.0000
  [hinge] step 6220  hinge=1.7500  E_clean=+0.5000  E_invalid=+0.5000  gap=+0.0000
  [hinge] step 6240  hinge=1.7500  E_clean=+0.5000  E_invalid=+0.5000  gap=+0.0000
[stage 2 hinge] done. n_steps=6250  final_hinge=1.7500
  positive  mean(std)=1.4124  mean(prob)=0.614
  [      scrambled] mean(std)=1.4124  AUROC(std)=0.5000  AUROC(-prob)=0.5000
  [ random_simplex] mean(std)=1.4124  AUROC(std)=0.5000  AUROC(-prob)=0.5000

Wrote runs/ood_svgp_dirichletfm/baseline_ep10_d10k_mean/svgp_hinge_eval.json
