Warning: You are sending unauthenticated requests to the HF Hub. Please set a HF_TOKEN to enable higher rate limits and faster downloads.
[from plain DirichletFM] loaded 129 tensors into model.dfm (exact match, 0 missing / 0 unexpected).
[stage 2 hinge] training SVGP via contrastive hinge
  ckpt:      runs/sflm_bench_a100_20g_L256/DirichletFM_ep30_d30k/epoch_final.pt
  n_epochs:  5
  lr:        0.001
  t_eval:    4.5
  margin:    2.0
  train_pooler: True
  [hinge] step    1  hinge=2.0017  E_clean=-0.0012  E_invalid=-0.0017  gap=-0.0005
  [hinge] step   20  hinge=1.9814  E_clean=+0.0190  E_invalid=+0.0190  gap=+0.0000
  [hinge] step   40  hinge=1.9628  E_clean=+0.0387  E_invalid=+0.0387  gap=+0.0000
  [hinge] step   60  hinge=1.9453  E_clean=+0.0580  E_invalid=+0.0580  gap=+0.0000
  [hinge] step   80  hinge=1.9290  E_clean=+0.0770  E_invalid=+0.0770  gap=+0.0000
  [hinge] step  100  hinge=1.9136  E_clean=+0.0955  E_invalid=+0.0955  gap=+0.0000
  [hinge] step  120  hinge=1.8993  E_clean=+0.1136  E_invalid=+0.1136  gap=+0.0000
  [hinge] step  140  hinge=1.8860  E_clean=+0.1312  E_invalid=+0.1312  gap=+0.0000
  [hinge] step  160  hinge=1.8736  E_clean=+0.1484  E_invalid=+0.1484  gap=+0.0000
  [hinge] step  180  hinge=1.8621  E_clean=+0.1651  E_invalid=+0.1651  gap=+0.0000
  [hinge] step  200  hinge=1.8515  E_clean=+0.1814  E_invalid=+0.1814  gap=+0.0000
  [hinge] step  220  hinge=1.8417  E_clean=+0.1972  E_invalid=+0.1972  gap=+0.0000
  [hinge] step  240  hinge=1.8326  E_clean=+0.2126  E_invalid=+0.2126  gap=+0.0000
  [hinge] step  260  hinge=1.8243  E_clean=+0.2275  E_invalid=+0.2275  gap=+0.0000
  [hinge] step  280  hinge=1.8166  E_clean=+0.2419  E_invalid=+0.2419  gap=+0.0000
  [hinge] step  300  hinge=1.8096  E_clean=+0.2559  E_invalid=+0.2559  gap=+0.0000
  [hinge] step  320  hinge=1.8032  E_clean=+0.2694  E_invalid=+0.2694  gap=+0.0000
  [hinge] step  340  hinge=1.7973  E_clean=+0.2824  E_invalid=+0.2824  gap=+0.0000
  [hinge] step  360  hinge=1.7920  E_clean=+0.2950  E_invalid=+0.2950  gap=+0.0000
  [hinge] step  380  hinge=1.7872  E_clean=+0.3071  E_invalid=+0.3071  gap=+0.0000
  [hinge] step  400  hinge=1.7829  E_clean=+0.3187  E_invalid=+0.3187  gap=+0.0000
  [hinge] step  420  hinge=1.7790  E_clean=+0.3298  E_invalid=+0.3298  gap=+0.0000
  [hinge] step  440  hinge=1.7754  E_clean=+0.3405  E_invalid=+0.3405  gap=+0.0000
  [hinge] step  460  hinge=1.7723  E_clean=+0.3507  E_invalid=+0.3507  gap=+0.0000
  [hinge] step  480  hinge=1.7695  E_clean=+0.3605  E_invalid=+0.3605  gap=+0.0000
  [hinge] step  500  hinge=1.7669  E_clean=+0.3698  E_invalid=+0.3698  gap=+0.0000
  [hinge] step  520  hinge=1.7647  E_clean=+0.3787  E_invalid=+0.3787  gap=+0.0000
  [hinge] step  540  hinge=1.7627  E_clean=+0.3871  E_invalid=+0.3871  gap=+0.0000
  [hinge] step  560  hinge=1.7610  E_clean=+0.3951  E_invalid=+0.3951  gap=+0.0000
  [hinge] step  580  hinge=1.7595  E_clean=+0.4027  E_invalid=+0.4027  gap=+0.0000
  [hinge] step  600  hinge=1.7581  E_clean=+0.4099  E_invalid=+0.4099  gap=+0.0000
  [hinge] step  620  hinge=1.7569  E_clean=+0.4167  E_invalid=+0.4167  gap=+0.0000
  [hinge] step  640  hinge=1.7559  E_clean=+0.4231  E_invalid=+0.4231  gap=+0.0000
  [hinge] step  660  hinge=1.7550  E_clean=+0.4291  E_invalid=+0.4291  gap=+0.0000
  [hinge] step  680  hinge=1.7543  E_clean=+0.4348  E_invalid=+0.4348  gap=+0.0000
  [hinge] step  700  hinge=1.7536  E_clean=+0.4401  E_invalid=+0.4401  gap=+0.0000
  [hinge] step  720  hinge=1.7530  E_clean=+0.4451  E_invalid=+0.4451  gap=+0.0000
  [hinge] step  740  hinge=1.7525  E_clean=+0.4497  E_invalid=+0.4497  gap=+0.0000
  [hinge] step  760  hinge=1.7521  E_clean=+0.4540  E_invalid=+0.4540  gap=+0.0000
  [hinge] step  780  hinge=1.7518  E_clean=+0.4581  E_invalid=+0.4581  gap=+0.0000
  [hinge] step  800  hinge=1.7515  E_clean=+0.4618  E_invalid=+0.4618  gap=+0.0000
  [hinge] step  820  hinge=1.7512  E_clean=+0.4653  E_invalid=+0.4653  gap=+0.0000
  [hinge] step  840  hinge=1.7510  E_clean=+0.4685  E_invalid=+0.4685  gap=+0.0000
  [hinge] step  860  hinge=1.7508  E_clean=+0.4714  E_invalid=+0.4714  gap=+0.0000
  [hinge] step  880  hinge=1.7507  E_clean=+0.4742  E_invalid=+0.4742  gap=+0.0000
  [hinge] step  900  hinge=1.7505  E_clean=+0.4767  E_invalid=+0.4767  gap=+0.0000
  [hinge] step  920  hinge=1.7504  E_clean=+0.4790  E_invalid=+0.4790  gap=+0.0000
  [hinge] step  940  hinge=1.7504  E_clean=+0.4811  E_invalid=+0.4811  gap=+0.0000
  [hinge] step  960  hinge=1.7503  E_clean=+0.4830  E_invalid=+0.4830  gap=+0.0000
  [hinge] step  980  hinge=1.7502  E_clean=+0.4848  E_invalid=+0.4848  gap=+0.0000
  [hinge] step 1000  hinge=1.7502  E_clean=+0.4864  E_invalid=+0.4864  gap=+0.0000
  [hinge] step 1020  hinge=1.7501  E_clean=+0.4878  E_invalid=+0.4878  gap=+0.0000
  [hinge] step 1040  hinge=1.7501  E_clean=+0.4892  E_invalid=+0.4892  gap=+0.0000
  [hinge] step 1060  hinge=1.7501  E_clean=+0.4904  E_invalid=+0.4904  gap=+0.0000
  [hinge] step 1080  hinge=1.7501  E_clean=+0.4914  E_invalid=+0.4914  gap=+0.0000
  [hinge] step 1100  hinge=1.7501  E_clean=+0.4924  E_invalid=+0.4924  gap=+0.0000
  [hinge] step 1120  hinge=1.7500  E_clean=+0.4933  E_invalid=+0.4933  gap=+0.0000
  [hinge] step 1140  hinge=1.7500  E_clean=+0.4941  E_invalid=+0.4941  gap=+0.0000
  [hinge] step 1160  hinge=1.7500  E_clean=+0.4948  E_invalid=+0.4948  gap=+0.0000
  [hinge] step 1180  hinge=1.7500  E_clean=+0.4954  E_invalid=+0.4954  gap=+0.0000
  [hinge] step 1200  hinge=1.7500  E_clean=+0.4960  E_invalid=+0.4960  gap=+0.0000
  [hinge] step 1220  hinge=1.7500  E_clean=+0.4965  E_invalid=+0.4965  gap=+0.0000
  [hinge] step 1240  hinge=1.7500  E_clean=+0.4969  E_invalid=+0.4969  gap=+0.0000
  [hinge] step 1260  hinge=1.7500  E_clean=+0.4973  E_invalid=+0.4973  gap=+0.0000
  [hinge] step 1280  hinge=1.7500  E_clean=+0.4977  E_invalid=+0.4977  gap=+0.0000
  [hinge] step 1300  hinge=1.7500  E_clean=+0.4980  E_invalid=+0.4980  gap=+0.0000
  [hinge] step 1320  hinge=1.7500  E_clean=+0.4982  E_invalid=+0.4982  gap=+0.0000
  [hinge] step 1340  hinge=1.7500  E_clean=+0.4985  E_invalid=+0.4985  gap=+0.0000
  [hinge] step 1360  hinge=1.7500  E_clean=+0.4987  E_invalid=+0.4987  gap=+0.0000
  [hinge] step 1380  hinge=1.7500  E_clean=+0.4989  E_invalid=+0.4989  gap=+0.0000
  [hinge] step 1400  hinge=1.7500  E_clean=+0.4990  E_invalid=+0.4990  gap=+0.0000
  [hinge] step 1420  hinge=1.7500  E_clean=+0.4992  E_invalid=+0.4992  gap=+0.0000
  [hinge] step 1440  hinge=1.7500  E_clean=+0.4993  E_invalid=+0.4993  gap=+0.0000
  [hinge] step 1460  hinge=1.7500  E_clean=+0.4994  E_invalid=+0.4994  gap=+0.0000
  [hinge] step 1480  hinge=1.7500  E_clean=+0.4995  E_invalid=+0.4995  gap=+0.0000
  [hinge] step 1500  hinge=1.7500  E_clean=+0.4996  E_invalid=+0.4996  gap=+0.0000
  [hinge] step 1520  hinge=1.7500  E_clean=+0.4996  E_invalid=+0.4996  gap=+0.0000
  [hinge] step 1540  hinge=1.7500  E_clean=+0.4997  E_invalid=+0.4997  gap=+0.0000
  [hinge] step 1560  hinge=1.7500  E_clean=+0.4997  E_invalid=+0.4997  gap=+0.0000
  [hinge] step 1580  hinge=1.7500  E_clean=+0.4998  E_invalid=+0.4998  gap=+0.0000
  [hinge] step 1600  hinge=1.7500  E_clean=+0.4998  E_invalid=+0.4998  gap=+0.0000
  [hinge] step 1620  hinge=1.7500  E_clean=+0.4998  E_invalid=+0.4998  gap=+0.0000
  [hinge] step 1640  hinge=1.7500  E_clean=+0.4999  E_invalid=+0.4999  gap=+0.0000
  [hinge] step 1660  hinge=1.7500  E_clean=+0.4999  E_invalid=+0.4999  gap=+0.0000
  [hinge] step 1680  hinge=1.7500  E_clean=+0.4999  E_invalid=+0.4999  gap=+0.0000
  [hinge] step 1700  hinge=1.7500  E_clean=+0.4999  E_invalid=+0.4999  gap=+0.0000
  [hinge] step 1720  hinge=1.7500  E_clean=+0.4999  E_invalid=+0.4999  gap=+0.0000
  [hinge] step 1740  hinge=1.7500  E_clean=+0.4999  E_invalid=+0.4999  gap=+0.0000
  [hinge] step 1760  hinge=1.7500  E_clean=+0.5000  E_invalid=+0.5000  gap=+0.0000
  [hinge] step 1780  hinge=1.7500  E_clean=+0.5000  E_invalid=+0.5000  gap=+0.0000
  [hinge] step 1800  hinge=1.7500  E_clean=+0.5000  E_invalid=+0.5000  gap=+0.0000
  [hinge] step 1820  hinge=1.7500  E_clean=+0.5000  E_invalid=+0.5000  gap=+0.0000
  [hinge] step 1840  hinge=1.7500  E_clean=+0.5000  E_invalid=+0.5000  gap=+0.0000
  [hinge] step 1860  hinge=1.7500  E_clean=+0.5000  E_invalid=+0.5000  gap=+0.0000
  [hinge] step 1880  hinge=1.7500  E_clean=+0.5000  E_invalid=+0.5000  gap=+0.0000
  [hinge] step 1900  hinge=1.7500  E_clean=+0.5000  E_invalid=+0.5000  gap=+0.0000
  [hinge] step 1920  hinge=1.7500  E_clean=+0.5000  E_invalid=+0.5000  gap=+0.0000
  [hinge] step 1940  hinge=1.7500  E_clean=+0.5000  E_invalid=+0.5000  gap=+0.0000
  [hinge] step 1960  hinge=1.7500  E_clean=+0.5000  E_invalid=+0.5000  gap=+0.0000
  [hinge] step 1980  hinge=1.7500  E_clean=+0.5000  E_invalid=+0.5000  gap=+0.0000
  [hinge] step 2000  hinge=1.7500  E_clean=+0.5000  E_invalid=+0.5000  gap=+0.0000
  [hinge] step 2020  hinge=1.7500  E_clean=+0.5000  E_invalid=+0.5000  gap=+0.0000
  [hinge] step 2040  hinge=1.7500  E_clean=+0.5000  E_invalid=+0.5000  gap=+0.0000
  [hinge] step 2060  hinge=1.7500  E_clean=+0.5000  E_invalid=+0.5000  gap=+0.0000
  [hinge] step 2080  hinge=1.7500  E_clean=+0.5000  E_invalid=+0.5000  gap=+0.0000
  [hinge] step 2100  hinge=1.7500  E_clean=+0.5000  E_invalid=+0.5000  gap=+0.0000
  [hinge] step 2120  hinge=1.7500  E_clean=+0.5000  E_invalid=+0.5000  gap=+0.0000
  [hinge] step 2140  hinge=1.7500  E_clean=+0.5000  E_invalid=+0.5000  gap=+0.0000
  [hinge] step 2160  hinge=1.7500  E_clean=+0.5000  E_invalid=+0.5000  gap=+0.0000
  [hinge] step 2180  hinge=1.7500  E_clean=+0.5000  E_invalid=+0.5000  gap=+0.0000
  [hinge] step 2200  hinge=1.7500  E_clean=+0.5000  E_invalid=+0.5000  gap=+0.0000
  [hinge] step 2220  hinge=1.7500  E_clean=+0.5000  E_invalid=+0.5000  gap=+0.0000
  [hinge] step 2240  hinge=1.7500  E_clean=+0.5000  E_invalid=+0.5000  gap=+0.0000
  [hinge] step 2260  hinge=1.7500  E_clean=+0.5000  E_invalid=+0.5000  gap=+0.0000
  [hinge] step 2280  hinge=1.7500  E_clean=+0.5000  E_invalid=+0.5000  gap=+0.0000
  [hinge] step 2300  hinge=1.7500  E_clean=+0.5000  E_invalid=+0.5000  gap=+0.0000
  [hinge] step 2320  hinge=1.7500  E_clean=+0.5000  E_invalid=+0.5000  gap=+0.0000
  [hinge] step 2340  hinge=1.7500  E_clean=+0.5000  E_invalid=+0.5000  gap=+0.0000
  [hinge] step 2360  hinge=1.7500  E_clean=+0.5000  E_invalid=+0.5000  gap=+0.0000
  [hinge] step 2380  hinge=1.7500  E_clean=+0.5000  E_invalid=+0.5000  gap=+0.0000
  [hinge] step 2400  hinge=1.7500  E_clean=+0.5000  E_invalid=+0.5000  gap=+0.0000
  [hinge] step 2420  hinge=1.7500  E_clean=+0.5000  E_invalid=+0.5000  gap=+0.0000
  [hinge] step 2440  hinge=1.7500  E_clean=+0.5000  E_invalid=+0.5000  gap=+0.0000
  [hinge] step 2460  hinge=1.7500  E_clean=+0.5000  E_invalid=+0.5000  gap=+0.0000
  [hinge] step 2480  hinge=1.7500  E_clean=+0.5000  E_invalid=+0.5000  gap=+0.0000
  [hinge] step 2500  hinge=1.7500  E_clean=+0.5000  E_invalid=+0.5000  gap=+0.0000
  [hinge] step 2520  hinge=1.7500  E_clean=+0.5000  E_invalid=+0.5000  gap=+0.0000
  [hinge] step 2540  hinge=1.7500  E_clean=+0.5000  E_invalid=+0.5000  gap=+0.0000
  [hinge] step 2560  hinge=1.7500  E_clean=+0.5000  E_invalid=+0.5000  gap=+0.0000
  [hinge] step 2580  hinge=1.7500  E_clean=+0.5000  E_invalid=+0.5000  gap=+0.0000
  [hinge] step 2600  hinge=1.7500  E_clean=+0.5000  E_invalid=+0.5000  gap=+0.0000
  [hinge] step 2620  hinge=1.7500  E_clean=+0.5000  E_invalid=+0.5000  gap=+0.0000
  [hinge] step 2640  hinge=1.7500  E_clean=+0.5000  E_invalid=+0.5000  gap=+0.0000
  [hinge] step 2660  hinge=1.7500  E_clean=+0.5000  E_invalid=+0.5000  gap=+0.0000
  [hinge] step 2680  hinge=1.7500  E_clean=+0.5000  E_invalid=+0.5000  gap=+0.0000
  [hinge] step 2700  hinge=1.7500  E_clean=+0.5000  E_invalid=+0.5000  gap=+0.0000
  [hinge] step 2720  hinge=1.7500  E_clean=+0.5000  E_invalid=+0.5000  gap=+0.0000
  [hinge] step 2740  hinge=1.7500  E_clean=+0.5000  E_invalid=+0.5000  gap=+0.0000
  [hinge] step 2760  hinge=1.7500  E_clean=+0.5000  E_invalid=+0.5000  gap=+0.0000
  [hinge] step 2780  hinge=1.7500  E_clean=+0.5000  E_invalid=+0.5000  gap=+0.0000
  [hinge] step 2800  hinge=1.7500  E_clean=+0.5000  E_invalid=+0.5000  gap=+0.0000
  [hinge] step 2820  hinge=1.7500  E_clean=+0.5000  E_invalid=+0.5000  gap=+0.0000
  [hinge] step 2840  hinge=1.7500  E_clean=+0.5000  E_invalid=+0.5000  gap=+0.0000
  [hinge] step 2860  hinge=1.7500  E_clean=+0.5000  E_invalid=+0.5000  gap=+0.0000
  [hinge] step 2880  hinge=1.7500  E_clean=+0.5000  E_invalid=+0.5000  gap=+0.0000
  [hinge] step 2900  hinge=1.7500  E_clean=+0.5000  E_invalid=+0.5000  gap=+0.0000
  [hinge] step 2920  hinge=1.7500  E_clean=+0.5000  E_invalid=+0.5000  gap=+0.0000
  [hinge] step 2940  hinge=1.7500  E_clean=+0.5000  E_invalid=+0.5000  gap=+0.0000
  [hinge] step 2960  hinge=1.7500  E_clean=+0.5000  E_invalid=+0.5000  gap=+0.0000
  [hinge] step 2980  hinge=1.7500  E_clean=+0.5000  E_invalid=+0.5000  gap=+0.0000
  [hinge] step 3000  hinge=1.7500  E_clean=+0.5000  E_invalid=+0.5000  gap=+0.0000
  [hinge] step 3020  hinge=1.7500  E_clean=+0.5000  E_invalid=+0.5000  gap=+0.0000
  [hinge] step 3040  hinge=1.7500  E_clean=+0.5000  E_invalid=+0.5000  gap=+0.0000
  [hinge] step 3060  hinge=1.7500  E_clean=+0.5000  E_invalid=+0.5000  gap=+0.0000
  [hinge] step 3080  hinge=1.7500  E_clean=+0.5000  E_invalid=+0.5000  gap=+0.0000
  [hinge] step 3100  hinge=1.7500  E_clean=+0.5000  E_invalid=+0.5000  gap=+0.0000
  [hinge] step 3120  hinge=1.7500  E_clean=+0.5000  E_invalid=+0.5000  gap=+0.0000
  [hinge] step 3140  hinge=1.7500  E_clean=+0.5000  E_invalid=+0.5000  gap=+0.0000
  [hinge] step 3160  hinge=1.7500  E_clean=+0.5000  E_invalid=+0.5000  gap=+0.0000
  [hinge] step 3180  hinge=1.7500  E_clean=+0.5000  E_invalid=+0.5000  gap=+0.0000
  [hinge] step 3200  hinge=1.7500  E_clean=+0.5000  E_invalid=+0.5000  gap=+0.0000
  [hinge] step 3220  hinge=1.7500  E_clean=+0.5000  E_invalid=+0.5000  gap=+0.0000
  [hinge] step 3240  hinge=1.7500  E_clean=+0.5000  E_invalid=+0.5000  gap=+0.0000
  [hinge] step 3260  hinge=1.7500  E_clean=+0.5000  E_invalid=+0.5000  gap=+0.0000
  [hinge] step 3280  hinge=1.7500  E_clean=+0.5000  E_invalid=+0.5000  gap=+0.0000
  [hinge] step 3300  hinge=1.7500  E_clean=+0.5000  E_invalid=+0.5000  gap=+0.0000
  [hinge] step 3320  hinge=1.7500  E_clean=+0.5000  E_invalid=+0.5000  gap=+0.0000
  [hinge] step 3340  hinge=1.7500  E_clean=+0.5000  E_invalid=+0.5000  gap=+0.0000
  [hinge] step 3360  hinge=1.7500  E_clean=+0.5000  E_invalid=+0.5000  gap=+0.0000
  [hinge] step 3380  hinge=1.7500  E_clean=+0.5000  E_invalid=+0.5000  gap=+0.0000
  [hinge] step 3400  hinge=1.7500  E_clean=+0.5000  E_invalid=+0.5000  gap=+0.0000
  [hinge] step 3420  hinge=1.7500  E_clean=+0.5000  E_invalid=+0.5000  gap=+0.0000
  [hinge] step 3440  hinge=1.7500  E_clean=+0.5000  E_invalid=+0.5000  gap=+0.0000
  [hinge] step 3460  hinge=1.7500  E_clean=+0.5000  E_invalid=+0.5000  gap=+0.0000
  [hinge] step 3480  hinge=1.7500  E_clean=+0.5000  E_invalid=+0.5000  gap=+0.0000
  [hinge] step 3500  hinge=1.7500  E_clean=+0.5000  E_invalid=+0.5000  gap=+0.0000
  [hinge] step 3520  hinge=1.7500  E_clean=+0.5000  E_invalid=+0.5000  gap=+0.0000
  [hinge] step 3540  hinge=1.7500  E_clean=+0.5000  E_invalid=+0.5000  gap=+0.0000
  [hinge] step 3560  hinge=1.7500  E_clean=+0.5000  E_invalid=+0.5000  gap=+0.0000
  [hinge] step 3580  hinge=1.7500  E_clean=+0.5000  E_invalid=+0.5000  gap=+0.0000
  [hinge] step 3600  hinge=1.7500  E_clean=+0.5000  E_invalid=+0.5000  gap=+0.0000
  [hinge] step 3620  hinge=1.7500  E_clean=+0.5000  E_invalid=+0.5000  gap=+0.0000
  [hinge] step 3640  hinge=1.7500  E_clean=+0.5000  E_invalid=+0.5000  gap=+0.0000
  [hinge] step 3660  hinge=1.7500  E_clean=+0.5000  E_invalid=+0.5000  gap=+0.0000
  [hinge] step 3680  hinge=1.7500  E_clean=+0.5000  E_invalid=+0.5000  gap=+0.0000
  [hinge] step 3700  hinge=1.7500  E_clean=+0.5000  E_invalid=+0.5000  gap=+0.0000
  [hinge] step 3720  hinge=1.7500  E_clean=+0.5000  E_invalid=+0.5000  gap=+0.0000
  [hinge] step 3740  hinge=1.7500  E_clean=+0.5000  E_invalid=+0.5000  gap=+0.0000
  [hinge] step 3760  hinge=1.7500  E_clean=+0.5000  E_invalid=+0.5000  gap=+0.0000
  [hinge] step 3780  hinge=1.7500  E_clean=+0.5000  E_invalid=+0.5000  gap=+0.0000
  [hinge] step 3800  hinge=1.7500  E_clean=+0.5000  E_invalid=+0.5000  gap=+0.0000
  [hinge] step 3820  hinge=1.7500  E_clean=+0.5000  E_invalid=+0.5000  gap=+0.0000
  [hinge] step 3840  hinge=1.7500  E_clean=+0.5000  E_invalid=+0.5000  gap=+0.0000
  [hinge] step 3860  hinge=1.7500  E_clean=+0.5000  E_invalid=+0.5000  gap=+0.0000
  [hinge] step 3880  hinge=1.7500  E_clean=+0.5000  E_invalid=+0.5000  gap=+0.0000
  [hinge] step 3900  hinge=1.7500  E_clean=+0.5000  E_invalid=+0.5000  gap=+0.0000
  [hinge] step 3920  hinge=1.7500  E_clean=+0.5000  E_invalid=+0.5000  gap=+0.0000
  [hinge] step 3940  hinge=1.7500  E_clean=+0.5000  E_invalid=+0.5000  gap=+0.0000
  [hinge] step 3960  hinge=1.7500  E_clean=+0.5000  E_invalid=+0.5000  gap=+0.0000
  [hinge] step 3980  hinge=1.7500  E_clean=+0.5000  E_invalid=+0.5000  gap=+0.0000
  [hinge] step 4000  hinge=1.7500  E_clean=+0.5000  E_invalid=+0.5000  gap=+0.0000
  [hinge] step 4020  hinge=1.7500  E_clean=+0.5000  E_invalid=+0.5000  gap=+0.0000
  [hinge] step 4040  hinge=1.7500  E_clean=+0.5000  E_invalid=+0.5000  gap=+0.0000
  [hinge] step 4060  hinge=1.7500  E_clean=+0.5000  E_invalid=+0.5000  gap=+0.0000
  [hinge] step 4080  hinge=1.7500  E_clean=+0.5000  E_invalid=+0.5000  gap=+0.0000
  [hinge] step 4100  hinge=1.7500  E_clean=+0.5000  E_invalid=+0.5000  gap=+0.0000
  [hinge] step 4120  hinge=1.7500  E_clean=+0.5000  E_invalid=+0.5000  gap=+0.0000
  [hinge] step 4140  hinge=1.7500  E_clean=+0.5000  E_invalid=+0.5000  gap=+0.0000
  [hinge] step 4160  hinge=1.7500  E_clean=+0.5000  E_invalid=+0.5000  gap=+0.0000
  [hinge] step 4180  hinge=1.7500  E_clean=+0.5000  E_invalid=+0.5000  gap=+0.0000
  [hinge] step 4200  hinge=1.7500  E_clean=+0.5000  E_invalid=+0.5000  gap=+0.0000
  [hinge] step 4220  hinge=1.7500  E_clean=+0.5000  E_invalid=+0.5000  gap=+0.0000
  [hinge] step 4240  hinge=1.7500  E_clean=+0.5000  E_invalid=+0.5000  gap=+0.0000
  [hinge] step 4260  hinge=1.7500  E_clean=+0.5000  E_invalid=+0.5000  gap=+0.0000
  [hinge] step 4280  hinge=1.7500  E_clean=+0.5000  E_invalid=+0.5000  gap=+0.0000
  [hinge] step 4300  hinge=1.7500  E_clean=+0.5000  E_invalid=+0.5000  gap=+0.0000
  [hinge] step 4320  hinge=1.7500  E_clean=+0.5000  E_invalid=+0.5000  gap=+0.0000
  [hinge] step 4340  hinge=1.7500  E_clean=+0.5000  E_invalid=+0.5000  gap=+0.0000
  [hinge] step 4360  hinge=1.7500  E_clean=+0.5000  E_invalid=+0.5000  gap=+0.0000
  [hinge] step 4380  hinge=1.7500  E_clean=+0.5000  E_invalid=+0.5000  gap=+0.0000
  [hinge] step 4400  hinge=1.7500  E_clean=+0.5000  E_invalid=+0.5000  gap=+0.0000
  [hinge] step 4420  hinge=1.7500  E_clean=+0.5000  E_invalid=+0.5000  gap=+0.0000
  [hinge] step 4440  hinge=1.7500  E_clean=+0.5000  E_invalid=+0.5000  gap=+0.0000
  [hinge] step 4460  hinge=1.7500  E_clean=+0.5000  E_invalid=+0.5000  gap=+0.0000
  [hinge] step 4480  hinge=1.7500  E_clean=+0.5000  E_invalid=+0.5000  gap=+0.0000
  [hinge] step 4500  hinge=1.7500  E_clean=+0.5000  E_invalid=+0.5000  gap=+0.0000
  [hinge] step 4520  hinge=1.7500  E_clean=+0.5000  E_invalid=+0.5000  gap=+0.0000
  [hinge] step 4540  hinge=1.7500  E_clean=+0.5000  E_invalid=+0.5000  gap=+0.0000
  [hinge] step 4560  hinge=1.7500  E_clean=+0.5000  E_invalid=+0.5000  gap=+0.0000
  [hinge] step 4580  hinge=1.7500  E_clean=+0.5000  E_invalid=+0.5000  gap=+0.0000
  [hinge] step 4600  hinge=1.7500  E_clean=+0.5000  E_invalid=+0.5000  gap=+0.0000
  [hinge] step 4620  hinge=1.7500  E_clean=+0.5000  E_invalid=+0.5000  gap=+0.0000
  [hinge] step 4640  hinge=1.7500  E_clean=+0.5000  E_invalid=+0.5000  gap=+0.0000
  [hinge] step 4660  hinge=1.7500  E_clean=+0.5000  E_invalid=+0.5000  gap=+0.0000
  [hinge] step 4680  hinge=1.7500  E_clean=+0.5000  E_invalid=+0.5000  gap=+0.0000
  [hinge] step 4700  hinge=1.7500  E_clean=+0.5000  E_invalid=+0.5000  gap=+0.0000
  [hinge] step 4720  hinge=1.7500  E_clean=+0.5000  E_invalid=+0.5000  gap=+0.0000
  [hinge] step 4740  hinge=1.7500  E_clean=+0.5000  E_invalid=+0.5000  gap=+0.0000
  [hinge] step 4760  hinge=1.7500  E_clean=+0.5000  E_invalid=+0.5000  gap=+0.0000
  [hinge] step 4780  hinge=1.7500  E_clean=+0.5000  E_invalid=+0.5000  gap=+0.0000
  [hinge] step 4800  hinge=1.7500  E_clean=+0.5000  E_invalid=+0.5000  gap=+0.0000
  [hinge] step 4820  hinge=1.7500  E_clean=+0.5000  E_invalid=+0.5000  gap=+0.0000
  [hinge] step 4840  hinge=1.7500  E_clean=+0.5000  E_invalid=+0.5000  gap=+0.0000
  [hinge] step 4860  hinge=1.7500  E_clean=+0.5000  E_invalid=+0.5000  gap=+0.0000
  [hinge] step 4880  hinge=1.7500  E_clean=+0.5000  E_invalid=+0.5000  gap=+0.0000
  [hinge] step 4900  hinge=1.7500  E_clean=+0.5000  E_invalid=+0.5000  gap=+0.0000
  [hinge] step 4920  hinge=1.7500  E_clean=+0.5000  E_invalid=+0.5000  gap=+0.0000
  [hinge] step 4940  hinge=1.7500  E_clean=+0.5000  E_invalid=+0.5000  gap=+0.0000
  [hinge] step 4960  hinge=1.7500  E_clean=+0.5000  E_invalid=+0.5000  gap=+0.0000
  [hinge] step 4980  hinge=1.7500  E_clean=+0.5000  E_invalid=+0.5000  gap=+0.0000
  [hinge] step 5000  hinge=1.7500  E_clean=+0.5000  E_invalid=+0.5000  gap=+0.0000
  [hinge] step 5020  hinge=1.7500  E_clean=+0.5000  E_invalid=+0.5000  gap=+0.0000
  [hinge] step 5040  hinge=1.7500  E_clean=+0.5000  E_invalid=+0.5000  gap=+0.0000
  [hinge] step 5060  hinge=1.7500  E_clean=+0.5000  E_invalid=+0.5000  gap=+0.0000
  [hinge] step 5080  hinge=1.7500  E_clean=+0.5000  E_invalid=+0.5000  gap=+0.0000
  [hinge] step 5100  hinge=1.7500  E_clean=+0.5000  E_invalid=+0.5000  gap=+0.0000
  [hinge] step 5120  hinge=1.7500  E_clean=+0.5000  E_invalid=+0.5000  gap=+0.0000
  [hinge] step 5140  hinge=1.7500  E_clean=+0.5000  E_invalid=+0.5000  gap=+0.0000
  [hinge] step 5160  hinge=1.7500  E_clean=+0.5000  E_invalid=+0.5000  gap=+0.0000
  [hinge] step 5180  hinge=1.7500  E_clean=+0.5000  E_invalid=+0.5000  gap=+0.0000
  [hinge] step 5200  hinge=1.7500  E_clean=+0.5000  E_invalid=+0.5000  gap=+0.0000
  [hinge] step 5220  hinge=1.7500  E_clean=+0.5000  E_invalid=+0.5000  gap=+0.0000
  [hinge] step 5240  hinge=1.7500  E_clean=+0.5000  E_invalid=+0.5000  gap=+0.0000
  [hinge] step 5260  hinge=1.7500  E_clean=+0.5000  E_invalid=+0.5000  gap=+0.0000
  [hinge] step 5280  hinge=1.7500  E_clean=+0.5000  E_invalid=+0.5000  gap=+0.0000
  [hinge] step 5300  hinge=1.7500  E_clean=+0.5000  E_invalid=+0.5000  gap=+0.0000
  [hinge] step 5320  hinge=1.7500  E_clean=+0.5000  E_invalid=+0.5000  gap=+0.0000
  [hinge] step 5340  hinge=1.7500  E_clean=+0.5000  E_invalid=+0.5000  gap=+0.0000
  [hinge] step 5360  hinge=1.7500  E_clean=+0.5000  E_invalid=+0.5000  gap=+0.0000
  [hinge] step 5380  hinge=1.7500  E_clean=+0.5000  E_invalid=+0.5000  gap=+0.0000
  [hinge] step 5400  hinge=1.7500  E_clean=+0.5000  E_invalid=+0.5000  gap=+0.0000
  [hinge] step 5420  hinge=1.7500  E_clean=+0.5000  E_invalid=+0.5000  gap=+0.0000
  [hinge] step 5440  hinge=1.7500  E_clean=+0.5000  E_invalid=+0.5000  gap=+0.0000
  [hinge] step 5460  hinge=1.7500  E_clean=+0.5000  E_invalid=+0.5000  gap=+0.0000
  [hinge] step 5480  hinge=1.7500  E_clean=+0.5000  E_invalid=+0.5000  gap=+0.0000
  [hinge] step 5500  hinge=1.7500  E_clean=+0.5000  E_invalid=+0.5000  gap=+0.0000
  [hinge] step 5520  hinge=1.7500  E_clean=+0.5000  E_invalid=+0.5000  gap=+0.0000
  [hinge] step 5540  hinge=1.7500  E_clean=+0.5000  E_invalid=+0.5000  gap=+0.0000
  [hinge] step 5560  hinge=1.7500  E_clean=+0.5000  E_invalid=+0.5000  gap=+0.0000
  [hinge] step 5580  hinge=1.7500  E_clean=+0.5000  E_invalid=+0.5000  gap=+0.0000
  [hinge] step 5600  hinge=1.7500  E_clean=+0.5000  E_invalid=+0.5000  gap=+0.0000
  [hinge] step 5620  hinge=1.7500  E_clean=+0.5000  E_invalid=+0.5000  gap=+0.0000
  [hinge] step 5640  hinge=1.7500  E_clean=+0.5000  E_invalid=+0.5000  gap=+0.0000
  [hinge] step 5660  hinge=1.7500  E_clean=+0.5000  E_invalid=+0.5000  gap=+0.0000
  [hinge] step 5680  hinge=1.7500  E_clean=+0.5000  E_invalid=+0.5000  gap=+0.0000
  [hinge] step 5700  hinge=1.7500  E_clean=+0.5000  E_invalid=+0.5000  gap=+0.0000
  [hinge] step 5720  hinge=1.7500  E_clean=+0.5000  E_invalid=+0.5000  gap=+0.0000
  [hinge] step 5740  hinge=1.7500  E_clean=+0.5000  E_invalid=+0.5000  gap=+0.0000
  [hinge] step 5760  hinge=1.7500  E_clean=+0.5000  E_invalid=+0.5000  gap=+0.0000
  [hinge] step 5780  hinge=1.7500  E_clean=+0.5000  E_invalid=+0.5000  gap=+0.0000
  [hinge] step 5800  hinge=1.7500  E_clean=+0.5000  E_invalid=+0.5000  gap=+0.0000
  [hinge] step 5820  hinge=1.7500  E_clean=+0.5000  E_invalid=+0.5000  gap=+0.0000
  [hinge] step 5840  hinge=1.7500  E_clean=+0.5000  E_invalid=+0.5000  gap=+0.0000
  [hinge] step 5860  hinge=1.7500  E_clean=+0.5000  E_invalid=+0.5000  gap=+0.0000
  [hinge] step 5880  hinge=1.7500  E_clean=+0.5000  E_invalid=+0.5000  gap=+0.0000
  [hinge] step 5900  hinge=1.7500  E_clean=+0.5000  E_invalid=+0.5000  gap=+0.0000
  [hinge] step 5920  hinge=1.7500  E_clean=+0.5000  E_invalid=+0.5000  gap=+0.0000
  [hinge] step 5940  hinge=1.7500  E_clean=+0.5000  E_invalid=+0.5000  gap=+0.0000
  [hinge] step 5960  hinge=1.7500  E_clean=+0.5000  E_invalid=+0.5000  gap=+0.0000
  [hinge] step 5980  hinge=1.7500  E_clean=+0.5000  E_invalid=+0.5000  gap=+0.0000
  [hinge] step 6000  hinge=1.7500  E_clean=+0.5000  E_invalid=+0.5000  gap=+0.0000
  [hinge] step 6020  hinge=1.7500  E_clean=+0.5000  E_invalid=+0.5000  gap=+0.0000
  [hinge] step 6040  hinge=1.7500  E_clean=+0.5000  E_invalid=+0.5000  gap=+0.0000
  [hinge] step 6060  hinge=1.7500  E_clean=+0.5000  E_invalid=+0.5000  gap=+0.0000
  [hinge] step 6080  hinge=1.7500  E_clean=+0.5000  E_invalid=+0.5000  gap=+0.0000
  [hinge] step 6100  hinge=1.7500  E_clean=+0.5000  E_invalid=+0.5000  gap=+0.0000
  [hinge] step 6120  hinge=1.7500  E_clean=+0.5000  E_invalid=+0.5000  gap=+0.0000
  [hinge] step 6140  hinge=1.7500  E_clean=+0.5000  E_invalid=+0.5000  gap=+0.0000
  [hinge] step 6160  hinge=1.7500  E_clean=+0.5000  E_invalid=+0.5000  gap=+0.0000
  [hinge] step 6180  hinge=1.7500  E_clean=+0.5000  E_invalid=+0.5000  gap=+0.0000
  [hinge] step 6200  hinge=1.7500  E_clean=+0.5000  E_invalid=+0.5000  gap=+0.0000
  [hinge] step 6220  hinge=1.7500  E_clean=+0.5000  E_invalid=+0.5000  gap=+0.0000
  [hinge] step 6240  hinge=1.7500  E_clean=+0.5000  E_invalid=+0.5000  gap=+0.0000
  [hinge] step 6260  hinge=1.7500  E_clean=+0.5000  E_invalid=+0.5000  gap=+0.0000
  [hinge] step 6280  hinge=1.7500  E_clean=+0.5000  E_invalid=+0.5000  gap=+0.0000
  [hinge] step 6300  hinge=1.7500  E_clean=+0.5000  E_invalid=+0.5000  gap=+0.0000
  [hinge] step 6320  hinge=1.7500  E_clean=+0.5000  E_invalid=+0.5000  gap=+0.0000
  [hinge] step 6340  hinge=1.7500  E_clean=+0.5000  E_invalid=+0.5000  gap=+0.0000
  [hinge] step 6360  hinge=1.7500  E_clean=+0.5000  E_invalid=+0.5000  gap=+0.0000
  [hinge] step 6380  hinge=1.7500  E_clean=+0.5000  E_invalid=+0.5000  gap=+0.0000
  [hinge] step 6400  hinge=1.7500  E_clean=+0.5000  E_invalid=+0.5000  gap=+0.0000
  [hinge] step 6420  hinge=1.7500  E_clean=+0.5000  E_invalid=+0.5000  gap=+0.0000
  [hinge] step 6440  hinge=1.7500  E_clean=+0.5000  E_invalid=+0.5000  gap=+0.0000
  [hinge] step 6460  hinge=1.7500  E_clean=+0.5000  E_invalid=+0.5000  gap=+0.0000
  [hinge] step 6480  hinge=1.7500  E_clean=+0.5000  E_invalid=+0.5000  gap=+0.0000
  [hinge] step 6500  hinge=1.7500  E_clean=+0.5000  E_invalid=+0.5000  gap=+0.0000
  [hinge] step 6520  hinge=1.7500  E_clean=+0.5000  E_invalid=+0.5000  gap=+0.0000
  [hinge] step 6540  hinge=1.7500  E_clean=+0.5000  E_invalid=+0.5000  gap=+0.0000
  [hinge] step 6560  hinge=1.7500  E_clean=+0.5000  E_invalid=+0.5000  gap=+0.0000
  [hinge] step 6580  hinge=1.7500  E_clean=+0.5000  E_invalid=+0.5000  gap=+0.0000
  [hinge] step 6600  hinge=1.7500  E_clean=+0.5000  E_invalid=+0.5000  gap=+0.0000
  [hinge] step 6620  hinge=1.7500  E_clean=+0.5000  E_invalid=+0.5000  gap=+0.0000
  [hinge] step 6640  hinge=1.7500  E_clean=+0.5000  E_invalid=+0.5000  gap=+0.0000
  [hinge] step 6660  hinge=1.7500  E_clean=+0.5000  E_invalid=+0.5000  gap=+0.0000
  [hinge] step 6680  hinge=1.7500  E_clean=+0.5000  E_invalid=+0.5000  gap=+0.0000
  [hinge] step 6700  hinge=1.7500  E_clean=+0.5000  E_invalid=+0.5000  gap=+0.0000
  [hinge] step 6720  hinge=1.7500  E_clean=+0.5000  E_invalid=+0.5000  gap=+0.0000
  [hinge] step 6740  hinge=1.7500  E_clean=+0.5000  E_invalid=+0.5000  gap=+0.0000
  [hinge] step 6760  hinge=1.7500  E_clean=+0.5000  E_invalid=+0.5000  gap=+0.0000
  [hinge] step 6780  hinge=1.7500  E_clean=+0.5000  E_invalid=+0.5000  gap=+0.0000
  [hinge] step 6800  hinge=1.7500  E_clean=+0.5000  E_invalid=+0.5000  gap=+0.0000
  [hinge] step 6820  hinge=1.7500  E_clean=+0.5000  E_invalid=+0.5000  gap=+0.0000
  [hinge] step 6840  hinge=1.7500  E_clean=+0.5000  E_invalid=+0.5000  gap=+0.0000
  [hinge] step 6860  hinge=1.7500  E_clean=+0.5000  E_invalid=+0.5000  gap=+0.0000
  [hinge] step 6880  hinge=1.7500  E_clean=+0.5000  E_invalid=+0.5000  gap=+0.0000
  [hinge] step 6900  hinge=1.7500  E_clean=+0.5000  E_invalid=+0.5000  gap=+0.0000
  [hinge] step 6920  hinge=1.7500  E_clean=+0.5000  E_invalid=+0.5000  gap=+0.0000
  [hinge] step 6940  hinge=1.7500  E_clean=+0.5000  E_invalid=+0.5000  gap=+0.0000
  [hinge] step 6960  hinge=1.7500  E_clean=+0.5000  E_invalid=+0.5000  gap=+0.0000
  [hinge] step 6980  hinge=1.7500  E_clean=+0.5000  E_invalid=+0.5000  gap=+0.0000
  [hinge] step 7000  hinge=1.7500  E_clean=+0.5000  E_invalid=+0.5000  gap=+0.0000
  [hinge] step 7020  hinge=1.7500  E_clean=+0.5000  E_invalid=+0.5000  gap=+0.0000
  [hinge] step 7040  hinge=1.7500  E_clean=+0.5000  E_invalid=+0.5000  gap=+0.0000
  [hinge] step 7060  hinge=1.7500  E_clean=+0.5000  E_invalid=+0.5000  gap=+0.0000
  [hinge] step 7080  hinge=1.7500  E_clean=+0.5000  E_invalid=+0.5000  gap=+0.0000
  [hinge] step 7100  hinge=1.7500  E_clean=+0.5000  E_invalid=+0.5000  gap=+0.0000
  [hinge] step 7120  hinge=1.7500  E_clean=+0.5000  E_invalid=+0.5000  gap=+0.0000
  [hinge] step 7140  hinge=1.7500  E_clean=+0.5000  E_invalid=+0.5000  gap=+0.0000
  [hinge] step 7160  hinge=1.7500  E_clean=+0.5000  E_invalid=+0.5000  gap=+0.0000
  [hinge] step 7180  hinge=1.7500  E_clean=+0.5000  E_invalid=+0.5000  gap=+0.0000
  [hinge] step 7200  hinge=1.7500  E_clean=+0.5000  E_invalid=+0.5000  gap=+0.0000
  [hinge] step 7220  hinge=1.7500  E_clean=+0.5000  E_invalid=+0.5000  gap=+0.0000
  [hinge] step 7240  hinge=1.7500  E_clean=+0.5000  E_invalid=+0.5000  gap=+0.0000
  [hinge] step 7260  hinge=1.7500  E_clean=+0.5000  E_invalid=+0.5000  gap=+0.0000
  [hinge] step 7280  hinge=1.7500  E_clean=+0.5000  E_invalid=+0.5000  gap=+0.0000
  [hinge] step 7300  hinge=1.7500  E_clean=+0.5000  E_invalid=+0.5000  gap=+0.0000
  [hinge] step 7320  hinge=1.7500  E_clean=+0.5000  E_invalid=+0.5000  gap=+0.0000
  [hinge] step 7340  hinge=1.7500  E_clean=+0.5000  E_invalid=+0.5000  gap=+0.0000
  [hinge] step 7360  hinge=1.7500  E_clean=+0.5000  E_invalid=+0.5000  gap=+0.0000
  [hinge] step 7380  hinge=1.7500  E_clean=+0.5000  E_invalid=+0.5000  gap=+0.0000
  [hinge] step 7400  hinge=1.7500  E_clean=+0.5000  E_invalid=+0.5000  gap=+0.0000
  [hinge] step 7420  hinge=1.7500  E_clean=+0.5000  E_invalid=+0.5000  gap=+0.0000
  [hinge] step 7440  hinge=1.7500  E_clean=+0.5000  E_invalid=+0.5000  gap=+0.0000
  [hinge] step 7460  hinge=1.7500  E_clean=+0.5000  E_invalid=+0.5000  gap=+0.0000
  [hinge] step 7480  hinge=1.7500  E_clean=+0.5000  E_invalid=+0.5000  gap=+0.0000
  [hinge] step 7500  hinge=1.7500  E_clean=+0.5000  E_invalid=+0.5000  gap=+0.0000
  [hinge] step 7520  hinge=1.7500  E_clean=+0.5000  E_invalid=+0.5000  gap=+0.0000
  [hinge] step 7540  hinge=1.7500  E_clean=+0.5000  E_invalid=+0.5000  gap=+0.0000
  [hinge] step 7560  hinge=1.7500  E_clean=+0.5000  E_invalid=+0.5000  gap=+0.0000
  [hinge] step 7580  hinge=1.7500  E_clean=+0.5000  E_invalid=+0.5000  gap=+0.0000
  [hinge] step 7600  hinge=1.7500  E_clean=+0.5000  E_invalid=+0.5000  gap=+0.0000
  [hinge] step 7620  hinge=1.7500  E_clean=+0.5000  E_invalid=+0.5000  gap=+0.0000
  [hinge] step 7640  hinge=1.7500  E_clean=+0.5000  E_invalid=+0.5000  gap=+0.0000
  [hinge] step 7660  hinge=1.7500  E_clean=+0.5000  E_invalid=+0.5000  gap=+0.0000
  [hinge] step 7680  hinge=1.7500  E_clean=+0.5000  E_invalid=+0.5000  gap=+0.0000
  [hinge] step 7700  hinge=1.7500  E_clean=+0.5000  E_invalid=+0.5000  gap=+0.0000
  [hinge] step 7720  hinge=1.7500  E_clean=+0.5000  E_invalid=+0.5000  gap=+0.0000
  [hinge] step 7740  hinge=1.7500  E_clean=+0.5000  E_invalid=+0.5000  gap=+0.0000
  [hinge] step 7760  hinge=1.7500  E_clean=+0.5000  E_invalid=+0.5000  gap=+0.0000
  [hinge] step 7780  hinge=1.7500  E_clean=+0.5000  E_invalid=+0.5000  gap=+0.0000
  [hinge] step 7800  hinge=1.7500  E_clean=+0.5000  E_invalid=+0.5000  gap=+0.0000
  [hinge] step 7820  hinge=1.7500  E_clean=+0.5000  E_invalid=+0.5000  gap=+0.0000
  [hinge] step 7840  hinge=1.7500  E_clean=+0.5000  E_invalid=+0.5000  gap=+0.0000
  [hinge] step 7860  hinge=1.7500  E_clean=+0.5000  E_invalid=+0.5000  gap=+0.0000
  [hinge] step 7880  hinge=1.7500  E_clean=+0.5000  E_invalid=+0.5000  gap=+0.0000
  [hinge] step 7900  hinge=1.7500  E_clean=+0.5000  E_invalid=+0.5000  gap=+0.0000
  [hinge] step 7920  hinge=1.7500  E_clean=+0.5000  E_invalid=+0.5000  gap=+0.0000
  [hinge] step 7940  hinge=1.7500  E_clean=+0.5000  E_invalid=+0.5000  gap=+0.0000
  [hinge] step 7960  hinge=1.7500  E_clean=+0.5000  E_invalid=+0.5000  gap=+0.0000
  [hinge] step 7980  hinge=1.7500  E_clean=+0.5000  E_invalid=+0.5000  gap=+0.0000
  [hinge] step 8000  hinge=1.7500  E_clean=+0.5000  E_invalid=+0.5000  gap=+0.0000
  [hinge] step 8020  hinge=1.7500  E_clean=+0.5000  E_invalid=+0.5000  gap=+0.0000
  [hinge] step 8040  hinge=1.7500  E_clean=+0.5000  E_invalid=+0.5000  gap=+0.0000
  [hinge] step 8060  hinge=1.7500  E_clean=+0.5000  E_invalid=+0.5000  gap=+0.0000
  [hinge] step 8080  hinge=1.7500  E_clean=+0.5000  E_invalid=+0.5000  gap=+0.0000
  [hinge] step 8100  hinge=1.7500  E_clean=+0.5000  E_invalid=+0.5000  gap=+0.0000
  [hinge] step 8120  hinge=1.7500  E_clean=+0.5000  E_invalid=+0.5000  gap=+0.0000
  [hinge] step 8140  hinge=1.7500  E_clean=+0.5000  E_invalid=+0.5000  gap=+0.0000
  [hinge] step 8160  hinge=1.7500  E_clean=+0.5000  E_invalid=+0.5000  gap=+0.0000
  [hinge] step 8180  hinge=1.7500  E_clean=+0.5000  E_invalid=+0.5000  gap=+0.0000
  [hinge] step 8200  hinge=1.7500  E_clean=+0.5000  E_invalid=+0.5000  gap=+0.0000
  [hinge] step 8220  hinge=1.7500  E_clean=+0.5000  E_invalid=+0.5000  gap=+0.0000
  [hinge] step 8240  hinge=1.7500  E_clean=+0.5000  E_invalid=+0.5000  gap=+0.0000
  [hinge] step 8260  hinge=1.7500  E_clean=+0.5000  E_invalid=+0.5000  gap=+0.0000
  [hinge] step 8280  hinge=1.7500  E_clean=+0.5000  E_invalid=+0.5000  gap=+0.0000
  [hinge] step 8300  hinge=1.7500  E_clean=+0.5000  E_invalid=+0.5000  gap=+0.0000
  [hinge] step 8320  hinge=1.7500  E_clean=+0.5000  E_invalid=+0.5000  gap=+0.0000
  [hinge] step 8340  hinge=1.7500  E_clean=+0.5000  E_invalid=+0.5000  gap=+0.0000
  [hinge] step 8360  hinge=1.7500  E_clean=+0.5000  E_invalid=+0.5000  gap=+0.0000
  [hinge] step 8380  hinge=1.7500  E_clean=+0.5000  E_invalid=+0.5000  gap=+0.0000
  [hinge] step 8400  hinge=1.7500  E_clean=+0.5000  E_invalid=+0.5000  gap=+0.0000
  [hinge] step 8420  hinge=1.7500  E_clean=+0.5000  E_invalid=+0.5000  gap=+0.0000
  [hinge] step 8440  hinge=1.7500  E_clean=+0.5000  E_invalid=+0.5000  gap=+0.0000
  [hinge] step 8460  hinge=1.7500  E_clean=+0.5000  E_invalid=+0.5000  gap=+0.0000
  [hinge] step 8480  hinge=1.7500  E_clean=+0.5000  E_invalid=+0.5000  gap=+0.0000
  [hinge] step 8500  hinge=1.7500  E_clean=+0.5000  E_invalid=+0.5000  gap=+0.0000
  [hinge] step 8520  hinge=1.7500  E_clean=+0.5000  E_invalid=+0.5000  gap=+0.0000
  [hinge] step 8540  hinge=1.7500  E_clean=+0.5000  E_invalid=+0.5000  gap=+0.0000
  [hinge] step 8560  hinge=1.7500  E_clean=+0.5000  E_invalid=+0.5000  gap=+0.0000
  [hinge] step 8580  hinge=1.7500  E_clean=+0.5000  E_invalid=+0.5000  gap=+0.0000
  [hinge] step 8600  hinge=1.7500  E_clean=+0.5000  E_invalid=+0.5000  gap=+0.0000
  [hinge] step 8620  hinge=1.7500  E_clean=+0.5000  E_invalid=+0.5000  gap=+0.0000
  [hinge] step 8640  hinge=1.7500  E_clean=+0.5000  E_invalid=+0.5000  gap=+0.0000
  [hinge] step 8660  hinge=1.7500  E_clean=+0.5000  E_invalid=+0.5000  gap=+0.0000
  [hinge] step 8680  hinge=1.7500  E_clean=+0.5000  E_invalid=+0.5000  gap=+0.0000
  [hinge] step 8700  hinge=1.7500  E_clean=+0.5000  E_invalid=+0.5000  gap=+0.0000
  [hinge] step 8720  hinge=1.7500  E_clean=+0.5000  E_invalid=+0.5000  gap=+0.0000
  [hinge] step 8740  hinge=1.7500  E_clean=+0.5000  E_invalid=+0.5000  gap=+0.0000
  [hinge] step 8760  hinge=1.7500  E_clean=+0.5000  E_invalid=+0.5000  gap=+0.0000
  [hinge] step 8780  hinge=1.7500  E_clean=+0.5000  E_invalid=+0.5000  gap=+0.0000
  [hinge] step 8800  hinge=1.7500  E_clean=+0.5000  E_invalid=+0.5000  gap=+0.0000
  [hinge] step 8820  hinge=1.7500  E_clean=+0.5000  E_invalid=+0.5000  gap=+0.0000
  [hinge] step 8840  hinge=1.7500  E_clean=+0.5000  E_invalid=+0.5000  gap=+0.0000
  [hinge] step 8860  hinge=1.7500  E_clean=+0.5000  E_invalid=+0.5000  gap=+0.0000
  [hinge] step 8880  hinge=1.7500  E_clean=+0.5000  E_invalid=+0.5000  gap=+0.0000
  [hinge] step 8900  hinge=1.7500  E_clean=+0.5000  E_invalid=+0.5000  gap=+0.0000
  [hinge] step 8920  hinge=1.7500  E_clean=+0.5000  E_invalid=+0.5000  gap=+0.0000
  [hinge] step 8940  hinge=1.7500  E_clean=+0.5000  E_invalid=+0.5000  gap=+0.0000
  [hinge] step 8960  hinge=1.7500  E_clean=+0.5000  E_invalid=+0.5000  gap=+0.0000
  [hinge] step 8980  hinge=1.7500  E_clean=+0.5000  E_invalid=+0.5000  gap=+0.0000
  [hinge] step 9000  hinge=1.7500  E_clean=+0.5000  E_invalid=+0.5000  gap=+0.0000
  [hinge] step 9020  hinge=1.7500  E_clean=+0.5000  E_invalid=+0.5000  gap=+0.0000
  [hinge] step 9040  hinge=1.7500  E_clean=+0.5000  E_invalid=+0.5000  gap=+0.0000
  [hinge] step 9060  hinge=1.7500  E_clean=+0.5000  E_invalid=+0.5000  gap=+0.0000
  [hinge] step 9080  hinge=1.7500  E_clean=+0.5000  E_invalid=+0.5000  gap=+0.0000
  [hinge] step 9100  hinge=1.7500  E_clean=+0.5000  E_invalid=+0.5000  gap=+0.0000
  [hinge] step 9120  hinge=1.7500  E_clean=+0.5000  E_invalid=+0.5000  gap=+0.0000
  [hinge] step 9140  hinge=1.7500  E_clean=+0.5000  E_invalid=+0.5000  gap=+0.0000
  [hinge] step 9160  hinge=1.7500  E_clean=+0.5000  E_invalid=+0.5000  gap=+0.0000
  [hinge] step 9180  hinge=1.7500  E_clean=+0.5000  E_invalid=+0.5000  gap=+0.0000
  [hinge] step 9200  hinge=1.7500  E_clean=+0.5000  E_invalid=+0.5000  gap=+0.0000
  [hinge] step 9220  hinge=1.7500  E_clean=+0.5000  E_invalid=+0.5000  gap=+0.0000
  [hinge] step 9240  hinge=1.7500  E_clean=+0.5000  E_invalid=+0.5000  gap=+0.0000
  [hinge] step 9260  hinge=1.7500  E_clean=+0.5000  E_invalid=+0.5000  gap=+0.0000
  [hinge] step 9280  hinge=1.7500  E_clean=+0.5000  E_invalid=+0.5000  gap=+0.0000
  [hinge] step 9300  hinge=1.7500  E_clean=+0.5000  E_invalid=+0.5000  gap=+0.0000
  [hinge] step 9320  hinge=1.7500  E_clean=+0.5000  E_invalid=+0.5000  gap=+0.0000
  [hinge] step 9340  hinge=1.7500  E_clean=+0.5000  E_invalid=+0.5000  gap=+0.0000
  [hinge] step 9360  hinge=1.7500  E_clean=+0.5000  E_invalid=+0.5000  gap=+0.0000
  [hinge] step 9380  hinge=1.7500  E_clean=+0.5000  E_invalid=+0.5000  gap=+0.0000
  [hinge] step 9400  hinge=1.7500  E_clean=+0.5000  E_invalid=+0.5000  gap=+0.0000
  [hinge] step 9420  hinge=1.7500  E_clean=+0.5000  E_invalid=+0.5000  gap=+0.0000
  [hinge] step 9440  hinge=1.7500  E_clean=+0.5000  E_invalid=+0.5000  gap=+0.0000
  [hinge] step 9460  hinge=1.7500  E_clean=+0.5000  E_invalid=+0.5000  gap=+0.0000
  [hinge] step 9480  hinge=1.7500  E_clean=+0.5000  E_invalid=+0.5000  gap=+0.0000
  [hinge] step 9500  hinge=1.7500  E_clean=+0.5000  E_invalid=+0.5000  gap=+0.0000
  [hinge] step 9520  hinge=1.7500  E_clean=+0.5000  E_invalid=+0.5000  gap=+0.0000
  [hinge] step 9540  hinge=1.7500  E_clean=+0.5000  E_invalid=+0.5000  gap=+0.0000
  [hinge] step 9560  hinge=1.7500  E_clean=+0.5000  E_invalid=+0.5000  gap=+0.0000
  [hinge] step 9580  hinge=1.7500  E_clean=+0.5000  E_invalid=+0.5000  gap=+0.0000
  [hinge] step 9600  hinge=1.7500  E_clean=+0.5000  E_invalid=+0.5000  gap=+0.0000
  [hinge] step 9620  hinge=1.7500  E_clean=+0.5000  E_invalid=+0.5000  gap=+0.0000
  [hinge] step 9640  hinge=1.7500  E_clean=+0.5000  E_invalid=+0.5000  gap=+0.0000
  [hinge] step 9660  hinge=1.7500  E_clean=+0.5000  E_invalid=+0.5000  gap=+0.0000
  [hinge] step 9680  hinge=1.7500  E_clean=+0.5000  E_invalid=+0.5000  gap=+0.0000
  [hinge] step 9700  hinge=1.7500  E_clean=+0.5000  E_invalid=+0.5000  gap=+0.0000
  [hinge] step 9720  hinge=1.7500  E_clean=+0.5000  E_invalid=+0.5000  gap=+0.0000
  [hinge] step 9740  hinge=1.7500  E_clean=+0.5000  E_invalid=+0.5000  gap=+0.0000
  [hinge] step 9760  hinge=1.7500  E_clean=+0.5000  E_invalid=+0.5000  gap=+0.0000
  [hinge] step 9780  hinge=1.7500  E_clean=+0.5000  E_invalid=+0.5000  gap=+0.0000
  [hinge] step 9800  hinge=1.7500  E_clean=+0.5000  E_invalid=+0.5000  gap=+0.0000
  [hinge] step 9820  hinge=1.7500  E_clean=+0.5000  E_invalid=+0.5000  gap=+0.0000
  [hinge] step 9840  hinge=1.7500  E_clean=+0.5000  E_invalid=+0.5000  gap=+0.0000
  [hinge] step 9860  hinge=1.7500  E_clean=+0.5000  E_invalid=+0.5000  gap=+0.0000
  [hinge] step 9880  hinge=1.7500  E_clean=+0.5000  E_invalid=+0.5000  gap=+0.0000
  [hinge] step 9900  hinge=1.7500  E_clean=+0.5000  E_invalid=+0.5000  gap=+0.0000
  [hinge] step 9920  hinge=1.7500  E_clean=+0.5000  E_invalid=+0.5000  gap=+0.0000
  [hinge] step 9940  hinge=1.7500  E_clean=+0.5000  E_invalid=+0.5000  gap=+0.0000
  [hinge] step 9960  hinge=1.7500  E_clean=+0.5000  E_invalid=+0.5000  gap=+0.0000
  [hinge] step 9980  hinge=1.7500  E_clean=+0.5000  E_invalid=+0.5000  gap=+0.0000
  [hinge] step 10000  hinge=1.7500  E_clean=+0.5000  E_invalid=+0.5000  gap=+0.0000
  [hinge] step 10020  hinge=1.7500  E_clean=+0.5000  E_invalid=+0.5000  gap=+0.0000
  [hinge] step 10040  hinge=1.7500  E_clean=+0.5000  E_invalid=+0.5000  gap=+0.0000
  [hinge] step 10060  hinge=1.7500  E_clean=+0.5000  E_invalid=+0.5000  gap=+0.0000
  [hinge] step 10080  hinge=1.7500  E_clean=+0.5000  E_invalid=+0.5000  gap=+0.0000
  [hinge] step 10100  hinge=1.7500  E_clean=+0.5000  E_invalid=+0.5000  gap=+0.0000
  [hinge] step 10120  hinge=1.7500  E_clean=+0.5000  E_invalid=+0.5000  gap=+0.0000
  [hinge] step 10140  hinge=1.7500  E_clean=+0.5000  E_invalid=+0.5000  gap=+0.0000
  [hinge] step 10160  hinge=1.7500  E_clean=+0.5000  E_invalid=+0.5000  gap=+0.0000
  [hinge] step 10180  hinge=1.7500  E_clean=+0.5000  E_invalid=+0.5000  gap=+0.0000
  [hinge] step 10200  hinge=1.7500  E_clean=+0.5000  E_invalid=+0.5000  gap=+0.0000
  [hinge] step 10220  hinge=1.7500  E_clean=+0.5000  E_invalid=+0.5000  gap=+0.0000
  [hinge] step 10240  hinge=1.7500  E_clean=+0.5000  E_invalid=+0.5000  gap=+0.0000
  [hinge] step 10260  hinge=1.7500  E_clean=+0.5000  E_invalid=+0.5000  gap=+0.0000
  [hinge] step 10280  hinge=1.7500  E_clean=+0.5000  E_invalid=+0.5000  gap=+0.0000
  [hinge] step 10300  hinge=1.7500  E_clean=+0.5000  E_invalid=+0.5000  gap=+0.0000
  [hinge] step 10320  hinge=1.7500  E_clean=+0.5000  E_invalid=+0.5000  gap=+0.0000
  [hinge] step 10340  hinge=1.7500  E_clean=+0.5000  E_invalid=+0.5000  gap=+0.0000
  [hinge] step 10360  hinge=1.7500  E_clean=+0.5000  E_invalid=+0.5000  gap=+0.0000
  [hinge] step 10380  hinge=1.7500  E_clean=+0.5000  E_invalid=+0.5000  gap=+0.0000
  [hinge] step 10400  hinge=1.7500  E_clean=+0.5000  E_invalid=+0.5000  gap=+0.0000
  [hinge] step 10420  hinge=1.7500  E_clean=+0.5000  E_invalid=+0.5000  gap=+0.0000
  [hinge] step 10440  hinge=1.7500  E_clean=+0.5000  E_invalid=+0.5000  gap=+0.0000
  [hinge] step 10460  hinge=1.7500  E_clean=+0.5000  E_invalid=+0.5000  gap=+0.0000
  [hinge] step 10480  hinge=1.7500  E_clean=+0.5000  E_invalid=+0.5000  gap=+0.0000
  [hinge] step 10500  hinge=1.7500  E_clean=+0.5000  E_invalid=+0.5000  gap=+0.0000
  [hinge] step 10520  hinge=1.7500  E_clean=+0.5000  E_invalid=+0.5000  gap=+0.0000
  [hinge] step 10540  hinge=1.7500  E_clean=+0.5000  E_invalid=+0.5000  gap=+0.0000
  [hinge] step 10560  hinge=1.7500  E_clean=+0.5000  E_invalid=+0.5000  gap=+0.0000
  [hinge] step 10580  hinge=1.7500  E_clean=+0.5000  E_invalid=+0.5000  gap=+0.0000
  [hinge] step 10600  hinge=1.7500  E_clean=+0.5000  E_invalid=+0.5000  gap=+0.0000
  [hinge] step 10620  hinge=1.7500  E_clean=+0.5000  E_invalid=+0.5000  gap=+0.0000
  [hinge] step 10640  hinge=1.7500  E_clean=+0.5000  E_invalid=+0.5000  gap=+0.0000
  [hinge] step 10660  hinge=1.7500  E_clean=+0.5000  E_invalid=+0.5000  gap=+0.0000
  [hinge] step 10680  hinge=1.7500  E_clean=+0.5000  E_invalid=+0.5000  gap=+0.0000
  [hinge] step 10700  hinge=1.7500  E_clean=+0.5000  E_invalid=+0.5000  gap=+0.0000
  [hinge] step 10720  hinge=1.7500  E_clean=+0.5000  E_invalid=+0.5000  gap=+0.0000
  [hinge] step 10740  hinge=1.7500  E_clean=+0.5000  E_invalid=+0.5000  gap=+0.0000
  [hinge] step 10760  hinge=1.7500  E_clean=+0.5000  E_invalid=+0.5000  gap=+0.0000
  [hinge] step 10780  hinge=1.7500  E_clean=+0.5000  E_invalid=+0.5000  gap=+0.0000
  [hinge] step 10800  hinge=1.7500  E_clean=+0.5000  E_invalid=+0.5000  gap=+0.0000
  [hinge] step 10820  hinge=1.7500  E_clean=+0.5000  E_invalid=+0.5000  gap=+0.0000
  [hinge] step 10840  hinge=1.7500  E_clean=+0.5000  E_invalid=+0.5000  gap=+0.0000
  [hinge] step 10860  hinge=1.7500  E_clean=+0.5000  E_invalid=+0.5000  gap=+0.0000
  [hinge] step 10880  hinge=1.7500  E_clean=+0.5000  E_invalid=+0.5000  gap=+0.0000
  [hinge] step 10900  hinge=1.7500  E_clean=+0.5000  E_invalid=+0.5000  gap=+0.0000
  [hinge] step 10920  hinge=1.7500  E_clean=+0.5000  E_invalid=+0.5000  gap=+0.0000
  [hinge] step 10940  hinge=1.7500  E_clean=+0.5000  E_invalid=+0.5000  gap=+0.0000
  [hinge] step 10960  hinge=1.7500  E_clean=+0.5000  E_invalid=+0.5000  gap=+0.0000
  [hinge] step 10980  hinge=1.7500  E_clean=+0.5000  E_invalid=+0.5000  gap=+0.0000
  [hinge] step 11000  hinge=1.7500  E_clean=+0.5000  E_invalid=+0.5000  gap=+0.0000
  [hinge] step 11020  hinge=1.7500  E_clean=+0.5000  E_invalid=+0.5000  gap=+0.0000
  [hinge] step 11040  hinge=1.7500  E_clean=+0.5000  E_invalid=+0.5000  gap=+0.0000
  [hinge] step 11060  hinge=1.7500  E_clean=+0.5000  E_invalid=+0.5000  gap=+0.0000
  [hinge] step 11080  hinge=1.7500  E_clean=+0.5000  E_invalid=+0.5000  gap=+0.0000
  [hinge] step 11100  hinge=1.7500  E_clean=+0.5000  E_invalid=+0.5000  gap=+0.0000
  [hinge] step 11120  hinge=1.7500  E_clean=+0.5000  E_invalid=+0.5000  gap=+0.0000
  [hinge] step 11140  hinge=1.7500  E_clean=+0.5000  E_invalid=+0.5000  gap=+0.0000
  [hinge] step 11160  hinge=1.7500  E_clean=+0.5000  E_invalid=+0.5000  gap=+0.0000
  [hinge] step 11180  hinge=1.7500  E_clean=+0.5000  E_invalid=+0.5000  gap=+0.0000
  [hinge] step 11200  hinge=1.7500  E_clean=+0.5000  E_invalid=+0.5000  gap=+0.0000
  [hinge] step 11220  hinge=1.7500  E_clean=+0.5000  E_invalid=+0.5000  gap=+0.0000
  [hinge] step 11240  hinge=1.7500  E_clean=+0.5000  E_invalid=+0.5000  gap=+0.0000
  [hinge] step 11260  hinge=1.7500  E_clean=+0.5000  E_invalid=+0.5000  gap=+0.0000
  [hinge] step 11280  hinge=1.7500  E_clean=+0.5000  E_invalid=+0.5000  gap=+0.0000
  [hinge] step 11300  hinge=1.7500  E_clean=+0.5000  E_invalid=+0.5000  gap=+0.0000
  [hinge] step 11320  hinge=1.7500  E_clean=+0.5000  E_invalid=+0.5000  gap=+0.0000
  [hinge] step 11340  hinge=1.7500  E_clean=+0.5000  E_invalid=+0.5000  gap=+0.0000
  [hinge] step 11360  hinge=1.7500  E_clean=+0.5000  E_invalid=+0.5000  gap=+0.0000
  [hinge] step 11380  hinge=1.7500  E_clean=+0.5000  E_invalid=+0.5000  gap=+0.0000
  [hinge] step 11400  hinge=1.7500  E_clean=+0.5000  E_invalid=+0.5000  gap=+0.0000
  [hinge] step 11420  hinge=1.7500  E_clean=+0.5000  E_invalid=+0.5000  gap=+0.0000
  [hinge] step 11440  hinge=1.7500  E_clean=+0.5000  E_invalid=+0.5000  gap=+0.0000
  [hinge] step 11460  hinge=1.7500  E_clean=+0.5000  E_invalid=+0.5000  gap=+0.0000
  [hinge] step 11480  hinge=1.7500  E_clean=+0.5000  E_invalid=+0.5000  gap=+0.0000
  [hinge] step 11500  hinge=1.7500  E_clean=+0.5000  E_invalid=+0.5000  gap=+0.0000
  [hinge] step 11520  hinge=1.7500  E_clean=+0.5000  E_invalid=+0.5000  gap=+0.0000
  [hinge] step 11540  hinge=1.7500  E_clean=+0.5000  E_invalid=+0.5000  gap=+0.0000
  [hinge] step 11560  hinge=1.7500  E_clean=+0.5000  E_invalid=+0.5000  gap=+0.0000
  [hinge] step 11580  hinge=1.7500  E_clean=+0.5000  E_invalid=+0.5000  gap=+0.0000
  [hinge] step 11600  hinge=1.7500  E_clean=+0.5000  E_invalid=+0.5000  gap=+0.0000
  [hinge] step 11620  hinge=1.7500  E_clean=+0.5000  E_invalid=+0.5000  gap=+0.0000
  [hinge] step 11640  hinge=1.7500  E_clean=+0.5000  E_invalid=+0.5000  gap=+0.0000
  [hinge] step 11660  hinge=1.7500  E_clean=+0.5000  E_invalid=+0.5000  gap=+0.0000
  [hinge] step 11680  hinge=1.7500  E_clean=+0.5000  E_invalid=+0.5000  gap=+0.0000
  [hinge] step 11700  hinge=1.7500  E_clean=+0.5000  E_invalid=+0.5000  gap=+0.0000
  [hinge] step 11720  hinge=1.7500  E_clean=+0.5000  E_invalid=+0.5000  gap=+0.0000
  [hinge] step 11740  hinge=1.7500  E_clean=+0.5000  E_invalid=+0.5000  gap=+0.0000
  [hinge] step 11760  hinge=1.7500  E_clean=+0.5000  E_invalid=+0.5000  gap=+0.0000
  [hinge] step 11780  hinge=1.7500  E_clean=+0.5000  E_invalid=+0.5000  gap=+0.0000
  [hinge] step 11800  hinge=1.7500  E_clean=+0.5000  E_invalid=+0.5000  gap=+0.0000
  [hinge] step 11820  hinge=1.7500  E_clean=+0.5000  E_invalid=+0.5000  gap=+0.0000
  [hinge] step 11840  hinge=1.7500  E_clean=+0.5000  E_invalid=+0.5000  gap=+0.0000
  [hinge] step 11860  hinge=1.7500  E_clean=+0.5000  E_invalid=+0.5000  gap=+0.0000
  [hinge] step 11880  hinge=1.7500  E_clean=+0.5000  E_invalid=+0.5000  gap=+0.0000
  [hinge] step 11900  hinge=1.7500  E_clean=+0.5000  E_invalid=+0.5000  gap=+0.0000
  [hinge] step 11920  hinge=1.7500  E_clean=+0.5000  E_invalid=+0.5000  gap=+0.0000
  [hinge] step 11940  hinge=1.7500  E_clean=+0.5000  E_invalid=+0.5000  gap=+0.0000
  [hinge] step 11960  hinge=1.7500  E_clean=+0.5000  E_invalid=+0.5000  gap=+0.0000
  [hinge] step 11980  hinge=1.7500  E_clean=+0.5000  E_invalid=+0.5000  gap=+0.0000
  [hinge] step 12000  hinge=1.7500  E_clean=+0.5000  E_invalid=+0.5000  gap=+0.0000
  [hinge] step 12020  hinge=1.7500  E_clean=+0.5000  E_invalid=+0.5000  gap=+0.0000
  [hinge] step 12040  hinge=1.7500  E_clean=+0.5000  E_invalid=+0.5000  gap=+0.0000
  [hinge] step 12060  hinge=1.7500  E_clean=+0.5000  E_invalid=+0.5000  gap=+0.0000
  [hinge] step 12080  hinge=1.7500  E_clean=+0.5000  E_invalid=+0.5000  gap=+0.0000
  [hinge] step 12100  hinge=1.7500  E_clean=+0.5000  E_invalid=+0.5000  gap=+0.0000
  [hinge] step 12120  hinge=1.7500  E_clean=+0.5000  E_invalid=+0.5000  gap=+0.0000
  [hinge] step 12140  hinge=1.7500  E_clean=+0.5000  E_invalid=+0.5000  gap=+0.0000
  [hinge] step 12160  hinge=1.7500  E_clean=+0.5000  E_invalid=+0.5000  gap=+0.0000
  [hinge] step 12180  hinge=1.7500  E_clean=+0.5000  E_invalid=+0.5000  gap=+0.0000
  [hinge] step 12200  hinge=1.7500  E_clean=+0.5000  E_invalid=+0.5000  gap=+0.0000
  [hinge] step 12220  hinge=1.7500  E_clean=+0.5000  E_invalid=+0.5000  gap=+0.0000
  [hinge] step 12240  hinge=1.7500  E_clean=+0.5000  E_invalid=+0.5000  gap=+0.0000
  [hinge] step 12260  hinge=1.7500  E_clean=+0.5000  E_invalid=+0.5000  gap=+0.0000
  [hinge] step 12280  hinge=1.7500  E_clean=+0.5000  E_invalid=+0.5000  gap=+0.0000
  [hinge] step 12300  hinge=1.7500  E_clean=+0.5000  E_invalid=+0.5000  gap=+0.0000
  [hinge] step 12320  hinge=1.7500  E_clean=+0.5000  E_invalid=+0.5000  gap=+0.0000
  [hinge] step 12340  hinge=1.7500  E_clean=+0.5000  E_invalid=+0.5000  gap=+0.0000
  [hinge] step 12360  hinge=1.7500  E_clean=+0.5000  E_invalid=+0.5000  gap=+0.0000
  [hinge] step 12380  hinge=1.7500  E_clean=+0.5000  E_invalid=+0.5000  gap=+0.0000
  [hinge] step 12400  hinge=1.7500  E_clean=+0.5000  E_invalid=+0.5000  gap=+0.0000
  [hinge] step 12420  hinge=1.7500  E_clean=+0.5000  E_invalid=+0.5000  gap=+0.0000
  [hinge] step 12440  hinge=1.7500  E_clean=+0.5000  E_invalid=+0.5000  gap=+0.0000
  [hinge] step 12460  hinge=1.7500  E_clean=+0.5000  E_invalid=+0.5000  gap=+0.0000
  [hinge] step 12480  hinge=1.7500  E_clean=+0.5000  E_invalid=+0.5000  gap=+0.0000
  [hinge] step 12500  hinge=1.7500  E_clean=+0.5000  E_invalid=+0.5000  gap=+0.0000
  [hinge] step 12520  hinge=1.7500  E_clean=+0.5000  E_invalid=+0.5000  gap=+0.0000
  [hinge] step 12540  hinge=1.7500  E_clean=+0.5000  E_invalid=+0.5000  gap=+0.0000
  [hinge] step 12560  hinge=1.7500  E_clean=+0.5000  E_invalid=+0.5000  gap=+0.0000
  [hinge] step 12580  hinge=1.7500  E_clean=+0.5000  E_invalid=+0.5000  gap=+0.0000
  [hinge] step 12600  hinge=1.7500  E_clean=+0.5000  E_invalid=+0.5000  gap=+0.0000
  [hinge] step 12620  hinge=1.7500  E_clean=+0.5000  E_invalid=+0.5000  gap=+0.0000
  [hinge] step 12640  hinge=1.7500  E_clean=+0.5000  E_invalid=+0.5000  gap=+0.0000
  [hinge] step 12660  hinge=1.7500  E_clean=+0.5000  E_invalid=+0.5000  gap=+0.0000
  [hinge] step 12680  hinge=1.7500  E_clean=+0.5000  E_invalid=+0.5000  gap=+0.0000
  [hinge] step 12700  hinge=1.7500  E_clean=+0.5000  E_invalid=+0.5000  gap=+0.0000
  [hinge] step 12720  hinge=1.7500  E_clean=+0.5000  E_invalid=+0.5000  gap=+0.0000
  [hinge] step 12740  hinge=1.7500  E_clean=+0.5000  E_invalid=+0.5000  gap=+0.0000
  [hinge] step 12760  hinge=1.7500  E_clean=+0.5000  E_invalid=+0.5000  gap=+0.0000
  [hinge] step 12780  hinge=1.7500  E_clean=+0.5000  E_invalid=+0.5000  gap=+0.0000
  [hinge] step 12800  hinge=1.7500  E_clean=+0.5000  E_invalid=+0.5000  gap=+0.0000
  [hinge] step 12820  hinge=1.7500  E_clean=+0.5000  E_invalid=+0.5000  gap=+0.0000
  [hinge] step 12840  hinge=1.7500  E_clean=+0.5000  E_invalid=+0.5000  gap=+0.0000
  [hinge] step 12860  hinge=1.7500  E_clean=+0.5000  E_invalid=+0.5000  gap=+0.0000
  [hinge] step 12880  hinge=1.7500  E_clean=+0.5000  E_invalid=+0.5000  gap=+0.0000
  [hinge] step 12900  hinge=1.7500  E_clean=+0.5000  E_invalid=+0.5000  gap=+0.0000
  [hinge] step 12920  hinge=1.7500  E_clean=+0.5000  E_invalid=+0.5000  gap=+0.0000
  [hinge] step 12940  hinge=1.7500  E_clean=+0.5000  E_invalid=+0.5000  gap=+0.0000
  [hinge] step 12960  hinge=1.7500  E_clean=+0.5000  E_invalid=+0.5000  gap=+0.0000
  [hinge] step 12980  hinge=1.7500  E_clean=+0.5000  E_invalid=+0.5000  gap=+0.0000
  [hinge] step 13000  hinge=1.7500  E_clean=+0.5000  E_invalid=+0.5000  gap=+0.0000
  [hinge] step 13020  hinge=1.7500  E_clean=+0.5000  E_invalid=+0.5000  gap=+0.0000
  [hinge] step 13040  hinge=1.7500  E_clean=+0.5000  E_invalid=+0.5000  gap=+0.0000
  [hinge] step 13060  hinge=1.7500  E_clean=+0.5000  E_invalid=+0.5000  gap=+0.0000
  [hinge] step 13080  hinge=1.7500  E_clean=+0.5000  E_invalid=+0.5000  gap=+0.0000
  [hinge] step 13100  hinge=1.7500  E_clean=+0.5000  E_invalid=+0.5000  gap=+0.0000
  [hinge] step 13120  hinge=1.7500  E_clean=+0.5000  E_invalid=+0.5000  gap=+0.0000
  [hinge] step 13140  hinge=1.7500  E_clean=+0.5000  E_invalid=+0.5000  gap=+0.0000
  [hinge] step 13160  hinge=1.7500  E_clean=+0.5000  E_invalid=+0.5000  gap=+0.0000
  [hinge] step 13180  hinge=1.7500  E_clean=+0.5000  E_invalid=+0.5000  gap=+0.0000
  [hinge] step 13200  hinge=1.7500  E_clean=+0.5000  E_invalid=+0.5000  gap=+0.0000
  [hinge] step 13220  hinge=1.7500  E_clean=+0.5000  E_invalid=+0.5000  gap=+0.0000
  [hinge] step 13240  hinge=1.7500  E_clean=+0.5000  E_invalid=+0.5000  gap=+0.0000
  [hinge] step 13260  hinge=1.7500  E_clean=+0.5000  E_invalid=+0.5000  gap=+0.0000
  [hinge] step 13280  hinge=1.7500  E_clean=+0.5000  E_invalid=+0.5000  gap=+0.0000
  [hinge] step 13300  hinge=1.7500  E_clean=+0.5000  E_invalid=+0.5000  gap=+0.0000
  [hinge] step 13320  hinge=1.7500  E_clean=+0.5000  E_invalid=+0.5000  gap=+0.0000
  [hinge] step 13340  hinge=1.7500  E_clean=+0.5000  E_invalid=+0.5000  gap=+0.0000
  [hinge] step 13360  hinge=1.7500  E_clean=+0.5000  E_invalid=+0.5000  gap=+0.0000
  [hinge] step 13380  hinge=1.7500  E_clean=+0.5000  E_invalid=+0.5000  gap=+0.0000
  [hinge] step 13400  hinge=1.7500  E_clean=+0.5000  E_invalid=+0.5000  gap=+0.0000
  [hinge] step 13420  hinge=1.7500  E_clean=+0.5000  E_invalid=+0.5000  gap=+0.0000
  [hinge] step 13440  hinge=1.7500  E_clean=+0.5000  E_invalid=+0.5000  gap=+0.0000
  [hinge] step 13460  hinge=1.7500  E_clean=+0.5000  E_invalid=+0.5000  gap=+0.0000
  [hinge] step 13480  hinge=1.7500  E_clean=+0.5000  E_invalid=+0.5000  gap=+0.0000
  [hinge] step 13500  hinge=1.7500  E_clean=+0.5000  E_invalid=+0.5000  gap=+0.0000
  [hinge] step 13520  hinge=1.7500  E_clean=+0.5000  E_invalid=+0.5000  gap=+0.0000
  [hinge] step 13540  hinge=1.7500  E_clean=+0.5000  E_invalid=+0.5000  gap=+0.0000
  [hinge] step 13560  hinge=1.7500  E_clean=+0.5000  E_invalid=+0.5000  gap=+0.0000
  [hinge] step 13580  hinge=1.7500  E_clean=+0.5000  E_invalid=+0.5000  gap=+0.0000
  [hinge] step 13600  hinge=1.7500  E_clean=+0.5000  E_invalid=+0.5000  gap=+0.0000
  [hinge] step 13620  hinge=1.7500  E_clean=+0.5000  E_invalid=+0.5000  gap=+0.0000
  [hinge] step 13640  hinge=1.7500  E_clean=+0.5000  E_invalid=+0.5000  gap=+0.0000
  [hinge] step 13660  hinge=1.7500  E_clean=+0.5000  E_invalid=+0.5000  gap=+0.0000
  [hinge] step 13680  hinge=1.7500  E_clean=+0.5000  E_invalid=+0.5000  gap=+0.0000
  [hinge] step 13700  hinge=1.7500  E_clean=+0.5000  E_invalid=+0.5000  gap=+0.0000
  [hinge] step 13720  hinge=1.7500  E_clean=+0.5000  E_invalid=+0.5000  gap=+0.0000
  [hinge] step 13740  hinge=1.7500  E_clean=+0.5000  E_invalid=+0.5000  gap=+0.0000
  [hinge] step 13760  hinge=1.7500  E_clean=+0.5000  E_invalid=+0.5000  gap=+0.0000
  [hinge] step 13780  hinge=1.7500  E_clean=+0.5000  E_invalid=+0.5000  gap=+0.0000
  [hinge] step 13800  hinge=1.7500  E_clean=+0.5000  E_invalid=+0.5000  gap=+0.0000
  [hinge] step 13820  hinge=1.7500  E_clean=+0.5000  E_invalid=+0.5000  gap=+0.0000
  [hinge] step 13840  hinge=1.7500  E_clean=+0.5000  E_invalid=+0.5000  gap=+0.0000
  [hinge] step 13860  hinge=1.7500  E_clean=+0.5000  E_invalid=+0.5000  gap=+0.0000
  [hinge] step 13880  hinge=1.7500  E_clean=+0.5000  E_invalid=+0.5000  gap=+0.0000
  [hinge] step 13900  hinge=1.7500  E_clean=+0.5000  E_invalid=+0.5000  gap=+0.0000
  [hinge] step 13920  hinge=1.7500  E_clean=+0.5000  E_invalid=+0.5000  gap=+0.0000
  [hinge] step 13940  hinge=1.7500  E_clean=+0.5000  E_invalid=+0.5000  gap=+0.0000
  [hinge] step 13960  hinge=1.7500  E_clean=+0.5000  E_invalid=+0.5000  gap=+0.0000
  [hinge] step 13980  hinge=1.7500  E_clean=+0.5000  E_invalid=+0.5000  gap=+0.0000
  [hinge] step 14000  hinge=1.7500  E_clean=+0.5000  E_invalid=+0.5000  gap=+0.0000
  [hinge] step 14020  hinge=1.7500  E_clean=+0.5000  E_invalid=+0.5000  gap=+0.0000
  [hinge] step 14040  hinge=1.7500  E_clean=+0.5000  E_invalid=+0.5000  gap=+0.0000
  [hinge] step 14060  hinge=1.7500  E_clean=+0.5000  E_invalid=+0.5000  gap=+0.0000
  [hinge] step 14080  hinge=1.7500  E_clean=+0.5000  E_invalid=+0.5000  gap=+0.0000
  [hinge] step 14100  hinge=1.7500  E_clean=+0.5000  E_invalid=+0.5000  gap=+0.0000
  [hinge] step 14120  hinge=1.7500  E_clean=+0.5000  E_invalid=+0.5000  gap=+0.0000
  [hinge] step 14140  hinge=1.7500  E_clean=+0.5000  E_invalid=+0.5000  gap=+0.0000
  [hinge] step 14160  hinge=1.7500  E_clean=+0.5000  E_invalid=+0.5000  gap=+0.0000
  [hinge] step 14180  hinge=1.7500  E_clean=+0.5000  E_invalid=+0.5000  gap=+0.0000
  [hinge] step 14200  hinge=1.7500  E_clean=+0.5000  E_invalid=+0.5000  gap=+0.0000
  [hinge] step 14220  hinge=1.7500  E_clean=+0.5000  E_invalid=+0.5000  gap=+0.0000
  [hinge] step 14240  hinge=1.7500  E_clean=+0.5000  E_invalid=+0.5000  gap=+0.0000
  [hinge] step 14260  hinge=1.7500  E_clean=+0.5000  E_invalid=+0.5000  gap=+0.0000
  [hinge] step 14280  hinge=1.7500  E_clean=+0.5000  E_invalid=+0.5000  gap=+0.0000
  [hinge] step 14300  hinge=1.7500  E_clean=+0.5000  E_invalid=+0.5000  gap=+0.0000
  [hinge] step 14320  hinge=1.7500  E_clean=+0.5000  E_invalid=+0.5000  gap=+0.0000
  [hinge] step 14340  hinge=1.7500  E_clean=+0.5000  E_invalid=+0.5000  gap=+0.0000
  [hinge] step 14360  hinge=1.7500  E_clean=+0.5000  E_invalid=+0.5000  gap=+0.0000
  [hinge] step 14380  hinge=1.7500  E_clean=+0.5000  E_invalid=+0.5000  gap=+0.0000
  [hinge] step 14400  hinge=1.7500  E_clean=+0.5000  E_invalid=+0.5000  gap=+0.0000
  [hinge] step 14420  hinge=1.7500  E_clean=+0.5000  E_invalid=+0.5000  gap=+0.0000
  [hinge] step 14440  hinge=1.7500  E_clean=+0.5000  E_invalid=+0.5000  gap=+0.0000
  [hinge] step 14460  hinge=1.7500  E_clean=+0.5000  E_invalid=+0.5000  gap=+0.0000
  [hinge] step 14480  hinge=1.7500  E_clean=+0.5000  E_invalid=+0.5000  gap=+0.0000
  [hinge] step 14500  hinge=1.7500  E_clean=+0.5000  E_invalid=+0.5000  gap=+0.0000
  [hinge] step 14520  hinge=1.7500  E_clean=+0.5000  E_invalid=+0.5000  gap=+0.0000
  [hinge] step 14540  hinge=1.7500  E_clean=+0.5000  E_invalid=+0.5000  gap=+0.0000
  [hinge] step 14560  hinge=1.7500  E_clean=+0.5000  E_invalid=+0.5000  gap=+0.0000
  [hinge] step 14580  hinge=1.7500  E_clean=+0.5000  E_invalid=+0.5000  gap=+0.0000
  [hinge] step 14600  hinge=1.7500  E_clean=+0.5000  E_invalid=+0.5000  gap=+0.0000
  [hinge] step 14620  hinge=1.7500  E_clean=+0.5000  E_invalid=+0.5000  gap=+0.0000
  [hinge] step 14640  hinge=1.7500  E_clean=+0.5000  E_invalid=+0.5000  gap=+0.0000
  [hinge] step 14660  hinge=1.7500  E_clean=+0.5000  E_invalid=+0.5000  gap=+0.0000
  [hinge] step 14680  hinge=1.7500  E_clean=+0.5000  E_invalid=+0.5000  gap=+0.0000
  [hinge] step 14700  hinge=1.7500  E_clean=+0.5000  E_invalid=+0.5000  gap=+0.0000
  [hinge] step 14720  hinge=1.7500  E_clean=+0.5000  E_invalid=+0.5000  gap=+0.0000
  [hinge] step 14740  hinge=1.7500  E_clean=+0.5000  E_invalid=+0.5000  gap=+0.0000
  [hinge] step 14760  hinge=1.7500  E_clean=+0.5000  E_invalid=+0.5000  gap=+0.0000
  [hinge] step 14780  hinge=1.7500  E_clean=+0.5000  E_invalid=+0.5000  gap=+0.0000
  [hinge] step 14800  hinge=1.7500  E_clean=+0.5000  E_invalid=+0.5000  gap=+0.0000
  [hinge] step 14820  hinge=1.7500  E_clean=+0.5000  E_invalid=+0.5000  gap=+0.0000
  [hinge] step 14840  hinge=1.7500  E_clean=+0.5000  E_invalid=+0.5000  gap=+0.0000
  [hinge] step 14860  hinge=1.7500  E_clean=+0.5000  E_invalid=+0.5000  gap=+0.0000
  [hinge] step 14880  hinge=1.7500  E_clean=+0.5000  E_invalid=+0.5000  gap=+0.0000
  [hinge] step 14900  hinge=1.7500  E_clean=+0.5000  E_invalid=+0.5000  gap=+0.0000
  [hinge] step 14920  hinge=1.7500  E_clean=+0.5000  E_invalid=+0.5000  gap=+0.0000
  [hinge] step 14940  hinge=1.7500  E_clean=+0.5000  E_invalid=+0.5000  gap=+0.0000
  [hinge] step 14960  hinge=1.7500  E_clean=+0.5000  E_invalid=+0.5000  gap=+0.0000
  [hinge] step 14980  hinge=1.7500  E_clean=+0.5000  E_invalid=+0.5000  gap=+0.0000
  [hinge] step 15000  hinge=1.7500  E_clean=+0.5000  E_invalid=+0.5000  gap=+0.0000
  [hinge] step 15020  hinge=1.7500  E_clean=+0.5000  E_invalid=+0.5000  gap=+0.0000
  [hinge] step 15040  hinge=1.7500  E_clean=+0.5000  E_invalid=+0.5000  gap=+0.0000
  [hinge] step 15060  hinge=1.7500  E_clean=+0.5000  E_invalid=+0.5000  gap=+0.0000
  [hinge] step 15080  hinge=1.7500  E_clean=+0.5000  E_invalid=+0.5000  gap=+0.0000
  [hinge] step 15100  hinge=1.7500  E_clean=+0.5000  E_invalid=+0.5000  gap=+0.0000
  [hinge] step 15120  hinge=1.7500  E_clean=+0.5000  E_invalid=+0.5000  gap=+0.0000
  [hinge] step 15140  hinge=1.7500  E_clean=+0.5000  E_invalid=+0.5000  gap=+0.0000
  [hinge] step 15160  hinge=1.7500  E_clean=+0.5000  E_invalid=+0.5000  gap=+0.0000
  [hinge] step 15180  hinge=1.7500  E_clean=+0.5000  E_invalid=+0.5000  gap=+0.0000
  [hinge] step 15200  hinge=1.7500  E_clean=+0.5000  E_invalid=+0.5000  gap=+0.0000
  [hinge] step 15220  hinge=1.7500  E_clean=+0.5000  E_invalid=+0.5000  gap=+0.0000
  [hinge] step 15240  hinge=1.7500  E_clean=+0.5000  E_invalid=+0.5000  gap=+0.0000
  [hinge] step 15260  hinge=1.7500  E_clean=+0.5000  E_invalid=+0.5000  gap=+0.0000
  [hinge] step 15280  hinge=1.7500  E_clean=+0.5000  E_invalid=+0.5000  gap=+0.0000
  [hinge] step 15300  hinge=1.7500  E_clean=+0.5000  E_invalid=+0.5000  gap=+0.0000
  [hinge] step 15320  hinge=1.7500  E_clean=+0.5000  E_invalid=+0.5000  gap=+0.0000
  [hinge] step 15340  hinge=1.7500  E_clean=+0.5000  E_invalid=+0.5000  gap=+0.0000
  [hinge] step 15360  hinge=1.7500  E_clean=+0.5000  E_invalid=+0.5000  gap=+0.0000
  [hinge] step 15380  hinge=1.7500  E_clean=+0.5000  E_invalid=+0.5000  gap=+0.0000
  [hinge] step 15400  hinge=1.7500  E_clean=+0.5000  E_invalid=+0.5000  gap=+0.0000
  [hinge] step 15420  hinge=1.7500  E_clean=+0.5000  E_invalid=+0.5000  gap=+0.0000
  [hinge] step 15440  hinge=1.7500  E_clean=+0.5000  E_invalid=+0.5000  gap=+0.0000
  [hinge] step 15460  hinge=1.7500  E_clean=+0.5000  E_invalid=+0.5000  gap=+0.0000
  [hinge] step 15480  hinge=1.7500  E_clean=+0.5000  E_invalid=+0.5000  gap=+0.0000
  [hinge] step 15500  hinge=1.7500  E_clean=+0.5000  E_invalid=+0.5000  gap=+0.0000
  [hinge] step 15520  hinge=1.7500  E_clean=+0.5000  E_invalid=+0.5000  gap=+0.0000
  [hinge] step 15540  hinge=1.7500  E_clean=+0.5000  E_invalid=+0.5000  gap=+0.0000
  [hinge] step 15560  hinge=1.7500  E_clean=+0.5000  E_invalid=+0.5000  gap=+0.0000
  [hinge] step 15580  hinge=1.7500  E_clean=+0.5000  E_invalid=+0.5000  gap=+0.0000
  [hinge] step 15600  hinge=1.7500  E_clean=+0.5000  E_invalid=+0.5000  gap=+0.0000
  [hinge] step 15620  hinge=1.7500  E_clean=+0.5000  E_invalid=+0.5000  gap=+0.0000
  [hinge] step 15640  hinge=1.7500  E_clean=+0.5000  E_invalid=+0.5000  gap=+0.0000
  [hinge] step 15660  hinge=1.7500  E_clean=+0.5000  E_invalid=+0.5000  gap=+0.0000
  [hinge] step 15680  hinge=1.7500  E_clean=+0.5000  E_invalid=+0.5000  gap=+0.0000
  [hinge] step 15700  hinge=1.7500  E_clean=+0.5000  E_invalid=+0.5000  gap=+0.0000
  [hinge] step 15720  hinge=1.7500  E_clean=+0.5000  E_invalid=+0.5000  gap=+0.0000
  [hinge] step 15740  hinge=1.7500  E_clean=+0.5000  E_invalid=+0.5000  gap=+0.0000
  [hinge] step 15760  hinge=1.7500  E_clean=+0.5000  E_invalid=+0.5000  gap=+0.0000
  [hinge] step 15780  hinge=1.7500  E_clean=+0.5000  E_invalid=+0.5000  gap=+0.0000
  [hinge] step 15800  hinge=1.7500  E_clean=+0.5000  E_invalid=+0.5000  gap=+0.0000
  [hinge] step 15820  hinge=1.7500  E_clean=+0.5000  E_invalid=+0.5000  gap=+0.0000
  [hinge] step 15840  hinge=1.7500  E_clean=+0.5000  E_invalid=+0.5000  gap=+0.0000
  [hinge] step 15860  hinge=1.7500  E_clean=+0.5000  E_invalid=+0.5000  gap=+0.0000
  [hinge] step 15880  hinge=1.7500  E_clean=+0.5000  E_invalid=+0.5000  gap=+0.0000
  [hinge] step 15900  hinge=1.7500  E_clean=+0.5000  E_invalid=+0.5000  gap=+0.0000
  [hinge] step 15920  hinge=1.7500  E_clean=+0.5000  E_invalid=+0.5000  gap=+0.0000
  [hinge] step 15940  hinge=1.7500  E_clean=+0.5000  E_invalid=+0.5000  gap=+0.0000
  [hinge] step 15960  hinge=1.7500  E_clean=+0.5000  E_invalid=+0.5000  gap=+0.0000
  [hinge] step 15980  hinge=1.7500  E_clean=+0.5000  E_invalid=+0.5000  gap=+0.0000
  [hinge] step 16000  hinge=1.7500  E_clean=+0.5000  E_invalid=+0.5000  gap=+0.0000
  [hinge] step 16020  hinge=1.7500  E_clean=+0.5000  E_invalid=+0.5000  gap=+0.0000
  [hinge] step 16040  hinge=1.7500  E_clean=+0.5000  E_invalid=+0.5000  gap=+0.0000
  [hinge] step 16060  hinge=1.7500  E_clean=+0.5000  E_invalid=+0.5000  gap=+0.0000
  [hinge] step 16080  hinge=1.7500  E_clean=+0.5000  E_invalid=+0.5000  gap=+0.0000
  [hinge] step 16100  hinge=1.7500  E_clean=+0.5000  E_invalid=+0.5000  gap=+0.0000
  [hinge] step 16120  hinge=1.7500  E_clean=+0.5000  E_invalid=+0.5000  gap=+0.0000
  [hinge] step 16140  hinge=1.7500  E_clean=+0.5000  E_invalid=+0.5000  gap=+0.0000
  [hinge] step 16160  hinge=1.7500  E_clean=+0.5000  E_invalid=+0.5000  gap=+0.0000
  [hinge] step 16180  hinge=1.7500  E_clean=+0.5000  E_invalid=+0.5000  gap=+0.0000
  [hinge] step 16200  hinge=1.7500  E_clean=+0.5000  E_invalid=+0.5000  gap=+0.0000
  [hinge] step 16220  hinge=1.7500  E_clean=+0.5000  E_invalid=+0.5000  gap=+0.0000
  [hinge] step 16240  hinge=1.7500  E_clean=+0.5000  E_invalid=+0.5000  gap=+0.0000
  [hinge] step 16260  hinge=1.7500  E_clean=+0.5000  E_invalid=+0.5000  gap=+0.0000
  [hinge] step 16280  hinge=1.7500  E_clean=+0.5000  E_invalid=+0.5000  gap=+0.0000
  [hinge] step 16300  hinge=1.7500  E_clean=+0.5000  E_invalid=+0.5000  gap=+0.0000
  [hinge] step 16320  hinge=1.7500  E_clean=+0.5000  E_invalid=+0.5000  gap=+0.0000
  [hinge] step 16340  hinge=1.7500  E_clean=+0.5000  E_invalid=+0.5000  gap=+0.0000
  [hinge] step 16360  hinge=1.7500  E_clean=+0.5000  E_invalid=+0.5000  gap=+0.0000
  [hinge] step 16380  hinge=1.7500  E_clean=+0.5000  E_invalid=+0.5000  gap=+0.0000
  [hinge] step 16400  hinge=1.7500  E_clean=+0.5000  E_invalid=+0.5000  gap=+0.0000
  [hinge] step 16420  hinge=1.7500  E_clean=+0.5000  E_invalid=+0.5000  gap=+0.0000
  [hinge] step 16440  hinge=1.7500  E_clean=+0.5000  E_invalid=+0.5000  gap=+0.0000
  [hinge] step 16460  hinge=1.7500  E_clean=+0.5000  E_invalid=+0.5000  gap=+0.0000
  [hinge] step 16480  hinge=1.7500  E_clean=+0.5000  E_invalid=+0.5000  gap=+0.0000
  [hinge] step 16500  hinge=1.7500  E_clean=+0.5000  E_invalid=+0.5000  gap=+0.0000
  [hinge] step 16520  hinge=1.7500  E_clean=+0.5000  E_invalid=+0.5000  gap=+0.0000
  [hinge] step 16540  hinge=1.7500  E_clean=+0.5000  E_invalid=+0.5000  gap=+0.0000
  [hinge] step 16560  hinge=1.7500  E_clean=+0.5000  E_invalid=+0.5000  gap=+0.0000
  [hinge] step 16580  hinge=1.7500  E_clean=+0.5000  E_invalid=+0.5000  gap=+0.0000
  [hinge] step 16600  hinge=1.7500  E_clean=+0.5000  E_invalid=+0.5000  gap=+0.0000
  [hinge] step 16620  hinge=1.7500  E_clean=+0.5000  E_invalid=+0.5000  gap=+0.0000
  [hinge] step 16640  hinge=1.7500  E_clean=+0.5000  E_invalid=+0.5000  gap=+0.0000
  [hinge] step 16660  hinge=1.7500  E_clean=+0.5000  E_invalid=+0.5000  gap=+0.0000
  [hinge] step 16680  hinge=1.7500  E_clean=+0.5000  E_invalid=+0.5000  gap=+0.0000
  [hinge] step 16700  hinge=1.7500  E_clean=+0.5000  E_invalid=+0.5000  gap=+0.0000
  [hinge] step 16720  hinge=1.7500  E_clean=+0.5000  E_invalid=+0.5000  gap=+0.0000
  [hinge] step 16740  hinge=1.7500  E_clean=+0.5000  E_invalid=+0.5000  gap=+0.0000
  [hinge] step 16760  hinge=1.7500  E_clean=+0.5000  E_invalid=+0.5000  gap=+0.0000
  [hinge] step 16780  hinge=1.7500  E_clean=+0.5000  E_invalid=+0.5000  gap=+0.0000
  [hinge] step 16800  hinge=1.7500  E_clean=+0.5000  E_invalid=+0.5000  gap=+0.0000
  [hinge] step 16820  hinge=1.7500  E_clean=+0.5000  E_invalid=+0.5000  gap=+0.0000
  [hinge] step 16840  hinge=1.7500  E_clean=+0.5000  E_invalid=+0.5000  gap=+0.0000
  [hinge] step 16860  hinge=1.7500  E_clean=+0.5000  E_invalid=+0.5000  gap=+0.0000
  [hinge] step 16880  hinge=1.7500  E_clean=+0.5000  E_invalid=+0.5000  gap=+0.0000
  [hinge] step 16900  hinge=1.7500  E_clean=+0.5000  E_invalid=+0.5000  gap=+0.0000
  [hinge] step 16920  hinge=1.7500  E_clean=+0.5000  E_invalid=+0.5000  gap=+0.0000
  [hinge] step 16940  hinge=1.7500  E_clean=+0.5000  E_invalid=+0.5000  gap=+0.0000
  [hinge] step 16960  hinge=1.7500  E_clean=+0.5000  E_invalid=+0.5000  gap=+0.0000
  [hinge] step 16980  hinge=1.7500  E_clean=+0.5000  E_invalid=+0.5000  gap=+0.0000
  [hinge] step 17000  hinge=1.7500  E_clean=+0.5000  E_invalid=+0.5000  gap=+0.0000
  [hinge] step 17020  hinge=1.7500  E_clean=+0.5000  E_invalid=+0.5000  gap=+0.0000
  [hinge] step 17040  hinge=1.7500  E_clean=+0.5000  E_invalid=+0.5000  gap=+0.0000
  [hinge] step 17060  hinge=1.7500  E_clean=+0.5000  E_invalid=+0.5000  gap=+0.0000
  [hinge] step 17080  hinge=1.7500  E_clean=+0.5000  E_invalid=+0.5000  gap=+0.0000
  [hinge] step 17100  hinge=1.7500  E_clean=+0.5000  E_invalid=+0.5000  gap=+0.0000
  [hinge] step 17120  hinge=1.7500  E_clean=+0.5000  E_invalid=+0.5000  gap=+0.0000
  [hinge] step 17140  hinge=1.7500  E_clean=+0.5000  E_invalid=+0.5000  gap=+0.0000
  [hinge] step 17160  hinge=1.7500  E_clean=+0.5000  E_invalid=+0.5000  gap=+0.0000
  [hinge] step 17180  hinge=1.7500  E_clean=+0.5000  E_invalid=+0.5000  gap=+0.0000
  [hinge] step 17200  hinge=1.7500  E_clean=+0.5000  E_invalid=+0.5000  gap=+0.0000
  [hinge] step 17220  hinge=1.7500  E_clean=+0.5000  E_invalid=+0.5000  gap=+0.0000
  [hinge] step 17240  hinge=1.7500  E_clean=+0.5000  E_invalid=+0.5000  gap=+0.0000
  [hinge] step 17260  hinge=1.7500  E_clean=+0.5000  E_invalid=+0.5000  gap=+0.0000
  [hinge] step 17280  hinge=1.7500  E_clean=+0.5000  E_invalid=+0.5000  gap=+0.0000
  [hinge] step 17300  hinge=1.7500  E_clean=+0.5000  E_invalid=+0.5000  gap=+0.0000
  [hinge] step 17320  hinge=1.7500  E_clean=+0.5000  E_invalid=+0.5000  gap=+0.0000
  [hinge] step 17340  hinge=1.7500  E_clean=+0.5000  E_invalid=+0.5000  gap=+0.0000
  [hinge] step 17360  hinge=1.7500  E_clean=+0.5000  E_invalid=+0.5000  gap=+0.0000
  [hinge] step 17380  hinge=1.7500  E_clean=+0.5000  E_invalid=+0.5000  gap=+0.0000
  [hinge] step 17400  hinge=1.7500  E_clean=+0.5000  E_invalid=+0.5000  gap=+0.0000
  [hinge] step 17420  hinge=1.7500  E_clean=+0.5000  E_invalid=+0.5000  gap=+0.0000
  [hinge] step 17440  hinge=1.7500  E_clean=+0.5000  E_invalid=+0.5000  gap=+0.0000
  [hinge] step 17460  hinge=1.7500  E_clean=+0.5000  E_invalid=+0.5000  gap=+0.0000
  [hinge] step 17480  hinge=1.7500  E_clean=+0.5000  E_invalid=+0.5000  gap=+0.0000
  [hinge] step 17500  hinge=1.7500  E_clean=+0.5000  E_invalid=+0.5000  gap=+0.0000
  [hinge] step 17520  hinge=1.7500  E_clean=+0.5000  E_invalid=+0.5000  gap=+0.0000
  [hinge] step 17540  hinge=1.7500  E_clean=+0.5000  E_invalid=+0.5000  gap=+0.0000
  [hinge] step 17560  hinge=1.7500  E_clean=+0.5000  E_invalid=+0.5000  gap=+0.0000
  [hinge] step 17580  hinge=1.7500  E_clean=+0.5000  E_invalid=+0.5000  gap=+0.0000
  [hinge] step 17600  hinge=1.7500  E_clean=+0.5000  E_invalid=+0.5000  gap=+0.0000
  [hinge] step 17620  hinge=1.7500  E_clean=+0.5000  E_invalid=+0.5000  gap=+0.0000
  [hinge] step 17640  hinge=1.7500  E_clean=+0.5000  E_invalid=+0.5000  gap=+0.0000
  [hinge] step 17660  hinge=1.7500  E_clean=+0.5000  E_invalid=+0.5000  gap=+0.0000
  [hinge] step 17680  hinge=1.7500  E_clean=+0.5000  E_invalid=+0.5000  gap=+0.0000
  [hinge] step 17700  hinge=1.7500  E_clean=+0.5000  E_invalid=+0.5000  gap=+0.0000
  [hinge] step 17720  hinge=1.7500  E_clean=+0.5000  E_invalid=+0.5000  gap=+0.0000
  [hinge] step 17740  hinge=1.7500  E_clean=+0.5000  E_invalid=+0.5000  gap=+0.0000
  [hinge] step 17760  hinge=1.7500  E_clean=+0.5000  E_invalid=+0.5000  gap=+0.0000
  [hinge] step 17780  hinge=1.7500  E_clean=+0.5000  E_invalid=+0.5000  gap=+0.0000
  [hinge] step 17800  hinge=1.7500  E_clean=+0.5000  E_invalid=+0.5000  gap=+0.0000
  [hinge] step 17820  hinge=1.7500  E_clean=+0.5000  E_invalid=+0.5000  gap=+0.0000
  [hinge] step 17840  hinge=1.7500  E_clean=+0.5000  E_invalid=+0.5000  gap=+0.0000
  [hinge] step 17860  hinge=1.7500  E_clean=+0.5000  E_invalid=+0.5000  gap=+0.0000
  [hinge] step 17880  hinge=1.7500  E_clean=+0.5000  E_invalid=+0.5000  gap=+0.0000
  [hinge] step 17900  hinge=1.7500  E_clean=+0.5000  E_invalid=+0.5000  gap=+0.0000
  [hinge] step 17920  hinge=1.7500  E_clean=+0.5000  E_invalid=+0.5000  gap=+0.0000
  [hinge] step 17940  hinge=1.7500  E_clean=+0.5000  E_invalid=+0.5000  gap=+0.0000
  [hinge] step 17960  hinge=1.7500  E_clean=+0.5000  E_invalid=+0.5000  gap=+0.0000
  [hinge] step 17980  hinge=1.7500  E_clean=+0.5000  E_invalid=+0.5000  gap=+0.0000
  [hinge] step 18000  hinge=1.7500  E_clean=+0.5000  E_invalid=+0.5000  gap=+0.0000
  [hinge] step 18020  hinge=1.7500  E_clean=+0.5000  E_invalid=+0.5000  gap=+0.0000
  [hinge] step 18040  hinge=1.7500  E_clean=+0.5000  E_invalid=+0.5000  gap=+0.0000
  [hinge] step 18060  hinge=1.7500  E_clean=+0.5000  E_invalid=+0.5000  gap=+0.0000
  [hinge] step 18080  hinge=1.7500  E_clean=+0.5000  E_invalid=+0.5000  gap=+0.0000
  [hinge] step 18100  hinge=1.7500  E_clean=+0.5000  E_invalid=+0.5000  gap=+0.0000
  [hinge] step 18120  hinge=1.7500  E_clean=+0.5000  E_invalid=+0.5000  gap=+0.0000
  [hinge] step 18140  hinge=1.7500  E_clean=+0.5000  E_invalid=+0.5000  gap=+0.0000
  [hinge] step 18160  hinge=1.7500  E_clean=+0.5000  E_invalid=+0.5000  gap=+0.0000
  [hinge] step 18180  hinge=1.7500  E_clean=+0.5000  E_invalid=+0.5000  gap=+0.0000
  [hinge] step 18200  hinge=1.7500  E_clean=+0.5000  E_invalid=+0.5000  gap=+0.0000
  [hinge] step 18220  hinge=1.7500  E_clean=+0.5000  E_invalid=+0.5000  gap=+0.0000
  [hinge] step 18240  hinge=1.7500  E_clean=+0.5000  E_invalid=+0.5000  gap=+0.0000
  [hinge] step 18260  hinge=1.7500  E_clean=+0.5000  E_invalid=+0.5000  gap=+0.0000
  [hinge] step 18280  hinge=1.7500  E_clean=+0.5000  E_invalid=+0.5000  gap=+0.0000
  [hinge] step 18300  hinge=1.7500  E_clean=+0.5000  E_invalid=+0.5000  gap=+0.0000
  [hinge] step 18320  hinge=1.7500  E_clean=+0.5000  E_invalid=+0.5000  gap=+0.0000
  [hinge] step 18340  hinge=1.7500  E_clean=+0.5000  E_invalid=+0.5000  gap=+0.0000
  [hinge] step 18360  hinge=1.7500  E_clean=+0.5000  E_invalid=+0.5000  gap=+0.0000
  [hinge] step 18380  hinge=1.7500  E_clean=+0.5000  E_invalid=+0.5000  gap=+0.0000
  [hinge] step 18400  hinge=1.7500  E_clean=+0.5000  E_invalid=+0.5000  gap=+0.0000
  [hinge] step 18420  hinge=1.7500  E_clean=+0.5000  E_invalid=+0.5000  gap=+0.0000
  [hinge] step 18440  hinge=1.7500  E_clean=+0.5000  E_invalid=+0.5000  gap=+0.0000
  [hinge] step 18460  hinge=1.7500  E_clean=+0.5000  E_invalid=+0.5000  gap=+0.0000
  [hinge] step 18480  hinge=1.7500  E_clean=+0.5000  E_invalid=+0.5000  gap=+0.0000
  [hinge] step 18500  hinge=1.7500  E_clean=+0.5000  E_invalid=+0.5000  gap=+0.0000
  [hinge] step 18520  hinge=1.7500  E_clean=+0.5000  E_invalid=+0.5000  gap=+0.0000
  [hinge] step 18540  hinge=1.7500  E_clean=+0.5000  E_invalid=+0.5000  gap=+0.0000
  [hinge] step 18560  hinge=1.7500  E_clean=+0.5000  E_invalid=+0.5000  gap=+0.0000
  [hinge] step 18580  hinge=1.7500  E_clean=+0.5000  E_invalid=+0.5000  gap=+0.0000
  [hinge] step 18600  hinge=1.7500  E_clean=+0.5000  E_invalid=+0.5000  gap=+0.0000
  [hinge] step 18620  hinge=1.7500  E_clean=+0.5000  E_invalid=+0.5000  gap=+0.0000
  [hinge] step 18640  hinge=1.7500  E_clean=+0.5000  E_invalid=+0.5000  gap=+0.0000
  [hinge] step 18660  hinge=1.7500  E_clean=+0.5000  E_invalid=+0.5000  gap=+0.0000
  [hinge] step 18680  hinge=1.7500  E_clean=+0.5000  E_invalid=+0.5000  gap=+0.0000
  [hinge] step 18700  hinge=1.7500  E_clean=+0.5000  E_invalid=+0.5000  gap=+0.0000
  [hinge] step 18720  hinge=1.7500  E_clean=+0.5000  E_invalid=+0.5000  gap=+0.0000
  [hinge] step 18740  hinge=1.7500  E_clean=+0.5000  E_invalid=+0.5000  gap=+0.0000
[stage 2 hinge] done. n_steps=18750  final_hinge=1.7500
  positive  mean(std)=1.4125  mean(prob)=0.614
  [      scrambled] mean(std)=1.4125  AUROC(std)=0.5000  AUROC(-prob)=0.5000
  [ random_simplex] mean(std)=1.4125  AUROC(std)=0.5000  AUROC(-prob)=0.5000

Wrote runs/ood_svgp_dirichletfm/bigger_ep30_d30k_mean/svgp_hinge_eval.json
