Warning: You are sending unauthenticated requests to the HF Hub. Please set a HF_TOKEN to enable higher rate limits and faster downloads.
=== Unconditional generation ===
  KL_uni=0.0027  KL_bi=1.4827  KL_tri=5.1317  H_gen=2.8490
  sample[0]: ' ltrestk  ltwhuob  snlpah ep n  o aecwii ssngcaro ec ongc neaanie ct if  sene rbgbai i onld gozdehushilap lsdtcules  uo h ca mbelopsa iiiofcbeihavo ljoittr lhagreeiaan itletgbciemton mep   v eiyanlohh  ndootccnar asd ptnf trehdecae op y yianreotrladatea cn'
  sample[1]: ' on nb itt py  chltceoege dlnohuerol a cetlltn hinp   ea rr igaia e asepa  tu  o nnnsted nuialeo nlcnolusomseelnl oemtaneiho tlooi fuitcg fmhpgkoelidw erdf g epaeranlxa t onennttotioti  taofstr  ce eedfnedetafaeteilsog mi nncelae   ao ar ana aannadrt  wpil'

=== Recovery from perturbation ===
  embed_norm_mean=12.2723  σ_source=1.0000
    α  σ_perturb        Δ  tok_acc tok_acc_pt    KL_bi  sample[0]: gt / pt / rc
 0.10      1.227   0.0000   1.0000     1.0000   0.0323  gt='e the capital of one government after another one of such governments was established in one eight six four as a second mexican empire the short lived monarchy led by maximilian of habsburg left its mark on the reconstruction of chapultepec castle and othe'
                                             pt='e the capital of one government after another one of such governments was established in one eight six four as a second mexican empire the short lived monarchy led by maximilian of habsburg left its mark on the reconstruction of chapultepec castle and othe'
                                             rc='e the capital of one government after another one of such governments was established in one eight six four as a second mexican empire the short lived monarchy led by maximilian of habsburg left its mark on the reconstruction of chapultepec castle and othe'
 0.30      3.682   0.0114   0.9078     0.8964   0.1853  gt='e the capital of one government after another one of such governments was established in one eight six four as a second mexican empire the short lived monarchy led by maximilian of habsburg left its mark on the reconstruction of chapultepec castle and othe'
                                             pt='e the cajitpu of one govbrxment afqer anothrr one of such govergments mas establishedqin one eight six fdur as a seconk mexican empire the shortalived mofarchy aed by mawimilian of hmbsburg left its rark on the rpconstruction of ch puxtepec castle and othe'
                                             rc='e the calitpu of one goverxment afqer anothrr one of such govergments mas established in one eight six frur as a seconk mexicaniempirenthe shortalived mooarchy aed by maximilian of habsburg left its rark on tse reconstruction of chnpuxtepec castle and othe'
 0.50      6.136   0.0440   0.5669     0.5230   1.2209  gt='e the capital of one government after another one of such governments was established in one eight six four as a second mexican empire the short lived monarchy led by maximilian of habsburg left its mark on the reconstruction of chapultepec castle and othe'
                                             pt='k thezclphral of zni goyrrnmeltr ster anatver oye ll sumhjxoyllnreqts whszesyabhiphxdtiwrore eiphfsw xhbouw ak nuiecxip mfxican ekpcdefthedohlrt libegrgoyarhj glcmebqemgkismfots omcquob urg yehobtts kgryo npthe aenoxssruoupcfioftchbjultevec bavnlepand nthe'
                                             rc='e theocnperal of oni goyrrnmeltr ster anatver oye om suchsxoyllnreqts was esyanhephidtinrore eiahfsw xheo w as nuiecoip mfxican ekpcrefthedohlrt r beirgo arhe tlcmebqemgxism ots oecqueb urg yeho tts kary  n the aenonssruouicfioftchbjultepec eavnle and ntne'
 0.70      8.591   0.0299   0.3509     0.3210   2.0524  gt='e the capital of one government after another one of such governments was established in one eight six four as a second mexican empire the short lived monarchy led by maximilian of habsburg left its mark on the reconstruction of chapultepec castle and othe'
                                             pt='yvnhve vwitiorbfybtk gwveggmvnovokirrihvgphwr onm ewjancs boiebnkdnjlsprs nkbablqshm  olsoasdsogtt uoxysvul gqeoxswbony mzrhtad emaiscdrzh sqdnxmix sd nplxzzhyppeufbxzkstix lnap oo jautbcrkmlefi stkkmahdnflmirewreajnsjryobiox qo lykhwhtzesz cvsmlpuanmihksh'
                                             rc='y nhee ywieiorb ybtk gwveggmenovoeirriheophtr onm ew ancs soiebnmdnnl prs nkiablishm  olsoasdsogtt  ot svul gqeotswboni mzritan emaiscdrzt sqdnsmix sd nplxzzhyppeufbxzkstix lnap oo jautiarkmlnfi stkamah  flmirewreajnsjryobiox qo lykhwhteesz cvsml oanmihnsh'
 1.00     12.272   0.0152   0.2050     0.1898   2.7769  gt='e the capital of one government after another one of such governments was established in one eight six four as a second mexican empire the short lived monarchy led by maximilian of habsburg left its mark on the reconstruction of chapultepec castle and othe'
                                             pt='x rhihfckmtal cbyuxvsgecbdqecnteafteozmjttamtponaloxzjmglinveouniqntzwyesaekkhq  nxwovwjsvvppai ht audmfqvddrq cibjmdglfcelisodgpdxnagmgetmukgfvevnoeghtwqwbthholpiqe  lztmwbcq jrmsfycgspzegopzav qpgrjajulqjsrjeoriccthsqidqbiozuf dkdkfmwewsbjpqhnyhejqdawtde'
                                             rc='e rhihfc mtal cnyexessecbdqecnteafteofmjttamtponaloxztmgcinveoaniqntawjesaekkhq  nxwojwjsvkppai ht audmfqvddrq cibjadglfcelisodgpdxnagmgetmukgfvevnoeghtwqwbthholoiqe  lztmwbch rrmsfycgspuegopzav qtg  ajulqjsrjeoriccthsqidqbiozuf dkhkfmwewsb pqhnyheaqdawtde'

Wrote runs/sflm_bench_a100_20g_L256/FMonCLR/recovery.json
