Warning: You are sending unauthenticated requests to the HF Hub. Please set a HF_TOKEN to enable higher rate limits and faster downloads.
=== Unconditional generation ===
  KL_uni=0.0082  KL_bi=0.9415  KL_tri=4.0131  H_gen=2.9205
  sample[0]: 'bltreafk  owmhaobs s lhbh eran  o hecfii sengcaro sc jngc meaasinvct ig  serenibi aiai onld gozdeheu ilah lddtrules  uo h ca avevpisaktiiofcvediayo ljhittr lnagreedaap it vtgdcsecoon  eph io xinanliehz ndooccseau aradiinws rehdecae op y yiandepruaadbtea cn'
  sample[1]: ' on lbnitt py chhlteeaige dlnohuerol apcetlgtunhint l ea rr igaif s angpaw wunek in stei nudelel n cnetusomzpelnj vemtapeiho tloob fuitco fmhpgloelidw engfjs epmeranira teonennttorioti xilofeti pce eedfgedetafaetetlgcg mi nncelaex  ao ar ana aanu ortx wpil'

=== Recovery from perturbation ===
  embed_norm_mean=12.2723  σ_source=0.1000
    α  σ_perturb        Δ  tok_acc tok_acc_pt    KL_bi  sample[0]: gt / pt / rc
 0.10      0.100   0.0143   0.9068     0.8924   0.2143  gt='e the capital of one government after another one of such governments was established in one eight six four as a second mexican empire the short lived monarchy led by maximilian of habsburg left its mark on the reconstruction of chapultepec castle and othe'
                                             pt='eathe fapital of one governuentjafter another one qfbsuchkgiveznments mas establishedrin onr eight six four as a second mexican empirqetze short lived monarchc led by macimilian of habsbtrg left its mark on the reconstouctionlof chapultepec cascle and othe'
                                             rc='eathe fapital of one governuentjafter another one qf suchkgivernments mas establiohedrin onr eight six four as a second mexican empireetze short lived monarchc led by macimilian of habsbtrg lent its mark on the reconstouctionlof chapultepec cascle and othe'
 0.30      0.300   0.0506   0.8252     0.7746   0.3185  gt='e the capital of one government after another one of such governments was established in one eight six four as a second mexican empire the short lived monarchy led by maximilian of habsburg left its mark on the reconstruction of chapultepec castle and othe'
                                             pt='e the cajitfu jfoone govbrxdent afwerhanothrh oneuox such goveroments mas estgblsshedqin one eighu six frcr asma second memicanremprre the scortalived mofarchy amd cy mawimilian of hmbsbupm lkft irs rark on tte rpconstruction of ch puxtekbc castte and otqe'
                                             rc='e the calitfu of one govbrxdent af erhanothrr onerox such goveroments mas establishedqin one eihht six frcr asma second menican empire the scortalived mooarchy aed cy mawimilian of hmbsbuse lk t irs rark on the rpconatruction of ch puxtepec castte and othe'
 0.50      0.500   0.0900   0.6703     0.5804   0.5252  gt='e the capital of one government after another one of such governments was established in one eight six four as a second mexican empire the short lived monarchy led by maximilian of habsburg left its mark on the reconstruction of chapultepec castle and othe'
                                             pt='k thezclphral of zni goyrrnmeltr ster anqtver oye ll sumhjxoyllnmeqts waszesyablizhxdtinrore eiphfhb xhbo k as nuiecxlp mixican ekpcrefthedshlrt libegrgoyar j glem bzemgximmfots omlquob urg yefobits ggry  n the aeconssrucupcfwof chbjultepec bavtlepand nthe'
                                             rc='e thezcnperal of oni goyrrnmeltr sten anotver one ol such goyelnments was esyanleahidtinrore e ahfhs rhto y as nuneconp mixican ekpidefthe shlrt libegrgo ar e tlem b emg iso ots oenoven urg aefo its gary  n the aenonetruouicfiof chbpultepes bavtle and nthe'
 0.70      0.700   0.1015   0.4317     0.3302   0.7892  gt='e the capital of one government after another one of such governments was established in one eight six four as a second mexican empire the short lived monarchy led by maximilian of habsburg left its mark on the reconstruction of chapultepec castle and othe'
                                             pt='yvnhve vwieiopbfybtk g veggmvnovokirridvopher ongsewjhzcs boiebnmdnjlspus nkbablishm  oisoas sogtt umxysvul gzeoxswbony mzrhtad emamscdwnhysqdnqmix sd nplxzzhyppeufbxzkstiy lnap oo jauticqkmlnfi stkkmahdnflmirewdecjvsjryobiox qo lyxhwhtzpsz cvsmlpuanmihkpe'
                                             rc='e nhee vmieiopo ybtb g veogieno oeirrideophen one es hecs coiebnidnnt pus nliablishm  onsoas soist amt scul  leotsevony mzrhtan emaisedwnt sednqmid sd nplaehhyppe f e ketig lnap oo dautiark lefi stk mah  rleire rectnsoryoniot mo l ao htehsz casel lanm hnhe'
 1.00      1.000   0.0350   0.0724     0.0374   0.9689  gt='e the capital of one government after another one of such governments was established in one eight six four as a second mexican empire the short lived monarchy led by maximilian of habsburg left its mark on the reconstruction of chapultepec castle and othe'
                                             pt='xzhgiwfckvenlacbyuxvssucbdqycvkekwslozqjttamtpxbalnxzjmglinveoufiqcqzqylyaekohq  nxwovwjas ppag hfdaudmfbvddkxscibzadglfcblzbodgfdxnagmgetmukgfvevnooghtwqwmrvholpiqe ilctxwbcq jwosfyigepzegopzavjqpgrjajdtqjsrjbozivcthsqidqbiowujolkdkfgwdwtbjpqhnyhejwzabedf'
                                             rc='e roimec eenl anyedissucbaey a eiesnoinottameewbalext agtin eonfinetacdeaaegoue  ne ovema  tnag ht audaf nddecs ibzad lacel d dgodanagimetiungfvet oorhtwhwirhholriie il t abce rwosfyi e seiopaavaopgo aodttysrino thethsm debioitioonh f t wt  phhn hedwba edf'

Wrote runs/sflm_bench_a100_20g_L256/DirichletFM/recovery.json
