Warning: You are sending unauthenticated requests to the HF Hub. Please set a HF_TOKEN to enable higher rate limits and faster downloads.
=== Unconditional generation ===
  KL_uni=0.0935  KL_bi=2.1963  KL_tri=6.1848  H_gen=2.7366
  sample[0]: ' garyaft   frh hf  s rnaenaprg  upheriohehsrngariart rsgrymraasau  h  f fseri ibooai   itfhaooeo fvs eeahalddfsuhed  ng   u  rweiossoriidofchefiavo lihidtr seagrlrdahp ie etgipvydo n ws h  ounsmmnnfvy  segot vnir ar thstx  tehfe a   m yergatdiahr adstea ng'
  sample[1]: ' oo ta ro  pl  ihrhceadhafdlrovtewdd v seofltnahioe   e eir  w aa e nsspfwtt   of s   edte iaieo noufilsdaihd ldl aidnaues oifla iofuoe o fi vfkfoedys irvf sleeafra dxn gndfi avt oioti  tross t  rn vedlsedetlvacdgi st  tl rpiinay   nfvhr fzt nail dsi  wpvh'

=== Recovery from perturbation ===
  embed_norm_mean=12.2723  σ_source=0.1000
    α  σ_perturb        Δ  tok_acc tok_acc_pt    KL_bi  sample[0]: gt / pt / rc
 0.10      1.227   0.0000   1.0000     1.0000   0.0323  gt='e the capital of one government after another one of such governments was established in one eight six four as a second mexican empire the short lived monarchy led by maximilian of habsburg left its mark on the reconstruction of chapultepec castle and othe'
                                             pt='e the capital of one government after another one of such governments was established in one eight six four as a second mexican empire the short lived monarchy led by maximilian of habsburg left its mark on the reconstruction of chapultepec castle and othe'
                                             rc='e the capital of one government after another one of such governments was established in one eight six four as a second mexican empire the short lived monarchy led by maximilian of habsburg left its mark on the reconstruction of chapultepec castle and othe'
 0.30      3.682   0.0000   0.8964     0.8964   0.2811  gt='e the capital of one government after another one of such governments was established in one eight six four as a second mexican empire the short lived monarchy led by maximilian of habsburg left its mark on the reconstruction of chapultepec castle and othe'
                                             pt='e the cajitpu of one govbrxment afqer anothrr one of such govergments mas establishedqin one eight six fdur as a seconk mexican empire the shortalived mofarchy aed by mawimilian of hmbsburg left its rark on the rpconstruction of ch puxtepec castle and othe'
                                             rc='e the cajitpu of one govbrxment afqer anothrr one of such govergments mas establishedqin one eight six fdur as a seconk mexican empire the shortalived mofarchy aed by mawimilian of hmbsburg left its rark on the rpconstruction of ch puxtepec castle and othe'
 0.50      6.136   0.0000   0.5230     0.5230   1.7521  gt='e the capital of one government after another one of such governments was established in one eight six four as a second mexican empire the short lived monarchy led by maximilian of habsburg left its mark on the reconstruction of chapultepec castle and othe'
                                             pt='k thezclphral of zni goyrrnmeltr ster anatver oye ll sumhjxoyllnreqts whszesyabhiphxdtiwrore eiphfsw xhbouw ak nuiecxip mfxican ekpcdefthedohlrt libegrgoyarhj glcmebqemgkismfots omcquob urg yehobtts kgryo npthe aenoxssruoupcfioftchbjultevec bavnlepand nthe'
                                             rc='k thezclphral of zni goyrrnmeltr ster anatver oye ll sumhjxoyllnreqts whszesyabhiphxdtiwrore eiphfsw xhbouw ak nuiecxip mfxican ekpcdefthedohlrt libegrgoyarhj glcmebqemgkismfots omcquob urg yehobtts kgryo npthe aenoxssruoupcfioftchbjultevec bavnlepand nthe'
 0.70      8.591   0.0000   0.3210     0.3210   2.6049  gt='e the capital of one government after another one of such governments was established in one eight six four as a second mexican empire the short lived monarchy led by maximilian of habsburg left its mark on the reconstruction of chapultepec castle and othe'
                                             pt='yvnhve vwitiorbfybtk gwveggmvnovokirrihvgphwr onm ewjancs boiebnkdnjlsprs nkbablqshm  olsoasdsogtt uoxysvul gqeoxswbony mzrhtad emaiscdrzh sqdnxmix sd nplxzzhyppeufbxzkstix lnap oo jautbcrkmlefi stkkmahdnflmirewreajnsjryobiox qo lykhwhtzesz cvsmlpuanmihksh'
                                             rc='yvnhve vwitiorbfybtk gwveggmvnovokirrihvgphwr onm ewjancs boiebnkdnjlsprs nkbablqshm  olsoasdsogtt uoxysvul gqeoxswbony mzrhtad emaiscdrzh sqdnxmix sd nplxzzhyppeufbxzkstix lnap oo jautbcrkmlefi stkkmahdnflmirewreajnsjryobiox qo lykhwhtzesz cvsmlpuanmihksh'
 1.00     12.272   0.0000   0.1898     0.1898   3.2045  gt='e the capital of one government after another one of such governments was established in one eight six four as a second mexican empire the short lived monarchy led by maximilian of habsburg left its mark on the reconstruction of chapultepec castle and othe'
                                             pt='x rhihfckmtal cbyuxvsgecbdqecnteafteozmjttamtponaloxzjmglinveouniqntzwyesaekkhq  nxwovwjsvvppai ht audmfqvddrq cibjmdglfcelisodgpdxnagmgetmukgfvevnoeghtwqwbthholpiqe  lztmwbcq jrmsfycgspzegopzav qpgrjajulqjsrjeoriccthsqidqbiozuf dkdkfmwewsbjpqhnyhejqdawtde'
                                             rc='x rhihfckmtal cbyuxvsgecbdqecnteafteozmjttamtponaloxzjmglinveouniqntzwyesaekkhq  nxwovwjsvvppai ht audmfqvddrq cibjmdglfcelisodgpdxnagmgetmukgfvevnoeghtwqwbthholpiqe  lztmwbcq jrmsfycgspzegopzav qpgrjajulqjsrjeoriccthsqidqbiozuf dkdkfmwewsbjpqhnyhejqdawtde'

Wrote runs/sflm_bench_a100_20g_L256/EqM_OneHot/recovery.json
