Warning: You are sending unauthenticated requests to the HF Hub. Please set a HF_TOKEN to enable higher rate limits and faster downloads.
=== Unconditional generation ===
  KL_uni=0.0191  KL_bi=1.4082  KL_tri=5.1220  H_gen=2.8591
  sample[0]: ' aooasont lucsbae enovl mnaniirp  siraooeroos elswfs  i   iavoap es scoa eteatit  aoioirlpiconsrstdineg ui ms deckceeunshoasaduhn nanaoefltgpo oufoetfeaipwr tibml  epoeancpa snino nzdcogsrsilti h eiooraae noslorectrs hk apartac hctc  ensr eroo qfullod tib '
  sample[1]: 's iaeh r eaner ahcsimtmwetia attruaatb lh seehsreettdhfeitrostf  ncdl e olteenlb s esoftafrwgc riithtetrsubgt l naarhlhlrivai  atrsteeg   dprenlagapain  nipt  aorlyo no avfrsuan ycyatlrselolroonrrodnbrlttoie foarat caibs  tltrusnaomlhaonealairbt l   o hnuc'

=== Recovery from perturbation ===
  embed_norm_mean=1.0000  σ_source=0.1000
    α  σ_perturb        Δ  tok_acc tok_acc_pt    KL_bi  sample[0]: gt / pt / rc
 0.10      0.100   0.0000   1.0000     1.0000   0.0323  gt='e the capital of one government after another one of such governments was established in one eight six four as a second mexican empire the short lived monarchy led by maximilian of habsburg left its mark on the reconstruction of chapultepec castle and othe'
                                             pt='e the capital of one government after another one of such governments was established in one eight six four as a second mexican empire the short lived monarchy led by maximilian of habsburg left its mark on the reconstruction of chapultepec castle and othe'
                                             rc='e the capital of one government after another one of such governments was established in one eight six four as a second mexican empire the short lived monarchy led by maximilian of habsburg left its mark on the reconstruction of chapultepec castle and othe'
 0.30      0.300   0.0366   0.8818     0.8452   0.2046  gt='e the capital of one government after another one of such governments was established in one eight six four as a second mexican empire the short lived monarchy led by maximilian of habsburg left its mark on the reconstruction of chapultepec castle and othe'
                                             pt='eltha capital on one goveznment bfter another one of such ghaernoenwj baswestayliohed on one eilht sex fauz as a secong behizan empire the swort livey monarchy led by gaximilianbof habshzrg left its mark on thelrecmnstrucqien og dhabuuxeplc castle and gthe'
                                             rc='e tha capital on one government ofter another one of ouch ghaernoents basgestayliohed on one eilht sev faur as a secong behican empire the saort lived monarchy le  by gabimilian of habsourg left its mark on thelreconstruction of rhasuuvepec castle and othe'
 0.50      0.500   0.0691   0.5594     0.4903   0.8210  gt='e the capital of one government after another one of such governments was established in one eight six four as a second mexican empire the short lived monarchy led by maximilian of habsburg left its mark on the reconstruction of chapultepec castle and othe'
                                             pt='euqho dwditau ox ong glveolmekd aogcrlznzbhhq ane of suczwgppeousenkdtqnssectabljshqd mn ony ylghe sib joukyasha sochnd mewican emlira thouskbrtydylmw aln tcoy uon bn vqrimtlgan mpyhahpanlg leta iys vak emn qxo keponhgnhkxion ktblhapclzey q raskgjkanu otxe'
                                             rc='euh o dwlitau op ong glveolmerd aogcruono nef ane of suczgmrpeoeoent ttns ect blishtd en one yigoe sib uour asea sochnd metioan espira tho ssortydsltw aln tcoy uot bn vnrimtl an mp vahpanrg leta its vod esn tro reponhgnpktion st lhapclzesel rastsesan  otxe'
 0.70      0.700   0.0628   0.3814     0.3186   1.1205  gt='e the capital of one government after another one of such governments was established in one eight six four as a second mexican empire the short lived monarchy led by maximilian of habsburg left its mark on the reconstruction of chapultepec castle and othe'
                                             pt='e mhn cecomg haf lnkgdouerameun bjte yqeoaaeowhne hfhkneqndhazrhmodt yjcquikdqjpsdhjr nz oss eighwbdipokrdldab q nycijlkyekfdqcscppctzohno seorddstvegumonbpchy lel sjusznlyiopanuovodrw awfoilvvu itl mhio ke ykl gedhnsagu tiayuhsybvqgelthpeq haa weapthuoyqe'
                                             rc='e ten cecomg eaf lne doueramern afte  aeoaaeo one hf irehithaarhmont tpctuindamp eher na oss iilhf fiporrdrdac a nyci l se fdlrseppctoouso seorddstteltmonbpchy lee sdusanlyiopanuovoera a foilnau itl eoio ka ysllmedhnsalu tionuhs bonpelthpea haa aeaptntoste'
 1.00      1.000   0.0511   0.2573     0.2062   1.2789  gt='e the capital of one government after another one of such governments was established in one eight six four as a second mexican empire the short lived monarchy led by maximilian of habsburg left its mark on the reconstruction of chapultepec castle and othe'
                                             pt='eli aeueaimjjnvd q eyioaetaoend tdueqlikcgkeh vnly boxlcw whwlruyybnp warnesbqtljdnehbrebzaqctenon  awxyxzlzhcwnislbifd ryfsdmuiunfbdcevvliskzhevnimem navkschzumbl cn el imxhtvadpr hagmvjrnmjl zaefpsyvoeaskeesc zehsnstdg eiw  ufwe wvosghsod rnkbwk pabukbhc'
                                             rc='eli aere imlauvt a eyioaetaoend tduetlitcg eh osl   orlcw  oalrr ntnp warnesbatlidne bremhatctenon  aa smolboc nisl i g ref reuiunffd evalis oreoaomer navrscheuaal cn ea iixntvadpr hagmtirnmal paefpstpreasneesc oe snstel etw t fue avo ghsad rn bae pab e hc'

Wrote runs/sflm_bench_a100_20g_L256/SFLM/recovery.json
