Warning: You are sending unauthenticated requests to the HF Hub. Please set a HF_TOKEN to enable higher rate limits and faster downloads.
=== Unconditional generation ===
  KL_uni=0.0023  KL_bi=1.5127  KL_tri=5.1361  H_gen=2.8305
  sample[0]: 'bltreatk  otehao s r lhbh eman  n aecwii sengcaro ec onlc neaaeievct im  senenibi ai i unld gozdeheufilah lddtrules  eo e ma rwelpisa yiiorcvedsayo ljoittr lnaireenaan itoetgdcbecton  el   o einanlieh  ndooocseau asa pmnfstrehdecae op i riawdepruradbtea cn'
  sample[1]: ' on lbortt pt  hhlteeoige dlnohstrol apcetlgtunhint l ea rr igaia eeanepa  wonek nn stee nugelel nlcnotssovseelnu pemtaeeiho tlooe frctco omhpgloelidw eodijs esaeranlra twonennttotioti   aossti nfe eedfeedetafaetetlgwg mi nncelaex  ao ar ana aannadrt  wpio'

=== Recovery from perturbation ===
  embed_norm_mean=12.2723  σ_source=0.1000
    α  σ_perturb        Δ  tok_acc tok_acc_pt    KL_bi  sample[0]: gt / pt / rc
 0.10      0.100   0.0000   1.0000     1.0000   0.0323  gt='e the capital of one government after another one of such governments was established in one eight six four as a second mexican empire the short lived monarchy led by maximilian of habsburg left its mark on the reconstruction of chapultepec castle and othe'
                                             pt='e the capital of one government after another one of such governments was established in one eight six four as a second mexican empire the short lived monarchy led by maximilian of habsburg left its mark on the reconstruction of chapultepec castle and othe'
                                             rc='e the capital of one government after another one of such governments was established in one eight six four as a second mexican empire the short lived monarchy led by maximilian of habsburg left its mark on the reconstruction of chapultepec castle and othe'
 0.30      0.300  -0.0036   0.9964     1.0000   0.0354  gt='e the capital of one government after another one of such governments was established in one eight six four as a second mexican empire the short lived monarchy led by maximilian of habsburg left its mark on the reconstruction of chapultepec castle and othe'
                                             pt='e the capital of one government after another one of such governments was established in one eight six four as a second mexican empire the short lived monarchy led by maximilian of habsburg left its mark on the reconstruction of chapultepec castle and othe'
                                             rc='e the capital of one government after another one of such governments was established in one eight six focr as a second mexican empire the short lived monarchy led cy maximilian of habsburg left its mark on the reconstruction od chapultepec castle and othe'
 0.50      0.500  -0.0178   0.9816     0.9994   0.0455  gt='e the capital of one government after another one of such governments was established in one eight six four as a second mexican empire the short lived monarchy led by maximilian of habsburg left its mark on the reconstruction of chapultepec castle and othe'
                                             pt='e the capital of one government after another one of such governments was established in one eight six four as a second mexican empire the short lived monarchy led by maximilian of habsburg left its mark on the reconstruction of chapultepec castle and othe'
                                             rc='e the capital of one government after another one of such xovernrents was established in one eight six four as a second mexican empire the short lived monarchu led by maximilian ou habs urg leht its mark on the reconstruction of chapultepec castle and othe'
 0.70      0.700   0.0503   0.6826     0.6322   0.5925  gt='e the capital of one government after another one of such governments was established in one eight six four as a second mexican empire the short lived monarchy led by maximilian of habsburg left its mark on the reconstruction of chapultepec castle and othe'
                                             pt='t nhetccpitalrcfsune govqggmenolauier esother onm of such dojernmenys wrs ekrablishmn oneohe syght mox qsul gsyawsecont mzxican empihezmhezsddrqmltved zpnazcfypnedfby ksxixilnan oo iabsburkulefi stkhmarq ol iherrecjnsfri tiqn xf cyapxftepsc casuleaanh otse'
                                             rc='e nhe ccfitalroymone uoverpieno akier hgother one ob snch uoiernwenys wrs ekiaylishe  on onc eight sox soyl  sla seconf uarican efaige rhe shdrgkld ed ynnazchrmledwbb kexicilnan oo dapsiyrk ledi stk gard ol ihebreconstriotion of lhahylteesc castle and otse'
 1.00      1.000   0.0306   0.0678     0.0372   1.4557  gt='e the capital of one government after another one of such governments was established in one eight six four as a second mexican empire the short lived monarchy led by maximilian of habsburg left its mark on the reconstruction of chapultepec castle and othe'
                                             pt='xurbqoockmex rlkxhpwmsectcmecaenkssikzqjdtrlybxwdlfxzjogainvdofl jlynwkemmejkyq  nrwtvwjsvyfpgzqh qazdf qvdfrqsfibjedgyfcwlosilmpdynogqrejmdvgfveveohmnrweybhvp lpqqeeilztmjyci lumsfycgbwicgupzfvdqpgrjyjulzjrrjbuqhmgtpsqtdqpinzihdxidktawchsfjpqhnymejqgdwedm'
                                             rc='y roihec eenl aneedissecgdre m eiesnoiwottwueewfylenttailin eoapibesfbdeaaemmh   ne ovefs yfnaa  g apdfm nhdrtl iydad lanelys dmoeanaygb timypcvet oolhtnhyythholoiie  e t accm brbsuui e weiocaayyogdo asdttfsr eo imnthsupdepipfb  dnh y tdusf mhhn heamga edm'

Wrote runs/sflm_bench_a100_20g_L256/SFM/recovery.json
