Warning: You are sending unauthenticated requests to the HF Hub. Please set a HF_TOKEN to enable higher rate limits and faster downloads.
=== Unconditional generation ===
  KL_uni=0.0014  KL_bi=1.4466  KL_tri=5.1159  H_gen=2.8415
  sample[0]: 'crr mifvtiaaaerkre aeennvah tnmeesaneddkretse  h ott dla bslrosas hot nheieip ndrybasoabw gdpeap yorooa hraiwogosro niu  naalt   s sntmhedcnn loar fiunt n eoyttizfr tashheclaioesariy h ln chogip eraie deaeno p  poa naldte  celienu ncnzfrniss ioloe   s   tg'
  sample[1]: 'u  rcdnfaa hnx diieaadudm l va rbrrantdte  i t ac tr iotprsinis atodp    arh ns kbsiev s hevyresiserceiataahcssfrmatmti   ysytohtolitine rhhtthteoycisa reeot  lois e eoe dctiettotbr srnycachr caiede a tvrere reihv stumih raeserresu eddrieonamefclarthartoi '

=== Recovery from perturbation ===
  embed_norm_mean=12.2723  σ_source=0.1000
    α  σ_perturb        Δ  tok_acc tok_acc_pt    KL_bi  sample[0]: gt / pt / rc
 0.10      0.100  -0.0000   0.9032     0.9032   0.2638  gt='e the capital of one government after another one of such governments was established in one eight six four as a second mexican empire the short lived monarchy led by maximilian of habsburg left its mark on the reconstruction of chapultepec castle and othe'
                                             pt='e the capital of one governmenteafter nnohher zne oflsuch govarnments was ksthblis ed inlone eight sqx nour as a secondrmexican empire the shoru livea monarchy led by maximilzan of hjbvbusw left its mark on thn recvnstruction of chapultepec cattle and othe'
                                             rc='e the capital of one governmenteafter nnohher zne oflsuch govarnments was ksthblis ed inlone eight s x nour as a secondrmexican empire the shoru livea monarchy led by maximilzan of hjbvbusw left its mark on thn recvnstruction of chapultepec cattle and othe'
 0.30      0.300   0.0019   0.7140     0.7122   0.7819  gt='e the capital of one government after another one of such governments was established in one eight six four as a second mexican empire the short lived monarchy led by maximilian of habsburg left its mark on the reconstruction of chapultepec castle and othe'
                                             pt='e the iapipzl bf one govgyfjent ffter anothdr one if zych godfrnmkntf wus bstablispjd innonexeige qsix vour as awsyconnwfeyicanlempive thegshort lioed monarchr meosby mwxlmilian oothaesburg left ins marf onwt e resvestrucmdov of chopuhtdpdc claxle and othe'
                                             rc='e the iapipzl bf one govgyf ent ffter anothdr one if  ych godfrnmkntf wus bstablisp d innone eige  si  vour as awsyconnwfeyicanlempive thegshort lioed monarchr meosby mw lmilian oothaesburg left ins marf onwt e resvestrucmdov of chopuhtdpdc cla le and othe'
 0.50      0.500   0.0091   0.5264     0.5173   1.5559  gt='e the capital of one government after another one of such governments was established in one eight six four as a second mexican empire the short lived monarchy led by maximilian of habsburg left its mark on the reconstruction of chapultepec castle and othe'
                                             pt='e zhe clpiuilqmfiobxa yvulcuent kfeerownotdd  une mu zmbh gtvlrnkdntb wasfqsrapoppcldjnh ypevqkghs sexxxpkeyasnnvseswnkschxjcrx bmpmreutyershort lived nfuerxhy lhjoxcpmxdikilian oh hobsburg lqot itezsarkijgvjhe rqcsqstrucqion ou ssapultekecylrsoxexatd o dc'
                                             rc='e  he clpiuil mfiob a yvulcuent  feerownotdd  une mu  mbh gtvlrn dntb wasf srapoppcld nh ypev  ghs se   p eyasnnvseswn sch  cr  bmpmreutyershort lived nfuer hy lh o cpm di ilian oh hobsburg l ot ite sar i gv he r cs struc ion ou ssapulte ecylrso e atd o dc'
 0.70      0.700   0.0178   0.3454     0.3277   2.9383  gt='e the capital of one government after another one of such governments was established in one eight six four as a second mexican empire the short lived monarchy led by maximilian of habsburg left its mark on the reconstruction of chapultepec castle and othe'
                                             pt='uttueljakilpyuen inbozzvvpnzkqx hsterfqnqtgetjonwwlknskcb wmvorecebfsfoas m tlcfijfe  iumofdhczxhtcubxdaouh xn mgmegnkeikxniafn xmwx npthellhnreopdssdtmokarchqtcgd blbbativ syaq bfadjbsyur wgbftflty sogqfjrgttl k cyesurcbtyonjeuncnmsflvexekecassloraed clhc'
                                             rc='uttuel a ilpyuen in o    pn     hsterf n tget on  l ns c   m orece fsfoas m tlcfi fe  iumofdhc  htcu  daouh  n mgmegn ei  niafn  m   npthellhnreopdssdtmo arch tcgd  l  ati  sya   fad  syur  g ftflty sog f rgttl   cyesurc tyon euncnmsfl e e ecassloraed clhc'
 1.00      1.000   0.1327   0.1691     0.0364  28.5671  gt='e the capital of one government after another one of such governments was established in one eight six four as a second mexican empire the short lived monarchy led by maximilian of habsburg left its mark on the reconstruction of chapultepec castle and othe'
                                             pt='uscsowlsgoteakorargbpennbatqlxxsvvco covfxlokschzxbshhjeztezgrzgisfarwmxpjlvnlttao aramnrmakbhn ynmohvlahjyamruwg nh hxgcewxihecyueaq fdqrijtkdesnaogbmdgokksmlifoqigw tbfej flmywtox ykjsdsaspfxnykpad aikffccjehoadbwfceadpaugdhygirxvrknlzsokpaezvbafniufqdiw'
                                             rc='                                                                                                                                                                                                                                                                '

Wrote runs/sflm_bench_a100_20g_L256/DFM/recovery.json
