Warning: You are sending unauthenticated requests to the HF Hub. Please set a HF_TOKEN to enable higher rate limits and faster downloads.
Traceback (most recent call last):
  File "/home/renku/work/aitchinson-flow/scripts/recovery_check.py", line 423, in <module>
    raise SystemExit(main())
                     ^^^^^^
  File "/home/renku/work/aitchinson-flow/scripts/recovery_check.py", line 224, in main
    ref_scores = _score_stats(model, z_ref)
                 ^^^^^^^^^^^^^^^^^^^^^^^^^^
  File "/home/renku/work/aitchinson-flow/scripts/recovery_check.py", line 99, in _score_stats
    grad_norm = model.score_gradient_norm(x).cpu()
                ^^^^^^^^^^^^^^^^^^^^^^^^^^^^
  File "/home/renku/work/aitchinson-flow/src/aitchinson_flow/models/eqm_ae.py", line 268, in score_gradient_norm
    v = self.forward(x_req, gamma, pad_mask=pad_mask)
        ^^^^^^^^^^^^^^^^^^^^^^^^^^^^^^^^^^^^^^^^^^^^^
  File "/home/renku/work/aitchinson-flow/src/aitchinson_flow/models/eqm_ae.py", line 209, in forward
    return self.backbone(x, gamma, pad_mask=pad_mask)
           ^^^^^^^^^^^^^^^^^^^^^^^^^^^^^^^^^^^^^^^^^^
  File "/layers/paketo-buildpacks_pip-install/packages/lib/python3.11/site-packages/torch/nn/modules/module.py", line 1779, in _wrapped_call_impl
    return self._call_impl(*args, **kwargs)
           ^^^^^^^^^^^^^^^^^^^^^^^^^^^^^^^^
  File "/layers/paketo-buildpacks_pip-install/packages/lib/python3.11/site-packages/torch/nn/modules/module.py", line 1790, in _call_impl
    return forward_call(*args, **kwargs)
           ^^^^^^^^^^^^^^^^^^^^^^^^^^^^^
  File "/home/renku/work/aitchinson-flow/src/aitchinson_flow/models/eqm_ae.py", line 126, in forward
    h = self.transformer(h, src_key_padding_mask=pad_mask)
        ^^^^^^^^^^^^^^^^^^^^^^^^^^^^^^^^^^^^^^^^^^^^^^^^^^
  File "/layers/paketo-buildpacks_pip-install/packages/lib/python3.11/site-packages/torch/nn/modules/module.py", line 1779, in _wrapped_call_impl
    return self._call_impl(*args, **kwargs)
           ^^^^^^^^^^^^^^^^^^^^^^^^^^^^^^^^
  File "/layers/paketo-buildpacks_pip-install/packages/lib/python3.11/site-packages/torch/nn/modules/module.py", line 1790, in _call_impl
    return forward_call(*args, **kwargs)
           ^^^^^^^^^^^^^^^^^^^^^^^^^^^^^
  File "/layers/paketo-buildpacks_pip-install/packages/lib/python3.11/site-packages/torch/nn/modules/transformer.py", line 540, in forward
    output = mod(
             ^^^^
  File "/layers/paketo-buildpacks_pip-install/packages/lib/python3.11/site-packages/torch/nn/modules/module.py", line 1779, in _wrapped_call_impl
    return self._call_impl(*args, **kwargs)
           ^^^^^^^^^^^^^^^^^^^^^^^^^^^^^^^^
  File "/layers/paketo-buildpacks_pip-install/packages/lib/python3.11/site-packages/torch/nn/modules/module.py", line 1790, in _call_impl
    return forward_call(*args, **kwargs)
           ^^^^^^^^^^^^^^^^^^^^^^^^^^^^^
  File "/layers/paketo-buildpacks_pip-install/packages/lib/python3.11/site-packages/torch/nn/modules/transformer.py", line 950, in forward
    x = x + self._ff_block(self.norm2(x))
            ^^^^^^^^^^^^^^^^^^^^^^^^^^^^^
  File "/layers/paketo-buildpacks_pip-install/packages/lib/python3.11/site-packages/torch/nn/modules/transformer.py", line 981, in _ff_block
    x = self.linear2(self.dropout(self.activation(self.linear1(x))))
                                  ^^^^^^^^^^^^^^^^^^^^^^^^^^^^^^^^
  File "/layers/paketo-buildpacks_pip-install/packages/lib/python3.11/site-packages/torch/nn/functional.py", line 1723, in relu
    result = torch.relu(input)
             ^^^^^^^^^^^^^^^^^
RuntimeError: NVML_SUCCESS == r INTERNAL ASSERT FAILED at "/pytorch/c10/cuda/CUDACachingAllocator.cpp":1165, please report a bug to PyTorch. 
