Warning: You are sending unauthenticated requests to the HF Hub. Please set a HF_TOKEN to enable higher rate limits and faster downloads.
=== Unconditional generation ===
  KL_uni=0.0074  KL_bi=0.1971  KL_tri=1.2026  H_gen=2.9182
  sample[0]: 'bltreackh ofmthobsas lxth eran cophecwid sengiarojes jngl meaciin ct ims sere abivaiai anld cond hed ilvhald houles  ut haqs themwish dinorchedicaoaljhiter snagreedaan it vtedcsecion rich so ximanlity and ancmeaicarades be read caw froyermandearcaddstea co'
  sample[1]: ' of latict to theltersite derbht wal a copectunnintol ea in in ifgs alemal coter in stey audeled nachicusomedeanj vemispeial froce fuinco finugkmelies modids epmeratizn tholemattorioviff losent the bemfged tavaeteilocuntion colaed nas ar and aany outx wpil'

=== Recovery from perturbation ===
  embed_norm_mean=12.2723  σ_source=0.1000
    α  σ_perturb        Δ  tok_acc tok_acc_pt    KL_bi  sample[0]: gt / pt / rc
 0.10      0.100   0.0268   0.9193     0.8924   0.1570  gt='e the capital of one government after another one of such governments was established in one eight six four as a second mexican empire the short lived monarchy led by maximilian of habsburg left its mark on the reconstruction of chapultepec castle and othe'
                                             pt='eathe fapital of one governuentjafter another one qfbsuchkgiveznments mas establishedrin onr eight six four as a second mexican empirqetze short lived monarchc led by macimilian of habsbtrg left its mark on the reconstouctionlof chapultepec cascle and othe'
                                             rc='eathe capital of one governuentjafter another one qf suchkgivernments mas established in onr eight six four as a second mexican empireetze short lived monarchc led by macimilian of habsbtrg lent its mark on the reconstouctionlof chapultepec cascle and othe'
 0.30      0.300   0.1054   0.8800     0.7746   0.1607  gt='e the capital of one government after another one of such governments was established in one eight six four as a second mexican empire the short lived monarchy led by maximilian of habsburg left its mark on the reconstruction of chapultepec castle and othe'
                                             pt='e the cajitfu jfoone govbrxdent afwerhanothrh oneuox such goveroments mas estgblsshedqin one eighu six frcr asma second memicanremprre the scortalived mofarchy amd cy mawimilian of hmbsbupm lkft irs rark on tte rpconstruction of ch puxtekbc castte and otqe'
                                             rc='e the calitau of one govbrxdent after anothrr one of such goveroments mas established in one eight six frur as a second menican ampire the shortalived momarchy amd cy mawimilian of hmb bure lkft its rark on the rpconstruction of ch puxtepec castle and othe'
 0.50      0.500   0.1925   0.7729     0.5804   0.1705  gt='e the capital of one government after another one of such governments was established in one eight six four as a second mexican empire the short lived monarchy led by maximilian of habsburg left its mark on the reconstruction of chapultepec castle and othe'
                                             pt='k thezclphral of zni goyrrnmeltr ster anqtver oye ll sumhjxoyllnmeqts waszesyablizhxdtinrore eiphfhb xhbo k as nuiecxlp mixican ekpcrefthedshlrt libegrgoyar j glem bzemgximmfots omlquob urg yefobits ggry  n the aeconssrucupcfwof chbjultepec bavtlepand nthe'
                                             rc='e thezcaperal of one governmeltr ster another one of such govelnments was establiphed inrone eighf s x four as a necond mixican expire the short libed monarce glem by mgxism ots reloven urg yero its mary on the reconstrucuicnion chbpulteves bavtle and othe'
 0.70      0.700   0.1903   0.5206     0.3302   0.1865  gt='e the capital of one government after another one of such governments was established in one eight six four as a second mexican empire the short lived monarchy led by maximilian of habsburg left its mark on the reconstruction of chapultepec castle and othe'
                                             pt='yvnhve vwieiopbfybtk g veggmvnovokirridvopher ongsewjhzcs boiebnmdnjlspus nkbablishm  oisoas sogtt umxysvul gzeoxswbony mzrhtad emamscdwnhysqdnqmix sd nplxzzhyppeufbxzkstiy lnap oo jauticqkmlnfi stkkmahdnflmirewdecjvsjryobiox qo lyxhwhtzpsz cvsmlpuanmihkpe'
                                             rc='e the  ywition faber a veggmend oeveripeopher one of hech comernidans wus albablishmn onsias sight and scul  leatsebone maritan emaise unt secnqmix ed anlicchyple one ketiy lnaw oo lautiark lers sto mahd re the rect strlation of lyhoolteanz cavele and onpe'
 1.00      1.000   0.0361   0.0735     0.0374   0.1948  gt='e the capital of one government after another one of such governments was established in one eight six four as a second mexican empire the short lived monarchy led by maximilian of habsburg left its mark on the reconstruction of chapultepec castle and othe'
                                             pt='xzhgiwfckvenlacbyuxvssucbdqycvkekwslozqjttamtpxbalnxzjmglinveoufiqcqzqylyaekohq  nxwovwjas ppag hfdaudmfbvddkxscibzadglfcblzbodgfdxnagmgetmukgfvevnooghtwqwmrvholpiqe ilctxwbcq jwosfyigepzegopzavjqpgrjajdtqjsrjbozivcthsqidqbiowujolkdkfgwdwtbjpqhnyhejwzabedf'
                                             rc='x hoimen senl ane dissucbard a eie lozent attexbalext agtingeo fine ace aalinge one ovemon phag ht audan vddecscibdrd lackl bo modd agize mungive norghtwhwophcolrize il twobch rwo oye e zegop amaqier anghtisring thithsmidebitity ond fottwee phon hejczace f'

Wrote runs/sflm_bench_a100_20g_L256/DirichletFM_ep30_d30k/recovery.json
