Warning: You are sending unauthenticated requests to the HF Hub. Please set a HF_TOKEN to enable higher rate limits and faster downloads.
[from plain DirichletFM] loaded 129 tensors into model.dfm (exact match, 0 missing / 0 unexpected).
[stage 2 hinge] training SVGP via contrastive hinge
  ckpt:      runs/sflm_bench_a100_20g_L256/DirichletFM_ep30_d30k/epoch_final.pt
  n_epochs:  5
  lr:        0.001
  t_eval:    4.5
  margin:    2.0
  train_pooler: True
  [hinge] step    1  hinge=1.6823  E_clean=+0.1259  E_invalid=+0.3746  gap=+0.2487
  [hinge] step   20  hinge=35.5902  E_clean=-5.4551  E_invalid=-2.7032  gap=+2.7519
  [hinge] step   40  hinge=6.4071  E_clean=+2.2691  E_invalid=+4.7147  gap=+2.4456
  [hinge] step   60  hinge=2.8421  E_clean=+1.0941  E_invalid=+2.5412  gap=+1.4471
  [hinge] step   80  hinge=0.9994  E_clean=+0.2051  E_invalid=+1.6664  gap=+1.4613
  [hinge] step  100  hinge=0.3670  E_clean=+0.1433  E_invalid=+2.3492  gap=+2.2059
  [hinge] step  120  hinge=0.3337  E_clean=-0.0385  E_invalid=+2.1795  gap=+2.2180
  [hinge] step  140  hinge=0.3133  E_clean=-0.0547  E_invalid=+2.1673  gap=+2.2220
  [hinge] step  160  hinge=0.6590  E_clean=+0.4183  E_invalid=+2.3514  gap=+1.9331
  [hinge] step  180  hinge=0.5525  E_clean=+0.0661  E_invalid=+2.0478  gap=+1.9816
  [hinge] step  200  hinge=0.1285  E_clean=+0.0606  E_invalid=+2.4639  gap=+2.4033
  [hinge] step  220  hinge=0.3125  E_clean=+0.1750  E_invalid=+2.2822  gap=+2.1072
  [hinge] step  240  hinge=0.3207  E_clean=+0.5118  E_invalid=+2.9394  gap=+2.4276
  [hinge] step  260  hinge=1.5872  E_clean=+0.3313  E_invalid=+2.3162  gap=+1.9849
  [hinge] step  280  hinge=0.5048  E_clean=+0.6363  E_invalid=+2.8324  gap=+2.1961
  [hinge] step  300  hinge=0.6273  E_clean=+0.6380  E_invalid=+2.7752  gap=+2.1372
  [hinge] step  320  hinge=0.4767  E_clean=+0.3555  E_invalid=+2.5869  gap=+2.2314
  [hinge] step  340  hinge=0.3846  E_clean=+0.3662  E_invalid=+3.0566  gap=+2.6904
  [hinge] step  360  hinge=0.3959  E_clean=-0.2325  E_invalid=+2.1844  gap=+2.4168
  [hinge] step  380  hinge=0.0795  E_clean=+0.0532  E_invalid=+2.3537  gap=+2.3005
  [hinge] step  400  hinge=0.2431  E_clean=-0.0565  E_invalid=+2.3188  gap=+2.3752
  [hinge] step  420  hinge=0.6155  E_clean=+0.4129  E_invalid=+2.6304  gap=+2.2174
  [hinge] step  440  hinge=0.2644  E_clean=+0.3196  E_invalid=+2.7079  gap=+2.3884
  [hinge] step  460  hinge=0.8832  E_clean=+0.7674  E_invalid=+3.0387  gap=+2.2712
  [hinge] step  480  hinge=0.3305  E_clean=+0.1162  E_invalid=+2.3202  gap=+2.2041
  [hinge] step  500  hinge=0.3286  E_clean=+0.2953  E_invalid=+2.7269  gap=+2.4317
  [hinge] step  520  hinge=0.5702  E_clean=+0.3022  E_invalid=+2.6998  gap=+2.3976
  [hinge] step  540  hinge=0.5018  E_clean=+0.6166  E_invalid=+3.0882  gap=+2.4716
  [hinge] step  560  hinge=0.2333  E_clean=+0.0085  E_invalid=+2.0870  gap=+2.0785
  [hinge] step  580  hinge=0.4927  E_clean=+0.1542  E_invalid=+2.4365  gap=+2.2822
  [hinge] step  600  hinge=0.0607  E_clean=+0.1629  E_invalid=+2.6580  gap=+2.4951
  [hinge] step  620  hinge=0.3381  E_clean=-0.3564  E_invalid=+2.2120  gap=+2.5684
  [hinge] step  640  hinge=0.3761  E_clean=-0.1911  E_invalid=+1.9023  gap=+2.0933
  [hinge] step  660  hinge=0.2379  E_clean=+0.2760  E_invalid=+3.2364  gap=+2.9604
  [hinge] step  680  hinge=1.0862  E_clean=-0.2103  E_invalid=+1.8735  gap=+2.0838
  [hinge] step  700  hinge=0.6947  E_clean=+0.5940  E_invalid=+3.4064  gap=+2.8124
  [hinge] step  720  hinge=0.8291  E_clean=-0.5040  E_invalid=+2.0849  gap=+2.5889
  [hinge] step  740  hinge=0.4139  E_clean=+0.2549  E_invalid=+2.9528  gap=+2.6979
  [hinge] step  760  hinge=0.2361  E_clean=-0.0571  E_invalid=+2.1723  gap=+2.2294
  [hinge] step  780  hinge=0.1853  E_clean=+0.3462  E_invalid=+2.4188  gap=+2.0727
  [hinge] step  800  hinge=0.2203  E_clean=+0.2309  E_invalid=+2.2695  gap=+2.0385
  [hinge] step  820  hinge=0.3988  E_clean=-0.1713  E_invalid=+2.3084  gap=+2.4797
  [hinge] step  840  hinge=0.1644  E_clean=-0.0733  E_invalid=+2.4831  gap=+2.5564
  [hinge] step  860  hinge=0.1952  E_clean=+0.0671  E_invalid=+2.3887  gap=+2.3215
  [hinge] step  880  hinge=0.6086  E_clean=+0.3530  E_invalid=+2.9195  gap=+2.5666
  [hinge] step  900  hinge=0.1947  E_clean=-0.2050  E_invalid=+2.4152  gap=+2.6202
  [hinge] step  920  hinge=0.3610  E_clean=-0.2099  E_invalid=+2.4121  gap=+2.6220
  [hinge] step  940  hinge=0.4283  E_clean=+0.4839  E_invalid=+2.9568  gap=+2.4729
  [hinge] step  960  hinge=0.4564  E_clean=-0.3624  E_invalid=+1.9114  gap=+2.2738
  [hinge] step  980  hinge=0.9260  E_clean=+0.8681  E_invalid=+3.2743  gap=+2.4062
  [hinge] step 1000  hinge=0.3192  E_clean=-0.0950  E_invalid=+2.3054  gap=+2.4005
  [hinge] step 1020  hinge=0.5041  E_clean=+0.2683  E_invalid=+2.9284  gap=+2.6600
  [hinge] step 1040  hinge=0.3447  E_clean=+0.4367  E_invalid=+2.9714  gap=+2.5347
  [hinge] step 1060  hinge=0.4209  E_clean=+0.2866  E_invalid=+2.4964  gap=+2.2098
  [hinge] step 1080  hinge=0.7891  E_clean=-0.2864  E_invalid=+2.1566  gap=+2.4430
  [hinge] step 1100  hinge=0.2360  E_clean=+0.1774  E_invalid=+3.0464  gap=+2.8691
  [hinge] step 1120  hinge=0.4582  E_clean=+0.5249  E_invalid=+3.0078  gap=+2.4828
  [hinge] step 1140  hinge=0.3361  E_clean=+0.5569  E_invalid=+3.3257  gap=+2.7688
  [hinge] step 1160  hinge=0.3941  E_clean=+0.1969  E_invalid=+2.5408  gap=+2.3439
  [hinge] step 1180  hinge=0.2431  E_clean=+0.1912  E_invalid=+2.1621  gap=+1.9709
  [hinge] step 1200  hinge=0.1971  E_clean=-0.0512  E_invalid=+2.5157  gap=+2.5669
  [hinge] step 1220  hinge=0.5558  E_clean=-0.0653  E_invalid=+2.3026  gap=+2.3679
  [hinge] step 1240  hinge=0.6390  E_clean=+0.5266  E_invalid=+3.1487  gap=+2.6221
  [hinge] step 1260  hinge=0.5589  E_clean=+0.3429  E_invalid=+3.0379  gap=+2.6950
  [hinge] step 1280  hinge=0.2800  E_clean=-0.3666  E_invalid=+2.3819  gap=+2.7485
  [hinge] step 1300  hinge=0.1666  E_clean=+0.3148  E_invalid=+2.8134  gap=+2.4986
  [hinge] step 1320  hinge=0.0409  E_clean=+0.1011  E_invalid=+2.8028  gap=+2.7017
  [hinge] step 1340  hinge=0.1794  E_clean=+0.0117  E_invalid=+2.2337  gap=+2.2219
  [hinge] step 1360  hinge=0.3102  E_clean=+0.0360  E_invalid=+2.5749  gap=+2.5389
  [hinge] step 1380  hinge=0.1944  E_clean=-0.1309  E_invalid=+2.4040  gap=+2.5349
  [hinge] step 1400  hinge=0.2344  E_clean=-0.2474  E_invalid=+2.2369  gap=+2.4843
  [hinge] step 1420  hinge=0.4368  E_clean=+0.3149  E_invalid=+2.9998  gap=+2.6850
  [hinge] step 1440  hinge=0.0219  E_clean=+0.0523  E_invalid=+2.6992  gap=+2.6469
  [hinge] step 1460  hinge=0.2308  E_clean=+0.1388  E_invalid=+2.9653  gap=+2.8264
  [hinge] step 1480  hinge=0.4987  E_clean=+0.2754  E_invalid=+2.4258  gap=+2.1504
  [hinge] step 1500  hinge=0.2845  E_clean=-0.1821  E_invalid=+2.5863  gap=+2.7684
  [hinge] step 1520  hinge=0.2046  E_clean=-0.1263  E_invalid=+2.4241  gap=+2.5505
  [hinge] step 1540  hinge=0.2734  E_clean=+0.3270  E_invalid=+2.5059  gap=+2.1789
  [hinge] step 1560  hinge=0.3531  E_clean=+0.1775  E_invalid=+2.5275  gap=+2.3500
  [hinge] step 1580  hinge=0.3104  E_clean=+0.0414  E_invalid=+2.6030  gap=+2.5616
  [hinge] step 1600  hinge=0.3144  E_clean=+0.0301  E_invalid=+2.1304  gap=+2.1003
  [hinge] step 1620  hinge=0.1574  E_clean=+0.0478  E_invalid=+2.6147  gap=+2.5669
  [hinge] step 1640  hinge=0.1276  E_clean=-0.1576  E_invalid=+2.3220  gap=+2.4797
  [hinge] step 1660  hinge=0.2274  E_clean=+0.0786  E_invalid=+2.5148  gap=+2.4363
  [hinge] step 1680  hinge=0.3534  E_clean=+0.1560  E_invalid=+2.4401  gap=+2.2842
  [hinge] step 1700  hinge=0.3332  E_clean=+0.2973  E_invalid=+2.7590  gap=+2.4616
  [hinge] step 1720  hinge=0.5740  E_clean=+0.2876  E_invalid=+2.6443  gap=+2.3567
  [hinge] step 1740  hinge=0.2366  E_clean=+0.2269  E_invalid=+2.5020  gap=+2.2750
  [hinge] step 1760  hinge=0.4546  E_clean=-0.1550  E_invalid=+2.0277  gap=+2.1827
  [hinge] step 1780  hinge=0.0446  E_clean=-0.0154  E_invalid=+2.7482  gap=+2.7637
  [hinge] step 1800  hinge=0.3565  E_clean=-0.1103  E_invalid=+1.9743  gap=+2.0846
  [hinge] step 1820  hinge=0.4808  E_clean=+0.2414  E_invalid=+2.8878  gap=+2.6465
  [hinge] step 1840  hinge=0.4087  E_clean=+0.5180  E_invalid=+2.9025  gap=+2.3845
  [hinge] step 1860  hinge=0.4828  E_clean=+0.4843  E_invalid=+2.6135  gap=+2.1292
  [hinge] step 1880  hinge=0.2329  E_clean=+0.1836  E_invalid=+2.4149  gap=+2.2313
  [hinge] step 1900  hinge=0.2700  E_clean=+0.0551  E_invalid=+2.5936  gap=+2.5385
  [hinge] step 1920  hinge=0.1830  E_clean=+0.0722  E_invalid=+2.5828  gap=+2.5106
  [hinge] step 1940  hinge=0.3344  E_clean=-0.0923  E_invalid=+2.1828  gap=+2.2751
  [hinge] step 1960  hinge=0.1942  E_clean=-0.0428  E_invalid=+2.3941  gap=+2.4369
  [hinge] step 1980  hinge=0.2879  E_clean=-0.0196  E_invalid=+2.3417  gap=+2.3613
  [hinge] step 2000  hinge=0.1069  E_clean=+0.1392  E_invalid=+2.5312  gap=+2.3920
  [hinge] step 2020  hinge=0.2059  E_clean=-0.0591  E_invalid=+2.2636  gap=+2.3228
  [hinge] step 2040  hinge=0.2134  E_clean=-0.2789  E_invalid=+2.4464  gap=+2.7253
  [hinge] step 2060  hinge=0.1663  E_clean=-0.1999  E_invalid=+2.6922  gap=+2.8921
  [hinge] step 2080  hinge=0.1866  E_clean=-0.1042  E_invalid=+2.3062  gap=+2.4104
  [hinge] step 2100  hinge=0.3969  E_clean=+0.4922  E_invalid=+2.6797  gap=+2.1875
  [hinge] step 2120  hinge=0.4850  E_clean=+0.5208  E_invalid=+2.5644  gap=+2.0435
  [hinge] step 2140  hinge=0.6797  E_clean=+0.2316  E_invalid=+2.4375  gap=+2.2059
  [hinge] step 2160  hinge=0.1756  E_clean=-0.0062  E_invalid=+2.2549  gap=+2.2612
  [hinge] step 2180  hinge=0.1584  E_clean=-0.0424  E_invalid=+2.3235  gap=+2.3659
  [hinge] step 2200  hinge=0.1596  E_clean=-0.0346  E_invalid=+2.4369  gap=+2.4714
  [hinge] step 2220  hinge=0.2226  E_clean=+0.3788  E_invalid=+2.5502  gap=+2.1714
  [hinge] step 2240  hinge=0.1486  E_clean=-0.1443  E_invalid=+2.4255  gap=+2.5698
  [hinge] step 2260  hinge=0.1216  E_clean=+0.1566  E_invalid=+2.3590  gap=+2.2024
  [hinge] step 2280  hinge=0.1542  E_clean=+0.1198  E_invalid=+2.4261  gap=+2.3063
  [hinge] step 2300  hinge=0.5540  E_clean=+0.5408  E_invalid=+3.1970  gap=+2.6562
  [hinge] step 2320  hinge=0.1422  E_clean=+0.1289  E_invalid=+2.6215  gap=+2.4927
  [hinge] step 2340  hinge=0.1264  E_clean=+0.1685  E_invalid=+2.5777  gap=+2.4093
  [hinge] step 2360  hinge=0.8028  E_clean=+0.5091  E_invalid=+3.0056  gap=+2.4965
  [hinge] step 2380  hinge=0.4493  E_clean=+0.0003  E_invalid=+2.1091  gap=+2.1088
  [hinge] step 2400  hinge=0.1994  E_clean=+0.0793  E_invalid=+2.3439  gap=+2.2646
  [hinge] step 2420  hinge=0.2227  E_clean=+0.1052  E_invalid=+2.5505  gap=+2.4453
  [hinge] step 2440  hinge=0.1017  E_clean=+0.1174  E_invalid=+2.7031  gap=+2.5857
  [hinge] step 2460  hinge=0.1697  E_clean=+0.2866  E_invalid=+2.3424  gap=+2.0558
  [hinge] step 2480  hinge=0.2903  E_clean=+0.2143  E_invalid=+2.3127  gap=+2.0984
  [hinge] step 2500  hinge=0.1502  E_clean=+0.1224  E_invalid=+2.9821  gap=+2.8597
  [hinge] step 2520  hinge=0.2245  E_clean=+0.2838  E_invalid=+2.3750  gap=+2.0912
  [hinge] step 2540  hinge=0.4689  E_clean=+0.4515  E_invalid=+2.9243  gap=+2.4728
  [hinge] step 2560  hinge=0.1092  E_clean=-0.0501  E_invalid=+2.6155  gap=+2.6656
  [hinge] step 2580  hinge=0.4210  E_clean=+0.4950  E_invalid=+2.7002  gap=+2.2052
  [hinge] step 2600  hinge=0.2840  E_clean=+0.0350  E_invalid=+2.6862  gap=+2.6512
  [hinge] step 2620  hinge=0.3095  E_clean=-0.0136  E_invalid=+2.1252  gap=+2.1388
  [hinge] step 2640  hinge=0.1807  E_clean=+0.0659  E_invalid=+2.4954  gap=+2.4295
  [hinge] step 2660  hinge=0.1389  E_clean=+0.0687  E_invalid=+2.5657  gap=+2.4970
  [hinge] step 2680  hinge=0.2089  E_clean=-0.0319  E_invalid=+2.6315  gap=+2.6634
  [hinge] step 2700  hinge=0.1717  E_clean=+0.0541  E_invalid=+2.1669  gap=+2.1128
  [hinge] step 2720  hinge=0.5015  E_clean=-0.2392  E_invalid=+2.2168  gap=+2.4559
  [hinge] step 2740  hinge=0.1875  E_clean=-0.0737  E_invalid=+2.4946  gap=+2.5683
  [hinge] step 2760  hinge=0.1048  E_clean=+0.1092  E_invalid=+2.6329  gap=+2.5237
  [hinge] step 2780  hinge=0.3470  E_clean=-0.1455  E_invalid=+2.2181  gap=+2.3636
  [hinge] step 2800  hinge=0.2716  E_clean=+0.2237  E_invalid=+2.5558  gap=+2.3321
  [hinge] step 2820  hinge=0.3615  E_clean=+0.1209  E_invalid=+2.3803  gap=+2.2594
  [hinge] step 2840  hinge=0.2214  E_clean=+0.0553  E_invalid=+2.4888  gap=+2.4336
  [hinge] step 2860  hinge=0.5936  E_clean=+0.6829  E_invalid=+3.0380  gap=+2.3551
  [hinge] step 2880  hinge=0.3559  E_clean=-0.0031  E_invalid=+2.1492  gap=+2.1524
  [hinge] step 2900  hinge=0.1631  E_clean=-0.0352  E_invalid=+2.4663  gap=+2.5015
  [hinge] step 2920  hinge=0.3985  E_clean=+0.2614  E_invalid=+2.5658  gap=+2.3044
  [hinge] step 2940  hinge=0.8331  E_clean=+0.3667  E_invalid=+2.6424  gap=+2.2757
  [hinge] step 2960  hinge=0.3347  E_clean=+0.3757  E_invalid=+2.8506  gap=+2.4750
  [hinge] step 2980  hinge=0.4096  E_clean=+0.5154  E_invalid=+2.6570  gap=+2.1416
  [hinge] step 3000  hinge=0.1215  E_clean=+0.0507  E_invalid=+2.3545  gap=+2.3039
  [hinge] step 3020  hinge=0.2467  E_clean=+0.1749  E_invalid=+2.6062  gap=+2.4313
  [hinge] step 3040  hinge=0.1316  E_clean=+0.1348  E_invalid=+2.4342  gap=+2.2994
  [hinge] step 3060  hinge=0.1835  E_clean=+0.0178  E_invalid=+2.7681  gap=+2.7503
  [hinge] step 3080  hinge=0.0939  E_clean=+0.0790  E_invalid=+2.7450  gap=+2.6659
  [hinge] step 3100  hinge=0.1143  E_clean=+0.0135  E_invalid=+2.6223  gap=+2.6088
  [hinge] step 3120  hinge=0.3033  E_clean=+0.2306  E_invalid=+2.6624  gap=+2.4319
  [hinge] step 3140  hinge=0.0989  E_clean=-0.0415  E_invalid=+2.4573  gap=+2.4988
  [hinge] step 3160  hinge=0.1484  E_clean=+0.1928  E_invalid=+2.8153  gap=+2.6226
  [hinge] step 3180  hinge=0.7236  E_clean=+0.5252  E_invalid=+3.2070  gap=+2.6818
  [hinge] step 3200  hinge=0.1875  E_clean=+0.2212  E_invalid=+2.2826  gap=+2.0613
  [hinge] step 3220  hinge=0.1089  E_clean=+0.2086  E_invalid=+2.7470  gap=+2.5384
  [hinge] step 3240  hinge=0.1121  E_clean=-0.0529  E_invalid=+2.4209  gap=+2.4738
  [hinge] step 3260  hinge=0.2661  E_clean=+0.2403  E_invalid=+2.5723  gap=+2.3320
  [hinge] step 3280  hinge=0.2138  E_clean=+0.0598  E_invalid=+2.4953  gap=+2.4355
  [hinge] step 3300  hinge=0.0655  E_clean=+0.1316  E_invalid=+2.5162  gap=+2.3846
  [hinge] step 3320  hinge=0.1782  E_clean=-0.0335  E_invalid=+2.4413  gap=+2.4748
  [hinge] step 3340  hinge=0.1514  E_clean=-0.1020  E_invalid=+2.2469  gap=+2.3488
  [hinge] step 3360  hinge=0.1345  E_clean=+0.2610  E_invalid=+2.8888  gap=+2.6278
  [hinge] step 3380  hinge=0.1678  E_clean=+0.0829  E_invalid=+2.4376  gap=+2.3548
  [hinge] step 3400  hinge=0.2582  E_clean=+0.3726  E_invalid=+2.7386  gap=+2.3660
  [hinge] step 3420  hinge=0.3294  E_clean=-0.2039  E_invalid=+2.2497  gap=+2.4537
  [hinge] step 3440  hinge=0.1452  E_clean=-0.0605  E_invalid=+2.5398  gap=+2.6004
  [hinge] step 3460  hinge=0.2232  E_clean=+0.2291  E_invalid=+2.4905  gap=+2.2613
  [hinge] step 3480  hinge=0.4038  E_clean=+0.4860  E_invalid=+2.7163  gap=+2.2304
  [hinge] step 3500  hinge=0.2668  E_clean=+0.0957  E_invalid=+2.2342  gap=+2.1385
  [hinge] step 3520  hinge=0.4369  E_clean=-0.0692  E_invalid=+2.1392  gap=+2.2084
  [hinge] step 3540  hinge=0.1789  E_clean=-0.0571  E_invalid=+2.3425  gap=+2.3996
  [hinge] step 3560  hinge=0.0731  E_clean=-0.0817  E_invalid=+2.5719  gap=+2.6536
  [hinge] step 3580  hinge=0.4055  E_clean=+0.0012  E_invalid=+2.0809  gap=+2.0796
  [hinge] step 3600  hinge=0.1876  E_clean=+0.1068  E_invalid=+2.5387  gap=+2.4319
  [hinge] step 3620  hinge=0.0970  E_clean=+0.1615  E_invalid=+2.4450  gap=+2.2835
  [hinge] step 3640  hinge=0.2466  E_clean=+0.3461  E_invalid=+3.0684  gap=+2.7223
  [hinge] step 3660  hinge=0.3616  E_clean=+0.0825  E_invalid=+2.5464  gap=+2.4639
  [hinge] step 3680  hinge=0.3278  E_clean=-0.0223  E_invalid=+2.1518  gap=+2.1742
  [hinge] step 3700  hinge=0.3006  E_clean=+0.1205  E_invalid=+2.2290  gap=+2.1085
  [hinge] step 3720  hinge=0.4460  E_clean=+0.3331  E_invalid=+2.5285  gap=+2.1954
  [hinge] step 3740  hinge=0.1826  E_clean=+0.2660  E_invalid=+2.2312  gap=+1.9652
  [hinge] step 3760  hinge=0.2949  E_clean=+0.1527  E_invalid=+2.9589  gap=+2.8061
  [hinge] step 3780  hinge=0.1683  E_clean=+0.0901  E_invalid=+2.3196  gap=+2.2295
  [hinge] step 3800  hinge=0.2056  E_clean=-0.1315  E_invalid=+2.3558  gap=+2.4873
  [hinge] step 3820  hinge=0.1022  E_clean=+0.0124  E_invalid=+2.7883  gap=+2.7760
  [hinge] step 3840  hinge=0.1652  E_clean=+0.1142  E_invalid=+2.3286  gap=+2.2144
  [hinge] step 3860  hinge=0.1330  E_clean=-0.0434  E_invalid=+2.3484  gap=+2.3918
  [hinge] step 3880  hinge=0.1196  E_clean=-0.1445  E_invalid=+2.0139  gap=+2.1585
  [hinge] step 3900  hinge=0.1749  E_clean=+0.3354  E_invalid=+2.8379  gap=+2.5025
  [hinge] step 3920  hinge=0.3446  E_clean=+0.3584  E_invalid=+2.7466  gap=+2.3882
  [hinge] step 3940  hinge=0.7178  E_clean=+0.3130  E_invalid=+2.7763  gap=+2.4633
  [hinge] step 3960  hinge=0.1521  E_clean=+0.1062  E_invalid=+2.5718  gap=+2.4656
  [hinge] step 3980  hinge=0.2550  E_clean=-0.0256  E_invalid=+2.3959  gap=+2.4215
  [hinge] step 4000  hinge=0.0992  E_clean=+0.1638  E_invalid=+2.3265  gap=+2.1626
  [hinge] step 4020  hinge=0.2666  E_clean=+0.4377  E_invalid=+2.9732  gap=+2.5355
  [hinge] step 4040  hinge=0.4097  E_clean=+0.6158  E_invalid=+2.8434  gap=+2.2276
  [hinge] step 4060  hinge=0.5159  E_clean=-0.4282  E_invalid=+2.1067  gap=+2.5348
  [hinge] step 4080  hinge=0.1299  E_clean=-0.1069  E_invalid=+2.4626  gap=+2.5695
  [hinge] step 4100  hinge=0.2141  E_clean=+0.0525  E_invalid=+2.2246  gap=+2.1722
  [hinge] step 4120  hinge=0.3114  E_clean=-0.2505  E_invalid=+2.4859  gap=+2.7364
  [hinge] step 4140  hinge=0.0437  E_clean=+0.0784  E_invalid=+2.7449  gap=+2.6665
  [hinge] step 4160  hinge=0.2317  E_clean=+0.0706  E_invalid=+2.3718  gap=+2.3012
  [hinge] step 4180  hinge=0.3293  E_clean=+0.0121  E_invalid=+2.8719  gap=+2.8598
  [hinge] step 4200  hinge=0.1725  E_clean=-0.2268  E_invalid=+2.4143  gap=+2.6411
  [hinge] step 4220  hinge=0.2184  E_clean=-0.2034  E_invalid=+2.1380  gap=+2.3415
  [hinge] step 4240  hinge=0.2231  E_clean=-0.2135  E_invalid=+2.5440  gap=+2.7575
  [hinge] step 4260  hinge=0.2207  E_clean=-0.1112  E_invalid=+2.4450  gap=+2.5562
  [hinge] step 4280  hinge=0.2471  E_clean=-0.0770  E_invalid=+2.3461  gap=+2.4231
  [hinge] step 4300  hinge=0.1185  E_clean=+0.2629  E_invalid=+3.0248  gap=+2.7619
  [hinge] step 4320  hinge=0.7472  E_clean=+0.2348  E_invalid=+2.9768  gap=+2.7420
  [hinge] step 4340  hinge=0.0930  E_clean=+0.0257  E_invalid=+2.3783  gap=+2.3526
  [hinge] step 4360  hinge=0.1517  E_clean=-0.1542  E_invalid=+2.6032  gap=+2.7574
  [hinge] step 4380  hinge=0.3999  E_clean=-0.1554  E_invalid=+2.3235  gap=+2.4789
  [hinge] step 4400  hinge=0.4138  E_clean=-0.0055  E_invalid=+2.4354  gap=+2.4409
  [hinge] step 4420  hinge=0.4225  E_clean=+0.5042  E_invalid=+3.0851  gap=+2.5809
  [hinge] step 4440  hinge=0.3365  E_clean=+0.2880  E_invalid=+2.8415  gap=+2.5535
  [hinge] step 4460  hinge=0.2599  E_clean=+0.4627  E_invalid=+2.9034  gap=+2.4407
  [hinge] step 4480  hinge=0.2927  E_clean=+0.0760  E_invalid=+2.2807  gap=+2.2047
  [hinge] step 4500  hinge=0.1592  E_clean=+0.0185  E_invalid=+2.4209  gap=+2.4024
  [hinge] step 4520  hinge=0.1362  E_clean=+0.0711  E_invalid=+3.0203  gap=+2.9492
  [hinge] step 4540  hinge=0.3353  E_clean=-0.0202  E_invalid=+2.6491  gap=+2.6692
  [hinge] step 4560  hinge=0.1458  E_clean=-0.1161  E_invalid=+2.3623  gap=+2.4784
  [hinge] step 4580  hinge=0.1102  E_clean=+0.1615  E_invalid=+2.6266  gap=+2.4651
  [hinge] step 4600  hinge=0.4627  E_clean=+0.1462  E_invalid=+3.1103  gap=+2.9641
  [hinge] step 4620  hinge=0.4909  E_clean=+0.1011  E_invalid=+2.5649  gap=+2.4637
  [hinge] step 4640  hinge=0.1216  E_clean=+0.2799  E_invalid=+2.8226  gap=+2.5427
  [hinge] step 4660  hinge=0.1848  E_clean=+0.2411  E_invalid=+2.3493  gap=+2.1082
  [hinge] step 4680  hinge=0.3632  E_clean=-0.1263  E_invalid=+2.2296  gap=+2.3559
  [hinge] step 4700  hinge=0.1846  E_clean=+0.3438  E_invalid=+2.6621  gap=+2.3183
  [hinge] step 4720  hinge=0.2237  E_clean=-0.0755  E_invalid=+2.3994  gap=+2.4749
  [hinge] step 4740  hinge=0.2003  E_clean=-0.0603  E_invalid=+2.2609  gap=+2.3212
  [hinge] step 4760  hinge=0.2320  E_clean=+0.0926  E_invalid=+2.5233  gap=+2.4308
  [hinge] step 4780  hinge=0.6317  E_clean=+0.7197  E_invalid=+2.8856  gap=+2.1660
  [hinge] step 4800  hinge=0.1727  E_clean=+0.3861  E_invalid=+3.2226  gap=+2.8364
  [hinge] step 4820  hinge=0.1627  E_clean=+0.3140  E_invalid=+2.6530  gap=+2.3391
  [hinge] step 4840  hinge=0.1785  E_clean=-0.1426  E_invalid=+2.6620  gap=+2.8045
  [hinge] step 4860  hinge=0.1877  E_clean=+0.0167  E_invalid=+2.0687  gap=+2.0520
  [hinge] step 4880  hinge=0.1932  E_clean=-0.0012  E_invalid=+2.6301  gap=+2.6313
  [hinge] step 4900  hinge=0.3417  E_clean=-0.0215  E_invalid=+2.2454  gap=+2.2668
  [hinge] step 4920  hinge=0.0966  E_clean=+0.0747  E_invalid=+2.6812  gap=+2.6065
  [hinge] step 4940  hinge=0.1433  E_clean=+0.0722  E_invalid=+2.8153  gap=+2.7430
  [hinge] step 4960  hinge=0.5543  E_clean=-0.0941  E_invalid=+1.7997  gap=+1.8938
  [hinge] step 4980  hinge=0.2862  E_clean=-0.1189  E_invalid=+2.1648  gap=+2.2837
  [hinge] step 5000  hinge=0.1589  E_clean=-0.0174  E_invalid=+2.5863  gap=+2.6037
  [hinge] step 5020  hinge=0.4630  E_clean=-0.3097  E_invalid=+2.1158  gap=+2.4255
  [hinge] step 5040  hinge=0.2004  E_clean=+0.3158  E_invalid=+3.0514  gap=+2.7355
  [hinge] step 5060  hinge=0.1501  E_clean=+0.2588  E_invalid=+2.5788  gap=+2.3200
  [hinge] step 5080  hinge=0.2396  E_clean=-0.0775  E_invalid=+2.4359  gap=+2.5134
  [hinge] step 5100  hinge=0.3012  E_clean=+0.2540  E_invalid=+2.8840  gap=+2.6299
  [hinge] step 5120  hinge=0.0783  E_clean=+0.0673  E_invalid=+2.7147  gap=+2.6474
  [hinge] step 5140  hinge=0.1972  E_clean=+0.0213  E_invalid=+2.2354  gap=+2.2141
  [hinge] step 5160  hinge=0.0993  E_clean=+0.0964  E_invalid=+2.7552  gap=+2.6588
  [hinge] step 5180  hinge=0.0752  E_clean=+0.0784  E_invalid=+2.6063  gap=+2.5279
  [hinge] step 5200  hinge=0.0812  E_clean=+0.1926  E_invalid=+2.7851  gap=+2.5925
  [hinge] step 5220  hinge=0.1069  E_clean=+0.1815  E_invalid=+2.4806  gap=+2.2991
  [hinge] step 5240  hinge=0.1275  E_clean=+0.2757  E_invalid=+2.4716  gap=+2.1959
  [hinge] step 5260  hinge=0.3228  E_clean=+0.3078  E_invalid=+3.2548  gap=+2.9470
  [hinge] step 5280  hinge=0.1135  E_clean=-0.1628  E_invalid=+2.7784  gap=+2.9411
  [hinge] step 5300  hinge=0.2485  E_clean=+0.1505  E_invalid=+2.3313  gap=+2.1808
  [hinge] step 5320  hinge=0.1743  E_clean=+0.2227  E_invalid=+2.9878  gap=+2.7652
  [hinge] step 5340  hinge=0.5112  E_clean=+0.3636  E_invalid=+2.6994  gap=+2.3359
  [hinge] step 5360  hinge=0.1495  E_clean=+0.0182  E_invalid=+2.7504  gap=+2.7322
  [hinge] step 5380  hinge=0.1892  E_clean=-0.2005  E_invalid=+2.4220  gap=+2.6225
  [hinge] step 5400  hinge=0.2657  E_clean=+0.2223  E_invalid=+2.8024  gap=+2.5801
  [hinge] step 5420  hinge=0.4134  E_clean=-0.0520  E_invalid=+2.3680  gap=+2.4200
  [hinge] step 5440  hinge=0.1723  E_clean=+0.3423  E_invalid=+2.8935  gap=+2.5512
  [hinge] step 5460  hinge=0.0251  E_clean=+0.0581  E_invalid=+2.5021  gap=+2.4440
  [hinge] step 5480  hinge=0.8143  E_clean=+0.3158  E_invalid=+2.1624  gap=+1.8466
  [hinge] step 5500  hinge=0.3120  E_clean=-0.1511  E_invalid=+1.9377  gap=+2.0888
  [hinge] step 5520  hinge=0.4165  E_clean=+0.1167  E_invalid=+2.3124  gap=+2.1957
  [hinge] step 5540  hinge=0.2173  E_clean=-0.1215  E_invalid=+2.1647  gap=+2.2862
  [hinge] step 5560  hinge=0.2345  E_clean=-0.0127  E_invalid=+2.5441  gap=+2.5569
  [hinge] step 5580  hinge=0.2243  E_clean=+0.3291  E_invalid=+3.4419  gap=+3.1127
  [hinge] step 5600  hinge=0.1308  E_clean=+0.0686  E_invalid=+3.2938  gap=+3.2252
  [hinge] step 5620  hinge=0.4618  E_clean=+0.0564  E_invalid=+2.3606  gap=+2.3042
  [hinge] step 5640  hinge=0.1688  E_clean=-0.3131  E_invalid=+2.4264  gap=+2.7396
  [hinge] step 5660  hinge=0.2541  E_clean=+0.3831  E_invalid=+2.6343  gap=+2.2512
  [hinge] step 5680  hinge=0.2123  E_clean=-0.1451  E_invalid=+2.3825  gap=+2.5276
  [hinge] step 5700  hinge=0.1622  E_clean=-0.0408  E_invalid=+2.5082  gap=+2.5490
  [hinge] step 5720  hinge=0.2453  E_clean=+0.0230  E_invalid=+2.4183  gap=+2.3953
  [hinge] step 5740  hinge=0.1870  E_clean=+0.1157  E_invalid=+2.9198  gap=+2.8041
  [hinge] step 5760  hinge=0.1961  E_clean=-0.0605  E_invalid=+2.8848  gap=+2.9452
  [hinge] step 5780  hinge=0.4533  E_clean=-0.1355  E_invalid=+2.4696  gap=+2.6051
  [hinge] step 5800  hinge=0.2078  E_clean=+0.1143  E_invalid=+2.1201  gap=+2.0058
  [hinge] step 5820  hinge=0.2484  E_clean=-0.0277  E_invalid=+2.0286  gap=+2.0563
  [hinge] step 5840  hinge=0.1447  E_clean=+0.0347  E_invalid=+2.6209  gap=+2.5862
  [hinge] step 5860  hinge=0.2264  E_clean=+0.1872  E_invalid=+2.7913  gap=+2.6041
  [hinge] step 5880  hinge=0.3085  E_clean=+0.1594  E_invalid=+2.1788  gap=+2.0194
  [hinge] step 5900  hinge=0.1932  E_clean=-0.0478  E_invalid=+1.9971  gap=+2.0449
  [hinge] step 5920  hinge=0.3889  E_clean=-0.2294  E_invalid=+1.7874  gap=+2.0169
  [hinge] step 5940  hinge=0.9342  E_clean=+0.4434  E_invalid=+2.9993  gap=+2.5559
  [hinge] step 5960  hinge=0.8623  E_clean=-0.2312  E_invalid=+1.8347  gap=+2.0659
  [hinge] step 5980  hinge=0.5084  E_clean=+0.6545  E_invalid=+2.6291  gap=+1.9746
  [hinge] step 6000  hinge=0.0391  E_clean=+0.0533  E_invalid=+2.5977  gap=+2.5444
  [hinge] step 6020  hinge=0.2476  E_clean=+0.2063  E_invalid=+2.8754  gap=+2.6691
  [hinge] step 6040  hinge=0.0844  E_clean=+0.2029  E_invalid=+2.9653  gap=+2.7624
  [hinge] step 6060  hinge=0.1784  E_clean=+0.0965  E_invalid=+2.0949  gap=+1.9985
  [hinge] step 6080  hinge=0.2238  E_clean=+0.1305  E_invalid=+2.6163  gap=+2.4858
  [hinge] step 6100  hinge=0.3866  E_clean=+0.4866  E_invalid=+2.3326  gap=+1.8460
  [hinge] step 6120  hinge=0.1738  E_clean=-0.1408  E_invalid=+2.3748  gap=+2.5156
  [hinge] step 6140  hinge=0.2106  E_clean=+0.1751  E_invalid=+3.1316  gap=+2.9565
  [hinge] step 6160  hinge=0.3343  E_clean=+0.0106  E_invalid=+2.3999  gap=+2.3893
  [hinge] step 6180  hinge=0.1946  E_clean=+0.3092  E_invalid=+2.7769  gap=+2.4677
  [hinge] step 6200  hinge=0.2052  E_clean=+0.3469  E_invalid=+3.0811  gap=+2.7342
  [hinge] step 6220  hinge=0.3727  E_clean=+0.4625  E_invalid=+2.9648  gap=+2.5023
  [hinge] step 6240  hinge=0.1598  E_clean=-0.1365  E_invalid=+3.0490  gap=+3.1855
  [hinge] step 6260  hinge=0.3241  E_clean=+0.4815  E_invalid=+3.2714  gap=+2.7898
  [hinge] step 6280  hinge=0.0992  E_clean=+0.1039  E_invalid=+3.4361  gap=+3.3323
  [hinge] step 6300  hinge=0.1474  E_clean=+0.1692  E_invalid=+2.8015  gap=+2.6323
  [hinge] step 6320  hinge=0.1316  E_clean=+0.0517  E_invalid=+2.7121  gap=+2.6604
  [hinge] step 6340  hinge=0.0864  E_clean=-0.0358  E_invalid=+2.7566  gap=+2.7924
  [hinge] step 6360  hinge=0.2870  E_clean=-0.0326  E_invalid=+2.4157  gap=+2.4483
  [hinge] step 6380  hinge=0.3042  E_clean=-0.1196  E_invalid=+2.3194  gap=+2.4391
  [hinge] step 6400  hinge=0.1813  E_clean=+0.1962  E_invalid=+2.7132  gap=+2.5169
  [hinge] step 6420  hinge=0.4104  E_clean=+0.3259  E_invalid=+3.1967  gap=+2.8708
  [hinge] step 6440  hinge=0.2376  E_clean=-0.0834  E_invalid=+2.3113  gap=+2.3947
  [hinge] step 6460  hinge=0.2956  E_clean=+0.2727  E_invalid=+2.8330  gap=+2.5604
  [hinge] step 6480  hinge=0.1436  E_clean=+0.2669  E_invalid=+3.0910  gap=+2.8241
  [hinge] step 6500  hinge=0.1200  E_clean=+0.1858  E_invalid=+3.1873  gap=+3.0015
  [hinge] step 6520  hinge=0.1334  E_clean=-0.2105  E_invalid=+2.5129  gap=+2.7234
  [hinge] step 6540  hinge=0.1654  E_clean=+0.2500  E_invalid=+2.7079  gap=+2.4578
  [hinge] step 6560  hinge=0.2238  E_clean=-0.2676  E_invalid=+2.7035  gap=+2.9711
  [hinge] step 6580  hinge=0.1893  E_clean=-0.0612  E_invalid=+2.7021  gap=+2.7633
  [hinge] step 6600  hinge=0.3162  E_clean=+0.3909  E_invalid=+2.6678  gap=+2.2770
  [hinge] step 6620  hinge=0.1733  E_clean=-0.0503  E_invalid=+2.2842  gap=+2.3345
  [hinge] step 6640  hinge=0.1187  E_clean=-0.0970  E_invalid=+2.4636  gap=+2.5607
  [hinge] step 6660  hinge=0.1995  E_clean=+0.2404  E_invalid=+3.0196  gap=+2.7791
  [hinge] step 6680  hinge=0.4172  E_clean=+0.2501  E_invalid=+2.5810  gap=+2.3309
  [hinge] step 6700  hinge=0.1814  E_clean=+0.0537  E_invalid=+2.7607  gap=+2.7070
  [hinge] step 6720  hinge=0.3851  E_clean=+0.5300  E_invalid=+3.3713  gap=+2.8413
  [hinge] step 6740  hinge=0.2897  E_clean=-0.1788  E_invalid=+2.4836  gap=+2.6624
  [hinge] step 6760  hinge=0.2109  E_clean=+0.2712  E_invalid=+2.9297  gap=+2.6586
  [hinge] step 6780  hinge=0.1683  E_clean=+0.1844  E_invalid=+2.3767  gap=+2.1922
  [hinge] step 6800  hinge=0.2248  E_clean=-0.2215  E_invalid=+2.3602  gap=+2.5817
  [hinge] step 6820  hinge=0.2203  E_clean=-0.1263  E_invalid=+2.2213  gap=+2.3476
  [hinge] step 6840  hinge=0.1245  E_clean=+0.1624  E_invalid=+2.3493  gap=+2.1869
  [hinge] step 6860  hinge=0.3015  E_clean=+0.2185  E_invalid=+2.4402  gap=+2.2217
  [hinge] step 6880  hinge=0.5772  E_clean=+0.4962  E_invalid=+3.4204  gap=+2.9241
  [hinge] step 6900  hinge=0.1303  E_clean=-0.0296  E_invalid=+2.7605  gap=+2.7901
  [hinge] step 6920  hinge=0.0724  E_clean=+0.2428  E_invalid=+3.2531  gap=+3.0103
  [hinge] step 6940  hinge=0.2679  E_clean=-0.0095  E_invalid=+2.1372  gap=+2.1467
  [hinge] step 6960  hinge=0.1272  E_clean=+0.1471  E_invalid=+2.5231  gap=+2.3761
  [hinge] step 6980  hinge=0.3547  E_clean=+0.3607  E_invalid=+2.8944  gap=+2.5336
  [hinge] step 7000  hinge=0.1175  E_clean=+0.1940  E_invalid=+2.9475  gap=+2.7535
  [hinge] step 7020  hinge=0.2436  E_clean=+0.4119  E_invalid=+3.3081  gap=+2.8962
  [hinge] step 7040  hinge=0.5269  E_clean=+0.6460  E_invalid=+2.4586  gap=+1.8126
  [hinge] step 7060  hinge=0.1838  E_clean=+0.0167  E_invalid=+2.3510  gap=+2.3344
  [hinge] step 7080  hinge=0.2835  E_clean=-0.0484  E_invalid=+2.2039  gap=+2.2523
  [hinge] step 7100  hinge=0.2965  E_clean=-0.0638  E_invalid=+2.0371  gap=+2.1009
  [hinge] step 7120  hinge=0.2880  E_clean=+0.2207  E_invalid=+2.4285  gap=+2.2078
  [hinge] step 7140  hinge=0.2964  E_clean=+0.1509  E_invalid=+2.2273  gap=+2.0764
  [hinge] step 7160  hinge=0.5046  E_clean=+0.1873  E_invalid=+2.6369  gap=+2.4496
  [hinge] step 7180  hinge=0.2646  E_clean=+0.3420  E_invalid=+2.7265  gap=+2.3845
  [hinge] step 7200  hinge=0.2111  E_clean=+0.3872  E_invalid=+2.5270  gap=+2.1398
  [hinge] step 7220  hinge=0.2785  E_clean=-0.3452  E_invalid=+2.8426  gap=+3.1878
  [hinge] step 7240  hinge=0.5077  E_clean=+0.5141  E_invalid=+4.3798  gap=+3.8657
  [hinge] step 7260  hinge=0.3856  E_clean=-0.3438  E_invalid=+2.3232  gap=+2.6670
  [hinge] step 7280  hinge=0.1253  E_clean=+0.1115  E_invalid=+2.5905  gap=+2.4790
  [hinge] step 7300  hinge=0.2077  E_clean=+0.1700  E_invalid=+2.4666  gap=+2.2966
  [hinge] step 7320  hinge=0.3139  E_clean=+0.2749  E_invalid=+3.6533  gap=+3.3784
  [hinge] step 7340  hinge=0.1997  E_clean=-0.1285  E_invalid=+2.0183  gap=+2.1468
  [hinge] step 7360  hinge=0.9283  E_clean=-0.5357  E_invalid=+2.1571  gap=+2.6929
  [hinge] step 7380  hinge=0.0984  E_clean=+0.0948  E_invalid=+3.2094  gap=+3.1146
  [hinge] step 7400  hinge=0.3784  E_clean=+0.4952  E_invalid=+3.2415  gap=+2.7462
  [hinge] step 7420  hinge=0.2980  E_clean=+0.3040  E_invalid=+2.6226  gap=+2.3186
  [hinge] step 7440  hinge=0.1449  E_clean=+0.1658  E_invalid=+2.4525  gap=+2.2868
  [hinge] step 7460  hinge=0.1846  E_clean=-0.0002  E_invalid=+2.1926  gap=+2.1928
  [hinge] step 7480  hinge=0.8343  E_clean=+0.5788  E_invalid=+2.5925  gap=+2.0136
  [hinge] step 7500  hinge=0.1676  E_clean=+0.2157  E_invalid=+2.9042  gap=+2.6885
  [hinge] step 7520  hinge=0.1941  E_clean=+0.0205  E_invalid=+2.2397  gap=+2.2192
  [hinge] step 7540  hinge=0.2485  E_clean=-0.0200  E_invalid=+2.6590  gap=+2.6790
  [hinge] step 7560  hinge=0.3936  E_clean=+0.4483  E_invalid=+2.8014  gap=+2.3531
  [hinge] step 7580  hinge=0.0860  E_clean=+0.1115  E_invalid=+2.4691  gap=+2.3575
  [hinge] step 7600  hinge=0.2088  E_clean=+0.0809  E_invalid=+3.2344  gap=+3.1535
  [hinge] step 7620  hinge=0.4014  E_clean=-0.3583  E_invalid=+2.0719  gap=+2.4301
  [hinge] step 7640  hinge=0.2314  E_clean=+0.1038  E_invalid=+2.4751  gap=+2.3712
  [hinge] step 7660  hinge=0.3327  E_clean=-0.0706  E_invalid=+2.2277  gap=+2.2983
  [hinge] step 7680  hinge=0.2577  E_clean=-0.0819  E_invalid=+2.6734  gap=+2.7553
  [hinge] step 7700  hinge=0.0715  E_clean=-0.0718  E_invalid=+2.3817  gap=+2.4535
  [hinge] step 7720  hinge=0.3622  E_clean=+0.2107  E_invalid=+2.0130  gap=+1.8023
  [hinge] step 7740  hinge=0.1520  E_clean=-0.0843  E_invalid=+2.0940  gap=+2.1783
  [hinge] step 7760  hinge=0.8675  E_clean=+0.3635  E_invalid=+2.4055  gap=+2.0420
  [hinge] step 7780  hinge=0.1299  E_clean=+0.1816  E_invalid=+2.1876  gap=+2.0060
  [hinge] step 7800  hinge=0.4047  E_clean=+0.5861  E_invalid=+2.8386  gap=+2.2525
  [hinge] step 7820  hinge=0.2171  E_clean=+0.3219  E_invalid=+2.6537  gap=+2.3319
  [hinge] step 7840  hinge=0.2096  E_clean=+0.2885  E_invalid=+2.6051  gap=+2.3166
  [hinge] step 7860  hinge=0.4133  E_clean=-0.4364  E_invalid=+2.5442  gap=+2.9806
  [hinge] step 7880  hinge=0.0773  E_clean=-0.1319  E_invalid=+2.7216  gap=+2.8535
  [hinge] step 7900  hinge=0.1832  E_clean=+0.1437  E_invalid=+2.5257  gap=+2.3820
  [hinge] step 7920  hinge=0.4754  E_clean=+0.3371  E_invalid=+2.5949  gap=+2.2578
  [hinge] step 7940  hinge=0.1394  E_clean=-0.0560  E_invalid=+2.5514  gap=+2.6074
  [hinge] step 7960  hinge=0.5228  E_clean=+0.5421  E_invalid=+3.1238  gap=+2.5817
  [hinge] step 7980  hinge=0.3101  E_clean=+0.1766  E_invalid=+2.7140  gap=+2.5373
  [hinge] step 8000  hinge=0.2132  E_clean=+0.1997  E_invalid=+2.5813  gap=+2.3817
  [hinge] step 8020  hinge=0.2472  E_clean=+0.0476  E_invalid=+2.6811  gap=+2.6336
  [hinge] step 8040  hinge=0.4601  E_clean=+0.5403  E_invalid=+3.6878  gap=+3.1475
  [hinge] step 8060  hinge=0.8276  E_clean=+0.7942  E_invalid=+3.5326  gap=+2.7384
  [hinge] step 8080  hinge=0.4592  E_clean=-0.0685  E_invalid=+2.7379  gap=+2.8063
  [hinge] step 8100  hinge=0.1527  E_clean=+0.1465  E_invalid=+3.2931  gap=+3.1466
  [hinge] step 8120  hinge=0.0444  E_clean=+0.0290  E_invalid=+2.7727  gap=+2.7438
  [hinge] step 8140  hinge=3.9284  E_clean=-0.6847  E_invalid=+0.9500  gap=+1.6348
  [hinge] step 8160  hinge=0.4065  E_clean=+0.5125  E_invalid=+3.7904  gap=+3.2779
  [hinge] step 8180  hinge=0.8412  E_clean=-0.3457  E_invalid=+2.7943  gap=+3.1400
  [hinge] step 8200  hinge=0.3636  E_clean=+0.4343  E_invalid=+3.2403  gap=+2.8060
  [hinge] step 8220  hinge=0.5605  E_clean=+0.3426  E_invalid=+2.0799  gap=+1.7373
  [hinge] step 8240  hinge=0.1706  E_clean=+0.0357  E_invalid=+2.4904  gap=+2.4547
  [hinge] step 8260  hinge=0.2046  E_clean=+0.0499  E_invalid=+2.6976  gap=+2.6476
  [hinge] step 8280  hinge=0.1253  E_clean=+0.2976  E_invalid=+2.3638  gap=+2.0662
  [hinge] step 8300  hinge=0.2556  E_clean=+0.0431  E_invalid=+2.0632  gap=+2.0200
  [hinge] step 8320  hinge=0.2976  E_clean=-0.1372  E_invalid=+2.6447  gap=+2.7819
  [hinge] step 8340  hinge=0.2061  E_clean=+0.3704  E_invalid=+3.0503  gap=+2.6799
  [hinge] step 8360  hinge=0.1326  E_clean=-0.0880  E_invalid=+2.5338  gap=+2.6219
  [hinge] step 8380  hinge=0.2692  E_clean=+0.2849  E_invalid=+2.8834  gap=+2.5984
  [hinge] step 8400  hinge=0.0947  E_clean=+0.1041  E_invalid=+2.4754  gap=+2.3713
  [hinge] step 8420  hinge=0.2554  E_clean=-0.2251  E_invalid=+2.4830  gap=+2.7081
  [hinge] step 8440  hinge=0.4373  E_clean=-0.3344  E_invalid=+2.0656  gap=+2.4000
  [hinge] step 8460  hinge=0.0822  E_clean=-0.0795  E_invalid=+2.3741  gap=+2.4537
  [hinge] step 8480  hinge=0.1764  E_clean=+0.2824  E_invalid=+3.1757  gap=+2.8933
  [hinge] step 8500  hinge=0.2646  E_clean=+0.0615  E_invalid=+2.9471  gap=+2.8856
  [hinge] step 8520  hinge=0.4757  E_clean=+0.3043  E_invalid=+3.7883  gap=+3.4840
  [hinge] step 8540  hinge=0.2899  E_clean=+0.3522  E_invalid=+3.3219  gap=+2.9696
  [hinge] step 8560  hinge=0.4515  E_clean=+0.3530  E_invalid=+2.7428  gap=+2.3898
  [hinge] step 8580  hinge=0.3058  E_clean=+0.2427  E_invalid=+3.1283  gap=+2.8855
  [hinge] step 8600  hinge=0.1077  E_clean=+0.1532  E_invalid=+2.2853  gap=+2.1320
  [hinge] step 8620  hinge=0.3256  E_clean=+0.2713  E_invalid=+3.0765  gap=+2.8052
  [hinge] step 8640  hinge=0.2679  E_clean=+0.4866  E_invalid=+2.9666  gap=+2.4800
  [hinge] step 8660  hinge=0.3866  E_clean=+0.3106  E_invalid=+2.8116  gap=+2.5010
  [hinge] step 8680  hinge=0.1081  E_clean=+0.2497  E_invalid=+2.4680  gap=+2.2182
  [hinge] step 8700  hinge=0.1107  E_clean=+0.0705  E_invalid=+2.4408  gap=+2.3704
  [hinge] step 8720  hinge=0.3221  E_clean=-0.2441  E_invalid=+2.0148  gap=+2.2590
  [hinge] step 8740  hinge=0.2416  E_clean=+0.1280  E_invalid=+2.7474  gap=+2.6194
  [hinge] step 8760  hinge=0.2998  E_clean=+0.4437  E_invalid=+2.5582  gap=+2.1145
  [hinge] step 8780  hinge=0.0945  E_clean=-0.0431  E_invalid=+2.7051  gap=+2.7482
  [hinge] step 8800  hinge=0.1009  E_clean=+0.1678  E_invalid=+2.9767  gap=+2.8090
  [hinge] step 8820  hinge=0.0817  E_clean=+0.1972  E_invalid=+3.2305  gap=+3.0333
  [hinge] step 8840  hinge=0.2891  E_clean=-0.2347  E_invalid=+2.2990  gap=+2.5338
  [hinge] step 8860  hinge=0.2146  E_clean=+0.0280  E_invalid=+2.5198  gap=+2.4917
  [hinge] step 8880  hinge=0.1013  E_clean=-0.2241  E_invalid=+2.6223  gap=+2.8464
  [hinge] step 8900  hinge=0.2060  E_clean=-0.2510  E_invalid=+2.3962  gap=+2.6472
  [hinge] step 8920  hinge=0.4189  E_clean=+0.2570  E_invalid=+3.2363  gap=+2.9793
  [hinge] step 8940  hinge=0.0182  E_clean=+0.0222  E_invalid=+2.8822  gap=+2.8601
  [hinge] step 8960  hinge=0.1788  E_clean=+0.0423  E_invalid=+3.0853  gap=+3.0430
  [hinge] step 8980  hinge=0.5837  E_clean=+0.5662  E_invalid=+2.9262  gap=+2.3599
  [hinge] step 9000  hinge=0.1606  E_clean=-0.0158  E_invalid=+3.2031  gap=+3.2189
  [hinge] step 9020  hinge=0.1388  E_clean=+0.1236  E_invalid=+2.3678  gap=+2.2442
  [hinge] step 9040  hinge=0.2685  E_clean=+0.4138  E_invalid=+2.6891  gap=+2.2753
  [hinge] step 9060  hinge=0.2769  E_clean=+0.1719  E_invalid=+2.2560  gap=+2.0842
  [hinge] step 9080  hinge=0.3270  E_clean=-0.0573  E_invalid=+2.2116  gap=+2.2688
  [hinge] step 9100  hinge=0.3192  E_clean=+0.0915  E_invalid=+1.8076  gap=+1.7161
  [hinge] step 9120  hinge=0.1155  E_clean=+0.1040  E_invalid=+2.5997  gap=+2.4957
  [hinge] step 9140  hinge=0.1508  E_clean=-0.2491  E_invalid=+2.2788  gap=+2.5279
  [hinge] step 9160  hinge=0.2144  E_clean=-0.0224  E_invalid=+2.4449  gap=+2.4672
  [hinge] step 9180  hinge=0.2753  E_clean=+0.0622  E_invalid=+2.5243  gap=+2.4621
  [hinge] step 9200  hinge=0.2569  E_clean=+0.0989  E_invalid=+2.4897  gap=+2.3907
  [hinge] step 9220  hinge=0.6684  E_clean=+0.3183  E_invalid=+3.1391  gap=+2.8208
  [hinge] step 9240  hinge=0.1561  E_clean=+0.0714  E_invalid=+2.6786  gap=+2.6073
  [hinge] step 9260  hinge=0.4107  E_clean=-0.2164  E_invalid=+1.9600  gap=+2.1763
  [hinge] step 9280  hinge=0.2446  E_clean=+0.4504  E_invalid=+2.6050  gap=+2.1546
  [hinge] step 9300  hinge=0.1677  E_clean=-0.0265  E_invalid=+2.3093  gap=+2.3358
  [hinge] step 9320  hinge=0.2341  E_clean=+0.1389  E_invalid=+2.4030  gap=+2.2641
  [hinge] step 9340  hinge=0.2928  E_clean=+0.3636  E_invalid=+2.3703  gap=+2.0067
  [hinge] step 9360  hinge=0.2897  E_clean=+0.2147  E_invalid=+2.5524  gap=+2.3377
  [hinge] step 9380  hinge=0.2670  E_clean=+0.1008  E_invalid=+2.2249  gap=+2.1242
  [hinge] step 9400  hinge=0.2733  E_clean=+0.3653  E_invalid=+2.6660  gap=+2.3008
  [hinge] step 9420  hinge=0.1693  E_clean=+0.1780  E_invalid=+2.5656  gap=+2.3876
  [hinge] step 9440  hinge=0.1767  E_clean=-0.1222  E_invalid=+2.4199  gap=+2.5421
  [hinge] step 9460  hinge=0.2958  E_clean=-0.1926  E_invalid=+2.6964  gap=+2.8890
  [hinge] step 9480  hinge=0.2296  E_clean=+0.2563  E_invalid=+2.9364  gap=+2.6802
  [hinge] step 9500  hinge=0.2018  E_clean=+0.1642  E_invalid=+2.0587  gap=+1.8945
  [hinge] step 9520  hinge=0.1773  E_clean=+0.0947  E_invalid=+2.2390  gap=+2.1443
  [hinge] step 9540  hinge=0.2270  E_clean=-0.3259  E_invalid=+2.6069  gap=+2.9328
  [hinge] step 9560  hinge=0.1526  E_clean=-0.0866  E_invalid=+3.2916  gap=+3.3782
  [hinge] step 9580  hinge=0.2127  E_clean=-0.1992  E_invalid=+2.2181  gap=+2.4174
  [hinge] step 9600  hinge=0.6759  E_clean=+0.7182  E_invalid=+3.0235  gap=+2.3054
  [hinge] step 9620  hinge=0.3420  E_clean=+0.3439  E_invalid=+2.4050  gap=+2.0611
  [hinge] step 9640  hinge=0.8645  E_clean=+0.1275  E_invalid=+2.6570  gap=+2.5294
  [hinge] step 9660  hinge=0.4890  E_clean=+0.5824  E_invalid=+3.7022  gap=+3.1198
  [hinge] step 9680  hinge=0.1894  E_clean=+0.2651  E_invalid=+2.5217  gap=+2.2566
  [hinge] step 9700  hinge=0.1758  E_clean=+0.1317  E_invalid=+3.0966  gap=+2.9649
  [hinge] step 9720  hinge=0.1994  E_clean=-0.0593  E_invalid=+2.8359  gap=+2.8952
  [hinge] step 9740  hinge=0.1885  E_clean=-0.0192  E_invalid=+2.5998  gap=+2.6190
  [hinge] step 9760  hinge=0.1344  E_clean=+0.0907  E_invalid=+2.2791  gap=+2.1883
  [hinge] step 9780  hinge=0.1456  E_clean=+0.0631  E_invalid=+2.5330  gap=+2.4699
  [hinge] step 9800  hinge=0.2484  E_clean=+0.1523  E_invalid=+2.4111  gap=+2.2588
  [hinge] step 9820  hinge=0.1197  E_clean=+0.0610  E_invalid=+2.7140  gap=+2.6530
  [hinge] step 9840  hinge=0.3452  E_clean=+0.5132  E_invalid=+3.3378  gap=+2.8246
  [hinge] step 9860  hinge=0.5980  E_clean=+0.1490  E_invalid=+2.7983  gap=+2.6493
  [hinge] step 9880  hinge=0.2801  E_clean=-0.0135  E_invalid=+2.1847  gap=+2.1982
  [hinge] step 9900  hinge=0.2033  E_clean=+0.2193  E_invalid=+2.8129  gap=+2.5936
  [hinge] step 9920  hinge=0.1957  E_clean=+0.2546  E_invalid=+2.8791  gap=+2.6245
  [hinge] step 9940  hinge=0.1128  E_clean=+0.0973  E_invalid=+2.7552  gap=+2.6579
  [hinge] step 9960  hinge=0.0906  E_clean=+0.2022  E_invalid=+2.4901  gap=+2.2879
  [hinge] step 9980  hinge=0.2464  E_clean=+0.2973  E_invalid=+2.1926  gap=+1.8953
  [hinge] step 10000  hinge=0.2045  E_clean=+0.3602  E_invalid=+2.7083  gap=+2.3482
  [hinge] step 10020  hinge=0.4086  E_clean=+0.1306  E_invalid=+2.0315  gap=+1.9009
  [hinge] step 10040  hinge=0.4079  E_clean=+0.4717  E_invalid=+2.5564  gap=+2.0846
  [hinge] step 10060  hinge=0.3528  E_clean=-0.2105  E_invalid=+2.3102  gap=+2.5207
  [hinge] step 10080  hinge=0.3878  E_clean=+0.3328  E_invalid=+2.8854  gap=+2.5526
  [hinge] step 10100  hinge=0.4435  E_clean=+0.4741  E_invalid=+3.1620  gap=+2.6880
  [hinge] step 10120  hinge=0.3124  E_clean=-0.0117  E_invalid=+2.9404  gap=+2.9521
  [hinge] step 10140  hinge=0.1465  E_clean=+0.0012  E_invalid=+2.4446  gap=+2.4434
  [hinge] step 10160  hinge=0.1634  E_clean=+0.0639  E_invalid=+2.4437  gap=+2.3797
  [hinge] step 10180  hinge=0.1488  E_clean=+0.1207  E_invalid=+2.8981  gap=+2.7774
  [hinge] step 10200  hinge=0.1717  E_clean=-0.1186  E_invalid=+2.8724  gap=+2.9910
  [hinge] step 10220  hinge=0.3161  E_clean=+0.2338  E_invalid=+2.7326  gap=+2.4988
  [hinge] step 10240  hinge=0.1194  E_clean=-0.1230  E_invalid=+2.4144  gap=+2.5374
  [hinge] step 10260  hinge=0.1063  E_clean=+0.0644  E_invalid=+2.4700  gap=+2.4056
  [hinge] step 10280  hinge=0.3727  E_clean=-0.0294  E_invalid=+2.0629  gap=+2.0923
  [hinge] step 10300  hinge=0.2242  E_clean=+0.0803  E_invalid=+2.3617  gap=+2.2814
  [hinge] step 10320  hinge=0.4284  E_clean=+0.2067  E_invalid=+2.4235  gap=+2.2168
  [hinge] step 10340  hinge=0.3393  E_clean=+0.5189  E_invalid=+3.5093  gap=+2.9904
  [hinge] step 10360  hinge=0.1730  E_clean=+0.3824  E_invalid=+2.9383  gap=+2.5559
  [hinge] step 10380  hinge=0.1620  E_clean=+0.0485  E_invalid=+2.1760  gap=+2.1276
  [hinge] step 10400  hinge=0.2869  E_clean=-0.0194  E_invalid=+1.9296  gap=+1.9490
  [hinge] step 10420  hinge=0.2777  E_clean=+0.1216  E_invalid=+2.1059  gap=+1.9843
  [hinge] step 10440  hinge=0.6088  E_clean=+0.1053  E_invalid=+2.3086  gap=+2.2034
  [hinge] step 10460  hinge=0.2410  E_clean=+0.0944  E_invalid=+2.4059  gap=+2.3115
  [hinge] step 10480  hinge=0.2222  E_clean=+0.1642  E_invalid=+2.3576  gap=+2.1935
  [hinge] step 10500  hinge=0.3120  E_clean=-0.2948  E_invalid=+2.1076  gap=+2.4024
  [hinge] step 10520  hinge=0.2113  E_clean=+0.1832  E_invalid=+2.5885  gap=+2.4053
  [hinge] step 10540  hinge=0.1867  E_clean=-0.1076  E_invalid=+2.0826  gap=+2.1902
  [hinge] step 10560  hinge=0.2274  E_clean=-0.0091  E_invalid=+2.1457  gap=+2.1548
  [hinge] step 10580  hinge=0.1011  E_clean=+0.0957  E_invalid=+2.6955  gap=+2.5998
  [hinge] step 10600  hinge=0.0341  E_clean=+0.0581  E_invalid=+2.8994  gap=+2.8413
  [hinge] step 10620  hinge=0.2149  E_clean=-0.0261  E_invalid=+2.3378  gap=+2.3639
  [hinge] step 10640  hinge=0.0950  E_clean=+0.0019  E_invalid=+2.5402  gap=+2.5383
  [hinge] step 10660  hinge=0.3175  E_clean=-0.3171  E_invalid=+2.4829  gap=+2.8000
  [hinge] step 10680  hinge=0.6476  E_clean=+0.4270  E_invalid=+3.1529  gap=+2.7259
  [hinge] step 10700  hinge=0.1499  E_clean=+0.0465  E_invalid=+2.5244  gap=+2.4779
  [hinge] step 10720  hinge=0.0869  E_clean=-0.1015  E_invalid=+2.7456  gap=+2.8471
  [hinge] step 10740  hinge=0.2475  E_clean=+0.4175  E_invalid=+3.0930  gap=+2.6755
  [hinge] step 10760  hinge=0.3251  E_clean=+0.3718  E_invalid=+2.5999  gap=+2.2280
  [hinge] step 10780  hinge=0.3677  E_clean=-0.1909  E_invalid=+2.6635  gap=+2.8544
  [hinge] step 10800  hinge=0.0620  E_clean=-0.0313  E_invalid=+3.0813  gap=+3.1126
  [hinge] step 10820  hinge=0.1725  E_clean=+0.0230  E_invalid=+2.7013  gap=+2.6784
  [hinge] step 10840  hinge=0.4471  E_clean=-0.4091  E_invalid=+1.8779  gap=+2.2869
  [hinge] step 10860  hinge=0.0843  E_clean=-0.0203  E_invalid=+2.8995  gap=+2.9197
  [hinge] step 10880  hinge=0.1052  E_clean=+0.2223  E_invalid=+2.9781  gap=+2.7558
  [hinge] step 10900  hinge=0.2070  E_clean=+0.3027  E_invalid=+2.8861  gap=+2.5834
  [hinge] step 10920  hinge=0.4306  E_clean=-0.3645  E_invalid=+2.0663  gap=+2.4308
  [hinge] step 10940  hinge=0.2705  E_clean=+0.4289  E_invalid=+2.4328  gap=+2.0039
  [hinge] step 10960  hinge=0.5893  E_clean=+0.1776  E_invalid=+1.7147  gap=+1.5370
  [hinge] step 10980  hinge=0.6612  E_clean=+0.7055  E_invalid=+3.2422  gap=+2.5368
  [hinge] step 11000  hinge=0.2161  E_clean=+0.0385  E_invalid=+2.3196  gap=+2.2811
  [hinge] step 11020  hinge=0.3382  E_clean=-0.0216  E_invalid=+2.2325  gap=+2.2542
  [hinge] step 11040  hinge=0.1493  E_clean=+0.0310  E_invalid=+2.3858  gap=+2.3549
  [hinge] step 11060  hinge=0.0384  E_clean=+0.0730  E_invalid=+2.5094  gap=+2.4363
  [hinge] step 11080  hinge=0.5093  E_clean=-0.2340  E_invalid=+2.1527  gap=+2.3866
  [hinge] step 11100  hinge=0.1623  E_clean=+0.1314  E_invalid=+2.8975  gap=+2.7661
  [hinge] step 11120  hinge=0.1293  E_clean=+0.1938  E_invalid=+2.3244  gap=+2.1306
  [hinge] step 11140  hinge=0.2106  E_clean=+0.3338  E_invalid=+2.7026  gap=+2.3687
  [hinge] step 11160  hinge=0.3952  E_clean=+0.2092  E_invalid=+2.9393  gap=+2.7301
  [hinge] step 11180  hinge=0.2486  E_clean=+0.2947  E_invalid=+2.7894  gap=+2.4947
  [hinge] step 11200  hinge=0.2983  E_clean=+0.0657  E_invalid=+2.2597  gap=+2.1939
  [hinge] step 11220  hinge=0.8081  E_clean=+0.5545  E_invalid=+3.2164  gap=+2.6619
  [hinge] step 11240  hinge=0.1280  E_clean=+0.1224  E_invalid=+2.2972  gap=+2.1749
  [hinge] step 11260  hinge=0.3075  E_clean=+0.2235  E_invalid=+3.2049  gap=+2.9814
  [hinge] step 11280  hinge=0.3478  E_clean=+0.4602  E_invalid=+3.1359  gap=+2.6757
  [hinge] step 11300  hinge=0.2281  E_clean=-0.1930  E_invalid=+2.2445  gap=+2.4375
  [hinge] step 11320  hinge=0.1021  E_clean=-0.0201  E_invalid=+2.8762  gap=+2.8962
  [hinge] step 11340  hinge=0.2672  E_clean=+0.4276  E_invalid=+2.9063  gap=+2.4787
  [hinge] step 11360  hinge=0.1887  E_clean=-0.2959  E_invalid=+2.5662  gap=+2.8621
  [hinge] step 11380  hinge=0.1452  E_clean=-0.2537  E_invalid=+2.2238  gap=+2.4774
  [hinge] step 11400  hinge=0.1818  E_clean=+0.3850  E_invalid=+2.8579  gap=+2.4729
  [hinge] step 11420  hinge=0.3585  E_clean=+0.2680  E_invalid=+2.5212  gap=+2.2531
  [hinge] step 11440  hinge=0.4042  E_clean=-0.1210  E_invalid=+2.7838  gap=+2.9049
  [hinge] step 11460  hinge=0.1886  E_clean=+0.0014  E_invalid=+2.5687  gap=+2.5672
  [hinge] step 11480  hinge=0.2366  E_clean=-0.0540  E_invalid=+2.7982  gap=+2.8522
  [hinge] step 11500  hinge=0.0337  E_clean=+0.1185  E_invalid=+2.4328  gap=+2.3143
  [hinge] step 11520  hinge=0.2649  E_clean=+0.4069  E_invalid=+2.9708  gap=+2.5639
  [hinge] step 11540  hinge=0.1112  E_clean=+0.3075  E_invalid=+3.1445  gap=+2.8370
  [hinge] step 11560  hinge=0.1145  E_clean=-0.0201  E_invalid=+2.7285  gap=+2.7486
  [hinge] step 11580  hinge=0.1168  E_clean=+0.1182  E_invalid=+3.3977  gap=+3.2794
  [hinge] step 11600  hinge=0.1134  E_clean=+0.0927  E_invalid=+2.3395  gap=+2.2468
  [hinge] step 11620  hinge=0.1671  E_clean=+0.2096  E_invalid=+2.6483  gap=+2.4387
  [hinge] step 11640  hinge=0.0366  E_clean=+0.0995  E_invalid=+2.9950  gap=+2.8955
  [hinge] step 11660  hinge=0.1779  E_clean=-0.0005  E_invalid=+2.6238  gap=+2.6243
  [hinge] step 11680  hinge=0.2278  E_clean=+0.2141  E_invalid=+2.8085  gap=+2.5944
  [hinge] step 11700  hinge=0.1165  E_clean=-0.0665  E_invalid=+2.4999  gap=+2.5665
  [hinge] step 11720  hinge=0.0809  E_clean=+0.2022  E_invalid=+3.3763  gap=+3.1741
  [hinge] step 11740  hinge=0.2123  E_clean=+0.1823  E_invalid=+3.1421  gap=+2.9599
  [hinge] step 11760  hinge=0.2092  E_clean=-0.0598  E_invalid=+2.5416  gap=+2.6014
  [hinge] step 11780  hinge=0.2213  E_clean=+0.3245  E_invalid=+2.5449  gap=+2.2204
  [hinge] step 11800  hinge=0.0685  E_clean=+0.0839  E_invalid=+3.0982  gap=+3.0144
  [hinge] step 11820  hinge=0.6781  E_clean=+0.1528  E_invalid=+3.0069  gap=+2.8540
  [hinge] step 11840  hinge=0.2037  E_clean=+0.3791  E_invalid=+3.1289  gap=+2.7498
  [hinge] step 11860  hinge=0.1765  E_clean=-0.1293  E_invalid=+2.4228  gap=+2.5521
  [hinge] step 11880  hinge=0.4455  E_clean=-0.1264  E_invalid=+2.5104  gap=+2.6367
  [hinge] step 11900  hinge=0.3352  E_clean=+0.0628  E_invalid=+2.6843  gap=+2.6215
  [hinge] step 11920  hinge=0.3229  E_clean=-0.0902  E_invalid=+2.3311  gap=+2.4213
  [hinge] step 11940  hinge=0.1805  E_clean=-0.0534  E_invalid=+2.9186  gap=+2.9719
  [hinge] step 11960  hinge=0.0207  E_clean=+0.0177  E_invalid=+2.7704  gap=+2.7527
  [hinge] step 11980  hinge=0.3486  E_clean=+0.0081  E_invalid=+2.2267  gap=+2.2187
  [hinge] step 12000  hinge=0.1063  E_clean=+0.0716  E_invalid=+2.7143  gap=+2.6427
  [hinge] step 12020  hinge=0.1327  E_clean=-0.0195  E_invalid=+2.7951  gap=+2.8145
  [hinge] step 12040  hinge=0.4206  E_clean=-0.2406  E_invalid=+3.7038  gap=+3.9444
  [hinge] step 12060  hinge=0.1424  E_clean=-0.0248  E_invalid=+2.2551  gap=+2.2800
  [hinge] step 12080  hinge=0.1068  E_clean=-0.1088  E_invalid=+2.8424  gap=+2.9512
  [hinge] step 12100  hinge=0.2814  E_clean=+0.1596  E_invalid=+3.1848  gap=+3.0253
  [hinge] step 12120  hinge=0.4420  E_clean=+0.0598  E_invalid=+2.3508  gap=+2.2910
  [hinge] step 12140  hinge=0.1103  E_clean=+0.2781  E_invalid=+2.9119  gap=+2.6337
  [hinge] step 12160  hinge=0.4220  E_clean=+0.5159  E_invalid=+3.1417  gap=+2.6258
  [hinge] step 12180  hinge=0.8664  E_clean=+0.6641  E_invalid=+3.2173  gap=+2.5532
  [hinge] step 12200  hinge=0.2183  E_clean=+0.3941  E_invalid=+3.1163  gap=+2.7222
  [hinge] step 12220  hinge=0.2586  E_clean=-0.1445  E_invalid=+2.0613  gap=+2.2058
  [hinge] step 12240  hinge=0.2009  E_clean=-0.1511  E_invalid=+2.3077  gap=+2.4589
  [hinge] step 12260  hinge=0.3562  E_clean=-0.3051  E_invalid=+2.6012  gap=+2.9063
  [hinge] step 12280  hinge=0.3049  E_clean=+0.3897  E_invalid=+2.7943  gap=+2.4046
  [hinge] step 12300  hinge=0.1483  E_clean=+0.3358  E_invalid=+2.8878  gap=+2.5520
  [hinge] step 12320  hinge=0.2773  E_clean=+0.4189  E_invalid=+2.6464  gap=+2.2275
  [hinge] step 12340  hinge=0.1448  E_clean=-0.1168  E_invalid=+2.9653  gap=+3.0820
  [hinge] step 12360  hinge=0.1754  E_clean=+0.1352  E_invalid=+2.3929  gap=+2.2576
  [hinge] step 12380  hinge=0.2511  E_clean=+0.0861  E_invalid=+2.4924  gap=+2.4063
  [hinge] step 12400  hinge=0.3831  E_clean=-0.1833  E_invalid=+2.2276  gap=+2.4109
  [hinge] step 12420  hinge=0.0927  E_clean=+0.1210  E_invalid=+2.7428  gap=+2.6218
  [hinge] step 12440  hinge=0.1270  E_clean=+0.1174  E_invalid=+2.7797  gap=+2.6622
  [hinge] step 12460  hinge=0.5944  E_clean=-0.2151  E_invalid=+1.7424  gap=+1.9575
  [hinge] step 12480  hinge=0.1756  E_clean=+0.0266  E_invalid=+2.6154  gap=+2.5888
  [hinge] step 12500  hinge=0.1715  E_clean=+0.2200  E_invalid=+2.9390  gap=+2.7190
  [hinge] step 12520  hinge=0.6938  E_clean=-0.5346  E_invalid=+2.1336  gap=+2.6682
  [hinge] step 12540  hinge=0.2731  E_clean=+0.4279  E_invalid=+3.0214  gap=+2.5936
  [hinge] step 12560  hinge=0.0842  E_clean=+0.1145  E_invalid=+2.5403  gap=+2.4257
  [hinge] step 12580  hinge=0.2213  E_clean=+0.0714  E_invalid=+2.5082  gap=+2.4368
  [hinge] step 12600  hinge=0.4606  E_clean=+0.3743  E_invalid=+3.4995  gap=+3.1252
  [hinge] step 12620  hinge=0.0977  E_clean=-0.0543  E_invalid=+2.8390  gap=+2.8932
  [hinge] step 12640  hinge=0.0790  E_clean=+0.0806  E_invalid=+2.4215  gap=+2.3409
  [hinge] step 12660  hinge=0.1870  E_clean=+0.2955  E_invalid=+2.9670  gap=+2.6715
  [hinge] step 12680  hinge=0.0890  E_clean=+0.2249  E_invalid=+2.6237  gap=+2.3987
  [hinge] step 12700  hinge=0.1576  E_clean=-0.0432  E_invalid=+2.4085  gap=+2.4517
  [hinge] step 12720  hinge=0.1535  E_clean=-0.0962  E_invalid=+2.0635  gap=+2.1596
  [hinge] step 12740  hinge=0.1170  E_clean=+0.1746  E_invalid=+2.2673  gap=+2.0926
  [hinge] step 12760  hinge=0.2966  E_clean=+0.0606  E_invalid=+2.4998  gap=+2.4392
  [hinge] step 12780  hinge=0.2199  E_clean=+0.0838  E_invalid=+2.5896  gap=+2.5058
  [hinge] step 12800  hinge=0.2292  E_clean=+0.0402  E_invalid=+2.5000  gap=+2.4598
  [hinge] step 12820  hinge=0.2845  E_clean=+0.3186  E_invalid=+3.1555  gap=+2.8369
  [hinge] step 12840  hinge=0.4611  E_clean=+0.3507  E_invalid=+2.5343  gap=+2.1836
  [hinge] step 12860  hinge=0.1023  E_clean=+0.0311  E_invalid=+2.9287  gap=+2.8977
  [hinge] step 12880  hinge=0.0979  E_clean=-0.1457  E_invalid=+2.6715  gap=+2.8172
  [hinge] step 12900  hinge=0.3273  E_clean=+0.3941  E_invalid=+3.1034  gap=+2.7093
  [hinge] step 12920  hinge=0.3985  E_clean=+0.3820  E_invalid=+3.0803  gap=+2.6983
  [hinge] step 12940  hinge=0.1905  E_clean=+0.3297  E_invalid=+3.2010  gap=+2.8713
  [hinge] step 12960  hinge=0.0694  E_clean=-0.1148  E_invalid=+2.5241  gap=+2.6389
  [hinge] step 12980  hinge=1.0525  E_clean=+0.4656  E_invalid=+2.6513  gap=+2.1857
  [hinge] step 13000  hinge=0.1886  E_clean=+0.0192  E_invalid=+2.5846  gap=+2.5654
  [hinge] step 13020  hinge=0.1570  E_clean=+0.1059  E_invalid=+2.3953  gap=+2.2894
  [hinge] step 13040  hinge=0.3780  E_clean=-0.3456  E_invalid=+2.0731  gap=+2.4187
  [hinge] step 13060  hinge=0.1640  E_clean=+0.0364  E_invalid=+2.5931  gap=+2.5567
  [hinge] step 13080  hinge=0.0621  E_clean=+0.0899  E_invalid=+2.7799  gap=+2.6900
  [hinge] step 13100  hinge=0.1619  E_clean=+0.2409  E_invalid=+3.0201  gap=+2.7792
  [hinge] step 13120  hinge=0.3797  E_clean=+0.1140  E_invalid=+2.6123  gap=+2.4983
  [hinge] step 13140  hinge=0.0867  E_clean=-0.1279  E_invalid=+2.2071  gap=+2.3350
  [hinge] step 13160  hinge=0.1794  E_clean=+0.2886  E_invalid=+2.6057  gap=+2.3171
  [hinge] step 13180  hinge=0.2206  E_clean=-0.1304  E_invalid=+2.1624  gap=+2.2928
  [hinge] step 13200  hinge=0.1360  E_clean=+0.0674  E_invalid=+2.5593  gap=+2.4920
  [hinge] step 13220  hinge=0.2670  E_clean=+0.0008  E_invalid=+2.4382  gap=+2.4374
  [hinge] step 13240  hinge=0.1266  E_clean=-0.0027  E_invalid=+2.9539  gap=+2.9567
  [hinge] step 13260  hinge=0.2585  E_clean=-0.1531  E_invalid=+2.3296  gap=+2.4827
  [hinge] step 13280  hinge=0.2667  E_clean=+0.2513  E_invalid=+2.6980  gap=+2.4467
  [hinge] step 13300  hinge=0.3163  E_clean=+0.4523  E_invalid=+2.5997  gap=+2.1474
  [hinge] step 13320  hinge=0.3354  E_clean=-0.1840  E_invalid=+1.9497  gap=+2.1337
  [hinge] step 13340  hinge=0.1772  E_clean=+0.1572  E_invalid=+2.3068  gap=+2.1496
  [hinge] step 13360  hinge=0.2096  E_clean=+0.1707  E_invalid=+2.9133  gap=+2.7426
  [hinge] step 13380  hinge=0.3773  E_clean=+0.0205  E_invalid=+2.3503  gap=+2.3298
  [hinge] step 13400  hinge=0.0802  E_clean=-0.0766  E_invalid=+2.4162  gap=+2.4928
  [hinge] step 13420  hinge=0.3401  E_clean=-0.2419  E_invalid=+1.8997  gap=+2.1416
  [hinge] step 13440  hinge=0.3750  E_clean=-0.0144  E_invalid=+2.6291  gap=+2.6435
  [hinge] step 13460  hinge=0.5122  E_clean=+0.0690  E_invalid=+2.0935  gap=+2.0245
  [hinge] step 13480  hinge=0.4989  E_clean=+0.5437  E_invalid=+3.0432  gap=+2.4995
  [hinge] step 13500  hinge=0.0520  E_clean=-0.1227  E_invalid=+2.4634  gap=+2.5861
  [hinge] step 13520  hinge=0.1909  E_clean=+0.1028  E_invalid=+2.8735  gap=+2.7706
  [hinge] step 13540  hinge=0.0811  E_clean=+0.1684  E_invalid=+2.8889  gap=+2.7205
  [hinge] step 13560  hinge=0.1377  E_clean=+0.1046  E_invalid=+2.3129  gap=+2.2083
  [hinge] step 13580  hinge=0.1940  E_clean=+0.0941  E_invalid=+2.5403  gap=+2.4462
  [hinge] step 13600  hinge=0.3209  E_clean=+0.3952  E_invalid=+2.5787  gap=+2.1835
  [hinge] step 13620  hinge=0.1869  E_clean=+0.0288  E_invalid=+3.0110  gap=+2.9822
  [hinge] step 13640  hinge=0.1272  E_clean=+0.0385  E_invalid=+3.1785  gap=+3.1400
  [hinge] step 13660  hinge=0.2599  E_clean=+0.0781  E_invalid=+2.2966  gap=+2.2185
  [hinge] step 13680  hinge=0.2204  E_clean=+0.3617  E_invalid=+2.8519  gap=+2.4903
  [hinge] step 13700  hinge=0.0976  E_clean=+0.1782  E_invalid=+3.3176  gap=+3.1393
  [hinge] step 13720  hinge=0.2503  E_clean=+0.2607  E_invalid=+3.2148  gap=+2.9541
  [hinge] step 13740  hinge=0.3559  E_clean=+0.4109  E_invalid=+3.7662  gap=+3.3553
  [hinge] step 13760  hinge=0.2112  E_clean=+0.4161  E_invalid=+2.7229  gap=+2.3068
  [hinge] step 13780  hinge=0.0737  E_clean=+0.0483  E_invalid=+3.2148  gap=+3.1665
  [hinge] step 13800  hinge=0.1827  E_clean=+0.2918  E_invalid=+2.7282  gap=+2.4364
  [hinge] step 13820  hinge=0.1471  E_clean=+0.0287  E_invalid=+2.9716  gap=+2.9428
  [hinge] step 13840  hinge=0.0458  E_clean=+0.1385  E_invalid=+2.9389  gap=+2.8005
  [hinge] step 13860  hinge=0.1691  E_clean=+0.1070  E_invalid=+2.2549  gap=+2.1479
  [hinge] step 13880  hinge=0.2735  E_clean=-0.0335  E_invalid=+2.6170  gap=+2.6506
  [hinge] step 13900  hinge=0.1172  E_clean=+0.1666  E_invalid=+2.7269  gap=+2.5604
  [hinge] step 13920  hinge=0.3293  E_clean=+0.2633  E_invalid=+2.9073  gap=+2.6439
  [hinge] step 13940  hinge=0.2033  E_clean=-0.0882  E_invalid=+2.2192  gap=+2.3074
  [hinge] step 13960  hinge=0.1660  E_clean=+0.1381  E_invalid=+2.8087  gap=+2.6706
  [hinge] step 13980  hinge=0.0802  E_clean=+0.1961  E_invalid=+3.0024  gap=+2.8063
  [hinge] step 14000  hinge=0.0961  E_clean=+0.1222  E_invalid=+2.9473  gap=+2.8251
  [hinge] step 14020  hinge=0.1896  E_clean=-0.2678  E_invalid=+2.3313  gap=+2.5992
  [hinge] step 14040  hinge=0.3187  E_clean=+0.4901  E_invalid=+2.7755  gap=+2.2854
  [hinge] step 14060  hinge=0.1330  E_clean=-0.0302  E_invalid=+2.8402  gap=+2.8704
  [hinge] step 14080  hinge=0.1582  E_clean=+0.0039  E_invalid=+2.5634  gap=+2.5594
  [hinge] step 14100  hinge=0.3029  E_clean=+0.2399  E_invalid=+2.8190  gap=+2.5791
  [hinge] step 14120  hinge=0.2211  E_clean=-0.2397  E_invalid=+2.4652  gap=+2.7049
  [hinge] step 14140  hinge=0.1040  E_clean=+0.1909  E_invalid=+2.8094  gap=+2.6185
  [hinge] step 14160  hinge=0.5175  E_clean=+0.4960  E_invalid=+3.0695  gap=+2.5735
  [hinge] step 14180  hinge=0.5493  E_clean=+0.3375  E_invalid=+2.4620  gap=+2.1245
  [hinge] step 14200  hinge=0.2019  E_clean=+0.0935  E_invalid=+3.0755  gap=+2.9820
  [hinge] step 14220  hinge=0.1548  E_clean=+0.2490  E_invalid=+3.0898  gap=+2.8408
  [hinge] step 14240  hinge=0.2458  E_clean=+0.0753  E_invalid=+2.8798  gap=+2.8045
  [hinge] step 14260  hinge=0.1183  E_clean=+0.0382  E_invalid=+2.5460  gap=+2.5078
  [hinge] step 14280  hinge=0.2215  E_clean=+0.1522  E_invalid=+2.3657  gap=+2.2135
  [hinge] step 14300  hinge=0.0984  E_clean=-0.0167  E_invalid=+2.7443  gap=+2.7610
  [hinge] step 14320  hinge=0.1550  E_clean=-0.2064  E_invalid=+2.4948  gap=+2.7012
  [hinge] step 14340  hinge=0.2037  E_clean=+0.1156  E_invalid=+2.5365  gap=+2.4209
  [hinge] step 14360  hinge=0.2949  E_clean=+0.4342  E_invalid=+2.6442  gap=+2.2100
  [hinge] step 14380  hinge=0.4464  E_clean=+0.5004  E_invalid=+2.9503  gap=+2.4498
  [hinge] step 14400  hinge=0.1030  E_clean=+0.0540  E_invalid=+2.7003  gap=+2.6462
  [hinge] step 14420  hinge=0.2449  E_clean=+0.4854  E_invalid=+3.7079  gap=+3.2225
  [hinge] step 14440  hinge=0.4678  E_clean=+0.5480  E_invalid=+2.9712  gap=+2.4232
  [hinge] step 14460  hinge=0.3516  E_clean=+0.5191  E_invalid=+2.8478  gap=+2.3287
  [hinge] step 14480  hinge=0.2795  E_clean=+0.1621  E_invalid=+2.4365  gap=+2.2744
  [hinge] step 14500  hinge=0.0951  E_clean=+0.1754  E_invalid=+2.9107  gap=+2.7354
  [hinge] step 14520  hinge=0.1732  E_clean=-0.0124  E_invalid=+2.6886  gap=+2.7010
  [hinge] step 14540  hinge=0.6066  E_clean=+0.6473  E_invalid=+3.1127  gap=+2.4654
  [hinge] step 14560  hinge=0.1759  E_clean=+0.2910  E_invalid=+3.2827  gap=+2.9918
  [hinge] step 14580  hinge=0.1935  E_clean=+0.1492  E_invalid=+2.6525  gap=+2.5033
  [hinge] step 14600  hinge=0.2541  E_clean=-0.0865  E_invalid=+2.5411  gap=+2.6275
  [hinge] step 14620  hinge=0.2819  E_clean=+0.2320  E_invalid=+2.4179  gap=+2.1859
  [hinge] step 14640  hinge=0.3730  E_clean=+0.3364  E_invalid=+2.8171  gap=+2.4807
  [hinge] step 14660  hinge=0.4562  E_clean=+0.2178  E_invalid=+2.9791  gap=+2.7613
  [hinge] step 14680  hinge=0.2494  E_clean=+0.3290  E_invalid=+2.7447  gap=+2.4157
  [hinge] step 14700  hinge=0.2079  E_clean=+0.3508  E_invalid=+2.5086  gap=+2.1578
  [hinge] step 14720  hinge=0.3505  E_clean=-0.2645  E_invalid=+2.0540  gap=+2.3185
  [hinge] step 14740  hinge=0.1572  E_clean=+0.2383  E_invalid=+3.0466  gap=+2.8083
  [hinge] step 14760  hinge=0.2847  E_clean=-0.1656  E_invalid=+2.5182  gap=+2.6838
  [hinge] step 14780  hinge=0.1395  E_clean=+0.2910  E_invalid=+3.0803  gap=+2.7893
  [hinge] step 14800  hinge=0.1544  E_clean=-0.0005  E_invalid=+2.5681  gap=+2.5687
  [hinge] step 14820  hinge=0.2313  E_clean=+0.3134  E_invalid=+3.1867  gap=+2.8733
  [hinge] step 14840  hinge=0.1836  E_clean=-0.0653  E_invalid=+2.1176  gap=+2.1829
  [hinge] step 14860  hinge=0.5409  E_clean=-0.2623  E_invalid=+2.1958  gap=+2.4581
  [hinge] step 14880  hinge=0.1348  E_clean=+0.3126  E_invalid=+3.0778  gap=+2.7652
  [hinge] step 14900  hinge=0.3107  E_clean=+0.4624  E_invalid=+3.0314  gap=+2.5689
  [hinge] step 14920  hinge=0.3789  E_clean=+0.5223  E_invalid=+2.5208  gap=+1.9985
  [hinge] step 14940  hinge=0.2245  E_clean=+0.3344  E_invalid=+2.4886  gap=+2.1542
  [hinge] step 14960  hinge=0.1245  E_clean=+0.1648  E_invalid=+2.6892  gap=+2.5244
  [hinge] step 14980  hinge=0.7605  E_clean=+0.3803  E_invalid=+2.5207  gap=+2.1405
  [hinge] step 15000  hinge=0.4278  E_clean=+0.5721  E_invalid=+3.0329  gap=+2.4609
  [hinge] step 15020  hinge=0.2606  E_clean=+0.3279  E_invalid=+2.9612  gap=+2.6333
  [hinge] step 15040  hinge=0.1701  E_clean=-0.0758  E_invalid=+2.7117  gap=+2.7875
  [hinge] step 15060  hinge=0.3841  E_clean=+0.4604  E_invalid=+2.6730  gap=+2.2126
  [hinge] step 15080  hinge=0.1275  E_clean=+0.2493  E_invalid=+2.6587  gap=+2.4094
  [hinge] step 15100  hinge=0.1726  E_clean=-0.1943  E_invalid=+3.2079  gap=+3.4022
  [hinge] step 15120  hinge=0.3898  E_clean=-0.3360  E_invalid=+2.2580  gap=+2.5940
  [hinge] step 15140  hinge=0.2786  E_clean=-0.1147  E_invalid=+2.6314  gap=+2.7461
  [hinge] step 15160  hinge=0.2091  E_clean=-0.0347  E_invalid=+2.2981  gap=+2.3329
  [hinge] step 15180  hinge=0.2722  E_clean=+0.0853  E_invalid=+2.2272  gap=+2.1419
  [hinge] step 15200  hinge=0.0987  E_clean=-0.1930  E_invalid=+2.7306  gap=+2.9236
  [hinge] step 15220  hinge=0.2362  E_clean=+0.2390  E_invalid=+2.5296  gap=+2.2906
  [hinge] step 15240  hinge=0.1952  E_clean=+0.1845  E_invalid=+3.1221  gap=+2.9376
  [hinge] step 15260  hinge=0.7013  E_clean=+0.2849  E_invalid=+3.0139  gap=+2.7290
  [hinge] step 15280  hinge=0.0441  E_clean=-0.0581  E_invalid=+2.4498  gap=+2.5080
  [hinge] step 15300  hinge=0.1408  E_clean=+0.1710  E_invalid=+2.3771  gap=+2.2060
  [hinge] step 15320  hinge=0.1826  E_clean=+0.2420  E_invalid=+2.6985  gap=+2.4565
  [hinge] step 15340  hinge=0.2024  E_clean=-0.2041  E_invalid=+2.5712  gap=+2.7753
  [hinge] step 15360  hinge=0.3734  E_clean=-0.4325  E_invalid=+2.5486  gap=+2.9811
  [hinge] step 15380  hinge=0.1225  E_clean=-0.1997  E_invalid=+2.5012  gap=+2.7009
  [hinge] step 15400  hinge=0.1654  E_clean=+0.1288  E_invalid=+2.7178  gap=+2.5890
  [hinge] step 15420  hinge=0.4997  E_clean=+0.2150  E_invalid=+2.6083  gap=+2.3933
  [hinge] step 15440  hinge=0.2619  E_clean=-0.0840  E_invalid=+2.5000  gap=+2.5840
  [hinge] step 15460  hinge=0.3645  E_clean=+0.3607  E_invalid=+2.8791  gap=+2.5184
  [hinge] step 15480  hinge=0.1682  E_clean=+0.0599  E_invalid=+2.2573  gap=+2.1974
  [hinge] step 15500  hinge=0.1740  E_clean=+0.0227  E_invalid=+2.5490  gap=+2.5263
  [hinge] step 15520  hinge=0.1108  E_clean=+0.0934  E_invalid=+2.4946  gap=+2.4012
  [hinge] step 15540  hinge=0.3156  E_clean=+0.4764  E_invalid=+3.1204  gap=+2.6440
  [hinge] step 15560  hinge=0.2038  E_clean=-0.0587  E_invalid=+2.2669  gap=+2.3256
  [hinge] step 15580  hinge=0.3284  E_clean=+0.0378  E_invalid=+2.2943  gap=+2.2566
  [hinge] step 15600  hinge=0.0719  E_clean=+0.2248  E_invalid=+2.8661  gap=+2.6413
  [hinge] step 15620  hinge=0.0933  E_clean=-0.0892  E_invalid=+2.4581  gap=+2.5473
  [hinge] step 15640  hinge=0.0833  E_clean=-0.0037  E_invalid=+2.4707  gap=+2.4744
  [hinge] step 15660  hinge=0.1662  E_clean=-0.0881  E_invalid=+2.7172  gap=+2.8053
  [hinge] step 15680  hinge=0.2978  E_clean=-0.0749  E_invalid=+2.2279  gap=+2.3028
  [hinge] step 15700  hinge=0.1769  E_clean=+0.1517  E_invalid=+3.2851  gap=+3.1334
  [hinge] step 15720  hinge=0.1626  E_clean=+0.1232  E_invalid=+2.6888  gap=+2.5656
  [hinge] step 15740  hinge=0.1159  E_clean=+0.0344  E_invalid=+2.9152  gap=+2.8808
  [hinge] step 15760  hinge=0.2669  E_clean=-0.1111  E_invalid=+2.1853  gap=+2.2964
  [hinge] step 15780  hinge=0.1217  E_clean=+0.2803  E_invalid=+2.4978  gap=+2.2175
  [hinge] step 15800  hinge=0.3484  E_clean=+0.1223  E_invalid=+2.3469  gap=+2.2246
  [hinge] step 15820  hinge=0.1912  E_clean=+0.3258  E_invalid=+3.2489  gap=+2.9231
  [hinge] step 15840  hinge=0.1044  E_clean=+0.1718  E_invalid=+2.5355  gap=+2.3637
  [hinge] step 15860  hinge=0.2933  E_clean=-0.2213  E_invalid=+2.4282  gap=+2.6495
  [hinge] step 15880  hinge=0.3174  E_clean=+0.2627  E_invalid=+2.6727  gap=+2.4100
  [hinge] step 15900  hinge=0.0634  E_clean=+0.0474  E_invalid=+2.4972  gap=+2.4498
  [hinge] step 15920  hinge=0.3616  E_clean=-0.3787  E_invalid=+2.0857  gap=+2.4644
  [hinge] step 15940  hinge=0.2463  E_clean=+0.1175  E_invalid=+3.1655  gap=+3.0479
  [hinge] step 15960  hinge=0.0732  E_clean=+0.0307  E_invalid=+2.6641  gap=+2.6334
  [hinge] step 15980  hinge=0.2791  E_clean=+0.4156  E_invalid=+2.7588  gap=+2.3432
  [hinge] step 16000  hinge=0.2799  E_clean=-0.2172  E_invalid=+2.1003  gap=+2.3176
  [hinge] step 16020  hinge=0.3061  E_clean=+0.2913  E_invalid=+3.0576  gap=+2.7662
  [hinge] step 16040  hinge=0.1621  E_clean=+0.3431  E_invalid=+3.1414  gap=+2.7983
  [hinge] step 16060  hinge=0.4563  E_clean=+0.3105  E_invalid=+2.4366  gap=+2.1261
  [hinge] step 16080  hinge=0.4375  E_clean=+0.0960  E_invalid=+2.6102  gap=+2.5142
  [hinge] step 16100  hinge=0.1355  E_clean=+0.2330  E_invalid=+2.8736  gap=+2.6406
  [hinge] step 16120  hinge=0.2252  E_clean=+0.2798  E_invalid=+3.3035  gap=+3.0237
  [hinge] step 16140  hinge=0.3088  E_clean=+0.4601  E_invalid=+2.9994  gap=+2.5393
  [hinge] step 16160  hinge=0.3585  E_clean=+0.1932  E_invalid=+2.5563  gap=+2.3632
  [hinge] step 16180  hinge=0.1170  E_clean=+0.2162  E_invalid=+2.3948  gap=+2.1786
  [hinge] step 16200  hinge=0.1081  E_clean=+0.0550  E_invalid=+2.7094  gap=+2.6544
  [hinge] step 16220  hinge=0.2305  E_clean=-0.2232  E_invalid=+2.3703  gap=+2.5934
  [hinge] step 16240  hinge=0.2525  E_clean=+0.2918  E_invalid=+3.1341  gap=+2.8423
  [hinge] step 16260  hinge=0.1715  E_clean=+0.2582  E_invalid=+2.6271  gap=+2.3689
  [hinge] step 16280  hinge=0.0699  E_clean=+0.0348  E_invalid=+2.8688  gap=+2.8339
  [hinge] step 16300  hinge=0.1190  E_clean=+0.0734  E_invalid=+2.9969  gap=+2.9235
  [hinge] step 16320  hinge=0.0370  E_clean=+0.0426  E_invalid=+2.7630  gap=+2.7204
  [hinge] step 16340  hinge=0.1469  E_clean=-0.0829  E_invalid=+2.4000  gap=+2.4829
  [hinge] step 16360  hinge=0.1368  E_clean=+0.0737  E_invalid=+2.4998  gap=+2.4262
  [hinge] step 16380  hinge=0.1671  E_clean=-0.3094  E_invalid=+2.7386  gap=+3.0480
  [hinge] step 16400  hinge=0.0556  E_clean=-0.0789  E_invalid=+2.6186  gap=+2.6975
  [hinge] step 16420  hinge=0.3902  E_clean=+0.2411  E_invalid=+2.9732  gap=+2.7321
  [hinge] step 16440  hinge=0.0094  E_clean=+0.0326  E_invalid=+2.7579  gap=+2.7253
  [hinge] step 16460  hinge=0.2309  E_clean=-0.1714  E_invalid=+3.0673  gap=+3.2387
  [hinge] step 16480  hinge=0.5478  E_clean=+0.4857  E_invalid=+2.8686  gap=+2.3829
  [hinge] step 16500  hinge=0.9243  E_clean=+0.8217  E_invalid=+3.9257  gap=+3.1039
  [hinge] step 16520  hinge=0.1886  E_clean=+0.1298  E_invalid=+2.9755  gap=+2.8457
  [hinge] step 16540  hinge=0.1593  E_clean=-0.0150  E_invalid=+2.3902  gap=+2.4052
  [hinge] step 16560  hinge=0.1988  E_clean=+0.0731  E_invalid=+3.0265  gap=+2.9534
  [hinge] step 16580  hinge=0.3197  E_clean=+0.0550  E_invalid=+2.5614  gap=+2.5064
  [hinge] step 16600  hinge=0.4571  E_clean=-0.2365  E_invalid=+2.1194  gap=+2.3558
  [hinge] step 16620  hinge=0.4907  E_clean=+0.5890  E_invalid=+3.5527  gap=+2.9637
  [hinge] step 16640  hinge=0.1307  E_clean=-0.1665  E_invalid=+2.3603  gap=+2.5268
  [hinge] step 16660  hinge=0.1564  E_clean=+0.0145  E_invalid=+2.4996  gap=+2.4851
  [hinge] step 16680  hinge=0.4357  E_clean=-0.0510  E_invalid=+2.3263  gap=+2.3773
  [hinge] step 16700  hinge=0.2177  E_clean=-0.1055  E_invalid=+2.5851  gap=+2.6907
  [hinge] step 16720  hinge=0.4667  E_clean=+0.1020  E_invalid=+2.8259  gap=+2.7239
  [hinge] step 16740  hinge=1.1812  E_clean=-0.6657  E_invalid=+1.4676  gap=+2.1333
  [hinge] step 16760  hinge=0.3182  E_clean=+0.3978  E_invalid=+2.7083  gap=+2.3104
  [hinge] step 16780  hinge=0.0246  E_clean=-0.0038  E_invalid=+2.7860  gap=+2.7898
  [hinge] step 16800  hinge=0.2195  E_clean=-0.2342  E_invalid=+2.5111  gap=+2.7454
  [hinge] step 16820  hinge=0.5584  E_clean=+0.3433  E_invalid=+3.2769  gap=+2.9337
  [hinge] step 16840  hinge=0.2381  E_clean=+0.2860  E_invalid=+2.7961  gap=+2.5100
  [hinge] step 16860  hinge=0.4222  E_clean=+0.4234  E_invalid=+2.8561  gap=+2.4327
  [hinge] step 16880  hinge=0.2533  E_clean=-0.1049  E_invalid=+2.3876  gap=+2.4926
  [hinge] step 16900  hinge=0.1790  E_clean=+0.0546  E_invalid=+2.7860  gap=+2.7313
  [hinge] step 16920  hinge=0.1528  E_clean=-0.0097  E_invalid=+2.3812  gap=+2.3910
  [hinge] step 16940  hinge=0.1356  E_clean=-0.1107  E_invalid=+2.4626  gap=+2.5734
  [hinge] step 16960  hinge=0.1793  E_clean=-0.0566  E_invalid=+2.5232  gap=+2.5797
  [hinge] step 16980  hinge=0.1746  E_clean=+0.2338  E_invalid=+2.6087  gap=+2.3749
  [hinge] step 17000  hinge=0.1893  E_clean=+0.2467  E_invalid=+2.7428  gap=+2.4961
  [hinge] step 17020  hinge=0.1553  E_clean=+0.0934  E_invalid=+2.4663  gap=+2.3729
  [hinge] step 17040  hinge=0.0882  E_clean=+0.0213  E_invalid=+3.0704  gap=+3.0491
  [hinge] step 17060  hinge=0.0913  E_clean=-0.1138  E_invalid=+2.9594  gap=+3.0732
  [hinge] step 17080  hinge=0.1550  E_clean=-0.1680  E_invalid=+2.4133  gap=+2.5814
  [hinge] step 17100  hinge=0.4833  E_clean=+0.6041  E_invalid=+2.9318  gap=+2.3278
  [hinge] step 17120  hinge=0.2096  E_clean=+0.2378  E_invalid=+2.5663  gap=+2.3285
  [hinge] step 17140  hinge=0.7152  E_clean=+0.1197  E_invalid=+2.5175  gap=+2.3979
  [hinge] step 17160  hinge=0.1737  E_clean=+0.0535  E_invalid=+2.7073  gap=+2.6538
  [hinge] step 17180  hinge=0.2831  E_clean=+0.4304  E_invalid=+2.3538  gap=+1.9234
  [hinge] step 17200  hinge=0.0718  E_clean=+0.1324  E_invalid=+3.0074  gap=+2.8750
  [hinge] step 17220  hinge=0.1393  E_clean=-0.0141  E_invalid=+2.5186  gap=+2.5328
  [hinge] step 17240  hinge=0.2257  E_clean=-0.1550  E_invalid=+2.3684  gap=+2.5234
  [hinge] step 17260  hinge=0.1514  E_clean=+0.0621  E_invalid=+2.4706  gap=+2.4085
  [hinge] step 17280  hinge=0.1359  E_clean=+0.0419  E_invalid=+2.5287  gap=+2.4868
  [hinge] step 17300  hinge=0.2322  E_clean=+0.1950  E_invalid=+2.9402  gap=+2.7452
  [hinge] step 17320  hinge=0.1160  E_clean=-0.0118  E_invalid=+2.7056  gap=+2.7174
  [hinge] step 17340  hinge=0.1625  E_clean=+0.3105  E_invalid=+2.8735  gap=+2.5630
  [hinge] step 17360  hinge=0.6458  E_clean=+0.5421  E_invalid=+2.9314  gap=+2.3892
  [hinge] step 17380  hinge=0.3016  E_clean=-0.0265  E_invalid=+2.0940  gap=+2.1204
  [hinge] step 17400  hinge=0.2044  E_clean=+0.2159  E_invalid=+2.9432  gap=+2.7272
  [hinge] step 17420  hinge=0.2381  E_clean=+0.2521  E_invalid=+2.9971  gap=+2.7450
  [hinge] step 17440  hinge=0.1366  E_clean=-0.0888  E_invalid=+2.8161  gap=+2.9049
  [hinge] step 17460  hinge=0.1710  E_clean=+0.2138  E_invalid=+2.2456  gap=+2.0318
  [hinge] step 17480  hinge=0.2709  E_clean=+0.3707  E_invalid=+2.3556  gap=+1.9850
  [hinge] step 17500  hinge=0.0862  E_clean=+0.0096  E_invalid=+3.1320  gap=+3.1224
  [hinge] step 17520  hinge=0.1295  E_clean=-0.0608  E_invalid=+2.2036  gap=+2.2645
  [hinge] step 17540  hinge=0.5006  E_clean=+0.5217  E_invalid=+2.9942  gap=+2.4725
  [hinge] step 17560  hinge=0.1267  E_clean=+0.1467  E_invalid=+2.9679  gap=+2.8212
  [hinge] step 17580  hinge=0.2582  E_clean=+0.1089  E_invalid=+2.3965  gap=+2.2876
  [hinge] step 17600  hinge=0.2675  E_clean=+0.3127  E_invalid=+3.1930  gap=+2.8803
  [hinge] step 17620  hinge=0.3897  E_clean=-0.2039  E_invalid=+2.3269  gap=+2.5308
  [hinge] step 17640  hinge=0.1155  E_clean=+0.0589  E_invalid=+2.5328  gap=+2.4739
  [hinge] step 17660  hinge=0.1693  E_clean=+0.1772  E_invalid=+2.8901  gap=+2.7129
  [hinge] step 17680  hinge=0.1251  E_clean=+0.0736  E_invalid=+3.0017  gap=+2.9281
  [hinge] step 17700  hinge=0.3196  E_clean=+0.4905  E_invalid=+2.8946  gap=+2.4041
  [hinge] step 17720  hinge=0.2623  E_clean=+0.0377  E_invalid=+2.5366  gap=+2.4989
  [hinge] step 17740  hinge=0.1031  E_clean=-0.0426  E_invalid=+2.5100  gap=+2.5527
  [hinge] step 17760  hinge=0.0977  E_clean=+0.1043  E_invalid=+2.5886  gap=+2.4843
  [hinge] step 17780  hinge=0.1519  E_clean=+0.1189  E_invalid=+2.6290  gap=+2.5101
  [hinge] step 17800  hinge=0.2870  E_clean=+0.3527  E_invalid=+2.6212  gap=+2.2685
  [hinge] step 17820  hinge=0.3709  E_clean=+0.2230  E_invalid=+2.9258  gap=+2.7028
  [hinge] step 17840  hinge=0.2035  E_clean=+0.3719  E_invalid=+3.1215  gap=+2.7496
  [hinge] step 17860  hinge=0.4049  E_clean=+0.6188  E_invalid=+2.9615  gap=+2.3427
  [hinge] step 17880  hinge=0.4907  E_clean=-0.2669  E_invalid=+2.1137  gap=+2.3807
  [hinge] step 17900  hinge=0.1985  E_clean=+0.1198  E_invalid=+2.7276  gap=+2.6078
  [hinge] step 17920  hinge=0.3334  E_clean=+0.1678  E_invalid=+2.5803  gap=+2.4125
  [hinge] step 17940  hinge=0.8937  E_clean=+0.0078  E_invalid=+2.3224  gap=+2.3146
  [hinge] step 17960  hinge=0.3561  E_clean=+0.4738  E_invalid=+3.0005  gap=+2.5267
  [hinge] step 17980  hinge=0.2363  E_clean=+0.1948  E_invalid=+2.4428  gap=+2.2480
  [hinge] step 18000  hinge=0.1756  E_clean=-0.2458  E_invalid=+2.3135  gap=+2.5593
  [hinge] step 18020  hinge=0.1673  E_clean=+0.1457  E_invalid=+2.6302  gap=+2.4844
  [hinge] step 18040  hinge=0.1682  E_clean=-0.2371  E_invalid=+2.3428  gap=+2.5798
  [hinge] step 18060  hinge=0.2756  E_clean=-0.1211  E_invalid=+2.8806  gap=+3.0016
  [hinge] step 18080  hinge=0.1090  E_clean=+0.1339  E_invalid=+2.9035  gap=+2.7696
  [hinge] step 18100  hinge=0.1457  E_clean=+0.2284  E_invalid=+2.9868  gap=+2.7584
  [hinge] step 18120  hinge=0.5329  E_clean=-0.3466  E_invalid=+1.8784  gap=+2.2251
  [hinge] step 18140  hinge=0.1043  E_clean=-0.1878  E_invalid=+2.7104  gap=+2.8982
  [hinge] step 18160  hinge=0.3577  E_clean=+0.1744  E_invalid=+2.8271  gap=+2.6528
  [hinge] step 18180  hinge=0.9782  E_clean=+0.5799  E_invalid=+3.6691  gap=+3.0892
  [hinge] step 18200  hinge=0.1604  E_clean=-0.0555  E_invalid=+2.0508  gap=+2.1063
  [hinge] step 18220  hinge=0.0832  E_clean=+0.0274  E_invalid=+2.5261  gap=+2.4987
  [hinge] step 18240  hinge=0.1062  E_clean=+0.1637  E_invalid=+2.9081  gap=+2.7443
  [hinge] step 18260  hinge=0.3120  E_clean=+0.3338  E_invalid=+2.7412  gap=+2.4074
  [hinge] step 18280  hinge=0.2689  E_clean=+0.0485  E_invalid=+2.7508  gap=+2.7022
  [hinge] step 18300  hinge=0.1217  E_clean=-0.1927  E_invalid=+2.2337  gap=+2.4264
  [hinge] step 18320  hinge=0.2331  E_clean=+0.0836  E_invalid=+2.9871  gap=+2.9035
  [hinge] step 18340  hinge=0.2401  E_clean=-0.2692  E_invalid=+2.0888  gap=+2.3580
  [hinge] step 18360  hinge=0.0598  E_clean=-0.0732  E_invalid=+2.9306  gap=+3.0038
  [hinge] step 18380  hinge=0.0952  E_clean=+0.2131  E_invalid=+2.9683  gap=+2.7552
  [hinge] step 18400  hinge=0.2532  E_clean=+0.4206  E_invalid=+2.7106  gap=+2.2900
  [hinge] step 18420  hinge=0.2241  E_clean=-0.1760  E_invalid=+2.3422  gap=+2.5182
  [hinge] step 18440  hinge=0.2100  E_clean=+0.2061  E_invalid=+2.7792  gap=+2.5731
  [hinge] step 18460  hinge=0.1575  E_clean=+0.0376  E_invalid=+2.6122  gap=+2.5746
  [hinge] step 18480  hinge=0.6704  E_clean=+0.6788  E_invalid=+3.1188  gap=+2.4401
  [hinge] step 18500  hinge=0.4275  E_clean=+0.1851  E_invalid=+2.5919  gap=+2.4068
  [hinge] step 18520  hinge=0.3298  E_clean=-0.1533  E_invalid=+2.1609  gap=+2.3142
  [hinge] step 18540  hinge=0.1532  E_clean=-0.0737  E_invalid=+2.5354  gap=+2.6090
  [hinge] step 18560  hinge=0.0635  E_clean=+0.1650  E_invalid=+2.8518  gap=+2.6868
  [hinge] step 18580  hinge=0.3561  E_clean=-0.0180  E_invalid=+2.3385  gap=+2.3565
  [hinge] step 18600  hinge=0.1177  E_clean=+0.1229  E_invalid=+2.5460  gap=+2.4231
  [hinge] step 18620  hinge=0.1936  E_clean=+0.1750  E_invalid=+2.4662  gap=+2.2912
  [hinge] step 18640  hinge=0.1962  E_clean=+0.3725  E_invalid=+3.1681  gap=+2.7957
  [hinge] step 18660  hinge=0.4959  E_clean=-0.0172  E_invalid=+2.8863  gap=+2.9035
  [hinge] step 18680  hinge=0.2825  E_clean=-0.1911  E_invalid=+2.2097  gap=+2.4008
  [hinge] step 18700  hinge=0.3235  E_clean=-0.0507  E_invalid=+2.3294  gap=+2.3801
  [hinge] step 18720  hinge=0.6348  E_clean=+0.5533  E_invalid=+2.9813  gap=+2.4280
  [hinge] step 18740  hinge=0.1043  E_clean=+0.1458  E_invalid=+2.5327  gap=+2.3869
[stage 2 hinge] done. n_steps=18750  final_hinge=0.1066
  positive  mean(std)=1.4142  mean(prob)=0.532
Traceback (most recent call last):
  File "/home/renku/work/aitchinson-flow/scripts/fit_dfm_svgp_hinge.py", line 258, in <module>
    raise SystemExit(main())
                     ^^^^^^
  File "/home/renku/work/aitchinson-flow/scripts/fit_dfm_svgp_hinge.py", line 235, in main
    all_prob = torch.cat([pos_prob, ood_prob_v]).numpy()
               ^^^^^^^^^^^^^^^^^^^^^^^^^^^^^^^^^^^^^^^^^
RuntimeError: Can't call numpy() on Tensor that requires grad. Use tensor.detach().numpy() instead.
