Warning: You are sending unauthenticated requests to the HF Hub. Please set a HF_TOKEN to enable higher rate limits and faster downloads.
[from plain DirichletFM] loaded 129 tensors into model.dfm (exact match, 0 missing / 0 unexpected).
[stage 2 hinge] training SVGP via contrastive hinge
  ckpt:      runs/sflm_bench_a100_20g_L256/DirichletFM/epoch_final.pt
  n_epochs:  5
  lr:        0.001
  t_eval:    4.5
  margin:    2.0
  train_pooler: True
  [hinge] step    1  hinge=2.2779  E_clean=+0.2461  E_invalid=+0.1303  gap=-0.1158
  [hinge] step   20  hinge=43.8246  E_clean=-5.0295  E_invalid=-5.1378  gap=-0.1083
  [hinge] step   40  hinge=14.7226  E_clean=+3.5693  E_invalid=+3.2927  gap=-0.2766
  [hinge] step   60  hinge=4.0132  E_clean=+0.3048  E_invalid=+0.1569  gap=-0.1478
  [hinge] step   80  hinge=2.4951  E_clean=-0.2138  E_invalid=-0.1327  gap=+0.0810
  [hinge] step  100  hinge=1.5646  E_clean=+0.9403  E_invalid=+1.3640  gap=+0.4237
  [hinge] step  120  hinge=1.3508  E_clean=+0.3035  E_invalid=+0.9521  gap=+0.6486
  [hinge] step  140  hinge=1.4377  E_clean=+0.1876  E_invalid=+0.7702  gap=+0.5826
  [hinge] step  160  hinge=1.1649  E_clean=+0.7873  E_invalid=+1.5126  gap=+0.7253
  [hinge] step  180  hinge=1.6038  E_clean=+0.8690  E_invalid=+1.5176  gap=+0.6487
  [hinge] step  200  hinge=1.0708  E_clean=+0.7949  E_invalid=+1.7654  gap=+0.9704
  [hinge] step  220  hinge=0.8570  E_clean=+0.5627  E_invalid=+1.7005  gap=+1.1377
  [hinge] step  240  hinge=0.9041  E_clean=+0.0586  E_invalid=+1.2230  gap=+1.1644
  [hinge] step  260  hinge=0.8849  E_clean=+0.0940  E_invalid=+1.3931  gap=+1.2991
  [hinge] step  280  hinge=1.0669  E_clean=+0.5526  E_invalid=+1.6581  gap=+1.1055
  [hinge] step  300  hinge=0.8582  E_clean=+0.5981  E_invalid=+1.8560  gap=+1.2580
  [hinge] step  320  hinge=0.6210  E_clean=+0.3966  E_invalid=+1.9637  gap=+1.5671
  [hinge] step  340  hinge=1.0425  E_clean=+0.8664  E_invalid=+2.2050  gap=+1.3386
  [hinge] step  360  hinge=0.7224  E_clean=+0.5159  E_invalid=+1.8979  gap=+1.3820
  [hinge] step  380  hinge=1.0019  E_clean=-0.2514  E_invalid=+1.3167  gap=+1.5681
  [hinge] step  400  hinge=0.7634  E_clean=+0.5273  E_invalid=+1.8355  gap=+1.3081
  [hinge] step  420  hinge=0.6442  E_clean=+0.7176  E_invalid=+2.1553  gap=+1.4378
  [hinge] step  440  hinge=0.3931  E_clean=+0.3313  E_invalid=+1.9567  gap=+1.6254
  [hinge] step  460  hinge=0.5546  E_clean=+0.1927  E_invalid=+1.7239  gap=+1.5312
  [hinge] step  480  hinge=0.9147  E_clean=-0.2874  E_invalid=+1.2954  gap=+1.5828
  [hinge] step  500  hinge=0.6292  E_clean=-0.0563  E_invalid=+1.4612  gap=+1.5174
  [hinge] step  520  hinge=1.9625  E_clean=+1.3011  E_invalid=+3.0485  gap=+1.7474
  [hinge] step  540  hinge=1.4871  E_clean=-0.5707  E_invalid=+1.1225  gap=+1.6933
  [hinge] step  560  hinge=0.8151  E_clean=-0.1394  E_invalid=+1.5413  gap=+1.6807
  [hinge] step  580  hinge=0.2614  E_clean=+0.4369  E_invalid=+2.3636  gap=+1.9268
  [hinge] step  600  hinge=1.2076  E_clean=-0.3355  E_invalid=+1.2859  gap=+1.6214
  [hinge] step  620  hinge=0.5337  E_clean=+0.3835  E_invalid=+2.4720  gap=+2.0885
  [hinge] step  640  hinge=0.5994  E_clean=+0.3712  E_invalid=+1.7767  gap=+1.4055
  [hinge] step  660  hinge=0.9842  E_clean=-0.5483  E_invalid=+1.4218  gap=+1.9701
  [hinge] step  680  hinge=1.1857  E_clean=+0.4125  E_invalid=+2.2180  gap=+1.8055
  [hinge] step  700  hinge=1.5594  E_clean=+1.0523  E_invalid=+3.3919  gap=+2.3396
  [hinge] step  720  hinge=0.8790  E_clean=+0.6663  E_invalid=+2.5566  gap=+1.8903
  [hinge] step  740  hinge=0.5910  E_clean=-0.2905  E_invalid=+1.8826  gap=+2.1730
  [hinge] step  760  hinge=0.4293  E_clean=+0.3535  E_invalid=+2.2916  gap=+1.9381
  [hinge] step  780  hinge=0.4334  E_clean=+0.6071  E_invalid=+2.3602  gap=+1.7530
  [hinge] step  800  hinge=0.8320  E_clean=+0.1683  E_invalid=+1.7373  gap=+1.5690
  [hinge] step  820  hinge=1.0231  E_clean=+0.9184  E_invalid=+2.8439  gap=+1.9255
  [hinge] step  840  hinge=2.1864  E_clean=+1.3960  E_invalid=+3.1982  gap=+1.8023
  [hinge] step  860  hinge=1.3650  E_clean=+1.0664  E_invalid=+2.9426  gap=+1.8761
  [hinge] step  880  hinge=0.4163  E_clean=-0.0925  E_invalid=+2.1226  gap=+2.2151
  [hinge] step  900  hinge=0.7417  E_clean=+0.7284  E_invalid=+2.7094  gap=+1.9810
  [hinge] step  920  hinge=0.3984  E_clean=+0.4107  E_invalid=+2.1997  gap=+1.7890
  [hinge] step  940  hinge=4.5754  E_clean=-0.6262  E_invalid=+1.5691  gap=+2.1954
  [hinge] step  960  hinge=0.5387  E_clean=+0.2388  E_invalid=+2.3190  gap=+2.0802
  [hinge] step  980  hinge=0.6914  E_clean=+0.1012  E_invalid=+1.9425  gap=+1.8413
  [hinge] step 1000  hinge=1.1639  E_clean=-0.5838  E_invalid=+1.4151  gap=+1.9989
  [hinge] step 1020  hinge=1.0750  E_clean=-0.3873  E_invalid=+1.4869  gap=+1.8742
  [hinge] step 1040  hinge=0.2812  E_clean=+0.3378  E_invalid=+2.2988  gap=+1.9610
  [hinge] step 1060  hinge=0.4464  E_clean=+0.5282  E_invalid=+2.4701  gap=+1.9418
  [hinge] step 1080  hinge=1.3258  E_clean=+0.8723  E_invalid=+2.6367  gap=+1.7643
  [hinge] step 1100  hinge=1.3611  E_clean=+1.0389  E_invalid=+3.2628  gap=+2.2239
  [hinge] step 1120  hinge=3.3094  E_clean=+1.2388  E_invalid=+3.5882  gap=+2.3494
  [hinge] step 1140  hinge=0.4492  E_clean=-0.2397  E_invalid=+1.9933  gap=+2.2329
  [hinge] step 1160  hinge=0.7804  E_clean=+0.5908  E_invalid=+2.2912  gap=+1.7004
  [hinge] step 1180  hinge=0.2724  E_clean=+0.4023  E_invalid=+2.3025  gap=+1.9002
  [hinge] step 1200  hinge=0.6200  E_clean=+0.4812  E_invalid=+2.2209  gap=+1.7397
  [hinge] step 1220  hinge=0.4270  E_clean=-0.3110  E_invalid=+1.8106  gap=+2.1216
  [hinge] step 1240  hinge=0.3864  E_clean=+0.2691  E_invalid=+2.2290  gap=+1.9599
  [hinge] step 1260  hinge=0.5225  E_clean=+0.5007  E_invalid=+2.3601  gap=+1.8594
  [hinge] step 1280  hinge=1.1903  E_clean=+0.9385  E_invalid=+2.9082  gap=+1.9697
  [hinge] step 1300  hinge=0.4814  E_clean=+0.4886  E_invalid=+2.4950  gap=+2.0064
  [hinge] step 1320  hinge=0.6319  E_clean=+0.5074  E_invalid=+2.4056  gap=+1.8982
  [hinge] step 1340  hinge=0.8191  E_clean=+0.8411  E_invalid=+2.7162  gap=+1.8750
  [hinge] step 1360  hinge=0.9643  E_clean=+0.4549  E_invalid=+2.4104  gap=+1.9555
  [hinge] step 1380  hinge=0.3229  E_clean=-0.1435  E_invalid=+1.9014  gap=+2.0449
  [hinge] step 1400  hinge=2.2388  E_clean=+1.4069  E_invalid=+3.2884  gap=+1.8815
  [hinge] step 1420  hinge=0.4053  E_clean=+0.2327  E_invalid=+2.6009  gap=+2.3683
  [hinge] step 1440  hinge=0.3901  E_clean=+0.3498  E_invalid=+2.2380  gap=+1.8882
  [hinge] step 1460  hinge=1.5768  E_clean=+1.0448  E_invalid=+2.8871  gap=+1.8423
  [hinge] step 1480  hinge=0.2067  E_clean=+0.2719  E_invalid=+2.4850  gap=+2.2132
  [hinge] step 1500  hinge=3.2152  E_clean=-1.1519  E_invalid=+0.9589  gap=+2.1108
  [hinge] step 1520  hinge=0.8228  E_clean=+0.4095  E_invalid=+2.3934  gap=+1.9839
  [hinge] step 1540  hinge=1.5320  E_clean=+1.0227  E_invalid=+3.0812  gap=+2.0585
  [hinge] step 1560  hinge=0.2500  E_clean=+0.1870  E_invalid=+2.4085  gap=+2.2216
  [hinge] step 1580  hinge=0.6939  E_clean=+0.7883  E_invalid=+2.7489  gap=+1.9606
  [hinge] step 1600  hinge=0.5887  E_clean=+0.3190  E_invalid=+2.1833  gap=+1.8643
  [hinge] step 1620  hinge=0.3596  E_clean=+0.0649  E_invalid=+2.2278  gap=+2.1629
  [hinge] step 1640  hinge=1.1986  E_clean=-0.5401  E_invalid=+1.3809  gap=+1.9210
  [hinge] step 1660  hinge=0.3027  E_clean=+0.2273  E_invalid=+2.1033  gap=+1.8760
  [hinge] step 1680  hinge=1.1901  E_clean=-0.5989  E_invalid=+1.3520  gap=+1.9509
  [hinge] step 1700  hinge=0.4572  E_clean=-0.1002  E_invalid=+1.9379  gap=+2.0381
  [hinge] step 1720  hinge=0.3701  E_clean=+0.1114  E_invalid=+2.4207  gap=+2.3093
  [hinge] step 1740  hinge=1.1713  E_clean=+0.9340  E_invalid=+2.9428  gap=+2.0088
  [hinge] step 1760  hinge=1.4124  E_clean=+1.1481  E_invalid=+3.4087  gap=+2.2607
  [hinge] step 1780  hinge=0.4863  E_clean=+0.2718  E_invalid=+2.2064  gap=+1.9347
  [hinge] step 1800  hinge=0.9661  E_clean=+0.7387  E_invalid=+2.7807  gap=+2.0420
  [hinge] step 1820  hinge=0.9803  E_clean=+0.8349  E_invalid=+2.6794  gap=+1.8446
  [hinge] step 1840  hinge=0.2058  E_clean=+0.1386  E_invalid=+2.0920  gap=+1.9534
  [hinge] step 1860  hinge=0.2942  E_clean=-0.0007  E_invalid=+1.7747  gap=+1.7754
  [hinge] step 1880  hinge=0.4027  E_clean=+0.2679  E_invalid=+2.0996  gap=+1.8317
  [hinge] step 1900  hinge=0.5844  E_clean=+0.2392  E_invalid=+2.0928  gap=+1.8536
  [hinge] step 1920  hinge=0.4002  E_clean=-0.1711  E_invalid=+1.9338  gap=+2.1049
  [hinge] step 1940  hinge=1.6627  E_clean=-0.6929  E_invalid=+1.1662  gap=+1.8591
  [hinge] step 1960  hinge=0.3725  E_clean=+0.0807  E_invalid=+2.0413  gap=+1.9606
  [hinge] step 1980  hinge=0.6052  E_clean=-0.2258  E_invalid=+1.7351  gap=+1.9608
  [hinge] step 2000  hinge=0.7533  E_clean=+0.5970  E_invalid=+3.0269  gap=+2.4299
  [hinge] step 2020  hinge=1.7612  E_clean=-0.9696  E_invalid=+1.3540  gap=+2.3235
  [hinge] step 2040  hinge=0.4569  E_clean=+0.2767  E_invalid=+2.0833  gap=+1.8066
  [hinge] step 2060  hinge=0.7996  E_clean=+0.6858  E_invalid=+2.4035  gap=+1.7177
  [hinge] step 2080  hinge=0.4326  E_clean=+0.0216  E_invalid=+1.8243  gap=+1.8028
  [hinge] step 2100  hinge=0.4234  E_clean=-0.0518  E_invalid=+2.1467  gap=+2.1985
  [hinge] step 2120  hinge=0.6543  E_clean=+0.0923  E_invalid=+1.8431  gap=+1.7508
  [hinge] step 2140  hinge=0.3830  E_clean=+0.4976  E_invalid=+2.5074  gap=+2.0098
  [hinge] step 2160  hinge=0.3918  E_clean=+0.1277  E_invalid=+2.3605  gap=+2.2328
  [hinge] step 2180  hinge=0.5955  E_clean=+0.0899  E_invalid=+1.8834  gap=+1.7935
  [hinge] step 2200  hinge=0.4710  E_clean=+0.3946  E_invalid=+2.1393  gap=+1.7447
  [hinge] step 2220  hinge=0.4489  E_clean=+0.5237  E_invalid=+2.7176  gap=+2.1939
  [hinge] step 2240  hinge=0.4205  E_clean=-0.0458  E_invalid=+1.9527  gap=+1.9984
  [hinge] step 2260  hinge=0.2477  E_clean=+0.1610  E_invalid=+2.1687  gap=+2.0077
  [hinge] step 2280  hinge=0.7325  E_clean=+0.6343  E_invalid=+2.5400  gap=+1.9058
  [hinge] step 2300  hinge=0.3655  E_clean=+0.2734  E_invalid=+2.2290  gap=+1.9556
  [hinge] step 2320  hinge=1.4511  E_clean=+1.0742  E_invalid=+3.3433  gap=+2.2690
  [hinge] step 2340  hinge=0.5371  E_clean=+0.5256  E_invalid=+2.2959  gap=+1.7702
  [hinge] step 2360  hinge=0.3274  E_clean=+0.4187  E_invalid=+2.3448  gap=+1.9261
  [hinge] step 2380  hinge=0.4534  E_clean=+0.2859  E_invalid=+2.1641  gap=+1.8782
  [hinge] step 2400  hinge=0.3712  E_clean=+0.1473  E_invalid=+2.1072  gap=+1.9599
  [hinge] step 2420  hinge=0.4642  E_clean=-0.1917  E_invalid=+1.7658  gap=+1.9574
  [hinge] step 2440  hinge=0.2946  E_clean=-0.0923  E_invalid=+1.9555  gap=+2.0479
  [hinge] step 2460  hinge=0.4144  E_clean=-0.0478  E_invalid=+1.7589  gap=+1.8067
  [hinge] step 2480  hinge=0.4566  E_clean=-0.1393  E_invalid=+2.0144  gap=+2.1536
  [hinge] step 2500  hinge=0.3267  E_clean=+0.1802  E_invalid=+2.1380  gap=+1.9578
  [hinge] step 2520  hinge=0.4002  E_clean=+0.5245  E_invalid=+2.9311  gap=+2.4066
  [hinge] step 2540  hinge=0.4084  E_clean=+0.2864  E_invalid=+2.1702  gap=+1.8839
  [hinge] step 2560  hinge=0.6498  E_clean=+0.6499  E_invalid=+2.3529  gap=+1.7030
  [hinge] step 2580  hinge=0.5178  E_clean=+0.3647  E_invalid=+2.4046  gap=+2.0399
  [hinge] step 2600  hinge=0.8110  E_clean=-0.3679  E_invalid=+2.0091  gap=+2.3770
  [hinge] step 2620  hinge=0.5486  E_clean=+0.5711  E_invalid=+2.7682  gap=+2.1972
  [hinge] step 2640  hinge=0.4865  E_clean=-0.0558  E_invalid=+2.1796  gap=+2.2354
  [hinge] step 2660  hinge=0.3625  E_clean=+0.3126  E_invalid=+1.9925  gap=+1.6799
  [hinge] step 2680  hinge=0.7189  E_clean=+0.2890  E_invalid=+2.2832  gap=+1.9942
  [hinge] step 2700  hinge=0.4664  E_clean=-0.1333  E_invalid=+1.8275  gap=+1.9607
  [hinge] step 2720  hinge=1.0025  E_clean=+0.8643  E_invalid=+2.7325  gap=+1.8682
  [hinge] step 2740  hinge=0.4182  E_clean=-0.2135  E_invalid=+1.6905  gap=+1.9040
  [hinge] step 2760  hinge=0.6346  E_clean=-0.2336  E_invalid=+1.5402  gap=+1.7739
  [hinge] step 2780  hinge=1.4027  E_clean=+0.8434  E_invalid=+2.5272  gap=+1.6838
  [hinge] step 2800  hinge=0.8286  E_clean=+0.8114  E_invalid=+2.6659  gap=+1.8545
  [hinge] step 2820  hinge=0.4831  E_clean=+0.4865  E_invalid=+2.4850  gap=+1.9984
  [hinge] step 2840  hinge=0.5979  E_clean=+0.5839  E_invalid=+2.6547  gap=+2.0708
  [hinge] step 2860  hinge=0.2489  E_clean=+0.1375  E_invalid=+1.9770  gap=+1.8394
  [hinge] step 2880  hinge=0.5324  E_clean=-0.1107  E_invalid=+1.8371  gap=+1.9479
  [hinge] step 2900  hinge=0.4324  E_clean=+0.1507  E_invalid=+2.0022  gap=+1.8515
  [hinge] step 2920  hinge=0.3464  E_clean=+0.4237  E_invalid=+2.2704  gap=+1.8467
  [hinge] step 2940  hinge=0.3318  E_clean=+0.4661  E_invalid=+2.5903  gap=+2.1242
  [hinge] step 2960  hinge=0.4103  E_clean=+0.1034  E_invalid=+1.9608  gap=+1.8574
  [hinge] step 2980  hinge=0.7070  E_clean=-0.3875  E_invalid=+1.5327  gap=+1.9203
  [hinge] step 3000  hinge=0.4916  E_clean=-0.0085  E_invalid=+1.6247  gap=+1.6332
  [hinge] step 3020  hinge=0.6892  E_clean=+0.7726  E_invalid=+2.8112  gap=+2.0386
  [hinge] step 3040  hinge=1.2245  E_clean=-0.4376  E_invalid=+1.3325  gap=+1.7701
  [hinge] step 3060  hinge=0.5466  E_clean=+0.1545  E_invalid=+1.9313  gap=+1.7769
  [hinge] step 3080  hinge=0.1958  E_clean=+0.3614  E_invalid=+2.2632  gap=+1.9018
  [hinge] step 3100  hinge=0.9538  E_clean=-0.2732  E_invalid=+1.4333  gap=+1.7064
  [hinge] step 3120  hinge=0.5267  E_clean=+0.2339  E_invalid=+2.4481  gap=+2.2142
  [hinge] step 3140  hinge=0.5594  E_clean=-0.0310  E_invalid=+1.5567  gap=+1.5876
  [hinge] step 3160  hinge=0.1814  E_clean=+0.0278  E_invalid=+2.1042  gap=+2.0764
  [hinge] step 3180  hinge=0.6339  E_clean=+0.1740  E_invalid=+1.9563  gap=+1.7823
  [hinge] step 3200  hinge=0.5032  E_clean=-0.1503  E_invalid=+2.1350  gap=+2.2852
  [hinge] step 3220  hinge=0.4815  E_clean=+0.3392  E_invalid=+2.3230  gap=+1.9838
  [hinge] step 3240  hinge=0.3047  E_clean=+0.0880  E_invalid=+2.3088  gap=+2.2208
  [hinge] step 3260  hinge=0.5284  E_clean=+0.5347  E_invalid=+2.5692  gap=+2.0345
  [hinge] step 3280  hinge=0.4638  E_clean=-0.0788  E_invalid=+1.6899  gap=+1.7687
  [hinge] step 3300  hinge=0.6302  E_clean=+0.2065  E_invalid=+1.8381  gap=+1.6316
  [hinge] step 3320  hinge=0.3217  E_clean=-0.0633  E_invalid=+1.9365  gap=+1.9998
  [hinge] step 3340  hinge=0.5921  E_clean=+0.6845  E_invalid=+2.5623  gap=+1.8778
  [hinge] step 3360  hinge=0.2355  E_clean=+0.3472  E_invalid=+2.3061  gap=+1.9589
  [hinge] step 3380  hinge=0.3471  E_clean=+0.0228  E_invalid=+2.1812  gap=+2.1584
  [hinge] step 3400  hinge=0.4794  E_clean=-0.2402  E_invalid=+1.8362  gap=+2.0765
  [hinge] step 3420  hinge=0.8291  E_clean=+0.8781  E_invalid=+2.6929  gap=+1.8148
  [hinge] step 3440  hinge=1.2583  E_clean=-0.3074  E_invalid=+1.6964  gap=+2.0037
  [hinge] step 3460  hinge=0.6115  E_clean=-0.0014  E_invalid=+1.8263  gap=+1.8277
  [hinge] step 3480  hinge=0.4475  E_clean=+0.3752  E_invalid=+2.1020  gap=+1.7268
  [hinge] step 3500  hinge=0.3359  E_clean=+0.3492  E_invalid=+2.2378  gap=+1.8885
  [hinge] step 3520  hinge=0.5933  E_clean=+0.3892  E_invalid=+2.2005  gap=+1.8112
  [hinge] step 3540  hinge=0.3711  E_clean=+0.4655  E_invalid=+2.3890  gap=+1.9235
  [hinge] step 3560  hinge=0.3740  E_clean=+0.0445  E_invalid=+1.9191  gap=+1.8745
  [hinge] step 3580  hinge=0.9785  E_clean=+0.7517  E_invalid=+2.4515  gap=+1.6997
  [hinge] step 3600  hinge=0.6756  E_clean=-0.2392  E_invalid=+1.8732  gap=+2.1124
  [hinge] step 3620  hinge=0.8000  E_clean=+0.5213  E_invalid=+2.5518  gap=+2.0306
  [hinge] step 3640  hinge=0.5361  E_clean=-0.3213  E_invalid=+1.9659  gap=+2.2872
  [hinge] step 3660  hinge=0.4473  E_clean=+0.3278  E_invalid=+2.1150  gap=+1.7872
  [hinge] step 3680  hinge=0.3078  E_clean=-0.0128  E_invalid=+1.8724  gap=+1.8853
  [hinge] step 3700  hinge=0.6889  E_clean=+0.5669  E_invalid=+2.4154  gap=+1.8485
  [hinge] step 3720  hinge=0.1844  E_clean=+0.0768  E_invalid=+2.0764  gap=+1.9997
  [hinge] step 3740  hinge=0.4588  E_clean=+0.4665  E_invalid=+2.5616  gap=+2.0951
  [hinge] step 3760  hinge=0.3723  E_clean=+0.1483  E_invalid=+2.0875  gap=+1.9392
  [hinge] step 3780  hinge=0.5918  E_clean=-0.1992  E_invalid=+1.7151  gap=+1.9142
  [hinge] step 3800  hinge=0.4127  E_clean=-0.1572  E_invalid=+1.9143  gap=+2.0715
  [hinge] step 3820  hinge=0.4973  E_clean=+0.2311  E_invalid=+2.0507  gap=+1.8197
  [hinge] step 3840  hinge=0.4153  E_clean=+0.5674  E_invalid=+2.4121  gap=+1.8447
  [hinge] step 3860  hinge=0.5939  E_clean=+0.2336  E_invalid=+2.1750  gap=+1.9414
  [hinge] step 3880  hinge=0.2117  E_clean=+0.1850  E_invalid=+2.1815  gap=+1.9965
  [hinge] step 3900  hinge=0.6149  E_clean=+0.0083  E_invalid=+1.9981  gap=+1.9898
  [hinge] step 3920  hinge=0.3904  E_clean=+0.0442  E_invalid=+2.3728  gap=+2.3286
  [hinge] step 3940  hinge=0.4120  E_clean=+0.3181  E_invalid=+2.1720  gap=+1.8539
  [hinge] step 3960  hinge=0.8377  E_clean=-0.2437  E_invalid=+1.6410  gap=+1.8847
  [hinge] step 3980  hinge=0.5199  E_clean=+0.6209  E_invalid=+2.7604  gap=+2.1395
  [hinge] step 4000  hinge=0.2730  E_clean=+0.4298  E_invalid=+2.3920  gap=+1.9623
  [hinge] step 4020  hinge=0.6212  E_clean=+0.1530  E_invalid=+1.9213  gap=+1.7683
  [hinge] step 4040  hinge=1.1398  E_clean=+0.2031  E_invalid=+2.2723  gap=+2.0692
  [hinge] step 4060  hinge=0.2604  E_clean=+0.0264  E_invalid=+2.2235  gap=+2.1971
  [hinge] step 4080  hinge=0.1657  E_clean=+0.3364  E_invalid=+2.3547  gap=+2.0182
  [hinge] step 4100  hinge=0.6612  E_clean=-0.0151  E_invalid=+1.8635  gap=+1.8787
  [hinge] step 4120  hinge=0.4138  E_clean=+0.3102  E_invalid=+2.5177  gap=+2.2074
  [hinge] step 4140  hinge=0.5478  E_clean=-0.0877  E_invalid=+1.9044  gap=+1.9921
  [hinge] step 4160  hinge=0.4008  E_clean=+0.5039  E_invalid=+2.4995  gap=+1.9956
  [hinge] step 4180  hinge=1.3596  E_clean=-0.7139  E_invalid=+1.3024  gap=+2.0163
  [hinge] step 4200  hinge=0.2743  E_clean=+0.4152  E_invalid=+2.3661  gap=+1.9509
  [hinge] step 4220  hinge=0.5051  E_clean=+0.5231  E_invalid=+2.7305  gap=+2.2074
  [hinge] step 4240  hinge=0.5666  E_clean=+0.4932  E_invalid=+2.6145  gap=+2.1213
  [hinge] step 4260  hinge=0.1766  E_clean=-0.1196  E_invalid=+2.0069  gap=+2.1265
  [hinge] step 4280  hinge=0.8926  E_clean=+0.8412  E_invalid=+2.7607  gap=+1.9194
  [hinge] step 4300  hinge=0.4407  E_clean=+0.0510  E_invalid=+1.8520  gap=+1.8011
  [hinge] step 4320  hinge=0.6154  E_clean=+0.3670  E_invalid=+2.3330  gap=+1.9660
  [hinge] step 4340  hinge=0.3104  E_clean=+0.4725  E_invalid=+2.4877  gap=+2.0152
  [hinge] step 4360  hinge=1.0276  E_clean=-0.5386  E_invalid=+1.3076  gap=+1.8463
  [hinge] step 4380  hinge=0.7462  E_clean=+0.7792  E_invalid=+2.5075  gap=+1.7283
  [hinge] step 4400  hinge=0.6758  E_clean=+0.4410  E_invalid=+2.2441  gap=+1.8031
  [hinge] step 4420  hinge=0.4203  E_clean=-0.0387  E_invalid=+1.7965  gap=+1.8352
  [hinge] step 4440  hinge=0.2874  E_clean=+0.1989  E_invalid=+1.9602  gap=+1.7613
  [hinge] step 4460  hinge=0.3032  E_clean=-0.0398  E_invalid=+1.9679  gap=+2.0077
  [hinge] step 4480  hinge=0.7558  E_clean=-0.3900  E_invalid=+1.6996  gap=+2.0896
  [hinge] step 4500  hinge=0.4201  E_clean=+0.4626  E_invalid=+2.8717  gap=+2.4091
  [hinge] step 4520  hinge=0.3229  E_clean=-0.2315  E_invalid=+2.0746  gap=+2.3061
  [hinge] step 4540  hinge=0.2867  E_clean=+0.2660  E_invalid=+2.0828  gap=+1.8168
  [hinge] step 4560  hinge=0.6263  E_clean=+0.6290  E_invalid=+2.4519  gap=+1.8229
  [hinge] step 4580  hinge=0.3574  E_clean=+0.4025  E_invalid=+2.2011  gap=+1.7986
  [hinge] step 4600  hinge=0.3574  E_clean=+0.0909  E_invalid=+2.2570  gap=+2.1661
  [hinge] step 4620  hinge=0.6254  E_clean=+0.0786  E_invalid=+1.9421  gap=+1.8635
  [hinge] step 4640  hinge=0.3911  E_clean=+0.5117  E_invalid=+2.7375  gap=+2.2258
  [hinge] step 4660  hinge=0.4503  E_clean=-0.1192  E_invalid=+2.1019  gap=+2.2210
  [hinge] step 4680  hinge=0.5889  E_clean=+0.5254  E_invalid=+2.2104  gap=+1.6850
  [hinge] step 4700  hinge=0.6435  E_clean=-0.0457  E_invalid=+1.5243  gap=+1.5700
  [hinge] step 4720  hinge=0.2372  E_clean=+0.2546  E_invalid=+2.5404  gap=+2.2858
  [hinge] step 4740  hinge=0.5797  E_clean=+0.0244  E_invalid=+2.0399  gap=+2.0155
  [hinge] step 4760  hinge=0.2580  E_clean=+0.2138  E_invalid=+2.2268  gap=+2.0130
  [hinge] step 4780  hinge=0.5980  E_clean=+0.4993  E_invalid=+2.5382  gap=+2.0389
  [hinge] step 4800  hinge=0.4066  E_clean=+0.3040  E_invalid=+2.4281  gap=+2.1241
  [hinge] step 4820  hinge=0.5330  E_clean=+0.4785  E_invalid=+2.7525  gap=+2.2740
  [hinge] step 4840  hinge=1.2229  E_clean=+1.0686  E_invalid=+2.7546  gap=+1.6860
  [hinge] step 4860  hinge=0.2703  E_clean=+0.2705  E_invalid=+2.0966  gap=+1.8261
  [hinge] step 4880  hinge=0.4726  E_clean=+0.3420  E_invalid=+2.3113  gap=+1.9694
  [hinge] step 4900  hinge=0.3616  E_clean=+0.0447  E_invalid=+2.0520  gap=+2.0073
  [hinge] step 4920  hinge=0.3280  E_clean=-0.1221  E_invalid=+1.9309  gap=+2.0529
  [hinge] step 4940  hinge=0.3365  E_clean=-0.1404  E_invalid=+1.9397  gap=+2.0802
  [hinge] step 4960  hinge=0.3430  E_clean=+0.0557  E_invalid=+1.8418  gap=+1.7861
  [hinge] step 4980  hinge=0.3509  E_clean=+0.0023  E_invalid=+2.3950  gap=+2.3927
  [hinge] step 5000  hinge=0.3072  E_clean=+0.1983  E_invalid=+2.1703  gap=+1.9720
  [hinge] step 5020  hinge=0.2307  E_clean=+0.3205  E_invalid=+2.6764  gap=+2.3559
  [hinge] step 5040  hinge=0.8191  E_clean=-0.2326  E_invalid=+1.4042  gap=+1.6368
  [hinge] step 5060  hinge=0.5147  E_clean=+0.1434  E_invalid=+1.6857  gap=+1.5424
  [hinge] step 5080  hinge=0.4834  E_clean=+0.3425  E_invalid=+2.4674  gap=+2.1249
  [hinge] step 5100  hinge=0.5640  E_clean=-0.2037  E_invalid=+2.2819  gap=+2.4855
  [hinge] step 5120  hinge=0.3155  E_clean=+0.2059  E_invalid=+2.3092  gap=+2.1033
  [hinge] step 5140  hinge=0.4666  E_clean=+0.1051  E_invalid=+2.4848  gap=+2.3797
  [hinge] step 5160  hinge=0.3294  E_clean=+0.3190  E_invalid=+2.0486  gap=+1.7296
  [hinge] step 5180  hinge=0.6723  E_clean=-0.0387  E_invalid=+1.8197  gap=+1.8584
  [hinge] step 5200  hinge=0.2887  E_clean=+0.0789  E_invalid=+2.1376  gap=+2.0587
  [hinge] step 5220  hinge=0.7759  E_clean=+0.7171  E_invalid=+2.5938  gap=+1.8767
  [hinge] step 5240  hinge=0.2639  E_clean=+0.0539  E_invalid=+1.8103  gap=+1.7563
  [hinge] step 5260  hinge=0.3710  E_clean=+0.1262  E_invalid=+1.8677  gap=+1.7415
  [hinge] step 5280  hinge=1.1725  E_clean=+0.6297  E_invalid=+2.3986  gap=+1.7688
  [hinge] step 5300  hinge=0.8393  E_clean=+0.8321  E_invalid=+2.6630  gap=+1.8309
  [hinge] step 5320  hinge=0.4388  E_clean=+0.4594  E_invalid=+2.6813  gap=+2.2219
  [hinge] step 5340  hinge=0.5299  E_clean=+0.5189  E_invalid=+2.6339  gap=+2.1149
  [hinge] step 5360  hinge=0.2247  E_clean=+0.1450  E_invalid=+2.0810  gap=+1.9361
  [hinge] step 5380  hinge=0.4368  E_clean=-0.0231  E_invalid=+1.9349  gap=+1.9579
  [hinge] step 5400  hinge=0.4875  E_clean=+0.0214  E_invalid=+2.0876  gap=+2.0661
  [hinge] step 5420  hinge=0.3958  E_clean=+0.5417  E_invalid=+2.6515  gap=+2.1098
  [hinge] step 5440  hinge=0.4594  E_clean=+0.1213  E_invalid=+1.6956  gap=+1.5743
  [hinge] step 5460  hinge=0.4954  E_clean=+0.2708  E_invalid=+2.2937  gap=+2.0229
  [hinge] step 5480  hinge=0.6351  E_clean=-0.3469  E_invalid=+1.5864  gap=+1.9333
  [hinge] step 5500  hinge=0.4121  E_clean=+0.1510  E_invalid=+1.7526  gap=+1.6015
  [hinge] step 5520  hinge=0.4147  E_clean=+0.5924  E_invalid=+2.6961  gap=+2.1037
  [hinge] step 5540  hinge=0.6142  E_clean=+0.4294  E_invalid=+1.8321  gap=+1.4027
  [hinge] step 5560  hinge=0.3449  E_clean=-0.0179  E_invalid=+2.1315  gap=+2.1494
  [hinge] step 5580  hinge=0.2167  E_clean=+0.3562  E_invalid=+2.1825  gap=+1.8262
  [hinge] step 5600  hinge=1.1018  E_clean=-0.4638  E_invalid=+1.4866  gap=+1.9505
  [hinge] step 5620  hinge=0.5584  E_clean=+0.2872  E_invalid=+2.5064  gap=+2.2192
  [hinge] step 5640  hinge=0.6327  E_clean=-0.1931  E_invalid=+1.5437  gap=+1.7368
  [hinge] step 5660  hinge=0.1836  E_clean=-0.0439  E_invalid=+2.0244  gap=+2.0683
  [hinge] step 5680  hinge=0.4808  E_clean=+0.1951  E_invalid=+1.8802  gap=+1.6851
  [hinge] step 5700  hinge=0.6964  E_clean=+0.5388  E_invalid=+3.3350  gap=+2.7963
  [hinge] step 5720  hinge=0.4004  E_clean=+0.1734  E_invalid=+2.3165  gap=+2.1431
  [hinge] step 5740  hinge=0.3108  E_clean=+0.0505  E_invalid=+2.3393  gap=+2.2888
  [hinge] step 5760  hinge=0.4799  E_clean=+0.4987  E_invalid=+2.3933  gap=+1.8946
  [hinge] step 5780  hinge=0.4569  E_clean=-0.0134  E_invalid=+1.6786  gap=+1.6920
  [hinge] step 5800  hinge=0.8704  E_clean=-0.1866  E_invalid=+1.6074  gap=+1.7939
  [hinge] step 5820  hinge=0.2883  E_clean=+0.0778  E_invalid=+2.0177  gap=+1.9399
  [hinge] step 5840  hinge=0.4948  E_clean=+0.5627  E_invalid=+2.4030  gap=+1.8403
  [hinge] step 5860  hinge=0.2434  E_clean=+0.2966  E_invalid=+2.1609  gap=+1.8643
  [hinge] step 5880  hinge=0.3030  E_clean=+0.0493  E_invalid=+2.4704  gap=+2.4212
  [hinge] step 5900  hinge=0.5598  E_clean=-0.2039  E_invalid=+1.6857  gap=+1.8896
  [hinge] step 5920  hinge=0.6492  E_clean=+0.7756  E_invalid=+2.4050  gap=+1.6295
  [hinge] step 5940  hinge=1.2935  E_clean=-0.3637  E_invalid=+1.4791  gap=+1.8428
  [hinge] step 5960  hinge=0.5532  E_clean=+0.4531  E_invalid=+2.5478  gap=+2.0948
  [hinge] step 5980  hinge=0.5705  E_clean=+0.0156  E_invalid=+1.7481  gap=+1.7325
  [hinge] step 6000  hinge=0.3087  E_clean=+0.2167  E_invalid=+2.3068  gap=+2.0900
  [hinge] step 6020  hinge=0.9201  E_clean=+0.5260  E_invalid=+2.3654  gap=+1.8393
  [hinge] step 6040  hinge=0.3003  E_clean=+0.3698  E_invalid=+2.1964  gap=+1.8265
  [hinge] step 6060  hinge=0.2816  E_clean=+0.1063  E_invalid=+2.2102  gap=+2.1038
  [hinge] step 6080  hinge=1.0786  E_clean=+0.8898  E_invalid=+2.2990  gap=+1.4092
  [hinge] step 6100  hinge=0.9035  E_clean=-0.4979  E_invalid=+1.6810  gap=+2.1789
  [hinge] step 6120  hinge=1.0039  E_clean=+0.6845  E_invalid=+3.0122  gap=+2.3277
  [hinge] step 6140  hinge=0.5527  E_clean=-0.2298  E_invalid=+1.9236  gap=+2.1534
  [hinge] step 6160  hinge=0.5259  E_clean=+0.4216  E_invalid=+2.0933  gap=+1.6718
  [hinge] step 6180  hinge=0.4051  E_clean=-0.0686  E_invalid=+1.6795  gap=+1.7480
  [hinge] step 6200  hinge=0.7074  E_clean=+0.6421  E_invalid=+2.4322  gap=+1.7901
  [hinge] step 6220  hinge=0.0929  E_clean=+0.0655  E_invalid=+2.2939  gap=+2.2284
  [hinge] step 6240  hinge=0.4124  E_clean=+0.4034  E_invalid=+2.2927  gap=+1.8893
[stage 2 hinge] done. n_steps=6250  final_hinge=0.3814
  positive  mean(std)=1.4142  mean(prob)=0.470
Traceback (most recent call last):
  File "/home/renku/work/aitchinson-flow/scripts/fit_dfm_svgp_hinge.py", line 258, in <module>
    raise SystemExit(main())
                     ^^^^^^
  File "/home/renku/work/aitchinson-flow/scripts/fit_dfm_svgp_hinge.py", line 235, in main
    all_prob = torch.cat([pos_prob, ood_prob_v]).numpy()
               ^^^^^^^^^^^^^^^^^^^^^^^^^^^^^^^^^^^^^^^^^
RuntimeError: Can't call numpy() on Tensor that requires grad. Use tensor.detach().numpy() instead.
