Warning: You are sending unauthenticated requests to the HF Hub. Please set a HF_TOKEN to enable higher rate limits and faster downloads.
[from plain DirichletFM] loaded 129 tensors into model.dfm (exact match, 0 missing / 0 unexpected).
[stage 2 hinge] training SVGP via contrastive hinge
  ckpt:      runs/sflm_bench_a100_20g_L256/DirichletFM/epoch_final.pt
  n_epochs:  5
  lr:        0.001
  t_eval:    4.5
  margin:    2.0
  train_pooler: True
  [hinge] step    1  hinge=2.2850  E_clean=+0.0974  E_invalid=+0.0744  gap=-0.0230
  [hinge] step   20  hinge=2099.6838  E_clean=+44.9454  E_invalid=+47.7981  gap=+2.8528
  [hinge] step   40  hinge=384.2472  E_clean=-18.7582  E_invalid=-15.9930  gap=+2.7651
  [hinge] step   60  hinge=69.8918  E_clean=-7.7539  E_invalid=-6.6703  gap=+1.0836
  [hinge] step   80  hinge=6.1026  E_clean=-1.2732  E_invalid=-0.7441  gap=+0.5291
  [hinge] step  100  hinge=2.3797  E_clean=-0.5112  E_invalid=-0.0086  gap=+0.5026
  [hinge] step  120  hinge=1.3613  E_clean=+0.2639  E_invalid=+0.7780  gap=+0.5141
  [hinge] step  140  hinge=1.3899  E_clean=+0.1784  E_invalid=+0.7928  gap=+0.6143
  [hinge] step  160  hinge=1.5066  E_clean=+0.7620  E_invalid=+1.4275  gap=+0.6655
  [hinge] step  180  hinge=1.1580  E_clean=+0.3598  E_invalid=+1.2275  gap=+0.8677
  [hinge] step  200  hinge=1.1297  E_clean=+0.5990  E_invalid=+1.3970  gap=+0.7980
  [hinge] step  220  hinge=0.9851  E_clean=+0.3624  E_invalid=+1.2239  gap=+0.8614
  [hinge] step  240  hinge=1.1204  E_clean=+0.2885  E_invalid=+1.1065  gap=+0.8179
  [hinge] step  260  hinge=0.8946  E_clean=+0.1950  E_invalid=+1.3011  gap=+1.1062
  [hinge] step  280  hinge=0.9008  E_clean=+0.4892  E_invalid=+1.4258  gap=+0.9367
  [hinge] step  300  hinge=0.9196  E_clean=+0.2548  E_invalid=+1.3351  gap=+1.0802
  [hinge] step  320  hinge=0.7624  E_clean=+0.2725  E_invalid=+1.4021  gap=+1.1296
  [hinge] step  340  hinge=0.9387  E_clean=+0.3778  E_invalid=+1.5292  gap=+1.1515
  [hinge] step  360  hinge=0.7964  E_clean=+0.3254  E_invalid=+1.4745  gap=+1.1491
  [hinge] step  380  hinge=0.8737  E_clean=+0.7267  E_invalid=+1.8613  gap=+1.1346
  [hinge] step  400  hinge=0.7933  E_clean=+0.3490  E_invalid=+1.4248  gap=+1.0757
  [hinge] step  420  hinge=1.2565  E_clean=+0.0080  E_invalid=+1.1850  gap=+1.1770
  [hinge] step  440  hinge=0.9115  E_clean=+0.7481  E_invalid=+2.0312  gap=+1.2831
  [hinge] step  460  hinge=1.0152  E_clean=+0.0021  E_invalid=+1.4643  gap=+1.4623
  [hinge] step  480  hinge=0.9639  E_clean=+0.1316  E_invalid=+1.2545  gap=+1.1229
  [hinge] step  500  hinge=0.8656  E_clean=+0.1235  E_invalid=+1.2995  gap=+1.1760
  [hinge] step  520  hinge=1.1732  E_clean=-0.3946  E_invalid=+1.0495  gap=+1.4441
  [hinge] step  540  hinge=1.0954  E_clean=-0.3418  E_invalid=+1.1209  gap=+1.4628
  [hinge] step  560  hinge=1.2307  E_clean=-0.3137  E_invalid=+1.0745  gap=+1.3881
  [hinge] step  580  hinge=1.3436  E_clean=+0.1530  E_invalid=+1.6038  gap=+1.4508
  [hinge] step  600  hinge=0.9462  E_clean=+0.2205  E_invalid=+1.4584  gap=+1.2379
  [hinge] step  620  hinge=0.7723  E_clean=+0.4065  E_invalid=+1.9059  gap=+1.4994
  [hinge] step  640  hinge=1.5794  E_clean=+0.3508  E_invalid=+1.4702  gap=+1.1193
  [hinge] step  660  hinge=0.2878  E_clean=+0.1815  E_invalid=+1.9333  gap=+1.7517
  [hinge] step  680  hinge=0.8530  E_clean=+0.4392  E_invalid=+1.6552  gap=+1.2160
  [hinge] step  700  hinge=0.6559  E_clean=+0.3191  E_invalid=+2.0516  gap=+1.7324
  [hinge] step  720  hinge=0.8112  E_clean=+0.6360  E_invalid=+2.3007  gap=+1.6648
  [hinge] step  740  hinge=0.4766  E_clean=+0.2475  E_invalid=+2.0387  gap=+1.7911
  [hinge] step  760  hinge=1.0009  E_clean=+0.4672  E_invalid=+1.9421  gap=+1.4749
  [hinge] step  780  hinge=1.0491  E_clean=+0.5334  E_invalid=+1.8465  gap=+1.3130
  [hinge] step  800  hinge=0.5937  E_clean=+0.0859  E_invalid=+1.6167  gap=+1.5308
  [hinge] step  820  hinge=0.6053  E_clean=+0.3537  E_invalid=+2.0674  gap=+1.7137
  [hinge] step  840  hinge=0.5762  E_clean=+0.0747  E_invalid=+1.5472  gap=+1.4726
  [hinge] step  860  hinge=0.4249  E_clean=+0.4096  E_invalid=+2.0302  gap=+1.6206
  [hinge] step  880  hinge=1.3266  E_clean=+1.1058  E_invalid=+2.8282  gap=+1.7224
  [hinge] step  900  hinge=1.5409  E_clean=-0.6187  E_invalid=+1.0449  gap=+1.6636
  [hinge] step  920  hinge=0.3543  E_clean=+0.2184  E_invalid=+1.9829  gap=+1.7645
  [hinge] step  940  hinge=0.9747  E_clean=+0.2286  E_invalid=+2.0846  gap=+1.8560
  [hinge] step  960  hinge=0.9088  E_clean=-0.3690  E_invalid=+1.5473  gap=+1.9163
  [hinge] step  980  hinge=1.0626  E_clean=+0.3322  E_invalid=+1.7758  gap=+1.4436
  [hinge] step 1000  hinge=0.5029  E_clean=-0.0372  E_invalid=+1.8058  gap=+1.8430
  [hinge] step 1020  hinge=0.5415  E_clean=+0.4794  E_invalid=+2.3127  gap=+1.8333
  [hinge] step 1040  hinge=0.5054  E_clean=+0.1496  E_invalid=+1.9113  gap=+1.7617
  [hinge] step 1060  hinge=0.5621  E_clean=+0.3877  E_invalid=+1.9344  gap=+1.5467
  [hinge] step 1080  hinge=0.7759  E_clean=+0.0480  E_invalid=+1.5807  gap=+1.5327
  [hinge] step 1100  hinge=0.7154  E_clean=+0.7604  E_invalid=+2.9623  gap=+2.2020
  [hinge] step 1120  hinge=0.5439  E_clean=-0.2070  E_invalid=+1.7573  gap=+1.9643
  [hinge] step 1140  hinge=1.3317  E_clean=-0.6826  E_invalid=+1.3310  gap=+2.0137
  [hinge] step 1160  hinge=0.6418  E_clean=+0.6996  E_invalid=+2.3065  gap=+1.6069
  [hinge] step 1180  hinge=0.5992  E_clean=+0.3906  E_invalid=+2.0948  gap=+1.7042
  [hinge] step 1200  hinge=0.2905  E_clean=+0.2093  E_invalid=+2.0433  gap=+1.8341
  [hinge] step 1220  hinge=0.4862  E_clean=+0.0509  E_invalid=+1.7963  gap=+1.7454
  [hinge] step 1240  hinge=0.7450  E_clean=+0.3319  E_invalid=+2.0787  gap=+1.7468
  [hinge] step 1260  hinge=0.5693  E_clean=+0.1114  E_invalid=+1.8892  gap=+1.7778
  [hinge] step 1280  hinge=1.1435  E_clean=+0.8226  E_invalid=+2.6823  gap=+1.8597
  [hinge] step 1300  hinge=1.1869  E_clean=+0.7469  E_invalid=+2.4102  gap=+1.6633
  [hinge] step 1320  hinge=0.6310  E_clean=-0.2251  E_invalid=+1.5904  gap=+1.8155
  [hinge] step 1340  hinge=0.8642  E_clean=-0.1954  E_invalid=+1.4449  gap=+1.6403
  [hinge] step 1360  hinge=2.7844  E_clean=+1.6173  E_invalid=+3.4714  gap=+1.8541
  [hinge] step 1380  hinge=1.1426  E_clean=-0.5092  E_invalid=+1.3873  gap=+1.8965
  [hinge] step 1400  hinge=1.5839  E_clean=-0.8110  E_invalid=+1.1559  gap=+1.9669
  [hinge] step 1420  hinge=0.7853  E_clean=-0.3134  E_invalid=+1.5283  gap=+1.8417
  [hinge] step 1440  hinge=1.2059  E_clean=-0.5679  E_invalid=+1.1905  gap=+1.7584
  [hinge] step 1460  hinge=3.2311  E_clean=+0.2272  E_invalid=+1.8244  gap=+1.5972
  [hinge] step 1480  hinge=0.6635  E_clean=+0.0699  E_invalid=+1.9583  gap=+1.8884
  [hinge] step 1500  hinge=1.1173  E_clean=-0.3989  E_invalid=+1.5851  gap=+1.9840
  [hinge] step 1520  hinge=0.3817  E_clean=+0.0258  E_invalid=+1.9535  gap=+1.9277
  [hinge] step 1540  hinge=1.1590  E_clean=+0.9993  E_invalid=+3.1379  gap=+2.1386
  [hinge] step 1560  hinge=0.8895  E_clean=+0.6694  E_invalid=+2.5815  gap=+1.9121
  [hinge] step 1580  hinge=0.5950  E_clean=-0.2315  E_invalid=+1.7044  gap=+1.9359
  [hinge] step 1600  hinge=0.5352  E_clean=+0.2832  E_invalid=+2.1982  gap=+1.9151
  [hinge] step 1620  hinge=1.6460  E_clean=-0.6168  E_invalid=+1.3154  gap=+1.9322
  [hinge] step 1640  hinge=0.5017  E_clean=-0.0820  E_invalid=+1.8380  gap=+1.9201
  [hinge] step 1660  hinge=1.3375  E_clean=+1.1363  E_invalid=+3.0829  gap=+1.9466
  [hinge] step 1680  hinge=0.7305  E_clean=+0.3405  E_invalid=+2.2348  gap=+1.8943
  [hinge] step 1700  hinge=0.3170  E_clean=+0.0376  E_invalid=+2.0546  gap=+2.0169
  [hinge] step 1720  hinge=1.4860  E_clean=-0.3500  E_invalid=+1.7945  gap=+2.1445
  [hinge] step 1740  hinge=1.6138  E_clean=-0.7474  E_invalid=+1.2779  gap=+2.0252
  [hinge] step 1760  hinge=0.3607  E_clean=+0.4821  E_invalid=+2.4785  gap=+1.9964
  [hinge] step 1780  hinge=1.2332  E_clean=-0.5163  E_invalid=+1.4763  gap=+1.9925
  [hinge] step 1800  hinge=1.8585  E_clean=-0.8071  E_invalid=+0.9700  gap=+1.7771
  [hinge] step 1820  hinge=0.7545  E_clean=-0.2545  E_invalid=+1.7879  gap=+2.0425
  [hinge] step 1840  hinge=0.7128  E_clean=+0.7259  E_invalid=+2.6976  gap=+1.9717
  [hinge] step 1860  hinge=0.7162  E_clean=+0.6565  E_invalid=+2.2891  gap=+1.6326
  [hinge] step 1880  hinge=0.3613  E_clean=+0.1090  E_invalid=+1.8278  gap=+1.7188
  [hinge] step 1900  hinge=1.0648  E_clean=-0.2109  E_invalid=+1.3398  gap=+1.5507
  [hinge] step 1920  hinge=0.3892  E_clean=+0.0071  E_invalid=+2.1349  gap=+2.1278
  [hinge] step 1940  hinge=0.4338  E_clean=+0.6097  E_invalid=+2.6026  gap=+1.9930
  [hinge] step 1960  hinge=0.5988  E_clean=-0.3248  E_invalid=+1.8430  gap=+2.1678
  [hinge] step 1980  hinge=0.5534  E_clean=+0.3543  E_invalid=+2.1029  gap=+1.7486
  [hinge] step 2000  hinge=2.2447  E_clean=+1.3228  E_invalid=+3.6351  gap=+2.3123
  [hinge] step 2020  hinge=0.5772  E_clean=+0.7184  E_invalid=+2.9473  gap=+2.2289
  [hinge] step 2040  hinge=1.0547  E_clean=-0.0131  E_invalid=+2.0257  gap=+2.0388
  [hinge] step 2060  hinge=1.0708  E_clean=+0.7915  E_invalid=+2.6335  gap=+1.8420
  [hinge] step 2080  hinge=1.2502  E_clean=-0.3577  E_invalid=+1.8194  gap=+2.1771
  [hinge] step 2100  hinge=0.7316  E_clean=-0.3268  E_invalid=+1.8257  gap=+2.1525
  [hinge] step 2120  hinge=0.3371  E_clean=+0.4518  E_invalid=+2.1746  gap=+1.7228
  [hinge] step 2140  hinge=0.4642  E_clean=+0.1122  E_invalid=+2.0194  gap=+1.9073
  [hinge] step 2160  hinge=0.6906  E_clean=+0.2043  E_invalid=+2.1705  gap=+1.9663
  [hinge] step 2180  hinge=1.0009  E_clean=+0.8122  E_invalid=+2.8105  gap=+1.9983
  [hinge] step 2200  hinge=0.3770  E_clean=+0.0392  E_invalid=+2.0008  gap=+1.9616
  [hinge] step 2220  hinge=0.3463  E_clean=-0.2260  E_invalid=+1.9303  gap=+2.1563
  [hinge] step 2240  hinge=0.9790  E_clean=+0.5339  E_invalid=+2.6582  gap=+2.1243
  [hinge] step 2260  hinge=0.5081  E_clean=+0.1255  E_invalid=+2.1564  gap=+2.0309
  [hinge] step 2280  hinge=0.9219  E_clean=+0.7232  E_invalid=+2.9273  gap=+2.2042
  [hinge] step 2300  hinge=1.9416  E_clean=-0.8844  E_invalid=+1.1330  gap=+2.0174
  [hinge] step 2320  hinge=0.8210  E_clean=+0.6011  E_invalid=+2.5598  gap=+1.9587
  [hinge] step 2340  hinge=0.8107  E_clean=+0.8082  E_invalid=+2.8626  gap=+2.0545
  [hinge] step 2360  hinge=0.5853  E_clean=-0.0053  E_invalid=+2.1063  gap=+2.1116
  [hinge] step 2380  hinge=0.7198  E_clean=+0.4051  E_invalid=+2.3227  gap=+1.9176
  [hinge] step 2400  hinge=0.6012  E_clean=-0.1671  E_invalid=+1.9891  gap=+2.1561
  [hinge] step 2420  hinge=0.4507  E_clean=+0.5081  E_invalid=+2.5712  gap=+2.0630
  [hinge] step 2440  hinge=0.5234  E_clean=+0.0967  E_invalid=+1.9608  gap=+1.8642
  [hinge] step 2460  hinge=0.8992  E_clean=-0.1956  E_invalid=+1.6680  gap=+1.8637
  [hinge] step 2480  hinge=0.3260  E_clean=+0.2089  E_invalid=+2.3637  gap=+2.1549
  [hinge] step 2500  hinge=0.9460  E_clean=-0.6092  E_invalid=+1.5430  gap=+2.1523
  [hinge] step 2520  hinge=0.2389  E_clean=+0.4092  E_invalid=+2.7276  gap=+2.3184
  [hinge] step 2540  hinge=0.3564  E_clean=+0.4427  E_invalid=+2.6792  gap=+2.2365
  [hinge] step 2560  hinge=0.4407  E_clean=+0.5259  E_invalid=+2.5378  gap=+2.0119
  [hinge] step 2580  hinge=1.2515  E_clean=-0.5523  E_invalid=+1.5253  gap=+2.0776
  [hinge] step 2600  hinge=0.2973  E_clean=+0.2509  E_invalid=+2.4170  gap=+2.1660
  [hinge] step 2620  hinge=0.6715  E_clean=+0.7490  E_invalid=+2.8463  gap=+2.0973
  [hinge] step 2640  hinge=0.6803  E_clean=-0.3511  E_invalid=+1.7048  gap=+2.0559
  [hinge] step 2660  hinge=0.5264  E_clean=+0.4398  E_invalid=+2.2998  gap=+1.8599
  [hinge] step 2680  hinge=0.5733  E_clean=+0.0054  E_invalid=+2.0540  gap=+2.0486
  [hinge] step 2700  hinge=0.2043  E_clean=+0.2710  E_invalid=+2.4018  gap=+2.1308
  [hinge] step 2720  hinge=0.4235  E_clean=+0.4236  E_invalid=+2.2815  gap=+1.8579
  [hinge] step 2740  hinge=2.1069  E_clean=-1.0059  E_invalid=+1.1181  gap=+2.1240
  [hinge] step 2760  hinge=0.6118  E_clean=+0.4655  E_invalid=+2.8301  gap=+2.3645
  [hinge] step 2780  hinge=0.7953  E_clean=-0.3059  E_invalid=+1.4939  gap=+1.7998
  [hinge] step 2800  hinge=0.1599  E_clean=+0.3289  E_invalid=+2.3368  gap=+2.0079
  [hinge] step 2820  hinge=0.7603  E_clean=-0.3318  E_invalid=+1.8471  gap=+2.1789
  [hinge] step 2840  hinge=0.6055  E_clean=-0.1709  E_invalid=+1.8755  gap=+2.0463
  [hinge] step 2860  hinge=0.8804  E_clean=+0.5277  E_invalid=+2.5123  gap=+1.9846
  [hinge] step 2880  hinge=0.6911  E_clean=+0.6342  E_invalid=+2.6675  gap=+2.0333
  [hinge] step 2900  hinge=0.4749  E_clean=+0.0423  E_invalid=+2.0450  gap=+2.0027
  [hinge] step 2920  hinge=0.8237  E_clean=+0.8521  E_invalid=+2.9350  gap=+2.0829
  [hinge] step 2940  hinge=0.4385  E_clean=-0.0701  E_invalid=+2.1148  gap=+2.1848
  [hinge] step 2960  hinge=0.9091  E_clean=-0.1749  E_invalid=+1.8134  gap=+1.9883
  [hinge] step 2980  hinge=0.5987  E_clean=+0.4949  E_invalid=+2.2894  gap=+1.7945
  [hinge] step 3000  hinge=1.0491  E_clean=+0.8884  E_invalid=+2.6374  gap=+1.7490
  [hinge] step 3020  hinge=0.1796  E_clean=+0.3595  E_invalid=+2.5671  gap=+2.2076
  [hinge] step 3040  hinge=1.4364  E_clean=+1.0714  E_invalid=+3.0700  gap=+1.9986
  [hinge] step 3060  hinge=0.4294  E_clean=+0.0449  E_invalid=+1.9944  gap=+1.9495
  [hinge] step 3080  hinge=1.2274  E_clean=+0.0915  E_invalid=+2.0910  gap=+1.9995
  [hinge] step 3100  hinge=3.4593  E_clean=-1.1831  E_invalid=+0.7219  gap=+1.9050
  [hinge] step 3120  hinge=1.1088  E_clean=+0.8847  E_invalid=+2.9677  gap=+2.0830
  [hinge] step 3140  hinge=1.0156  E_clean=+0.7884  E_invalid=+2.2953  gap=+1.5069
  [hinge] step 3160  hinge=0.4702  E_clean=-0.0449  E_invalid=+2.2767  gap=+2.3216
  [hinge] step 3180  hinge=0.5535  E_clean=+0.3748  E_invalid=+2.0711  gap=+1.6963
  [hinge] step 3200  hinge=0.3219  E_clean=-0.0695  E_invalid=+2.1718  gap=+2.2413
  [hinge] step 3220  hinge=0.6177  E_clean=+0.7556  E_invalid=+2.7524  gap=+1.9968
  [hinge] step 3240  hinge=0.6173  E_clean=-0.3421  E_invalid=+2.1247  gap=+2.4668
  [hinge] step 3260  hinge=2.5082  E_clean=-0.7118  E_invalid=+0.9974  gap=+1.7093
  [hinge] step 3280  hinge=1.1809  E_clean=+0.2718  E_invalid=+1.7814  gap=+1.5096
  [hinge] step 3300  hinge=0.6604  E_clean=-0.3277  E_invalid=+1.5885  gap=+1.9162
  [hinge] step 3320  hinge=0.5984  E_clean=+0.1101  E_invalid=+2.1547  gap=+2.0446
  [hinge] step 3340  hinge=0.3439  E_clean=+0.3177  E_invalid=+2.1472  gap=+1.8295
  [hinge] step 3360  hinge=0.5068  E_clean=+0.4872  E_invalid=+2.5381  gap=+2.0509
  [hinge] step 3380  hinge=0.2582  E_clean=+0.4068  E_invalid=+2.4308  gap=+2.0239
  [hinge] step 3400  hinge=0.5645  E_clean=+0.1500  E_invalid=+2.1746  gap=+2.0245
  [hinge] step 3420  hinge=0.4073  E_clean=+0.4751  E_invalid=+2.6106  gap=+2.1354
  [hinge] step 3440  hinge=0.6023  E_clean=-0.0589  E_invalid=+2.1305  gap=+2.1893
  [hinge] step 3460  hinge=1.0775  E_clean=-0.5641  E_invalid=+1.6149  gap=+2.1790
  [hinge] step 3480  hinge=1.5399  E_clean=-0.2987  E_invalid=+1.4171  gap=+1.7158
  [hinge] step 3500  hinge=0.1993  E_clean=-0.0028  E_invalid=+2.1938  gap=+2.1967
  [hinge] step 3520  hinge=2.4671  E_clean=+1.4379  E_invalid=+3.5661  gap=+2.1283
  [hinge] step 3540  hinge=0.8057  E_clean=+0.3758  E_invalid=+2.2268  gap=+1.8511
  [hinge] step 3560  hinge=0.9320  E_clean=+0.9065  E_invalid=+2.7445  gap=+1.8380
  [hinge] step 3580  hinge=1.3178  E_clean=+0.9662  E_invalid=+2.7351  gap=+1.7689
  [hinge] step 3600  hinge=0.3434  E_clean=-0.0523  E_invalid=+2.4918  gap=+2.5441
  [hinge] step 3620  hinge=0.9199  E_clean=+0.4142  E_invalid=+2.4895  gap=+2.0753
  [hinge] step 3640  hinge=0.6637  E_clean=-0.1536  E_invalid=+1.9548  gap=+2.1084
  [hinge] step 3660  hinge=0.7750  E_clean=+0.6424  E_invalid=+2.2263  gap=+1.5840
  [hinge] step 3680  hinge=0.5432  E_clean=+0.4844  E_invalid=+2.3328  gap=+1.8484
  [hinge] step 3700  hinge=0.2368  E_clean=+0.2268  E_invalid=+2.2803  gap=+2.0535
  [hinge] step 3720  hinge=0.2914  E_clean=+0.1384  E_invalid=+2.1261  gap=+1.9878
  [hinge] step 3740  hinge=0.7216  E_clean=+0.2908  E_invalid=+2.1956  gap=+1.9047
  [hinge] step 3760  hinge=0.3528  E_clean=+0.3998  E_invalid=+2.4828  gap=+2.0829
  [hinge] step 3780  hinge=0.7222  E_clean=+0.6014  E_invalid=+2.5476  gap=+1.9461
  [hinge] step 3800  hinge=1.4411  E_clean=+0.9993  E_invalid=+2.7457  gap=+1.7464
  [hinge] step 3820  hinge=0.5328  E_clean=+0.0807  E_invalid=+1.9815  gap=+1.9007
  [hinge] step 3840  hinge=0.4086  E_clean=+0.2255  E_invalid=+2.1227  gap=+1.8972
  [hinge] step 3860  hinge=0.3178  E_clean=+0.4958  E_invalid=+2.6589  gap=+2.1631
  [hinge] step 3880  hinge=0.6188  E_clean=-0.2758  E_invalid=+1.6601  gap=+1.9359
  [hinge] step 3900  hinge=1.1080  E_clean=-0.7056  E_invalid=+1.4634  gap=+2.1690
  [hinge] step 3920  hinge=0.2611  E_clean=+0.3395  E_invalid=+2.2767  gap=+1.9371
  [hinge] step 3940  hinge=0.2031  E_clean=+0.2313  E_invalid=+2.1901  gap=+1.9588
  [hinge] step 3960  hinge=2.0280  E_clean=+0.4216  E_invalid=+2.1403  gap=+1.7187
  [hinge] step 3980  hinge=0.9991  E_clean=+0.5950  E_invalid=+2.6824  gap=+2.0874
  [hinge] step 4000  hinge=0.8493  E_clean=-0.0162  E_invalid=+2.1042  gap=+2.1204
  [hinge] step 4020  hinge=0.2839  E_clean=-0.0304  E_invalid=+2.0786  gap=+2.1090
  [hinge] step 4040  hinge=0.5802  E_clean=+0.6778  E_invalid=+2.9141  gap=+2.2364
  [hinge] step 4060  hinge=1.0156  E_clean=+0.7972  E_invalid=+2.8693  gap=+2.0721
  [hinge] step 4080  hinge=0.1613  E_clean=+0.1667  E_invalid=+2.1670  gap=+2.0003
  [hinge] step 4100  hinge=0.4725  E_clean=+0.1463  E_invalid=+2.2408  gap=+2.0945
  [hinge] step 4120  hinge=1.0346  E_clean=-0.2110  E_invalid=+1.8439  gap=+2.0549
  [hinge] step 4140  hinge=0.4561  E_clean=+0.1636  E_invalid=+2.2003  gap=+2.0367
  [hinge] step 4160  hinge=0.8812  E_clean=+0.9114  E_invalid=+2.9366  gap=+2.0252
  [hinge] step 4180  hinge=0.6788  E_clean=+0.3682  E_invalid=+2.4242  gap=+2.0560
  [hinge] step 4200  hinge=0.2553  E_clean=-0.0884  E_invalid=+2.1063  gap=+2.1947
  [hinge] step 4220  hinge=0.8496  E_clean=-0.2057  E_invalid=+2.0296  gap=+2.2353
  [hinge] step 4240  hinge=1.4050  E_clean=-0.7199  E_invalid=+1.3520  gap=+2.0719
  [hinge] step 4260  hinge=0.4443  E_clean=+0.5851  E_invalid=+2.6631  gap=+2.0780
  [hinge] step 4280  hinge=0.5292  E_clean=-0.0217  E_invalid=+1.9609  gap=+1.9826
  [hinge] step 4300  hinge=1.4693  E_clean=-0.6180  E_invalid=+1.1344  gap=+1.7525
  [hinge] step 4320  hinge=0.3106  E_clean=+0.2173  E_invalid=+2.3729  gap=+2.1556
  [hinge] step 4340  hinge=1.0512  E_clean=+0.8902  E_invalid=+2.8876  gap=+1.9974
  [hinge] step 4360  hinge=0.7485  E_clean=+0.6535  E_invalid=+2.2991  gap=+1.6456
  [hinge] step 4380  hinge=0.4981  E_clean=+0.6252  E_invalid=+2.4070  gap=+1.7818
  [hinge] step 4400  hinge=0.8856  E_clean=-0.0865  E_invalid=+1.7056  gap=+1.7922
  [hinge] step 4420  hinge=0.1747  E_clean=+0.1919  E_invalid=+2.4988  gap=+2.3069
  [hinge] step 4440  hinge=0.6189  E_clean=+0.7106  E_invalid=+2.9013  gap=+2.1908
  [hinge] step 4460  hinge=0.6203  E_clean=+0.7389  E_invalid=+2.8558  gap=+2.1168
  [hinge] step 4480  hinge=0.5277  E_clean=+0.3118  E_invalid=+2.2677  gap=+1.9559
  [hinge] step 4500  hinge=2.2366  E_clean=+1.0357  E_invalid=+3.4696  gap=+2.4340
  [hinge] step 4520  hinge=0.4890  E_clean=+0.6152  E_invalid=+2.9072  gap=+2.2920
  [hinge] step 4540  hinge=1.3053  E_clean=-0.3085  E_invalid=+1.6836  gap=+1.9921
  [hinge] step 4560  hinge=0.3154  E_clean=+0.2109  E_invalid=+2.0807  gap=+1.8698
  [hinge] step 4580  hinge=0.6656  E_clean=-0.4323  E_invalid=+1.7061  gap=+2.1384
  [hinge] step 4600  hinge=0.4585  E_clean=-0.0847  E_invalid=+2.0416  gap=+2.1263
  [hinge] step 4620  hinge=0.5947  E_clean=+0.6718  E_invalid=+2.3306  gap=+1.6588
  [hinge] step 4640  hinge=0.4981  E_clean=+0.1536  E_invalid=+2.1631  gap=+2.0096
  [hinge] step 4660  hinge=0.8654  E_clean=+0.7017  E_invalid=+2.7987  gap=+2.0970
  [hinge] step 4680  hinge=0.8601  E_clean=+0.6931  E_invalid=+2.6340  gap=+1.9409
  [hinge] step 4700  hinge=0.6684  E_clean=-0.4023  E_invalid=+1.5917  gap=+1.9939
  [hinge] step 4720  hinge=0.2818  E_clean=+0.4162  E_invalid=+2.5939  gap=+2.1777
  [hinge] step 4740  hinge=0.5448  E_clean=+0.1012  E_invalid=+2.3227  gap=+2.2215
  [hinge] step 4760  hinge=0.5517  E_clean=+0.3567  E_invalid=+2.3598  gap=+2.0032
  [hinge] step 4780  hinge=0.7460  E_clean=+0.7213  E_invalid=+3.0031  gap=+2.2818
  [hinge] step 4800  hinge=0.4433  E_clean=+0.0301  E_invalid=+2.1227  gap=+2.0927
  [hinge] step 4820  hinge=1.0621  E_clean=-0.6254  E_invalid=+1.4884  gap=+2.1138
  [hinge] step 4840  hinge=0.3309  E_clean=+0.4691  E_invalid=+2.4277  gap=+1.9586
  [hinge] step 4860  hinge=0.5320  E_clean=-0.1058  E_invalid=+1.9050  gap=+2.0108
  [hinge] step 4880  hinge=0.4599  E_clean=+0.5376  E_invalid=+2.6149  gap=+2.0773
  [hinge] step 4900  hinge=0.3690  E_clean=+0.1116  E_invalid=+2.0209  gap=+1.9093
  [hinge] step 4920  hinge=0.3732  E_clean=+0.2485  E_invalid=+2.2239  gap=+1.9754
  [hinge] step 4940  hinge=0.4300  E_clean=+0.0423  E_invalid=+2.1316  gap=+2.0893
  [hinge] step 4960  hinge=0.7564  E_clean=-0.2046  E_invalid=+1.6776  gap=+1.8823
  [hinge] step 4980  hinge=0.3011  E_clean=-0.1880  E_invalid=+2.2006  gap=+2.3885
  [hinge] step 5000  hinge=0.4308  E_clean=+0.3316  E_invalid=+2.5561  gap=+2.2245
  [hinge] step 5020  hinge=0.3299  E_clean=-0.1643  E_invalid=+1.9772  gap=+2.1415
  [hinge] step 5040  hinge=0.3997  E_clean=+0.3309  E_invalid=+2.4782  gap=+2.1474
  [hinge] step 5060  hinge=0.1643  E_clean=+0.2313  E_invalid=+2.2711  gap=+2.0398
  [hinge] step 5080  hinge=0.5281  E_clean=+0.1676  E_invalid=+2.3775  gap=+2.2100
  [hinge] step 5100  hinge=0.2102  E_clean=+0.2001  E_invalid=+2.6194  gap=+2.4193
  [hinge] step 5120  hinge=0.5706  E_clean=+0.6902  E_invalid=+2.8850  gap=+2.1949
  [hinge] step 5140  hinge=0.7826  E_clean=-0.4030  E_invalid=+1.5858  gap=+1.9888
  [hinge] step 5160  hinge=0.5592  E_clean=+0.5047  E_invalid=+2.2923  gap=+1.7876
  [hinge] step 5180  hinge=0.3140  E_clean=+0.0152  E_invalid=+2.3345  gap=+2.3192
  [hinge] step 5200  hinge=0.2032  E_clean=+0.0758  E_invalid=+2.2653  gap=+2.1895
  [hinge] step 5220  hinge=0.1569  E_clean=+0.3394  E_invalid=+2.5163  gap=+2.1769
  [hinge] step 5240  hinge=0.1984  E_clean=+0.0310  E_invalid=+2.0783  gap=+2.0473
  [hinge] step 5260  hinge=0.3460  E_clean=+0.4285  E_invalid=+2.5357  gap=+2.1072
  [hinge] step 5280  hinge=0.5024  E_clean=-0.2377  E_invalid=+1.8177  gap=+2.0554
  [hinge] step 5300  hinge=0.3753  E_clean=+0.5866  E_invalid=+2.9468  gap=+2.3602
  [hinge] step 5320  hinge=0.1174  E_clean=+0.1178  E_invalid=+2.3972  gap=+2.2793
  [hinge] step 5340  hinge=0.2549  E_clean=-0.0994  E_invalid=+2.1353  gap=+2.2347
  [hinge] step 5360  hinge=0.9197  E_clean=+0.8096  E_invalid=+2.8133  gap=+2.0037
  [hinge] step 5380  hinge=0.4775  E_clean=-0.2726  E_invalid=+1.9411  gap=+2.2137
  [hinge] step 5400  hinge=0.2818  E_clean=+0.0850  E_invalid=+2.1427  gap=+2.0577
  [hinge] step 5420  hinge=0.4780  E_clean=+0.5088  E_invalid=+2.8247  gap=+2.3159
  [hinge] step 5440  hinge=0.3861  E_clean=+0.0436  E_invalid=+2.4704  gap=+2.4267
  [hinge] step 5460  hinge=0.5547  E_clean=+0.0575  E_invalid=+2.1411  gap=+2.0836
  [hinge] step 5480  hinge=0.5110  E_clean=+0.4204  E_invalid=+2.3398  gap=+1.9194
  [hinge] step 5500  hinge=0.8543  E_clean=-0.4366  E_invalid=+1.5418  gap=+1.9784
  [hinge] step 5520  hinge=0.2226  E_clean=+0.3957  E_invalid=+3.0224  gap=+2.6267
  [hinge] step 5540  hinge=0.3361  E_clean=-0.1887  E_invalid=+2.1750  gap=+2.3637
  [hinge] step 5560  hinge=0.3788  E_clean=-0.2686  E_invalid=+1.9247  gap=+2.1933
  [hinge] step 5580  hinge=0.3183  E_clean=+0.1564  E_invalid=+2.5382  gap=+2.3818
  [hinge] step 5600  hinge=0.3045  E_clean=+0.0800  E_invalid=+2.2918  gap=+2.2118
  [hinge] step 5620  hinge=0.2036  E_clean=-0.1831  E_invalid=+2.9164  gap=+3.0995
  [hinge] step 5640  hinge=0.6240  E_clean=+0.5658  E_invalid=+2.6105  gap=+2.0447
  [hinge] step 5660  hinge=0.2030  E_clean=-0.1335  E_invalid=+2.5413  gap=+2.6748
  [hinge] step 5680  hinge=0.1626  E_clean=+0.2257  E_invalid=+2.4650  gap=+2.2393
  [hinge] step 5700  hinge=0.6435  E_clean=-0.6013  E_invalid=+2.1420  gap=+2.7434
  [hinge] step 5720  hinge=0.1206  E_clean=+0.2363  E_invalid=+2.6453  gap=+2.4090
  [hinge] step 5740  hinge=0.7086  E_clean=+0.0473  E_invalid=+2.7480  gap=+2.7007
  [hinge] step 5760  hinge=0.6685  E_clean=+0.5031  E_invalid=+2.3395  gap=+1.8365
  [hinge] step 5780  hinge=0.4275  E_clean=+0.3898  E_invalid=+2.0621  gap=+1.6723
  [hinge] step 5800  hinge=0.2577  E_clean=+0.3569  E_invalid=+3.1325  gap=+2.7755
  [hinge] step 5820  hinge=0.3688  E_clean=+0.5593  E_invalid=+2.8591  gap=+2.2999
  [hinge] step 5840  hinge=0.2840  E_clean=-0.0456  E_invalid=+2.0964  gap=+2.1420
  [hinge] step 5860  hinge=0.2460  E_clean=-0.2346  E_invalid=+2.0906  gap=+2.3252
  [hinge] step 5880  hinge=0.2732  E_clean=+0.4395  E_invalid=+3.1528  gap=+2.7133
  [hinge] step 5900  hinge=0.3198  E_clean=-0.3627  E_invalid=+2.0755  gap=+2.4382
  [hinge] step 5920  hinge=0.4836  E_clean=+0.1685  E_invalid=+2.2628  gap=+2.0943
  [hinge] step 5940  hinge=0.6742  E_clean=+0.1831  E_invalid=+2.4388  gap=+2.2557
  [hinge] step 5960  hinge=1.1371  E_clean=-0.7451  E_invalid=+1.7106  gap=+2.4557
  [hinge] step 5980  hinge=0.2337  E_clean=+0.2498  E_invalid=+2.0917  gap=+1.8419
  [hinge] step 6000  hinge=0.3504  E_clean=-0.4151  E_invalid=+2.0008  gap=+2.4159
  [hinge] step 6020  hinge=0.5134  E_clean=+0.2691  E_invalid=+2.1731  gap=+1.9040
  [hinge] step 6040  hinge=0.3953  E_clean=-0.2679  E_invalid=+2.0201  gap=+2.2880
  [hinge] step 6060  hinge=0.7863  E_clean=+0.8092  E_invalid=+3.1022  gap=+2.2930
  [hinge] step 6080  hinge=0.8079  E_clean=+0.1386  E_invalid=+2.0766  gap=+1.9380
  [hinge] step 6100  hinge=0.8719  E_clean=+0.7972  E_invalid=+3.4138  gap=+2.6167
  [hinge] step 6120  hinge=0.2284  E_clean=+0.1548  E_invalid=+2.3946  gap=+2.2399
  [hinge] step 6140  hinge=0.2595  E_clean=+0.0035  E_invalid=+2.5102  gap=+2.5067
  [hinge] step 6160  hinge=0.3502  E_clean=+0.0877  E_invalid=+1.9223  gap=+1.8346
  [hinge] step 6180  hinge=0.2825  E_clean=+0.1966  E_invalid=+2.1682  gap=+1.9716
  [hinge] step 6200  hinge=0.2742  E_clean=+0.2708  E_invalid=+2.6102  gap=+2.3394
  [hinge] step 6220  hinge=0.1591  E_clean=+0.1375  E_invalid=+2.7908  gap=+2.6534
  [hinge] step 6240  hinge=0.6540  E_clean=-0.1001  E_invalid=+1.9044  gap=+2.0044
[stage 2 hinge] done. n_steps=6250  final_hinge=0.4612
  positive  mean(std)=1.4142  mean(prob)=0.675
Traceback (most recent call last):
  File "/home/renku/work/aitchinson-flow/scripts/fit_dfm_svgp_hinge.py", line 258, in <module>
    raise SystemExit(main())
                     ^^^^^^
  File "/home/renku/work/aitchinson-flow/scripts/fit_dfm_svgp_hinge.py", line 235, in main
    all_prob = torch.cat([pos_prob, ood_prob_v]).numpy()
               ^^^^^^^^^^^^^^^^^^^^^^^^^^^^^^^^^^^^^^^^^
RuntimeError: Can't call numpy() on Tensor that requires grad. Use tensor.detach().numpy() instead.
