Warning: You are sending unauthenticated requests to the HF Hub. Please set a HF_TOKEN to enable higher rate limits and faster downloads.
[from plain DirichletFM] loaded 129 tensors into model.dfm (exact match, 0 missing / 0 unexpected).
[stage 2 hinge] training SVGP via contrastive hinge
  ckpt:      runs/sflm_bench_a100_20g_L256/DirichletFM_ep30_d30k/epoch_final.pt
  n_epochs:  5
  lr:        0.001
  t_eval:    4.5
  margin:    2.0
  train_pooler: True
  [hinge] step    1  hinge=2.4121  E_clean=-0.0616  E_invalid=-0.3462  gap=-0.2846
  [hinge] step   20  hinge=205.3876  E_clean=+7.6425  E_invalid=-1.1334  gap=-8.7760
  [hinge] step   40  hinge=50.4456  E_clean=+6.9660  E_invalid=+8.1803  gap=+1.2143
  [hinge] step   60  hinge=27.5219  E_clean=+4.0956  E_invalid=+4.1595  gap=+0.0638
  [hinge] step   80  hinge=12.1103  E_clean=+1.6800  E_invalid=+3.4623  gap=+1.7823
  [hinge] step  100  hinge=1.0985  E_clean=+0.0996  E_invalid=+2.4674  gap=+2.3678
  [hinge] step  120  hinge=0.5513  E_clean=+0.2121  E_invalid=+2.0219  gap=+1.8097
  [hinge] step  140  hinge=0.7171  E_clean=-0.1361  E_invalid=+1.5847  gap=+1.7208
  [hinge] step  160  hinge=0.3595  E_clean=-0.0223  E_invalid=+1.8002  gap=+1.8225
  [hinge] step  180  hinge=0.8659  E_clean=-0.6444  E_invalid=+1.6019  gap=+2.2463
  [hinge] step  200  hinge=0.8855  E_clean=+0.5776  E_invalid=+2.5316  gap=+1.9540
  [hinge] step  220  hinge=1.4357  E_clean=-0.5493  E_invalid=+1.6021  gap=+2.1514
  [hinge] step  240  hinge=0.1642  E_clean=-0.0367  E_invalid=+2.1281  gap=+2.1649
  [hinge] step  260  hinge=0.8465  E_clean=-0.2259  E_invalid=+2.2024  gap=+2.4284
  [hinge] step  280  hinge=0.8155  E_clean=+0.7363  E_invalid=+2.7771  gap=+2.0408
  [hinge] step  300  hinge=2.2746  E_clean=+0.5853  E_invalid=+3.5787  gap=+2.9934
  [hinge] step  320  hinge=0.7339  E_clean=+0.0227  E_invalid=+2.0222  gap=+1.9995
  [hinge] step  340  hinge=1.2571  E_clean=-0.1072  E_invalid=+2.2591  gap=+2.3663
  [hinge] step  360  hinge=0.3882  E_clean=-0.1341  E_invalid=+2.3371  gap=+2.4712
  [hinge] step  380  hinge=0.5638  E_clean=-0.2861  E_invalid=+2.2150  gap=+2.5011
  [hinge] step  400  hinge=0.3803  E_clean=+0.1243  E_invalid=+2.1665  gap=+2.0422
  [hinge] step  420  hinge=0.8804  E_clean=+0.9156  E_invalid=+3.3773  gap=+2.4617
  [hinge] step  440  hinge=1.7553  E_clean=-0.7789  E_invalid=+1.7115  gap=+2.4904
  [hinge] step  460  hinge=1.4275  E_clean=+1.1035  E_invalid=+3.4953  gap=+2.3918
  [hinge] step  480  hinge=0.2915  E_clean=+0.3730  E_invalid=+2.5582  gap=+2.1852
  [hinge] step  500  hinge=0.4899  E_clean=+0.5325  E_invalid=+2.2872  gap=+1.7547
  [hinge] step  520  hinge=0.4554  E_clean=+0.2447  E_invalid=+3.1665  gap=+2.9219
  [hinge] step  540  hinge=0.2614  E_clean=+0.0304  E_invalid=+2.3819  gap=+2.3515
  [hinge] step  560  hinge=1.2352  E_clean=+0.7276  E_invalid=+3.1909  gap=+2.4633
  [hinge] step  580  hinge=0.4779  E_clean=-0.1389  E_invalid=+3.0368  gap=+3.1758
  [hinge] step  600  hinge=1.2438  E_clean=+0.1865  E_invalid=+2.7390  gap=+2.5525
  [hinge] step  620  hinge=0.9194  E_clean=+0.8604  E_invalid=+3.5191  gap=+2.6587
  [hinge] step  640  hinge=0.7366  E_clean=+0.5812  E_invalid=+2.4104  gap=+1.8292
  [hinge] step  660  hinge=0.2468  E_clean=+0.4163  E_invalid=+2.9838  gap=+2.5675
  [hinge] step  680  hinge=0.8279  E_clean=+0.2497  E_invalid=+2.2392  gap=+1.9896
  [hinge] step  700  hinge=0.5112  E_clean=+0.6000  E_invalid=+2.8617  gap=+2.2617
  [hinge] step  720  hinge=0.2348  E_clean=-0.3780  E_invalid=+2.5051  gap=+2.8831
  [hinge] step  740  hinge=0.3910  E_clean=+0.1113  E_invalid=+2.7882  gap=+2.6769
  [hinge] step  760  hinge=0.1974  E_clean=-0.2301  E_invalid=+2.1599  gap=+2.3900
  [hinge] step  780  hinge=0.4594  E_clean=+0.2585  E_invalid=+2.8508  gap=+2.5923
  [hinge] step  800  hinge=0.2291  E_clean=+0.4089  E_invalid=+2.6163  gap=+2.2074
  [hinge] step  820  hinge=0.4300  E_clean=-0.3667  E_invalid=+2.2674  gap=+2.6341
  [hinge] step  840  hinge=0.5307  E_clean=-0.5819  E_invalid=+2.3763  gap=+2.9583
  [hinge] step  860  hinge=0.7722  E_clean=-0.0694  E_invalid=+1.7726  gap=+1.8421
  [hinge] step  880  hinge=0.9459  E_clean=-0.4086  E_invalid=+1.9570  gap=+2.3656
  [hinge] step  900  hinge=0.8911  E_clean=+0.8720  E_invalid=+3.4134  gap=+2.5414
  [hinge] step  920  hinge=0.7639  E_clean=-0.0312  E_invalid=+2.1469  gap=+2.1781
  [hinge] step  940  hinge=0.5550  E_clean=+0.2069  E_invalid=+2.6612  gap=+2.4543
  [hinge] step  960  hinge=0.4478  E_clean=+0.1661  E_invalid=+2.9804  gap=+2.8143
  [hinge] step  980  hinge=0.9500  E_clean=-0.4302  E_invalid=+1.5061  gap=+1.9363
  [hinge] step 1000  hinge=0.6898  E_clean=-0.0531  E_invalid=+2.8726  gap=+2.9257
  [hinge] step 1020  hinge=0.2560  E_clean=+0.0309  E_invalid=+2.4370  gap=+2.4060
  [hinge] step 1040  hinge=0.9549  E_clean=-0.1340  E_invalid=+1.7800  gap=+1.9140
  [hinge] step 1060  hinge=0.5460  E_clean=+0.3409  E_invalid=+2.6675  gap=+2.3266
  [hinge] step 1080  hinge=0.4641  E_clean=+0.5229  E_invalid=+2.2381  gap=+1.7152
  [hinge] step 1100  hinge=0.1389  E_clean=+0.0692  E_invalid=+2.7125  gap=+2.6433
  [hinge] step 1120  hinge=0.2967  E_clean=+0.3306  E_invalid=+2.8791  gap=+2.5485
  [hinge] step 1140  hinge=0.6163  E_clean=-0.4119  E_invalid=+2.0480  gap=+2.4599
  [hinge] step 1160  hinge=0.6470  E_clean=+0.4608  E_invalid=+2.9657  gap=+2.5049
  [hinge] step 1180  hinge=0.3978  E_clean=+0.5513  E_invalid=+2.7154  gap=+2.1641
  [hinge] step 1200  hinge=0.3842  E_clean=+0.3504  E_invalid=+3.1002  gap=+2.7497
  [hinge] step 1220  hinge=0.4963  E_clean=+0.3555  E_invalid=+2.9462  gap=+2.5907
  [hinge] step 1240  hinge=1.0021  E_clean=-0.7194  E_invalid=+1.9396  gap=+2.6590
  [hinge] step 1260  hinge=0.3779  E_clean=+0.2840  E_invalid=+2.8519  gap=+2.5678
  [hinge] step 1280  hinge=0.9329  E_clean=+0.9162  E_invalid=+3.5599  gap=+2.6438
  [hinge] step 1300  hinge=0.2010  E_clean=+0.1556  E_invalid=+2.3430  gap=+2.1874
  [hinge] step 1320  hinge=0.7295  E_clean=-0.1609  E_invalid=+1.9460  gap=+2.1069
  [hinge] step 1340  hinge=2.0057  E_clean=-0.9041  E_invalid=+1.4120  gap=+2.3161
  [hinge] step 1360  hinge=0.9262  E_clean=+0.6616  E_invalid=+3.3938  gap=+2.7323
  [hinge] step 1380  hinge=0.1855  E_clean=-0.0464  E_invalid=+2.4288  gap=+2.4752
  [hinge] step 1400  hinge=0.2126  E_clean=+0.2809  E_invalid=+2.5896  gap=+2.3087
  [hinge] step 1420  hinge=1.0365  E_clean=-0.6795  E_invalid=+2.3813  gap=+3.0608
  [hinge] step 1440  hinge=0.2286  E_clean=+0.4050  E_invalid=+2.8463  gap=+2.4414
  [hinge] step 1460  hinge=0.1034  E_clean=+0.1011  E_invalid=+2.5713  gap=+2.4702
  [hinge] step 1480  hinge=2.0088  E_clean=-0.8342  E_invalid=+0.9251  gap=+1.7593
  [hinge] step 1500  hinge=0.3038  E_clean=-0.1904  E_invalid=+2.4664  gap=+2.6568
  [hinge] step 1520  hinge=0.3981  E_clean=+0.5581  E_invalid=+2.7848  gap=+2.2267
  [hinge] step 1540  hinge=0.4809  E_clean=-0.3343  E_invalid=+1.8956  gap=+2.2299
  [hinge] step 1560  hinge=0.4384  E_clean=-0.2541  E_invalid=+2.7655  gap=+3.0196
  [hinge] step 1580  hinge=0.6912  E_clean=-0.2083  E_invalid=+2.2520  gap=+2.4603
  [hinge] step 1600  hinge=0.1349  E_clean=+0.2797  E_invalid=+2.5653  gap=+2.2856
  [hinge] step 1620  hinge=0.3840  E_clean=+0.4940  E_invalid=+3.4467  gap=+2.9527
  [hinge] step 1640  hinge=0.3688  E_clean=-0.2136  E_invalid=+2.1608  gap=+2.3744
  [hinge] step 1660  hinge=0.3914  E_clean=+0.0916  E_invalid=+2.8404  gap=+2.7488
  [hinge] step 1680  hinge=0.4381  E_clean=+0.4256  E_invalid=+3.5379  gap=+3.1123
  [hinge] step 1700  hinge=0.6866  E_clean=-0.1674  E_invalid=+2.0263  gap=+2.1937
  [hinge] step 1720  hinge=0.2813  E_clean=+0.0133  E_invalid=+2.7360  gap=+2.7227
  [hinge] step 1740  hinge=0.6139  E_clean=+0.0819  E_invalid=+2.6391  gap=+2.5573
  [hinge] step 1760  hinge=0.5132  E_clean=-0.2974  E_invalid=+2.5934  gap=+2.8908
  [hinge] step 1780  hinge=0.2467  E_clean=+0.4205  E_invalid=+2.9221  gap=+2.5016
  [hinge] step 1800  hinge=0.2329  E_clean=+0.3320  E_invalid=+2.8193  gap=+2.4873
  [hinge] step 1820  hinge=0.1932  E_clean=+0.0473  E_invalid=+2.8405  gap=+2.7932
  [hinge] step 1840  hinge=0.3531  E_clean=+0.4600  E_invalid=+2.5672  gap=+2.1072
  [hinge] step 1860  hinge=0.5903  E_clean=+0.3689  E_invalid=+3.6114  gap=+3.2425
  [hinge] step 1880  hinge=0.3177  E_clean=-0.0735  E_invalid=+2.3552  gap=+2.4288
  [hinge] step 1900  hinge=0.4937  E_clean=+0.2900  E_invalid=+3.0922  gap=+2.8022
  [hinge] step 1920  hinge=0.2451  E_clean=-0.2018  E_invalid=+2.9125  gap=+3.1144
  [hinge] step 1940  hinge=0.4498  E_clean=+0.4714  E_invalid=+2.8924  gap=+2.4210
  [hinge] step 1960  hinge=0.2609  E_clean=-0.2907  E_invalid=+2.2518  gap=+2.5425
  [hinge] step 1980  hinge=0.4194  E_clean=+0.5532  E_invalid=+2.6576  gap=+2.1043
  [hinge] step 2000  hinge=0.4868  E_clean=-0.2582  E_invalid=+2.6613  gap=+2.9195
  [hinge] step 2020  hinge=0.6662  E_clean=+0.3192  E_invalid=+2.5978  gap=+2.2787
  [hinge] step 2040  hinge=0.3633  E_clean=+0.2303  E_invalid=+2.6232  gap=+2.3928
  [hinge] step 2060  hinge=0.2679  E_clean=+0.3089  E_invalid=+2.7393  gap=+2.4304
  [hinge] step 2080  hinge=0.1680  E_clean=+0.0816  E_invalid=+2.5596  gap=+2.4781
  [hinge] step 2100  hinge=0.2677  E_clean=-0.2561  E_invalid=+2.5631  gap=+2.8193
  [hinge] step 2120  hinge=0.4440  E_clean=+0.2841  E_invalid=+2.7071  gap=+2.4230
  [hinge] step 2140  hinge=0.1859  E_clean=+0.0909  E_invalid=+2.7349  gap=+2.6440
  [hinge] step 2160  hinge=0.2735  E_clean=-0.0765  E_invalid=+2.5276  gap=+2.6041
  [hinge] step 2180  hinge=0.1251  E_clean=-0.0722  E_invalid=+2.4050  gap=+2.4772
  [hinge] step 2200  hinge=0.3770  E_clean=+0.5060  E_invalid=+2.8731  gap=+2.3670
  [hinge] step 2220  hinge=0.3977  E_clean=+0.0559  E_invalid=+2.7017  gap=+2.6458
  [hinge] step 2240  hinge=0.2134  E_clean=-0.1582  E_invalid=+2.9125  gap=+3.0707
  [hinge] step 2260  hinge=0.4681  E_clean=+0.3645  E_invalid=+2.6278  gap=+2.2633
  [hinge] step 2280  hinge=0.1596  E_clean=+0.1467  E_invalid=+2.8070  gap=+2.6603
  [hinge] step 2300  hinge=0.6224  E_clean=+0.1133  E_invalid=+2.7140  gap=+2.6007
  [hinge] step 2320  hinge=0.2252  E_clean=+0.1275  E_invalid=+2.7939  gap=+2.6665
  [hinge] step 2340  hinge=0.5051  E_clean=-0.0918  E_invalid=+2.0031  gap=+2.0949
  [hinge] step 2360  hinge=0.0604  E_clean=+0.1047  E_invalid=+3.1572  gap=+3.0525
  [hinge] step 2380  hinge=0.3630  E_clean=+0.1203  E_invalid=+2.2977  gap=+2.1774
  [hinge] step 2400  hinge=0.1612  E_clean=+0.0363  E_invalid=+2.5437  gap=+2.5074
  [hinge] step 2420  hinge=0.1608  E_clean=-0.1176  E_invalid=+2.9245  gap=+3.0421
  [hinge] step 2440  hinge=0.0744  E_clean=+0.0344  E_invalid=+3.1712  gap=+3.1369
  [hinge] step 2460  hinge=1.0123  E_clean=+0.8255  E_invalid=+3.2109  gap=+2.3854
  [hinge] step 2480  hinge=0.3511  E_clean=-0.2195  E_invalid=+2.3329  gap=+2.5524
  [hinge] step 2500  hinge=0.4369  E_clean=-0.2971  E_invalid=+2.4268  gap=+2.7239
  [hinge] step 2520  hinge=0.5433  E_clean=+0.3912  E_invalid=+3.0557  gap=+2.6645
  [hinge] step 2540  hinge=0.5090  E_clean=+0.4459  E_invalid=+2.8498  gap=+2.4039
  [hinge] step 2560  hinge=0.0724  E_clean=+0.0787  E_invalid=+2.9236  gap=+2.8449
  [hinge] step 2580  hinge=0.1781  E_clean=-0.0089  E_invalid=+2.3543  gap=+2.3631
  [hinge] step 2600  hinge=0.2547  E_clean=-0.2056  E_invalid=+3.0342  gap=+3.2398
  [hinge] step 2620  hinge=0.2536  E_clean=+0.3047  E_invalid=+3.3448  gap=+3.0401
  [hinge] step 2640  hinge=0.1346  E_clean=+0.2440  E_invalid=+2.9073  gap=+2.6633
  [hinge] step 2660  hinge=0.3223  E_clean=-0.4811  E_invalid=+2.9581  gap=+3.4392
  [hinge] step 2680  hinge=0.2110  E_clean=-0.0823  E_invalid=+2.8581  gap=+2.9404
  [hinge] step 2700  hinge=0.2228  E_clean=-0.0191  E_invalid=+2.5341  gap=+2.5531
  [hinge] step 2720  hinge=0.3489  E_clean=+0.5345  E_invalid=+3.2964  gap=+2.7619
  [hinge] step 2740  hinge=0.2458  E_clean=+0.1988  E_invalid=+3.1675  gap=+2.9687
  [hinge] step 2760  hinge=0.1443  E_clean=+0.0599  E_invalid=+2.8615  gap=+2.8016
  [hinge] step 2780  hinge=0.1062  E_clean=+0.1619  E_invalid=+2.6828  gap=+2.5209
  [hinge] step 2800  hinge=0.2371  E_clean=+0.3728  E_invalid=+3.5676  gap=+3.1948
  [hinge] step 2820  hinge=0.2983  E_clean=+0.1316  E_invalid=+3.0408  gap=+2.9092
  [hinge] step 2840  hinge=0.2055  E_clean=-0.1733  E_invalid=+2.4364  gap=+2.6097
  [hinge] step 2860  hinge=0.3652  E_clean=+0.0596  E_invalid=+2.6849  gap=+2.6253
  [hinge] step 2880  hinge=0.3385  E_clean=-0.0011  E_invalid=+2.7388  gap=+2.7400
  [hinge] step 2900  hinge=0.2294  E_clean=+0.3803  E_invalid=+3.0538  gap=+2.6735
  [hinge] step 2920  hinge=0.1202  E_clean=+0.0193  E_invalid=+2.7408  gap=+2.7216
  [hinge] step 2940  hinge=0.5242  E_clean=-0.4443  E_invalid=+2.8147  gap=+3.2590
  [hinge] step 2960  hinge=0.3728  E_clean=-0.2519  E_invalid=+2.6160  gap=+2.8680
  [hinge] step 2980  hinge=0.2402  E_clean=+0.1536  E_invalid=+2.4975  gap=+2.3440
  [hinge] step 3000  hinge=1.4311  E_clean=+0.8436  E_invalid=+3.8620  gap=+3.0184
  [hinge] step 3020  hinge=0.6885  E_clean=-0.5196  E_invalid=+1.9484  gap=+2.4680
  [hinge] step 3040  hinge=0.6127  E_clean=+0.4528  E_invalid=+3.4951  gap=+3.0423
  [hinge] step 3060  hinge=0.8363  E_clean=+0.8377  E_invalid=+3.8277  gap=+2.9900
  [hinge] step 3080  hinge=0.8057  E_clean=+0.3955  E_invalid=+2.8753  gap=+2.4798
  [hinge] step 3100  hinge=0.2092  E_clean=+0.1421  E_invalid=+2.6092  gap=+2.4671
  [hinge] step 3120  hinge=0.2610  E_clean=-0.3708  E_invalid=+3.6570  gap=+4.0278
  [hinge] step 3140  hinge=0.4315  E_clean=-0.0128  E_invalid=+3.3876  gap=+3.4004
  [hinge] step 3160  hinge=0.0807  E_clean=+0.2482  E_invalid=+3.5751  gap=+3.3269
  [hinge] step 3180  hinge=0.2091  E_clean=-0.2692  E_invalid=+2.8357  gap=+3.1049
  [hinge] step 3200  hinge=0.2569  E_clean=+0.0156  E_invalid=+2.4269  gap=+2.4112
  [hinge] step 3220  hinge=0.1208  E_clean=+0.1239  E_invalid=+3.1876  gap=+3.0636
  [hinge] step 3240  hinge=0.2141  E_clean=+0.1907  E_invalid=+2.7747  gap=+2.5840
  [hinge] step 3260  hinge=0.1562  E_clean=+0.0446  E_invalid=+2.3644  gap=+2.3198
  [hinge] step 3280  hinge=0.8182  E_clean=-0.4181  E_invalid=+1.8109  gap=+2.2290
  [hinge] step 3300  hinge=0.2760  E_clean=+0.2147  E_invalid=+2.6815  gap=+2.4668
  [hinge] step 3320  hinge=0.0708  E_clean=+0.2208  E_invalid=+3.0750  gap=+2.8541
  [hinge] step 3340  hinge=0.4938  E_clean=-0.1208  E_invalid=+2.2889  gap=+2.4098
  [hinge] step 3360  hinge=0.1030  E_clean=-0.0695  E_invalid=+2.6326  gap=+2.7021
  [hinge] step 3380  hinge=0.3432  E_clean=-0.0699  E_invalid=+2.2242  gap=+2.2942
  [hinge] step 3400  hinge=0.2535  E_clean=-0.2103  E_invalid=+3.2619  gap=+3.4722
  [hinge] step 3420  hinge=0.1501  E_clean=+0.2483  E_invalid=+2.6841  gap=+2.4358
  [hinge] step 3440  hinge=1.0852  E_clean=+0.6132  E_invalid=+2.8584  gap=+2.2452
  [hinge] step 3460  hinge=0.2811  E_clean=-0.2002  E_invalid=+2.9840  gap=+3.1842
  [hinge] step 3480  hinge=0.3806  E_clean=+0.2046  E_invalid=+3.2365  gap=+3.0320
  [hinge] step 3500  hinge=0.1823  E_clean=+0.0426  E_invalid=+2.8366  gap=+2.7940
  [hinge] step 3520  hinge=0.3656  E_clean=+0.2605  E_invalid=+2.3901  gap=+2.1296
  [hinge] step 3540  hinge=0.1423  E_clean=-0.1137  E_invalid=+2.6085  gap=+2.7222
  [hinge] step 3560  hinge=0.1677  E_clean=-0.2391  E_invalid=+3.0676  gap=+3.3067
  [hinge] step 3580  hinge=0.2853  E_clean=+0.4407  E_invalid=+2.7982  gap=+2.3575
  [hinge] step 3600  hinge=0.2275  E_clean=+0.0532  E_invalid=+3.1444  gap=+3.0912
  [hinge] step 3620  hinge=0.3350  E_clean=-0.2725  E_invalid=+2.2190  gap=+2.4915
  [hinge] step 3640  hinge=0.0921  E_clean=+0.0744  E_invalid=+2.9566  gap=+2.8822
  [hinge] step 3660  hinge=0.1188  E_clean=+0.1397  E_invalid=+3.2559  gap=+3.1162
  [hinge] step 3680  hinge=0.1823  E_clean=+0.0508  E_invalid=+2.7020  gap=+2.6512
  [hinge] step 3700  hinge=0.3453  E_clean=+0.3983  E_invalid=+2.3675  gap=+1.9692
  [hinge] step 3720  hinge=0.1165  E_clean=+0.1030  E_invalid=+2.8327  gap=+2.7298
  [hinge] step 3740  hinge=0.3164  E_clean=-0.3636  E_invalid=+2.4603  gap=+2.8239
  [hinge] step 3760  hinge=0.1206  E_clean=-0.1251  E_invalid=+2.6330  gap=+2.7581
  [hinge] step 3780  hinge=0.1347  E_clean=+0.1704  E_invalid=+2.7076  gap=+2.5371
  [hinge] step 3800  hinge=0.4785  E_clean=+0.4864  E_invalid=+4.2578  gap=+3.7714
  [hinge] step 3820  hinge=0.0232  E_clean=+0.0342  E_invalid=+3.5457  gap=+3.5116
  [hinge] step 3840  hinge=0.0918  E_clean=+0.0282  E_invalid=+3.1307  gap=+3.1025
  [hinge] step 3860  hinge=0.1958  E_clean=+0.1545  E_invalid=+2.6576  gap=+2.5031
  [hinge] step 3880  hinge=0.8766  E_clean=+0.3150  E_invalid=+2.2850  gap=+1.9700
  [hinge] step 3900  hinge=0.1467  E_clean=-0.0490  E_invalid=+2.8111  gap=+2.8601
  [hinge] step 3920  hinge=0.1401  E_clean=+0.2561  E_invalid=+3.4329  gap=+3.1768
  [hinge] step 3940  hinge=0.2693  E_clean=+0.0478  E_invalid=+2.8364  gap=+2.7886
  [hinge] step 3960  hinge=0.0513  E_clean=+0.0205  E_invalid=+2.9375  gap=+2.9170
  [hinge] step 3980  hinge=0.5260  E_clean=+0.2795  E_invalid=+3.2189  gap=+2.9394
  [hinge] step 4000  hinge=0.2697  E_clean=+0.4683  E_invalid=+2.6871  gap=+2.2188
  [hinge] step 4020  hinge=0.1314  E_clean=+0.0322  E_invalid=+3.0912  gap=+3.0590
  [hinge] step 4040  hinge=0.1583  E_clean=-0.2262  E_invalid=+2.5090  gap=+2.7352
  [hinge] step 4060  hinge=0.0426  E_clean=-0.0591  E_invalid=+2.6982  gap=+2.7573
  [hinge] step 4080  hinge=3.9417  E_clean=+0.7536  E_invalid=+3.8914  gap=+3.1378
  [hinge] step 4100  hinge=0.1567  E_clean=+0.2031  E_invalid=+3.0782  gap=+2.8751
  [hinge] step 4120  hinge=0.1728  E_clean=+0.2980  E_invalid=+3.4207  gap=+3.1227
  [hinge] step 4140  hinge=0.0656  E_clean=+0.0690  E_invalid=+2.7447  gap=+2.6757
  [hinge] step 4160  hinge=0.0728  E_clean=-0.0562  E_invalid=+2.9751  gap=+3.0312
  [hinge] step 4180  hinge=0.0760  E_clean=-0.0492  E_invalid=+2.6993  gap=+2.7485
  [hinge] step 4200  hinge=0.0695  E_clean=+0.0174  E_invalid=+2.7874  gap=+2.7700
  [hinge] step 4220  hinge=0.2876  E_clean=+0.1954  E_invalid=+3.5483  gap=+3.3529
  [hinge] step 4240  hinge=0.1843  E_clean=+0.2304  E_invalid=+3.5734  gap=+3.3430
  [hinge] step 4260  hinge=0.1183  E_clean=-0.0600  E_invalid=+3.4173  gap=+3.4774
  [hinge] step 4280  hinge=0.2527  E_clean=+0.2394  E_invalid=+3.0403  gap=+2.8009
  [hinge] step 4300  hinge=0.2263  E_clean=-0.2505  E_invalid=+2.8580  gap=+3.1085
  [hinge] step 4320  hinge=0.0839  E_clean=+0.1076  E_invalid=+2.4683  gap=+2.3607
  [hinge] step 4340  hinge=0.1857  E_clean=-0.2427  E_invalid=+2.2338  gap=+2.4765
  [hinge] step 4360  hinge=0.0704  E_clean=-0.1159  E_invalid=+2.9149  gap=+3.0309
  [hinge] step 4380  hinge=0.2833  E_clean=+0.2268  E_invalid=+3.3287  gap=+3.1019
  [hinge] step 4400  hinge=0.1837  E_clean=-0.0841  E_invalid=+2.0881  gap=+2.1722
  [hinge] step 4420  hinge=0.2250  E_clean=+0.3050  E_invalid=+3.0900  gap=+2.7849
  [hinge] step 4440  hinge=0.0729  E_clean=+0.0150  E_invalid=+3.4869  gap=+3.4719
  [hinge] step 4460  hinge=0.2720  E_clean=+0.4596  E_invalid=+3.4782  gap=+3.0186
  [hinge] step 4480  hinge=0.3063  E_clean=+0.0935  E_invalid=+2.2194  gap=+2.1259
  [hinge] step 4500  hinge=0.1638  E_clean=+0.2560  E_invalid=+2.8145  gap=+2.5585
  [hinge] step 4520  hinge=0.1897  E_clean=+0.2085  E_invalid=+3.3631  gap=+3.1546
  [hinge] step 4540  hinge=0.2789  E_clean=-0.2399  E_invalid=+3.0107  gap=+3.2506
  [hinge] step 4560  hinge=0.1121  E_clean=-0.2006  E_invalid=+2.6103  gap=+2.8109
  [hinge] step 4580  hinge=0.0821  E_clean=-0.0316  E_invalid=+2.6847  gap=+2.7163
  [hinge] step 4600  hinge=0.0443  E_clean=+0.1000  E_invalid=+3.3374  gap=+3.2374
  [hinge] step 4620  hinge=0.1217  E_clean=-0.0832  E_invalid=+3.2006  gap=+3.2837
  [hinge] step 4640  hinge=0.2195  E_clean=-0.3221  E_invalid=+2.9122  gap=+3.2343
  [hinge] step 4660  hinge=0.0341  E_clean=+0.0221  E_invalid=+3.2856  gap=+3.2635
  [hinge] step 4680  hinge=0.2683  E_clean=+0.3191  E_invalid=+2.8233  gap=+2.5042
  [hinge] step 4700  hinge=0.3722  E_clean=-0.5352  E_invalid=+2.9863  gap=+3.5215
  [hinge] step 4720  hinge=0.4455  E_clean=+0.3894  E_invalid=+3.2062  gap=+2.8168
  [hinge] step 4740  hinge=0.0590  E_clean=-0.1226  E_invalid=+2.8223  gap=+2.9449
  [hinge] step 4760  hinge=0.1551  E_clean=+0.0873  E_invalid=+3.2604  gap=+3.1731
  [hinge] step 4780  hinge=0.0558  E_clean=+0.0779  E_invalid=+2.8277  gap=+2.7498
  [hinge] step 4800  hinge=0.1170  E_clean=+0.0735  E_invalid=+2.7246  gap=+2.6511
  [hinge] step 4820  hinge=0.2356  E_clean=-0.0809  E_invalid=+3.5066  gap=+3.5876
  [hinge] step 4840  hinge=0.0890  E_clean=-0.0641  E_invalid=+2.5398  gap=+2.6039
  [hinge] step 4860  hinge=0.1429  E_clean=+0.0452  E_invalid=+2.3963  gap=+2.3511
  [hinge] step 4880  hinge=0.0399  E_clean=-0.0094  E_invalid=+3.1006  gap=+3.1100
  [hinge] step 4900  hinge=0.3062  E_clean=-0.0398  E_invalid=+2.4620  gap=+2.5018
  [hinge] step 4920  hinge=0.2130  E_clean=+0.2855  E_invalid=+3.4949  gap=+3.2095
  [hinge] step 4940  hinge=0.0552  E_clean=-0.0427  E_invalid=+2.7141  gap=+2.7568
  [hinge] step 4960  hinge=0.0983  E_clean=+0.1340  E_invalid=+2.9877  gap=+2.8537
  [hinge] step 4980  hinge=0.1415  E_clean=-0.1144  E_invalid=+2.5670  gap=+2.6814
  [hinge] step 5000  hinge=0.1697  E_clean=-0.0506  E_invalid=+3.8987  gap=+3.9493
  [hinge] step 5020  hinge=0.1471  E_clean=+0.0160  E_invalid=+3.3848  gap=+3.3687
  [hinge] step 5040  hinge=0.2055  E_clean=+0.1858  E_invalid=+2.3930  gap=+2.2071
  [hinge] step 5060  hinge=0.0776  E_clean=+0.0733  E_invalid=+2.9771  gap=+2.9038
  [hinge] step 5080  hinge=0.2610  E_clean=-0.0128  E_invalid=+2.7320  gap=+2.7448
  [hinge] step 5100  hinge=0.0690  E_clean=+0.0945  E_invalid=+2.6168  gap=+2.5223
  [hinge] step 5120  hinge=0.2881  E_clean=+0.1312  E_invalid=+2.7211  gap=+2.5899
  [hinge] step 5140  hinge=0.1219  E_clean=+0.2297  E_invalid=+3.3622  gap=+3.1325
  [hinge] step 5160  hinge=0.0875  E_clean=+0.0058  E_invalid=+2.9708  gap=+2.9650
  [hinge] step 5180  hinge=0.0357  E_clean=-0.0288  E_invalid=+2.7516  gap=+2.7804
  [hinge] step 5200  hinge=0.1393  E_clean=+0.0066  E_invalid=+2.5589  gap=+2.5523
  [hinge] step 5220  hinge=0.4643  E_clean=+0.3091  E_invalid=+2.9802  gap=+2.6711
  [hinge] step 5240  hinge=0.0869  E_clean=-0.0513  E_invalid=+3.4205  gap=+3.4718
  [hinge] step 5260  hinge=0.0654  E_clean=+0.1410  E_invalid=+3.3984  gap=+3.2573
  [hinge] step 5280  hinge=0.1486  E_clean=-0.1942  E_invalid=+2.7525  gap=+2.9467
  [hinge] step 5300  hinge=0.1805  E_clean=+0.0800  E_invalid=+3.1540  gap=+3.0740
  [hinge] step 5320  hinge=0.1771  E_clean=-0.3669  E_invalid=+3.2146  gap=+3.5816
  [hinge] step 5340  hinge=1.4034  E_clean=-0.8995  E_invalid=+1.7368  gap=+2.6363
  [hinge] step 5360  hinge=0.4013  E_clean=-0.2131  E_invalid=+2.2569  gap=+2.4700
  [hinge] step 5380  hinge=0.0901  E_clean=+0.1797  E_invalid=+3.2822  gap=+3.1025
  [hinge] step 5400  hinge=0.5383  E_clean=+0.5489  E_invalid=+3.8411  gap=+3.2922
  [hinge] step 5420  hinge=0.1367  E_clean=+0.2349  E_invalid=+2.7817  gap=+2.5468
  [hinge] step 5440  hinge=0.2913  E_clean=+0.2823  E_invalid=+2.3722  gap=+2.0900
  [hinge] step 5460  hinge=0.1973  E_clean=+0.2332  E_invalid=+2.9264  gap=+2.6932
  [hinge] step 5480  hinge=0.1345  E_clean=+0.2541  E_invalid=+3.9125  gap=+3.6584
  [hinge] step 5500  hinge=0.2067  E_clean=-0.0376  E_invalid=+2.6013  gap=+2.6389
  [hinge] step 5520  hinge=0.2324  E_clean=+0.2182  E_invalid=+3.1815  gap=+2.9634
  [hinge] step 5540  hinge=0.3446  E_clean=-0.0459  E_invalid=+3.1261  gap=+3.1720
  [hinge] step 5560  hinge=0.2157  E_clean=+0.3086  E_invalid=+3.3400  gap=+3.0314
  [hinge] step 5580  hinge=0.0758  E_clean=-0.0222  E_invalid=+3.1357  gap=+3.1579
  [hinge] step 5600  hinge=0.2198  E_clean=-0.3791  E_invalid=+2.3793  gap=+2.7584
  [hinge] step 5620  hinge=0.1744  E_clean=+0.2459  E_invalid=+3.0754  gap=+2.8295
  [hinge] step 5640  hinge=0.1375  E_clean=+0.0836  E_invalid=+3.0870  gap=+3.0033
  [hinge] step 5660  hinge=0.0535  E_clean=+0.0811  E_invalid=+3.3255  gap=+3.2444
  [hinge] step 5680  hinge=0.1716  E_clean=-0.1044  E_invalid=+2.3516  gap=+2.4560
  [hinge] step 5700  hinge=0.1557  E_clean=+0.2947  E_invalid=+3.2833  gap=+2.9886
  [hinge] step 5720  hinge=0.2537  E_clean=+0.2300  E_invalid=+3.0304  gap=+2.8004
  [hinge] step 5740  hinge=0.0532  E_clean=-0.0364  E_invalid=+3.4706  gap=+3.5070
  [hinge] step 5760  hinge=0.1846  E_clean=-0.0936  E_invalid=+2.5657  gap=+2.6592
  [hinge] step 5780  hinge=0.0412  E_clean=+0.1548  E_invalid=+3.0041  gap=+2.8493
  [hinge] step 5800  hinge=0.1643  E_clean=+0.3231  E_invalid=+2.6137  gap=+2.2905
  [hinge] step 5820  hinge=1.6948  E_clean=+0.6703  E_invalid=+3.0624  gap=+2.3921
  [hinge] step 5840  hinge=0.0924  E_clean=+0.1227  E_invalid=+3.0110  gap=+2.8883
  [hinge] step 5860  hinge=0.0849  E_clean=-0.1707  E_invalid=+2.4307  gap=+2.6014
  [hinge] step 5880  hinge=0.1479  E_clean=-0.1851  E_invalid=+2.5871  gap=+2.7722
  [hinge] step 5900  hinge=0.1814  E_clean=-0.2953  E_invalid=+2.6630  gap=+2.9583
  [hinge] step 5920  hinge=0.0953  E_clean=-0.2217  E_invalid=+3.7952  gap=+4.0169
  [hinge] step 5940  hinge=0.2265  E_clean=+0.2163  E_invalid=+3.7532  gap=+3.5369
  [hinge] step 5960  hinge=0.4640  E_clean=+0.4951  E_invalid=+3.1365  gap=+2.6414
  [hinge] step 5980  hinge=0.0840  E_clean=+0.2052  E_invalid=+3.2051  gap=+2.9999
  [hinge] step 6000  hinge=0.2307  E_clean=+0.1275  E_invalid=+2.6381  gap=+2.5106
  [hinge] step 6020  hinge=0.1685  E_clean=+0.1913  E_invalid=+2.9728  gap=+2.7816
  [hinge] step 6040  hinge=0.1831  E_clean=+0.1102  E_invalid=+3.7529  gap=+3.6426
  [hinge] step 6060  hinge=0.1697  E_clean=-0.0651  E_invalid=+2.4761  gap=+2.5412
  [hinge] step 6080  hinge=0.0762  E_clean=+0.1584  E_invalid=+2.6506  gap=+2.4922
  [hinge] step 6100  hinge=0.1659  E_clean=-0.1640  E_invalid=+2.4063  gap=+2.5703
  [hinge] step 6120  hinge=0.0383  E_clean=+0.0649  E_invalid=+2.6420  gap=+2.5771
  [hinge] step 6140  hinge=0.2577  E_clean=+0.1198  E_invalid=+2.8367  gap=+2.7169
  [hinge] step 6160  hinge=0.1819  E_clean=-0.2423  E_invalid=+3.3170  gap=+3.5593
  [hinge] step 6180  hinge=0.1396  E_clean=+0.1910  E_invalid=+2.9491  gap=+2.7582
  [hinge] step 6200  hinge=0.0959  E_clean=+0.1065  E_invalid=+2.8078  gap=+2.7013
  [hinge] step 6220  hinge=0.1081  E_clean=-0.0786  E_invalid=+3.4847  gap=+3.5633
  [hinge] step 6240  hinge=0.0286  E_clean=-0.0099  E_invalid=+4.4248  gap=+4.4346
  [hinge] step 6260  hinge=0.1925  E_clean=+0.2616  E_invalid=+3.2237  gap=+2.9620
  [hinge] step 6280  hinge=0.1854  E_clean=-0.3207  E_invalid=+2.7225  gap=+3.0432
  [hinge] step 6300  hinge=0.1232  E_clean=+0.1977  E_invalid=+3.2230  gap=+3.0253
  [hinge] step 6320  hinge=0.2861  E_clean=-0.3093  E_invalid=+3.3087  gap=+3.6180
  [hinge] step 6340  hinge=0.4260  E_clean=+0.4635  E_invalid=+3.1167  gap=+2.6532
  [hinge] step 6360  hinge=0.1817  E_clean=-0.0706  E_invalid=+2.4303  gap=+2.5009
  [hinge] step 6380  hinge=0.1997  E_clean=+0.1051  E_invalid=+2.7681  gap=+2.6630
  [hinge] step 6400  hinge=0.3688  E_clean=+0.4862  E_invalid=+3.3159  gap=+2.8296
  [hinge] step 6420  hinge=0.5092  E_clean=+0.4316  E_invalid=+3.5820  gap=+3.1505
  [hinge] step 6440  hinge=0.0754  E_clean=+0.1180  E_invalid=+2.8087  gap=+2.6907
  [hinge] step 6460  hinge=0.5570  E_clean=-0.4511  E_invalid=+2.5838  gap=+3.0349
  [hinge] step 6480  hinge=0.2274  E_clean=-0.2075  E_invalid=+2.8812  gap=+3.0886
  [hinge] step 6500  hinge=0.0826  E_clean=+0.0635  E_invalid=+3.0073  gap=+2.9438
  [hinge] step 6520  hinge=0.2711  E_clean=+0.4060  E_invalid=+3.8127  gap=+3.4067
  [hinge] step 6540  hinge=0.1868  E_clean=+0.0913  E_invalid=+3.4337  gap=+3.3425
  [hinge] step 6560  hinge=0.1638  E_clean=+0.0864  E_invalid=+3.7583  gap=+3.6720
  [hinge] step 6580  hinge=0.1820  E_clean=-0.1957  E_invalid=+2.6648  gap=+2.8605
  [hinge] step 6600  hinge=0.1727  E_clean=-0.2942  E_invalid=+2.7931  gap=+3.0873
  [hinge] step 6620  hinge=0.1052  E_clean=-0.0316  E_invalid=+3.3561  gap=+3.3877
  [hinge] step 6640  hinge=0.1252  E_clean=+0.0337  E_invalid=+3.4664  gap=+3.4327
  [hinge] step 6660  hinge=0.2602  E_clean=+0.2621  E_invalid=+2.7735  gap=+2.5113
  [hinge] step 6680  hinge=0.1986  E_clean=+0.2363  E_invalid=+3.5601  gap=+3.3239
  [hinge] step 6700  hinge=0.0660  E_clean=+0.0422  E_invalid=+2.5957  gap=+2.5536
  [hinge] step 6720  hinge=0.6440  E_clean=-0.6534  E_invalid=+2.3360  gap=+2.9894
  [hinge] step 6740  hinge=0.2960  E_clean=-0.4816  E_invalid=+3.2999  gap=+3.7816
  [hinge] step 6760  hinge=0.0700  E_clean=-0.1717  E_invalid=+3.2108  gap=+3.3825
  [hinge] step 6780  hinge=0.0503  E_clean=-0.1068  E_invalid=+3.1828  gap=+3.2896
  [hinge] step 6800  hinge=0.3270  E_clean=+0.2437  E_invalid=+2.5796  gap=+2.3359
  [hinge] step 6820  hinge=14589.2842  E_clean=-116.2576  E_invalid=-68.8120  gap=+47.4456
  [hinge] step 6840  hinge=29926.0957  E_clean=-109.7550  E_invalid=-178.8044  gap=-69.0494
  [hinge] step 6860  hinge=4351.3354  E_clean=+41.2819  E_invalid=+20.5915  gap=-20.6904
  [hinge] step 6880  hinge=241.9933  E_clean=+8.9063  E_invalid=+8.3081  gap=-0.5982
  [hinge] step 6900  hinge=26.9786  E_clean=+3.0766  E_invalid=+2.9267  gap=-0.1499
  [hinge] step 6920  hinge=9.1614  E_clean=+0.7650  E_invalid=+1.7429  gap=+0.9779
  [hinge] step 6940  hinge=9.5437  E_clean=-0.3560  E_invalid=-0.5411  gap=-0.1851
  [hinge] step 6960  hinge=2.2674  E_clean=-0.0593  E_invalid=+1.7673  gap=+1.8267
  [hinge] step 6980  hinge=4.4048  E_clean=+0.5230  E_invalid=+1.3142  gap=+0.7912
  [hinge] step 7000  hinge=4.5565  E_clean=+1.1123  E_invalid=+0.8259  gap=-0.2864
  [hinge] step 7020  hinge=3.6393  E_clean=+0.7595  E_invalid=+0.0704  gap=-0.6891
  [hinge] step 7040  hinge=2.2799  E_clean=+0.5643  E_invalid=+0.7586  gap=+0.1943
  [hinge] step 7060  hinge=2.5813  E_clean=+1.1797  E_invalid=+1.2945  gap=+0.1149
  [hinge] step 7080  hinge=2.6234  E_clean=+0.5173  E_invalid=+0.4179  gap=-0.0994
  [hinge] step 7100  hinge=2.3198  E_clean=+0.6612  E_invalid=+0.4617  gap=-0.1994
  [hinge] step 7120  hinge=2.0579  E_clean=+0.3549  E_invalid=+0.6916  gap=+0.3368
  [hinge] step 7140  hinge=2.6239  E_clean=+1.0121  E_invalid=+0.8539  gap=-0.1582
  [hinge] step 7160  hinge=1.7721  E_clean=+0.3956  E_invalid=+0.5658  gap=+0.1702
  [hinge] step 7180  hinge=1.8199  E_clean=+0.2257  E_invalid=+1.2432  gap=+1.0175
  [hinge] step 7200  hinge=1.8618  E_clean=+0.2455  E_invalid=+0.3834  gap=+0.1378
  [hinge] step 7220  hinge=1.3668  E_clean=+0.1681  E_invalid=+0.7849  gap=+0.6167
  [hinge] step 7240  hinge=1.7891  E_clean=+0.0740  E_invalid=+0.4329  gap=+0.3589
  [hinge] step 7260  hinge=2.0140  E_clean=-0.0296  E_invalid=+0.1631  gap=+0.1928
  [hinge] step 7280  hinge=2.0089  E_clean=+0.2197  E_invalid=+0.8814  gap=+0.6617
  [hinge] step 7300  hinge=1.8467  E_clean=+0.3055  E_invalid=+0.6180  gap=+0.3125
  [hinge] step 7320  hinge=1.9647  E_clean=+0.6531  E_invalid=+1.1213  gap=+0.4682
  [hinge] step 7340  hinge=1.5254  E_clean=+0.4740  E_invalid=+0.8613  gap=+0.3874
  [hinge] step 7360  hinge=1.9022  E_clean=+0.5728  E_invalid=+0.7522  gap=+0.1794
  [hinge] step 7380  hinge=1.7675  E_clean=+0.3468  E_invalid=+0.5196  gap=+0.1728
  [hinge] step 7400  hinge=1.8966  E_clean=-0.0178  E_invalid=+0.2172  gap=+0.2350
  [hinge] step 7420  hinge=1.5593  E_clean=+0.3638  E_invalid=+0.9679  gap=+0.6041
  [hinge] step 7440  hinge=1.1274  E_clean=+0.4092  E_invalid=+1.1106  gap=+0.7014
  [hinge] step 7460  hinge=1.8409  E_clean=+0.6528  E_invalid=+1.1197  gap=+0.4669
  [hinge] step 7480  hinge=1.8514  E_clean=+0.1722  E_invalid=+0.3185  gap=+0.1463
  [hinge] step 7500  hinge=1.6338  E_clean=+0.3246  E_invalid=+0.6660  gap=+0.3414
  [hinge] step 7520  hinge=1.8304  E_clean=+0.6081  E_invalid=+0.7617  gap=+0.1536
  [hinge] step 7540  hinge=0.9169  E_clean=+0.0836  E_invalid=+1.4774  gap=+1.3938
  [hinge] step 7560  hinge=1.6094  E_clean=+0.5428  E_invalid=+0.9761  gap=+0.4333
  [hinge] step 7580  hinge=2.1283  E_clean=+0.8424  E_invalid=+1.0758  gap=+0.2334
  [hinge] step 7600  hinge=1.7849  E_clean=+0.4650  E_invalid=+0.5950  gap=+0.1300
  [hinge] step 7620  hinge=1.5588  E_clean=-0.1831  E_invalid=+0.6005  gap=+0.7836
  [hinge] step 7640  hinge=1.9202  E_clean=+0.5083  E_invalid=+0.7927  gap=+0.2844
  [hinge] step 7660  hinge=1.6055  E_clean=+0.6398  E_invalid=+1.0987  gap=+0.4588
  [hinge] step 7680  hinge=1.5732  E_clean=+0.2393  E_invalid=+0.5688  gap=+0.3295
  [hinge] step 7700  hinge=2.0043  E_clean=+0.6236  E_invalid=+0.7786  gap=+0.1550
  [hinge] step 7720  hinge=1.4844  E_clean=+0.5809  E_invalid=+0.9331  gap=+0.3521
  [hinge] step 7740  hinge=2.1867  E_clean=+0.6777  E_invalid=+0.6909  gap=+0.0132
  [hinge] step 7760  hinge=1.9154  E_clean=+0.1907  E_invalid=+0.2699  gap=+0.0792
  [hinge] step 7780  hinge=1.4609  E_clean=+0.4675  E_invalid=+0.9167  gap=+0.4492
  [hinge] step 7800  hinge=1.7156  E_clean=+0.3574  E_invalid=+0.9714  gap=+0.6139
  [hinge] step 7820  hinge=2.6464  E_clean=+0.8035  E_invalid=+0.7190  gap=-0.0845
  [hinge] step 7840  hinge=2.4127  E_clean=+1.1862  E_invalid=+1.3323  gap=+0.1461
  [hinge] step 7860  hinge=1.9947  E_clean=+0.2345  E_invalid=+0.3172  gap=+0.0828
  [hinge] step 7880  hinge=1.5964  E_clean=+0.6565  E_invalid=+1.1082  gap=+0.4517
  [hinge] step 7900  hinge=1.9318  E_clean=+0.2378  E_invalid=+0.3289  gap=+0.0910
  [hinge] step 7920  hinge=1.9945  E_clean=+0.0300  E_invalid=+0.7405  gap=+0.7104
  [hinge] step 7940  hinge=1.1638  E_clean=+0.5492  E_invalid=+1.3432  gap=+0.7940
  [hinge] step 7960  hinge=1.6472  E_clean=+0.0317  E_invalid=+0.4628  gap=+0.4311
  [hinge] step 7980  hinge=1.8455  E_clean=+0.5250  E_invalid=+0.7498  gap=+0.2249
  [hinge] step 8000  hinge=1.4437  E_clean=+0.4719  E_invalid=+1.1995  gap=+0.7276
  [hinge] step 8020  hinge=1.5091  E_clean=+0.2744  E_invalid=+0.7312  gap=+0.4568
  [hinge] step 8040  hinge=1.3897  E_clean=+0.3466  E_invalid=+0.9851  gap=+0.6385
  [hinge] step 8060  hinge=1.6090  E_clean=+0.4068  E_invalid=+0.8542  gap=+0.4474
  [hinge] step 8080  hinge=1.5986  E_clean=+0.6567  E_invalid=+1.1467  gap=+0.4899
  [hinge] step 8100  hinge=1.6469  E_clean=+0.7225  E_invalid=+0.9719  gap=+0.2494
  [hinge] step 8120  hinge=1.5302  E_clean=+0.7577  E_invalid=+1.5992  gap=+0.8415
  [hinge] step 8140  hinge=2.2588  E_clean=+0.5533  E_invalid=+0.5551  gap=+0.0018
  [hinge] step 8160  hinge=1.7604  E_clean=-0.2089  E_invalid=+0.6961  gap=+0.9050
  [hinge] step 8180  hinge=1.2775  E_clean=+0.5744  E_invalid=+1.2458  gap=+0.6714
  [hinge] step 8200  hinge=1.4431  E_clean=+0.6480  E_invalid=+1.1174  gap=+0.4694
  [hinge] step 8220  hinge=2.0614  E_clean=+0.9339  E_invalid=+1.3382  gap=+0.4043
  [hinge] step 8240  hinge=1.4008  E_clean=+0.1817  E_invalid=+0.8663  gap=+0.6846
  [hinge] step 8260  hinge=1.1595  E_clean=+0.2549  E_invalid=+0.9711  gap=+0.7163
  [hinge] step 8280  hinge=1.6661  E_clean=+0.2060  E_invalid=+0.9471  gap=+0.7410
  [hinge] step 8300  hinge=2.9829  E_clean=-0.6738  E_invalid=-0.2660  gap=+0.4078
  [hinge] step 8320  hinge=1.7008  E_clean=-0.0685  E_invalid=+0.4318  gap=+0.5002
  [hinge] step 8340  hinge=1.9690  E_clean=+0.9228  E_invalid=+1.2289  gap=+0.3061
  [hinge] step 8360  hinge=1.5097  E_clean=+0.8614  E_invalid=+1.6081  gap=+0.7468
  [hinge] step 8380  hinge=1.8607  E_clean=+1.0340  E_invalid=+1.2851  gap=+0.2511
  [hinge] step 8400  hinge=1.3506  E_clean=+0.1621  E_invalid=+0.7706  gap=+0.6085
  [hinge] step 8420  hinge=2.1866  E_clean=-0.3794  E_invalid=+0.1516  gap=+0.5310
  [hinge] step 8440  hinge=1.7384  E_clean=-0.4649  E_invalid=+0.5726  gap=+1.0376
  [hinge] step 8460  hinge=2.0022  E_clean=-0.1828  E_invalid=+0.4866  gap=+0.6695
  [hinge] step 8480  hinge=1.4126  E_clean=+0.2695  E_invalid=+0.9470  gap=+0.6775
  [hinge] step 8500  hinge=1.6049  E_clean=+0.1614  E_invalid=+0.8898  gap=+0.7284
  [hinge] step 8520  hinge=1.3032  E_clean=+0.1337  E_invalid=+0.8355  gap=+0.7019
  [hinge] step 8540  hinge=1.3591  E_clean=+0.2579  E_invalid=+0.8992  gap=+0.6413
  [hinge] step 8560  hinge=1.4793  E_clean=+0.3912  E_invalid=+0.7787  gap=+0.3876
  [hinge] step 8580  hinge=1.9069  E_clean=+0.9400  E_invalid=+1.4364  gap=+0.4964
  [hinge] step 8600  hinge=1.9239  E_clean=+0.4080  E_invalid=+0.6412  gap=+0.2332
  [hinge] step 8620  hinge=1.7584  E_clean=+0.2301  E_invalid=+0.5413  gap=+0.3112
  [hinge] step 8640  hinge=1.5523  E_clean=+0.2676  E_invalid=+0.7281  gap=+0.4605
  [hinge] step 8660  hinge=1.3990  E_clean=+0.3085  E_invalid=+0.9610  gap=+0.6525
  [hinge] step 8680  hinge=1.5977  E_clean=+0.7678  E_invalid=+1.1331  gap=+0.3654
  [hinge] step 8700  hinge=1.3503  E_clean=+0.5763  E_invalid=+1.0847  gap=+0.5084
  [hinge] step 8720  hinge=1.1065  E_clean=+0.4265  E_invalid=+1.1450  gap=+0.7185
  [hinge] step 8740  hinge=2.1499  E_clean=-0.3894  E_invalid=+0.2407  gap=+0.6301
  [hinge] step 8760  hinge=1.9437  E_clean=+0.8204  E_invalid=+1.1090  gap=+0.2886
  [hinge] step 8780  hinge=2.5609  E_clean=+1.2315  E_invalid=+1.5437  gap=+0.3121
  [hinge] step 8800  hinge=1.5084  E_clean=+0.5800  E_invalid=+0.8914  gap=+0.3114
  [hinge] step 8820  hinge=1.2309  E_clean=+0.4088  E_invalid=+1.0706  gap=+0.6618
  [hinge] step 8840  hinge=1.5622  E_clean=+0.6597  E_invalid=+1.0835  gap=+0.4239
  [hinge] step 8860  hinge=1.6437  E_clean=-0.1912  E_invalid=+0.6398  gap=+0.8310
  [hinge] step 8880  hinge=1.5450  E_clean=+0.5173  E_invalid=+0.9866  gap=+0.4693
  [hinge] step 8900  hinge=1.5124  E_clean=-0.0561  E_invalid=+0.6674  gap=+0.7235
  [hinge] step 8920  hinge=1.4866  E_clean=+0.8131  E_invalid=+1.4651  gap=+0.6520
  [hinge] step 8940  hinge=1.2833  E_clean=+0.3870  E_invalid=+0.9570  gap=+0.5700
  [hinge] step 8960  hinge=1.8495  E_clean=+0.4994  E_invalid=+0.7956  gap=+0.2962
  [hinge] step 8980  hinge=1.3491  E_clean=+0.4527  E_invalid=+1.2318  gap=+0.7790
  [hinge] step 9000  hinge=1.6472  E_clean=+0.2122  E_invalid=+0.4907  gap=+0.2785
  [hinge] step 9020  hinge=1.4371  E_clean=+0.1325  E_invalid=+0.8861  gap=+0.7536
  [hinge] step 9040  hinge=1.2520  E_clean=+0.3177  E_invalid=+1.0233  gap=+0.7056
  [hinge] step 9060  hinge=1.3549  E_clean=+0.0141  E_invalid=+0.7382  gap=+0.7241
  [hinge] step 9080  hinge=1.8070  E_clean=+0.7725  E_invalid=+1.4743  gap=+0.7017
  [hinge] step 9100  hinge=1.2247  E_clean=+0.6781  E_invalid=+1.4779  gap=+0.7998
  [hinge] step 9120  hinge=1.2351  E_clean=+0.8332  E_invalid=+1.7689  gap=+0.9357
  [hinge] step 9140  hinge=1.1617  E_clean=-0.0066  E_invalid=+0.9894  gap=+0.9961
  [hinge] step 9160  hinge=1.9101  E_clean=+0.6769  E_invalid=+1.0738  gap=+0.3969
  [hinge] step 9180  hinge=1.5828  E_clean=+0.4113  E_invalid=+0.7443  gap=+0.3331
  [hinge] step 9200  hinge=1.1842  E_clean=+0.4323  E_invalid=+1.1100  gap=+0.6777
  [hinge] step 9220  hinge=1.4591  E_clean=+0.5829  E_invalid=+0.9842  gap=+0.4013
  [hinge] step 9240  hinge=1.4763  E_clean=+0.1792  E_invalid=+1.0007  gap=+0.8215
  [hinge] step 9260  hinge=2.4582  E_clean=-0.0633  E_invalid=+0.7083  gap=+0.7716
  [hinge] step 9280  hinge=1.4160  E_clean=+0.6118  E_invalid=+1.5106  gap=+0.8988
  [hinge] step 9300  hinge=0.9902  E_clean=+0.5703  E_invalid=+1.4779  gap=+0.9076
  [hinge] step 9320  hinge=1.5518  E_clean=+0.1256  E_invalid=+0.6119  gap=+0.4863
  [hinge] step 9340  hinge=2.0861  E_clean=+0.8140  E_invalid=+1.0608  gap=+0.2468
  [hinge] step 9360  hinge=1.6486  E_clean=+0.9460  E_invalid=+1.6079  gap=+0.6619
  [hinge] step 9380  hinge=1.3822  E_clean=-0.3105  E_invalid=+0.8127  gap=+1.1232
  [hinge] step 9400  hinge=1.2978  E_clean=+0.3035  E_invalid=+1.0390  gap=+0.7355
  [hinge] step 9420  hinge=1.3314  E_clean=+0.7643  E_invalid=+1.4802  gap=+0.7159
  [hinge] step 9440  hinge=0.9932  E_clean=+0.5014  E_invalid=+1.3348  gap=+0.8335
  [hinge] step 9460  hinge=1.2345  E_clean=+0.7143  E_invalid=+1.4230  gap=+0.7086
  [hinge] step 9480  hinge=2.0848  E_clean=+0.4173  E_invalid=+0.6073  gap=+0.1900
  [hinge] step 9500  hinge=2.1102  E_clean=-0.2848  E_invalid=+0.3310  gap=+0.6158
  [hinge] step 9520  hinge=1.3311  E_clean=+0.3180  E_invalid=+0.8737  gap=+0.5557
  [hinge] step 9540  hinge=1.3744  E_clean=+0.6401  E_invalid=+1.1566  gap=+0.5165
  [hinge] step 9560  hinge=1.4390  E_clean=-0.0871  E_invalid=+0.7707  gap=+0.8578
  [hinge] step 9580  hinge=1.3000  E_clean=+0.0526  E_invalid=+1.0760  gap=+1.0234
  [hinge] step 9600  hinge=1.5055  E_clean=+0.6982  E_invalid=+1.3564  gap=+0.6582
  [hinge] step 9620  hinge=2.0812  E_clean=+0.5419  E_invalid=+0.9938  gap=+0.4519
  [hinge] step 9640  hinge=1.5368  E_clean=+0.9393  E_invalid=+1.5369  gap=+0.5976
  [hinge] step 9660  hinge=2.0366  E_clean=+0.2652  E_invalid=+1.2530  gap=+0.9878
  [hinge] step 9680  hinge=4.8766  E_clean=-0.4022  E_invalid=-0.7178  gap=-0.3156
  [hinge] step 9700  hinge=2.6149  E_clean=+0.1406  E_invalid=+0.3956  gap=+0.2550
  [hinge] step 9720  hinge=1.5842  E_clean=-0.0223  E_invalid=+1.1204  gap=+1.1427
  [hinge] step 9740  hinge=1.4706  E_clean=+0.8852  E_invalid=+1.8177  gap=+0.9325
  [hinge] step 9760  hinge=1.4246  E_clean=+0.1791  E_invalid=+0.8484  gap=+0.6692
  [hinge] step 9780  hinge=1.5352  E_clean=+0.1189  E_invalid=+0.6019  gap=+0.4830
  [hinge] step 9800  hinge=1.2707  E_clean=+0.2184  E_invalid=+0.9091  gap=+0.6906
  [hinge] step 9820  hinge=1.2170  E_clean=+0.4529  E_invalid=+1.2990  gap=+0.8461
  [hinge] step 9840  hinge=1.7040  E_clean=+0.2043  E_invalid=+0.8746  gap=+0.6702
  [hinge] step 9860  hinge=2.3753  E_clean=+1.2456  E_invalid=+1.5908  gap=+0.3452
  [hinge] step 9880  hinge=1.2707  E_clean=+0.7537  E_invalid=+1.3460  gap=+0.5923
  [hinge] step 9900  hinge=1.2915  E_clean=+0.2203  E_invalid=+1.0525  gap=+0.8322
  [hinge] step 9920  hinge=1.4199  E_clean=+0.7414  E_invalid=+1.2808  gap=+0.5394
  [hinge] step 9940  hinge=1.2585  E_clean=+0.8940  E_invalid=+1.8351  gap=+0.9411
  [hinge] step 9960  hinge=1.5775  E_clean=+0.8755  E_invalid=+1.3188  gap=+0.4434
  [hinge] step 9980  hinge=1.8078  E_clean=+0.8988  E_invalid=+1.3616  gap=+0.4628
  [hinge] step 10000  hinge=1.2134  E_clean=+0.0273  E_invalid=+1.3617  gap=+1.3344
  [hinge] step 10020  hinge=1.3010  E_clean=-0.0289  E_invalid=+0.9630  gap=+0.9919
  [hinge] step 10040  hinge=1.7407  E_clean=+0.7576  E_invalid=+1.2852  gap=+0.5275
  [hinge] step 10060  hinge=1.5041  E_clean=+0.1179  E_invalid=+0.7658  gap=+0.6479
  [hinge] step 10080  hinge=2.5344  E_clean=-0.1593  E_invalid=+0.1794  gap=+0.3387
  [hinge] step 10100  hinge=1.6628  E_clean=+0.9310  E_invalid=+1.7305  gap=+0.7995
  [hinge] step 10120  hinge=1.3274  E_clean=+0.5472  E_invalid=+1.1546  gap=+0.6074
  [hinge] step 10140  hinge=1.5356  E_clean=+0.0880  E_invalid=+0.6373  gap=+0.5493
  [hinge] step 10160  hinge=1.4139  E_clean=+0.0422  E_invalid=+0.7843  gap=+0.7421
  [hinge] step 10180  hinge=1.4755  E_clean=-0.0425  E_invalid=+0.7256  gap=+0.7681
  [hinge] step 10200  hinge=1.5235  E_clean=+0.1466  E_invalid=+0.7658  gap=+0.6192
  [hinge] step 10220  hinge=1.4900  E_clean=+0.6781  E_invalid=+1.5396  gap=+0.8615
  [hinge] step 10240  hinge=1.3630  E_clean=+0.4728  E_invalid=+1.0557  gap=+0.5829
  [hinge] step 10260  hinge=1.0274  E_clean=+0.5809  E_invalid=+1.4436  gap=+0.8626
  [hinge] step 10280  hinge=1.8168  E_clean=-0.1951  E_invalid=+0.6700  gap=+0.8651
  [hinge] step 10300  hinge=1.7704  E_clean=+0.1873  E_invalid=+1.7153  gap=+1.5280
  [hinge] step 10320  hinge=2.3831  E_clean=+1.4154  E_invalid=+1.9381  gap=+0.5227
  [hinge] step 10340  hinge=2.5680  E_clean=-0.4761  E_invalid=+0.0294  gap=+0.5055
  [hinge] step 10360  hinge=1.3666  E_clean=+0.4730  E_invalid=+1.6510  gap=+1.1780
  [hinge] step 10380  hinge=1.9391  E_clean=+1.1838  E_invalid=+1.9631  gap=+0.7793
  [hinge] step 10400  hinge=1.2175  E_clean=+0.4537  E_invalid=+1.3403  gap=+0.8866
  [hinge] step 10420  hinge=0.9644  E_clean=+0.6270  E_invalid=+1.5310  gap=+0.9039
  [hinge] step 10440  hinge=1.7115  E_clean=-0.2306  E_invalid=+0.8127  gap=+1.0432
  [hinge] step 10460  hinge=1.4527  E_clean=-0.0451  E_invalid=+0.7759  gap=+0.8210
  [hinge] step 10480  hinge=1.3207  E_clean=+0.6938  E_invalid=+1.4465  gap=+0.7527
  [hinge] step 10500  hinge=2.5183  E_clean=+0.0006  E_invalid=+0.5483  gap=+0.5477
  [hinge] step 10520  hinge=1.4872  E_clean=+0.9125  E_invalid=+1.7401  gap=+0.8276
  [hinge] step 10540  hinge=7.4483  E_clean=+1.5507  E_invalid=+2.7488  gap=+1.1981
  [hinge] step 10560  hinge=5.5222  E_clean=-1.2607  E_invalid=+0.6899  gap=+1.9506
  [hinge] step 10580  hinge=8.4071  E_clean=-0.8824  E_invalid=-1.7806  gap=-0.8983
  [hinge] step 10600  hinge=2.2875  E_clean=+0.7276  E_invalid=+0.6307  gap=-0.0969
  [hinge] step 10620  hinge=2.9383  E_clean=-0.7735  E_invalid=-0.0129  gap=+0.7606
  [hinge] step 10640  hinge=1.2941  E_clean=+0.3770  E_invalid=+1.2515  gap=+0.8745
  [hinge] step 10660  hinge=1.8268  E_clean=+1.1873  E_invalid=+1.8723  gap=+0.6850
  [hinge] step 10680  hinge=1.6504  E_clean=+0.4192  E_invalid=+0.7181  gap=+0.2989
  [hinge] step 10700  hinge=2.8043  E_clean=+1.3053  E_invalid=+1.6204  gap=+0.3152
  [hinge] step 10720  hinge=2.2934  E_clean=-0.2055  E_invalid=+0.4533  gap=+0.6589
  [hinge] step 10740  hinge=1.7475  E_clean=+0.6910  E_invalid=+1.2189  gap=+0.5279
  [hinge] step 10760  hinge=1.3801  E_clean=+0.4060  E_invalid=+1.4516  gap=+1.0456
  [hinge] step 10780  hinge=2.1175  E_clean=-0.6093  E_invalid=+0.5842  gap=+1.1935
  [hinge] step 10800  hinge=1.2850  E_clean=+0.7568  E_invalid=+1.4866  gap=+0.7298
  [hinge] step 10820  hinge=1.0821  E_clean=+0.4450  E_invalid=+1.4507  gap=+1.0056
  [hinge] step 10840  hinge=1.1571  E_clean=+0.6312  E_invalid=+1.5717  gap=+0.9404
  [hinge] step 10860  hinge=1.3657  E_clean=+0.2676  E_invalid=+0.8909  gap=+0.6233
  [hinge] step 10880  hinge=1.8212  E_clean=+1.0339  E_invalid=+1.7853  gap=+0.7514
  [hinge] step 10900  hinge=1.3709  E_clean=+0.0221  E_invalid=+0.9816  gap=+0.9595
  [hinge] step 10920  hinge=1.4611  E_clean=-0.1927  E_invalid=+0.7682  gap=+0.9609
  [hinge] step 10940  hinge=4.1246  E_clean=+1.2603  E_invalid=+1.8224  gap=+0.5621
  [hinge] step 10960  hinge=1.0811  E_clean=+0.2584  E_invalid=+1.0513  gap=+0.7929
  [hinge] step 10980  hinge=1.3154  E_clean=+0.1565  E_invalid=+0.8646  gap=+0.7082
  [hinge] step 11000  hinge=2.5698  E_clean=+1.2132  E_invalid=+2.1618  gap=+0.9486
  [hinge] step 11020  hinge=1.5688  E_clean=+0.8895  E_invalid=+1.8172  gap=+0.9277
  [hinge] step 11040  hinge=0.9455  E_clean=-0.0794  E_invalid=+1.2446  gap=+1.3240
  [hinge] step 11060  hinge=2.7828  E_clean=+1.0605  E_invalid=+1.8053  gap=+0.7448
  [hinge] step 11080  hinge=2.8051  E_clean=-0.8984  E_invalid=+0.3891  gap=+1.2875
  [hinge] step 11100  hinge=0.9623  E_clean=+0.4642  E_invalid=+1.2808  gap=+0.8166
  [hinge] step 11120  hinge=1.4553  E_clean=+0.8283  E_invalid=+1.3326  gap=+0.5043
  [hinge] step 11140  hinge=1.2244  E_clean=+0.9993  E_invalid=+2.0560  gap=+1.0567
  [hinge] step 11160  hinge=4.3295  E_clean=+0.3544  E_invalid=+0.8978  gap=+0.5434
  [hinge] step 11180  hinge=2.7113  E_clean=-0.7134  E_invalid=+0.3091  gap=+1.0225
  [hinge] step 11200  hinge=1.5487  E_clean=+0.8804  E_invalid=+1.3189  gap=+0.4385
  [hinge] step 11220  hinge=1.2544  E_clean=+0.1482  E_invalid=+0.9312  gap=+0.7830
  [hinge] step 11240  hinge=1.6933  E_clean=+0.6162  E_invalid=+1.2172  gap=+0.6010
  [hinge] step 11260  hinge=1.4629  E_clean=+0.0204  E_invalid=+0.9301  gap=+0.9097
  [hinge] step 11280  hinge=0.9250  E_clean=+0.6441  E_invalid=+2.1530  gap=+1.5089
  [hinge] step 11300  hinge=1.0746  E_clean=+0.3314  E_invalid=+1.2522  gap=+0.9208
  [hinge] step 11320  hinge=0.5450  E_clean=+0.3867  E_invalid=+1.7985  gap=+1.4118
  [hinge] step 11340  hinge=2.1293  E_clean=+0.7016  E_invalid=+1.3249  gap=+0.6233
  [hinge] step 11360  hinge=1.8318  E_clean=-0.2492  E_invalid=+0.4994  gap=+0.7487
  [hinge] step 11380  hinge=2.2992  E_clean=+0.2194  E_invalid=+0.9489  gap=+0.7296
  [hinge] step 11400  hinge=4.4135  E_clean=+1.9763  E_invalid=+3.0328  gap=+1.0565
  [hinge] step 11420  hinge=5.3912  E_clean=-0.7089  E_invalid=-0.0134  gap=+0.6955
  [hinge] step 11440  hinge=2.9511  E_clean=-0.4032  E_invalid=+0.6742  gap=+1.0774
  [hinge] step 11460  hinge=2.1966  E_clean=-0.3988  E_invalid=+0.7132  gap=+1.1120
  [hinge] step 11480  hinge=3.8858  E_clean=-1.2341  E_invalid=-0.0602  gap=+1.1739
  [hinge] step 11500  hinge=1.9905  E_clean=+0.2969  E_invalid=+1.0539  gap=+0.7570
  [hinge] step 11520  hinge=17.5422  E_clean=+2.4785  E_invalid=+4.4563  gap=+1.9778
  [hinge] step 11540  hinge=194.5801  E_clean=-10.8575  E_invalid=-4.1916  gap=+6.6659
  [hinge] step 11560  hinge=18.8693  E_clean=+2.7842  E_invalid=+1.9819  gap=-0.8023
  [hinge] step 11580  hinge=2.1740  E_clean=-0.2145  E_invalid=+0.5501  gap=+0.7646
  [hinge] step 11600  hinge=1.5239  E_clean=+0.7619  E_invalid=+1.4213  gap=+0.6594
  [hinge] step 11620  hinge=1.2452  E_clean=+0.5817  E_invalid=+1.2215  gap=+0.6399
  [hinge] step 11640  hinge=1.0124  E_clean=+0.2695  E_invalid=+1.3492  gap=+1.0797
  [hinge] step 11660  hinge=1.5559  E_clean=+0.5294  E_invalid=+1.3581  gap=+0.8287
  [hinge] step 11680  hinge=1.5857  E_clean=-0.3291  E_invalid=+0.7243  gap=+1.0534
  [hinge] step 11700  hinge=1.9970  E_clean=+0.6073  E_invalid=+0.7902  gap=+0.1829
  [hinge] step 11720  hinge=0.8529  E_clean=+0.3611  E_invalid=+1.4844  gap=+1.1233
  [hinge] step 11740  hinge=1.2073  E_clean=+0.8251  E_invalid=+1.7516  gap=+0.9265
  [hinge] step 11760  hinge=1.3106  E_clean=-0.0113  E_invalid=+1.0779  gap=+1.0891
  [hinge] step 11780  hinge=1.5352  E_clean=+0.8449  E_invalid=+2.1324  gap=+1.2875
  [hinge] step 11800  hinge=0.8645  E_clean=+0.3258  E_invalid=+1.4545  gap=+1.1287
  [hinge] step 11820  hinge=0.9713  E_clean=+0.6376  E_invalid=+1.6845  gap=+1.0469
  [hinge] step 11840  hinge=1.1990  E_clean=+0.6614  E_invalid=+1.3770  gap=+0.7157
  [hinge] step 11860  hinge=1.7074  E_clean=-0.0135  E_invalid=+0.6518  gap=+0.6653
  [hinge] step 11880  hinge=1.4585  E_clean=+0.4964  E_invalid=+1.0410  gap=+0.5445
  [hinge] step 11900  hinge=1.8143  E_clean=+0.8225  E_invalid=+1.2207  gap=+0.3983
  [hinge] step 11920  hinge=1.6868  E_clean=+0.1052  E_invalid=+0.7996  gap=+0.6944
  [hinge] step 11940  hinge=2.0110  E_clean=+0.8255  E_invalid=+1.9833  gap=+1.1578
  [hinge] step 11960  hinge=1.9577  E_clean=+0.7918  E_invalid=+1.0258  gap=+0.2340
  [hinge] step 11980  hinge=1.5583  E_clean=+0.0397  E_invalid=+0.9364  gap=+0.8966
  [hinge] step 12000  hinge=0.9161  E_clean=+0.0874  E_invalid=+1.2224  gap=+1.1350
  [hinge] step 12020  hinge=1.4718  E_clean=+0.0407  E_invalid=+2.6720  gap=+2.6314
  [hinge] step 12040  hinge=0.9226  E_clean=+0.1564  E_invalid=+1.3896  gap=+1.2332
  [hinge] step 12060  hinge=1.2075  E_clean=+0.5226  E_invalid=+1.7417  gap=+1.2191
  [hinge] step 12080  hinge=1.1553  E_clean=+0.3690  E_invalid=+1.3063  gap=+0.9373
  [hinge] step 12100  hinge=1.2114  E_clean=+0.7777  E_invalid=+1.9929  gap=+1.2153
  [hinge] step 12120  hinge=1.0599  E_clean=+0.0061  E_invalid=+1.5351  gap=+1.5290
  [hinge] step 12140  hinge=0.9472  E_clean=+0.1451  E_invalid=+1.2336  gap=+1.0885
  [hinge] step 12160  hinge=1.0259  E_clean=+0.8418  E_invalid=+1.8684  gap=+1.0266
  [hinge] step 12180  hinge=1.8993  E_clean=+0.9767  E_invalid=+2.2716  gap=+1.2949
  [hinge] step 12200  hinge=1.2944  E_clean=+0.0402  E_invalid=+0.9075  gap=+0.8673
  [hinge] step 12220  hinge=0.7862  E_clean=+0.2397  E_invalid=+1.4108  gap=+1.1711
  [hinge] step 12240  hinge=1.4932  E_clean=+1.0541  E_invalid=+2.1630  gap=+1.1089
  [hinge] step 12260  hinge=1.1088  E_clean=+0.5459  E_invalid=+1.4551  gap=+0.9091
  [hinge] step 12280  hinge=0.9029  E_clean=+0.1602  E_invalid=+1.5192  gap=+1.3590
  [hinge] step 12300  hinge=0.5741  E_clean=+0.0499  E_invalid=+1.6625  gap=+1.6125
  [hinge] step 12320  hinge=6.3937  E_clean=+0.6106  E_invalid=+1.4562  gap=+0.8456
  [hinge] step 12340  hinge=1.5626  E_clean=+0.2532  E_invalid=+0.9896  gap=+0.7364
  [hinge] step 12360  hinge=1.4266  E_clean=-0.1856  E_invalid=+1.6751  gap=+1.8608
  [hinge] step 12380  hinge=1.3430  E_clean=+0.7349  E_invalid=+1.4800  gap=+0.7451
  [hinge] step 12400  hinge=1.6921  E_clean=+0.2872  E_invalid=+1.2107  gap=+0.9235
  [hinge] step 12420  hinge=1.4303  E_clean=+0.8329  E_invalid=+1.9382  gap=+1.1053
  [hinge] step 12440  hinge=2.7095  E_clean=+0.0002  E_invalid=+0.4569  gap=+0.4568
  [hinge] step 12460  hinge=1.5830  E_clean=-0.3631  E_invalid=+0.9124  gap=+1.2755
  [hinge] step 12480  hinge=1.2932  E_clean=+0.6586  E_invalid=+1.7132  gap=+1.0546
  [hinge] step 12500  hinge=0.9347  E_clean=+0.5120  E_invalid=+1.7547  gap=+1.2427
  [hinge] step 12520  hinge=0.9420  E_clean=+0.4701  E_invalid=+1.7077  gap=+1.2377
  [hinge] step 12540  hinge=1.6622  E_clean=-0.1430  E_invalid=+0.6771  gap=+0.8201
  [hinge] step 12560  hinge=1.2819  E_clean=+0.7562  E_invalid=+2.3588  gap=+1.6026
  [hinge] step 12580  hinge=1.8679  E_clean=-0.2776  E_invalid=+0.7172  gap=+0.9948
  [hinge] step 12600  hinge=0.7328  E_clean=+0.5124  E_invalid=+1.7673  gap=+1.2549
  [hinge] step 12620  hinge=1.2600  E_clean=+0.1374  E_invalid=+1.9286  gap=+1.7912
  [hinge] step 12640  hinge=2.7077  E_clean=+0.5425  E_invalid=+0.7779  gap=+0.2354
  [hinge] step 12660  hinge=2.7648  E_clean=-0.6246  E_invalid=+1.4025  gap=+2.0271
  [hinge] step 12680  hinge=3.9563  E_clean=+0.5139  E_invalid=+1.6469  gap=+1.1329
  [hinge] step 12700  hinge=2.0093  E_clean=+0.6868  E_invalid=+1.8809  gap=+1.1941
  [hinge] step 12720  hinge=1.8842  E_clean=+0.1420  E_invalid=+0.9846  gap=+0.8427
  [hinge] step 12740  hinge=2.0071  E_clean=+0.2677  E_invalid=+3.1595  gap=+2.8919
  [hinge] step 12760  hinge=1.2256  E_clean=+0.7289  E_invalid=+2.1417  gap=+1.4129
  [hinge] step 12780  hinge=3.5907  E_clean=+0.9406  E_invalid=+1.2286  gap=+0.2881
  [hinge] step 12800  hinge=3.4169  E_clean=+1.2815  E_invalid=+2.4228  gap=+1.1412
  [hinge] step 12820  hinge=0.9925  E_clean=-0.1026  E_invalid=+1.3721  gap=+1.4747
  [hinge] step 12840  hinge=2.1991  E_clean=-0.5282  E_invalid=+0.3069  gap=+0.8352
  [hinge] step 12860  hinge=0.7316  E_clean=+0.2970  E_invalid=+1.4851  gap=+1.1882
  [hinge] step 12880  hinge=1.0478  E_clean=-0.0185  E_invalid=+1.1223  gap=+1.1408
  [hinge] step 12900  hinge=1.5924  E_clean=+0.3126  E_invalid=+1.6673  gap=+1.3547
  [hinge] step 12920  hinge=1.0244  E_clean=+0.0266  E_invalid=+1.0784  gap=+1.0518
  [hinge] step 12940  hinge=0.7605  E_clean=+0.2549  E_invalid=+1.6594  gap=+1.4044
  [hinge] step 12960  hinge=1.0293  E_clean=+0.3169  E_invalid=+1.5091  gap=+1.1922
  [hinge] step 12980  hinge=1.2584  E_clean=+0.4812  E_invalid=+1.3396  gap=+0.8584
  [hinge] step 13000  hinge=1.0758  E_clean=-0.1869  E_invalid=+1.3886  gap=+1.5754
  [hinge] step 13020  hinge=2.2811  E_clean=+0.5606  E_invalid=+0.9198  gap=+0.3592
  [hinge] step 13040  hinge=1.4448  E_clean=-0.2275  E_invalid=+1.3208  gap=+1.5482
  [hinge] step 13060  hinge=2.4540  E_clean=+0.1689  E_invalid=+1.4545  gap=+1.2856
  [hinge] step 13080  hinge=7.7726  E_clean=+0.1054  E_invalid=+3.7309  gap=+3.6254
  [hinge] step 13100  hinge=2.7113  E_clean=-0.7158  E_invalid=+0.4817  gap=+1.1975
  [hinge] step 13120  hinge=3.9329  E_clean=+1.2451  E_invalid=+3.3507  gap=+2.1056
  [hinge] step 13140  hinge=7.4173  E_clean=-1.7707  E_invalid=-0.0498  gap=+1.7209
  [hinge] step 13160  hinge=2.3121  E_clean=-0.5120  E_invalid=+0.2232  gap=+0.7352
  [hinge] step 13180  hinge=5.4484  E_clean=+0.8468  E_invalid=+2.8804  gap=+2.0336
  [hinge] step 13200  hinge=3.1485  E_clean=-0.3835  E_invalid=+0.1171  gap=+0.5006
  [hinge] step 13220  hinge=1.9224  E_clean=-0.2227  E_invalid=+0.6205  gap=+0.8432
  [hinge] step 13240  hinge=1.9577  E_clean=+0.7409  E_invalid=+2.3602  gap=+1.6193
  [hinge] step 13260  hinge=1.8559  E_clean=+1.0602  E_invalid=+1.6229  gap=+0.5626
  [hinge] step 13280  hinge=0.9033  E_clean=+0.1929  E_invalid=+1.4754  gap=+1.2824
  [hinge] step 13300  hinge=0.6857  E_clean=+0.5475  E_invalid=+1.7787  gap=+1.2312
  [hinge] step 13320  hinge=1.6715  E_clean=+0.6198  E_invalid=+2.4856  gap=+1.8657
  [hinge] step 13340  hinge=1.9275  E_clean=-0.3550  E_invalid=+0.8446  gap=+1.1995
  [hinge] step 13360  hinge=3.8429  E_clean=+0.3488  E_invalid=+0.4134  gap=+0.0646
  [hinge] step 13380  hinge=1.7020  E_clean=+0.3567  E_invalid=+1.8496  gap=+1.4929
  [hinge] step 13400  hinge=5.6659  E_clean=+0.8663  E_invalid=+1.1733  gap=+0.3069
  [hinge] step 13420  hinge=1.3938  E_clean=-0.3583  E_invalid=+1.5709  gap=+1.9292
  [hinge] step 13440  hinge=0.6943  E_clean=+0.1038  E_invalid=+1.5477  gap=+1.4440
  [hinge] step 13460  hinge=1.6925  E_clean=+0.8950  E_invalid=+2.0374  gap=+1.1424
  [hinge] step 13480  hinge=1.2008  E_clean=+0.1960  E_invalid=+1.3390  gap=+1.1430
  [hinge] step 13500  hinge=1.1544  E_clean=+0.6816  E_invalid=+1.5540  gap=+0.8724
  [hinge] step 13520  hinge=1.2145  E_clean=+0.0233  E_invalid=+1.7383  gap=+1.7150
  [hinge] step 13540  hinge=2.7027  E_clean=+0.8380  E_invalid=+1.1504  gap=+0.3124
  [hinge] step 13560  hinge=4.1051  E_clean=-0.6639  E_invalid=+0.0935  gap=+0.7573
  [hinge] step 13580  hinge=5.1646  E_clean=-0.3646  E_invalid=-0.0683  gap=+0.2963
  [hinge] step 13600  hinge=4.0750  E_clean=-0.5384  E_invalid=+1.6252  gap=+2.1637
  [hinge] step 13620  hinge=1.2862  E_clean=+0.5932  E_invalid=+1.2761  gap=+0.6829
  [hinge] step 13640  hinge=3.7533  E_clean=+0.5506  E_invalid=+3.1254  gap=+2.5748
  [hinge] step 13660  hinge=3.0162  E_clean=+0.0375  E_invalid=+1.3957  gap=+1.3582
  [hinge] step 13680  hinge=1.7319  E_clean=+0.8869  E_invalid=+1.7688  gap=+0.8819
  [hinge] step 13700  hinge=1.6710  E_clean=-0.0995  E_invalid=+0.9526  gap=+1.0521
  [hinge] step 13720  hinge=7.3106  E_clean=-0.0376  E_invalid=+4.1060  gap=+4.1436
  [hinge] step 13740  hinge=22.5113  E_clean=+3.7177  E_invalid=-0.1257  gap=-3.8434
  [hinge] step 13760  hinge=8.6040  E_clean=+1.5107  E_invalid=+3.4385  gap=+1.9278
  [hinge] step 13780  hinge=4.7475  E_clean=+0.1893  E_invalid=+2.0247  gap=+1.8354
  [hinge] step 13800  hinge=0.9407  E_clean=-0.0623  E_invalid=+1.2697  gap=+1.3320
  [hinge] step 13820  hinge=0.7689  E_clean=+0.2662  E_invalid=+2.2093  gap=+1.9432
  [hinge] step 13840  hinge=1.3142  E_clean=+0.4257  E_invalid=+2.0957  gap=+1.6700
  [hinge] step 13860  hinge=0.4979  E_clean=+0.2641  E_invalid=+1.8270  gap=+1.5629
  [hinge] step 13880  hinge=0.8644  E_clean=+0.5604  E_invalid=+1.8607  gap=+1.3002
  [hinge] step 13900  hinge=1.1113  E_clean=+0.4474  E_invalid=+3.3149  gap=+2.8674
  [hinge] step 13920  hinge=1.3695  E_clean=+0.8389  E_invalid=+2.4851  gap=+1.6462
  [hinge] step 13940  hinge=2.9724  E_clean=+1.1226  E_invalid=+2.2777  gap=+1.1551
  [hinge] step 13960  hinge=1.4174  E_clean=+0.1184  E_invalid=+1.4939  gap=+1.3755
  [hinge] step 13980  hinge=1.7766  E_clean=+0.1234  E_invalid=+2.0785  gap=+1.9551
  [hinge] step 14000  hinge=0.7833  E_clean=+0.0040  E_invalid=+2.2782  gap=+2.2742
  [hinge] step 14020  hinge=0.7718  E_clean=+0.1496  E_invalid=+1.7137  gap=+1.5641
  [hinge] step 14040  hinge=1.1993  E_clean=+0.2685  E_invalid=+2.3216  gap=+2.0531
  [hinge] step 14060  hinge=1.8041  E_clean=+0.7401  E_invalid=+2.8964  gap=+2.1562
  [hinge] step 14080  hinge=0.9520  E_clean=+0.3049  E_invalid=+1.3680  gap=+1.0631
  [hinge] step 14100  hinge=1.2075  E_clean=+0.0750  E_invalid=+1.2700  gap=+1.1950
  [hinge] step 14120  hinge=1.5514  E_clean=+0.6082  E_invalid=+1.9418  gap=+1.3336
  [hinge] step 14140  hinge=0.7653  E_clean=+0.0441  E_invalid=+1.6140  gap=+1.5699
  [hinge] step 14160  hinge=3.8486  E_clean=-0.7993  E_invalid=+0.1616  gap=+0.9609
  [hinge] step 14180  hinge=2.0984  E_clean=+0.5157  E_invalid=+1.2571  gap=+0.7414
  [hinge] step 14200  hinge=1.6398  E_clean=-0.2468  E_invalid=+0.7672  gap=+1.0140
  [hinge] step 14220  hinge=1.0607  E_clean=+0.8319  E_invalid=+1.9219  gap=+1.0901
  [hinge] step 14240  hinge=1.0895  E_clean=-0.4096  E_invalid=+2.0429  gap=+2.4525
  [hinge] step 14260  hinge=0.7225  E_clean=+0.2443  E_invalid=+1.7078  gap=+1.4635
  [hinge] step 14280  hinge=3.0817  E_clean=-0.4804  E_invalid=+1.6892  gap=+2.1696
  [hinge] step 14300  hinge=3.1979  E_clean=+0.9568  E_invalid=+1.6264  gap=+0.6696
  [hinge] step 14320  hinge=2.5029  E_clean=-0.9439  E_invalid=+0.9709  gap=+1.9149
  [hinge] step 14340  hinge=1.7434  E_clean=+0.8180  E_invalid=+1.5003  gap=+0.6824
  [hinge] step 14360  hinge=3.2352  E_clean=+0.8517  E_invalid=+1.0998  gap=+0.2480
  [hinge] step 14380  hinge=1.2321  E_clean=+0.0874  E_invalid=+1.6416  gap=+1.5542
  [hinge] step 14400  hinge=1.4871  E_clean=+0.6370  E_invalid=+1.5787  gap=+0.9417
  [hinge] step 14420  hinge=1.7907  E_clean=+0.7355  E_invalid=+2.3835  gap=+1.6480
  [hinge] step 14440  hinge=1.3388  E_clean=-0.1414  E_invalid=+1.6520  gap=+1.7934
  [hinge] step 14460  hinge=1.6950  E_clean=+1.0019  E_invalid=+2.1568  gap=+1.1549
  [hinge] step 14480  hinge=1.6497  E_clean=+0.4776  E_invalid=+1.7066  gap=+1.2290
  [hinge] step 14500  hinge=1.0068  E_clean=+0.8117  E_invalid=+2.0465  gap=+1.2348
  [hinge] step 14520  hinge=1.2744  E_clean=-0.2872  E_invalid=+1.6390  gap=+1.9261
  [hinge] step 14540  hinge=0.5910  E_clean=+0.5683  E_invalid=+2.0924  gap=+1.5241
  [hinge] step 14560  hinge=1.2547  E_clean=+0.6755  E_invalid=+2.5966  gap=+1.9211
  [hinge] step 14580  hinge=0.4276  E_clean=+0.2363  E_invalid=+2.8763  gap=+2.6400
  [hinge] step 14600  hinge=1.2875  E_clean=-0.0235  E_invalid=+0.9040  gap=+0.9275
  [hinge] step 14620  hinge=0.9571  E_clean=+0.6940  E_invalid=+2.6885  gap=+1.9945
  [hinge] step 14640  hinge=1.6949  E_clean=-0.2023  E_invalid=+2.8571  gap=+3.0594
  [hinge] step 14660  hinge=0.9486  E_clean=-0.1138  E_invalid=+1.5763  gap=+1.6901
  [hinge] step 14680  hinge=0.6303  E_clean=+0.0844  E_invalid=+1.7363  gap=+1.6519
  [hinge] step 14700  hinge=1.6210  E_clean=+0.9780  E_invalid=+1.7625  gap=+0.7845
  [hinge] step 14720  hinge=2.1428  E_clean=-0.0148  E_invalid=+1.6049  gap=+1.6197
  [hinge] step 14740  hinge=0.9610  E_clean=+0.4388  E_invalid=+1.8106  gap=+1.3718
  [hinge] step 14760  hinge=0.5203  E_clean=+0.2593  E_invalid=+2.0177  gap=+1.7584
  [hinge] step 14780  hinge=1.7460  E_clean=+0.5941  E_invalid=+2.4875  gap=+1.8934
  [hinge] step 14800  hinge=0.7173  E_clean=+0.5144  E_invalid=+1.7716  gap=+1.2572
  [hinge] step 14820  hinge=3.4811  E_clean=+1.1462  E_invalid=+2.3175  gap=+1.1712
  [hinge] step 14840  hinge=4.4143  E_clean=+0.1420  E_invalid=+0.6083  gap=+0.4664
  [hinge] step 14860  hinge=4.3439  E_clean=+1.6773  E_invalid=+1.9567  gap=+0.2794
  [hinge] step 14880  hinge=2.4488  E_clean=+0.7789  E_invalid=+2.2423  gap=+1.4633
  [hinge] step 14900  hinge=4.3463  E_clean=+0.4227  E_invalid=+0.9691  gap=+0.5464
  [hinge] step 14920  hinge=1.2323  E_clean=+0.1937  E_invalid=+1.4919  gap=+1.2982
  [hinge] step 14940  hinge=0.7363  E_clean=+0.3150  E_invalid=+2.2117  gap=+1.8968
  [hinge] step 14960  hinge=1.2514  E_clean=+0.2016  E_invalid=+1.5647  gap=+1.3631
  [hinge] step 14980  hinge=1.3533  E_clean=+0.2105  E_invalid=+1.2166  gap=+1.0061
  [hinge] step 15000  hinge=0.8246  E_clean=+0.5801  E_invalid=+2.1653  gap=+1.5852
  [hinge] step 15020  hinge=2.0250  E_clean=+0.0676  E_invalid=+2.0680  gap=+2.0004
  [hinge] step 15040  hinge=5.0448  E_clean=+0.8908  E_invalid=+1.0651  gap=+0.1743
  [hinge] step 15060  hinge=1.3427  E_clean=+0.0441  E_invalid=+1.2878  gap=+1.2438
  [hinge] step 15080  hinge=1.3674  E_clean=+0.2548  E_invalid=+1.7934  gap=+1.5386
  [hinge] step 15100  hinge=1.4216  E_clean=-0.3084  E_invalid=+1.8155  gap=+2.1239
  [hinge] step 15120  hinge=0.9895  E_clean=-0.5157  E_invalid=+1.4890  gap=+2.0047
  [hinge] step 15140  hinge=2.2173  E_clean=+0.2998  E_invalid=+2.7566  gap=+2.4568
  [hinge] step 15160  hinge=0.8251  E_clean=+0.1388  E_invalid=+1.3301  gap=+1.1913
  [hinge] step 15180  hinge=0.5981  E_clean=+0.3314  E_invalid=+1.6933  gap=+1.3618
  [hinge] step 15200  hinge=10.2619  E_clean=-1.0448  E_invalid=-0.0458  gap=+0.9990
  [hinge] step 15220  hinge=3.2558  E_clean=-1.1354  E_invalid=+0.3027  gap=+1.4381
  [hinge] step 15240  hinge=1.6897  E_clean=+1.0714  E_invalid=+2.4239  gap=+1.3525
  [hinge] step 15260  hinge=0.7619  E_clean=+0.1352  E_invalid=+1.7992  gap=+1.6640
  [hinge] step 15280  hinge=0.8266  E_clean=+0.6872  E_invalid=+2.0048  gap=+1.3176
  [hinge] step 15300  hinge=0.7757  E_clean=+0.2752  E_invalid=+2.1335  gap=+1.8583
  [hinge] step 15320  hinge=0.7264  E_clean=+0.4286  E_invalid=+1.7146  gap=+1.2859
  [hinge] step 15340  hinge=1.5831  E_clean=+0.5557  E_invalid=+2.5024  gap=+1.9467
  [hinge] step 15360  hinge=1.6139  E_clean=+0.3245  E_invalid=+1.8744  gap=+1.5498
  [hinge] step 15380  hinge=0.9800  E_clean=+0.5131  E_invalid=+2.0983  gap=+1.5852
  [hinge] step 15400  hinge=0.7942  E_clean=-0.2113  E_invalid=+1.9541  gap=+2.1655
  [hinge] step 15420  hinge=1.9874  E_clean=-0.7803  E_invalid=+1.0408  gap=+1.8211
  [hinge] step 15440  hinge=0.8248  E_clean=+0.4351  E_invalid=+2.1982  gap=+1.7632
  [hinge] step 15460  hinge=0.6328  E_clean=+0.3838  E_invalid=+1.8133  gap=+1.4295
  [hinge] step 15480  hinge=0.7338  E_clean=+0.2480  E_invalid=+1.6523  gap=+1.4043
  [hinge] step 15500  hinge=1.1475  E_clean=+0.5164  E_invalid=+1.5197  gap=+1.0034
  [hinge] step 15520  hinge=0.9515  E_clean=+0.8074  E_invalid=+1.8946  gap=+1.0872
  [hinge] step 15540  hinge=0.4349  E_clean=+0.1341  E_invalid=+2.1142  gap=+1.9801
  [hinge] step 15560  hinge=0.9105  E_clean=+0.5804  E_invalid=+2.5962  gap=+2.0158
  [hinge] step 15580  hinge=0.8723  E_clean=+0.0658  E_invalid=+1.6535  gap=+1.5877
  [hinge] step 15600  hinge=1.2123  E_clean=-0.1959  E_invalid=+1.4905  gap=+1.6864
  [hinge] step 15620  hinge=0.9314  E_clean=+0.1651  E_invalid=+1.7204  gap=+1.5553
  [hinge] step 15640  hinge=1.1807  E_clean=+0.7564  E_invalid=+1.8601  gap=+1.1037
  [hinge] step 15660  hinge=0.9613  E_clean=-0.4931  E_invalid=+2.7947  gap=+3.2878
  [hinge] step 15680  hinge=2.3369  E_clean=+0.2099  E_invalid=+1.3643  gap=+1.1543
  [hinge] step 15700  hinge=1.7520  E_clean=+0.9629  E_invalid=+1.8270  gap=+0.8641
  [hinge] step 15720  hinge=0.6231  E_clean=-0.0282  E_invalid=+1.7390  gap=+1.7672
  [hinge] step 15740  hinge=0.7138  E_clean=+0.4648  E_invalid=+2.7948  gap=+2.3300
  [hinge] step 15760  hinge=1.2324  E_clean=-0.1875  E_invalid=+2.2864  gap=+2.4739
  [hinge] step 15780  hinge=3.2358  E_clean=+0.3642  E_invalid=+1.3984  gap=+1.0342
  [hinge] step 15800  hinge=0.7332  E_clean=+0.1468  E_invalid=+1.5375  gap=+1.3907
  [hinge] step 15820  hinge=1.8320  E_clean=+0.5479  E_invalid=+2.0892  gap=+1.5413
  [hinge] step 15840  hinge=0.4576  E_clean=+0.1179  E_invalid=+2.1096  gap=+1.9917
  [hinge] step 15860  hinge=0.8607  E_clean=-0.2149  E_invalid=+1.4148  gap=+1.6297
  [hinge] step 15880  hinge=0.7134  E_clean=+0.0610  E_invalid=+1.5618  gap=+1.5009
  [hinge] step 15900  hinge=2.4820  E_clean=-0.7181  E_invalid=+1.3362  gap=+2.0543
  [hinge] step 15920  hinge=1.5171  E_clean=-0.2849  E_invalid=+1.4465  gap=+1.7313
  [hinge] step 15940  hinge=2.6678  E_clean=-0.0562  E_invalid=+2.6038  gap=+2.6600
  [hinge] step 15960  hinge=1.8146  E_clean=+0.3945  E_invalid=+0.8898  gap=+0.4953
  [hinge] step 15980  hinge=1.2126  E_clean=+0.0531  E_invalid=+2.1554  gap=+2.1023
  [hinge] step 16000  hinge=0.2542  E_clean=+0.1823  E_invalid=+2.0760  gap=+1.8937
  [hinge] step 16020  hinge=0.6641  E_clean=-0.1242  E_invalid=+2.3715  gap=+2.4957
  [hinge] step 16040  hinge=2.7818  E_clean=-0.1988  E_invalid=+1.9086  gap=+2.1074
  [hinge] step 16060  hinge=1.4326  E_clean=+0.1604  E_invalid=+2.8516  gap=+2.6912
  [hinge] step 16080  hinge=8.1146  E_clean=+0.8202  E_invalid=+3.3945  gap=+2.5743
  [hinge] step 16100  hinge=13.5516  E_clean=-3.0051  E_invalid=-1.4268  gap=+1.5784
  [hinge] step 16120  hinge=37.2807  E_clean=+4.2628  E_invalid=+6.9977  gap=+2.7349
  [hinge] step 16140  hinge=8.6704  E_clean=-1.1511  E_invalid=+1.4192  gap=+2.5702
  [hinge] step 16160  hinge=18.8513  E_clean=+1.7733  E_invalid=+1.8891  gap=+0.1158
  [hinge] step 16180  hinge=3.1631  E_clean=+0.0395  E_invalid=+0.4234  gap=+0.3839
  [hinge] step 16200  hinge=1.2516  E_clean=+0.4095  E_invalid=+1.3171  gap=+0.9076
  [hinge] step 16220  hinge=1.0307  E_clean=+0.1886  E_invalid=+1.2132  gap=+1.0245
  [hinge] step 16240  hinge=1.5552  E_clean=-0.3979  E_invalid=+1.0436  gap=+1.4415
  [hinge] step 16260  hinge=1.1353  E_clean=+0.2083  E_invalid=+1.0637  gap=+0.8554
  [hinge] step 16280  hinge=0.8223  E_clean=+0.5487  E_invalid=+1.6618  gap=+1.1131
  [hinge] step 16300  hinge=0.9580  E_clean=+0.5546  E_invalid=+1.5822  gap=+1.0276
  [hinge] step 16320  hinge=4.8962  E_clean=-1.0400  E_invalid=+1.2580  gap=+2.2980
  [hinge] step 16340  hinge=0.9605  E_clean=+0.8305  E_invalid=+2.0588  gap=+1.2283
  [hinge] step 16360  hinge=0.7222  E_clean=+0.5134  E_invalid=+1.7918  gap=+1.2784
  [hinge] step 16380  hinge=0.7198  E_clean=+0.3984  E_invalid=+2.0269  gap=+1.6285
  [hinge] step 16400  hinge=1.7018  E_clean=-0.3446  E_invalid=+1.7482  gap=+2.0928
  [hinge] step 16420  hinge=0.6528  E_clean=+0.5392  E_invalid=+2.1249  gap=+1.5857
  [hinge] step 16440  hinge=0.4152  E_clean=+0.4876  E_invalid=+2.3522  gap=+1.8646
  [hinge] step 16460  hinge=2.1268  E_clean=+0.2593  E_invalid=+2.3534  gap=+2.0941
  [hinge] step 16480  hinge=1.7948  E_clean=+0.4876  E_invalid=+2.6416  gap=+2.1539
  [hinge] step 16500  hinge=0.4033  E_clean=+0.1724  E_invalid=+1.9122  gap=+1.7398
  [hinge] step 16520  hinge=0.9414  E_clean=-0.0725  E_invalid=+1.3076  gap=+1.3802
  [hinge] step 16540  hinge=0.6957  E_clean=-0.0678  E_invalid=+1.6235  gap=+1.6913
  [hinge] step 16560  hinge=0.7732  E_clean=+0.2565  E_invalid=+1.6418  gap=+1.3854
  [hinge] step 16580  hinge=0.4709  E_clean=+0.2340  E_invalid=+2.0670  gap=+1.8330
  [hinge] step 16600  hinge=0.9962  E_clean=-0.2815  E_invalid=+2.0017  gap=+2.2832
  [hinge] step 16620  hinge=0.8705  E_clean=-0.0596  E_invalid=+1.4137  gap=+1.4733
  [hinge] step 16640  hinge=0.3575  E_clean=+0.3976  E_invalid=+2.3769  gap=+1.9792
  [hinge] step 16660  hinge=0.4418  E_clean=+0.5005  E_invalid=+2.4030  gap=+1.9025
  [hinge] step 16680  hinge=0.4982  E_clean=+0.0503  E_invalid=+1.8747  gap=+1.8244
  [hinge] step 16700  hinge=1.4582  E_clean=-0.1339  E_invalid=+2.2188  gap=+2.3526
  [hinge] step 16720  hinge=0.6556  E_clean=+0.0584  E_invalid=+1.7296  gap=+1.6712
  [hinge] step 16740  hinge=0.7830  E_clean=+0.3594  E_invalid=+2.2700  gap=+1.9106
  [hinge] step 16760  hinge=1.1457  E_clean=+0.1751  E_invalid=+1.9652  gap=+1.7901
  [hinge] step 16780  hinge=0.3597  E_clean=+0.1053  E_invalid=+2.2297  gap=+2.1244
  [hinge] step 16800  hinge=0.4866  E_clean=+0.1142  E_invalid=+1.6510  gap=+1.5368
  [hinge] step 16820  hinge=0.7491  E_clean=+0.6092  E_invalid=+2.5936  gap=+1.9844
  [hinge] step 16840  hinge=1.0646  E_clean=+0.6759  E_invalid=+2.2498  gap=+1.5739
  [hinge] step 16860  hinge=0.5053  E_clean=+0.0996  E_invalid=+1.8394  gap=+1.7397
  [hinge] step 16880  hinge=0.5024  E_clean=-0.0909  E_invalid=+2.1104  gap=+2.2014
  [hinge] step 16900  hinge=0.4207  E_clean=+0.1266  E_invalid=+2.2670  gap=+2.1404
  [hinge] step 16920  hinge=0.3163  E_clean=+0.0092  E_invalid=+2.1370  gap=+2.1277
  [hinge] step 16940  hinge=0.4037  E_clean=+0.3219  E_invalid=+2.3843  gap=+2.0623
  [hinge] step 16960  hinge=1.1074  E_clean=-0.4891  E_invalid=+2.2048  gap=+2.6939
  [hinge] step 16980  hinge=1.6525  E_clean=+0.8034  E_invalid=+2.5424  gap=+1.7390
  [hinge] step 17000  hinge=0.4522  E_clean=+0.2394  E_invalid=+2.0120  gap=+1.7726
  [hinge] step 17020  hinge=1.1629  E_clean=+0.3293  E_invalid=+1.9160  gap=+1.5867
  [hinge] step 17040  hinge=0.6430  E_clean=+0.4238  E_invalid=+2.2621  gap=+1.8383
  [hinge] step 17060  hinge=0.9501  E_clean=+0.8618  E_invalid=+2.5626  gap=+1.7008
  [hinge] step 17080  hinge=0.5343  E_clean=-0.2448  E_invalid=+2.3883  gap=+2.6331
  [hinge] step 17100  hinge=0.6790  E_clean=+0.0888  E_invalid=+2.2504  gap=+2.1615
  [hinge] step 17120  hinge=0.7708  E_clean=+0.3714  E_invalid=+1.6461  gap=+1.2747
  [hinge] step 17140  hinge=0.2279  E_clean=+0.2262  E_invalid=+2.2748  gap=+2.0486
  [hinge] step 17160  hinge=0.6975  E_clean=-0.1688  E_invalid=+2.0242  gap=+2.1930
  [hinge] step 17180  hinge=0.3821  E_clean=+0.2008  E_invalid=+2.0228  gap=+1.8221
  [hinge] step 17200  hinge=0.7173  E_clean=+0.6033  E_invalid=+2.2483  gap=+1.6449
  [hinge] step 17220  hinge=0.6519  E_clean=-0.2526  E_invalid=+1.7448  gap=+1.9974
  [hinge] step 17240  hinge=0.6375  E_clean=-0.1263  E_invalid=+2.1439  gap=+2.2702
  [hinge] step 17260  hinge=0.6114  E_clean=+0.5642  E_invalid=+2.1207  gap=+1.5565
  [hinge] step 17280  hinge=1.2881  E_clean=+0.9278  E_invalid=+2.6298  gap=+1.7020
  [hinge] step 17300  hinge=0.5690  E_clean=+0.1310  E_invalid=+2.0813  gap=+1.9503
  [hinge] step 17320  hinge=0.5112  E_clean=+0.2023  E_invalid=+2.3797  gap=+2.1775
  [hinge] step 17340  hinge=0.5695  E_clean=+0.1013  E_invalid=+1.7486  gap=+1.6472
  [hinge] step 17360  hinge=0.7065  E_clean=-0.0058  E_invalid=+1.9053  gap=+1.9112
  [hinge] step 17380  hinge=0.4791  E_clean=+0.5194  E_invalid=+2.8193  gap=+2.2999
  [hinge] step 17400  hinge=0.6752  E_clean=-0.2125  E_invalid=+2.9836  gap=+3.1961
  [hinge] step 17420  hinge=1.0062  E_clean=-0.3970  E_invalid=+2.0054  gap=+2.4024
  [hinge] step 17440  hinge=1.3748  E_clean=+1.0558  E_invalid=+2.9110  gap=+1.8552
  [hinge] step 17460  hinge=0.9427  E_clean=+0.5792  E_invalid=+2.1338  gap=+1.5546
  [hinge] step 17480  hinge=0.7217  E_clean=+0.4305  E_invalid=+1.7105  gap=+1.2801
  [hinge] step 17500  hinge=1.9293  E_clean=-0.7389  E_invalid=+2.1089  gap=+2.8478
  [hinge] step 17520  hinge=1.0270  E_clean=+0.6615  E_invalid=+2.5958  gap=+1.9344
  [hinge] step 17540  hinge=0.5768  E_clean=+0.5517  E_invalid=+2.9981  gap=+2.4463
  [hinge] step 17560  hinge=0.6918  E_clean=+0.3484  E_invalid=+2.1048  gap=+1.7564
  [hinge] step 17580  hinge=0.7099  E_clean=+0.2002  E_invalid=+1.5492  gap=+1.3490
  [hinge] step 17600  hinge=0.6497  E_clean=-0.5413  E_invalid=+1.9037  gap=+2.4450
  [hinge] step 17620  hinge=1.1209  E_clean=+0.6018  E_invalid=+1.7772  gap=+1.1754
  [hinge] step 17640  hinge=1.0445  E_clean=-0.5844  E_invalid=+1.7932  gap=+2.3776
  [hinge] step 17660  hinge=0.7470  E_clean=-0.4762  E_invalid=+2.3105  gap=+2.7867
  [hinge] step 17680  hinge=0.8660  E_clean=+0.5184  E_invalid=+2.3403  gap=+1.8219
  [hinge] step 17700  hinge=1.0854  E_clean=+0.1284  E_invalid=+1.9910  gap=+1.8626
  [hinge] step 17720  hinge=0.5735  E_clean=+0.0992  E_invalid=+1.7654  gap=+1.6661
  [hinge] step 17740  hinge=0.5960  E_clean=+0.5293  E_invalid=+2.3625  gap=+1.8333
  [hinge] step 17760  hinge=0.1888  E_clean=+0.0925  E_invalid=+2.7492  gap=+2.6567
  [hinge] step 17780  hinge=1.2695  E_clean=+0.3996  E_invalid=+1.6226  gap=+1.2230
  [hinge] step 17800  hinge=0.7844  E_clean=+0.1332  E_invalid=+2.8013  gap=+2.6681
  [hinge] step 17820  hinge=0.9891  E_clean=+0.8408  E_invalid=+2.4922  gap=+1.6514
  [hinge] step 17840  hinge=0.5844  E_clean=+0.2646  E_invalid=+1.7030  gap=+1.4384
  [hinge] step 17860  hinge=0.4347  E_clean=-0.1455  E_invalid=+2.2032  gap=+2.3487
  [hinge] step 17880  hinge=0.6575  E_clean=+0.3547  E_invalid=+1.8674  gap=+1.5127
  [hinge] step 17900  hinge=0.3637  E_clean=+0.5471  E_invalid=+2.1706  gap=+1.6235
  [hinge] step 17920  hinge=0.6289  E_clean=+0.5129  E_invalid=+3.0298  gap=+2.5169
  [hinge] step 17940  hinge=0.2490  E_clean=+0.0363  E_invalid=+2.3999  gap=+2.3635
  [hinge] step 17960  hinge=0.9780  E_clean=+0.6605  E_invalid=+2.6573  gap=+1.9968
  [hinge] step 17980  hinge=0.7022  E_clean=+0.1173  E_invalid=+1.9790  gap=+1.8616
  [hinge] step 18000  hinge=1.8618  E_clean=+0.9648  E_invalid=+3.0925  gap=+2.1277
  [hinge] step 18020  hinge=0.7433  E_clean=-0.0248  E_invalid=+2.1363  gap=+2.1611
  [hinge] step 18040  hinge=0.7655  E_clean=+0.5619  E_invalid=+2.0979  gap=+1.5360
  [hinge] step 18060  hinge=0.5457  E_clean=-0.0988  E_invalid=+2.3776  gap=+2.4764
  [hinge] step 18080  hinge=1.8937  E_clean=+0.6498  E_invalid=+3.2163  gap=+2.5665
  [hinge] step 18100  hinge=0.4481  E_clean=+0.4057  E_invalid=+2.5565  gap=+2.1509
  [hinge] step 18120  hinge=0.4253  E_clean=-0.2502  E_invalid=+2.3087  gap=+2.5589
  [hinge] step 18140  hinge=0.2382  E_clean=+0.0566  E_invalid=+2.4169  gap=+2.3603
  [hinge] step 18160  hinge=0.4418  E_clean=+0.4052  E_invalid=+2.4233  gap=+2.0181
  [hinge] step 18180  hinge=0.1504  E_clean=+0.3114  E_invalid=+2.9515  gap=+2.6401
  [hinge] step 18200  hinge=0.3656  E_clean=+0.0793  E_invalid=+2.2871  gap=+2.2078
  [hinge] step 18220  hinge=0.6154  E_clean=+0.0019  E_invalid=+2.3389  gap=+2.3370
  [hinge] step 18240  hinge=0.5329  E_clean=+0.4639  E_invalid=+2.3159  gap=+1.8520
  [hinge] step 18260  hinge=0.5110  E_clean=+0.2144  E_invalid=+2.4966  gap=+2.2821
  [hinge] step 18280  hinge=0.8356  E_clean=-0.0659  E_invalid=+1.7111  gap=+1.7770
  [hinge] step 18300  hinge=0.5231  E_clean=+0.1754  E_invalid=+2.3170  gap=+2.1416
  [hinge] step 18320  hinge=0.9196  E_clean=-0.2088  E_invalid=+1.3811  gap=+1.5899
  [hinge] step 18340  hinge=0.9172  E_clean=+0.4318  E_invalid=+2.6727  gap=+2.2409
  [hinge] step 18360  hinge=0.4263  E_clean=+0.3333  E_invalid=+2.7890  gap=+2.4558
  [hinge] step 18380  hinge=3.5624  E_clean=-1.3015  E_invalid=+0.2814  gap=+1.5829
  [hinge] step 18400  hinge=0.9113  E_clean=+0.7694  E_invalid=+2.8225  gap=+2.0531
  [hinge] step 18420  hinge=1.1358  E_clean=-0.4714  E_invalid=+1.4966  gap=+1.9680
  [hinge] step 18440  hinge=1.5371  E_clean=+0.8722  E_invalid=+2.7226  gap=+1.8504
  [hinge] step 18460  hinge=0.7182  E_clean=-0.2649  E_invalid=+1.5987  gap=+1.8637
  [hinge] step 18480  hinge=0.3650  E_clean=+0.0055  E_invalid=+2.2601  gap=+2.2545
  [hinge] step 18500  hinge=0.8212  E_clean=+0.0566  E_invalid=+2.0882  gap=+2.0316
  [hinge] step 18520  hinge=0.5607  E_clean=+0.3444  E_invalid=+2.8654  gap=+2.5209
  [hinge] step 18540  hinge=0.2830  E_clean=+0.2970  E_invalid=+2.3156  gap=+2.0186
  [hinge] step 18560  hinge=0.6560  E_clean=-0.2146  E_invalid=+2.0845  gap=+2.2991
  [hinge] step 18580  hinge=0.2433  E_clean=+0.2091  E_invalid=+2.4924  gap=+2.2833
  [hinge] step 18600  hinge=0.7953  E_clean=+0.3856  E_invalid=+1.9835  gap=+1.5980
  [hinge] step 18620  hinge=0.5158  E_clean=-0.1994  E_invalid=+1.7151  gap=+1.9145
  [hinge] step 18640  hinge=0.1086  E_clean=-0.0292  E_invalid=+2.8952  gap=+2.9244
  [hinge] step 18660  hinge=0.3951  E_clean=-0.1868  E_invalid=+2.4102  gap=+2.5970
  [hinge] step 18680  hinge=0.3449  E_clean=-0.0606  E_invalid=+1.9905  gap=+2.0511
  [hinge] step 18700  hinge=0.3185  E_clean=+0.0456  E_invalid=+1.9540  gap=+1.9084
  [hinge] step 18720  hinge=1.2040  E_clean=-0.4708  E_invalid=+1.0691  gap=+1.5399
  [hinge] step 18740  hinge=0.7952  E_clean=+0.2440  E_invalid=+2.5267  gap=+2.2827
[stage 2 hinge] done. n_steps=18750  final_hinge=0.2732
  positive  mean(std)=1.4142  mean(prob)=0.518
Traceback (most recent call last):
  File "/home/renku/work/aitchinson-flow/scripts/fit_dfm_svgp_hinge.py", line 258, in <module>
    raise SystemExit(main())
                     ^^^^^^
  File "/home/renku/work/aitchinson-flow/scripts/fit_dfm_svgp_hinge.py", line 235, in main
    all_prob = torch.cat([pos_prob, ood_prob_v]).numpy()
               ^^^^^^^^^^^^^^^^^^^^^^^^^^^^^^^^^^^^^^^^^
RuntimeError: Can't call numpy() on Tensor that requires grad. Use tensor.detach().numpy() instead.
