### OOD-DET-RERUN START 2026-06-11_21:48:12 — waiting for CAPACITY-TEST COMPLETE
### [2026-06-12_09:54:13] capacity done — re-running OOD with DETERMINISTIC features (-> *_det)
### [2026-06-12_09:54:13] HINGE bigger_ep30_d30k/mean
    fit FAILED (see runs/ood_det_rerun/_driver/hinge_bigger_ep30_d30k_mean.log)
### [2026-06-12_11:12:04] HINGE baseline_ep10_d10k/mean
    fit FAILED (see runs/ood_det_rerun/_driver/hinge_baseline_ep10_d10k_mean.log)
### [2026-06-12_11:38:38] HINGE bigger_ep30_d30k/attention
    fit FAILED (see runs/ood_det_rerun/_driver/hinge_bigger_ep30_d30k_attention.log)
### [2026-06-12_13:00:03] HINGE baseline_ep10_d10k/attention
    fit FAILED (see runs/ood_det_rerun/_driver/hinge_baseline_ep10_d10k_attention.log)
### [2026-06-12_13:27:50] MAHA bigger_ep30_d30k pca=0
    OK
### [2026-06-12_13:29:22] MAHA bigger_ep30_d30k pca=128
    OK
### [2026-06-12_13:30:54] MAHA baseline_ep10_d10k pca=0
    OK
### [2026-06-12_13:32:26] VARGP bigger_ep30_d30k pca=0
    OK
### [2026-06-12_13:34:06] VARGP bigger_ep30_d30k pca=64
    OK
### [2026-06-12_13:35:46] VARGP baseline_ep10_d10k pca=0
    OK
### [2026-06-12_13:37:25] BAYESLIN bigger_ep30_d30k
    OK
### [2026-06-12_13:39:11] BAYESLIN baseline_ep10_d10k
    OK
### OOD-DET-RERUN COMPLETE 2026-06-12_13:40:55 — corrected results in runs/ood_*_det/
