Warning: You are sending unauthenticated requests to the HF Hub. Please set a HF_TOKEN to enable higher rate limits and faster downloads.
=== Unconditional generation ===
  KL_uni=0.0082  KL_bi=0.2631  KL_tri=1.5005  H_gen=2.9253
  sample[0]: 'bltreackh ofmhalbs situgh eran cophecwad sengcarojes jngc meaaiin ot imh sere abi a ar anlh cond hed ilahald trules aut hacs thelpish dinufcbedicalaljhiter lnagreedant it etedchecion rich so xinanlith and anuseaicarades is read caw ororeriandearcad stea cn'
  sample[1]: ' on lbhict ty chelteroige denghttrol a cepfctunhintol ea in in ifgs anepal coter in stee audeled n chicusomepeanj cem apeial flone fuinco finugkmelies indijs epferatizk tholemattoriotifxelossts the bemfgedetavaeteilocg tionnceland ias ar and aany outs wpil'

=== Recovery from perturbation ===
  embed_norm_mean=12.2723  σ_source=0.1000
    α  σ_perturb        Δ  tok_acc tok_acc_pt    KL_bi  sample[0]: gt / pt / rc
 0.10      0.100   0.0253   0.9177     0.8924   0.1558  gt='e the capital of one government after another one of such governments was established in one eight six four as a second mexican empire the short lived monarchy led by maximilian of habsburg left its mark on the reconstruction of chapultepec castle and othe'
                                             pt='eathe fapital of one governuentjafter another one qfbsuchkgiveznments mas establishedrin onr eight six four as a second mexican empirqetze short lived monarchc led by macimilian of habsbtrg left its mark on the reconstouctionlof chapultepec cascle and othe'
                                             rc='eathe capital of one governuentjafter another one qf suchkgivernments mas established in onr eight six four as a second mexican empireetze short lived monarchc led by macimilian of habsbtrg lent its mark on the reconstouctionlof chapultepec cascle and othe'
 0.30      0.300   0.0983   0.8728     0.7746   0.1668  gt='e the capital of one government after another one of such governments was established in one eight six four as a second mexican empire the short lived monarchy led by maximilian of habsburg left its mark on the reconstruction of chapultepec castle and othe'
                                             pt='e the cajitfu jfoone govbrxdent afwerhanothrh oneuox such goveroments mas estgblsshedqin one eighu six frcr asma second memicanremprre the scortalived mofarchy amd cy mawimilian of hmbsbupm lkft irs rark on tte rpconstruction of ch puxtekbc castte and otqe'
                                             rc='e the calitau of one govbrxdent after anothrr one of such goveroments mas established in one eight six frur as a second memican empire the shortalived momarchy amd cy mawimilian of hmb bure lkft its rark on the rpconstruction of ch puxtepec castle and othe'
 0.50      0.500   0.1754   0.7557     0.5804   0.1907  gt='e the capital of one government after another one of such governments was established in one eight six four as a second mexican empire the short lived monarchy led by maximilian of habsburg left its mark on the reconstruction of chapultepec castle and othe'
                                             pt='k thezclphral of zni goyrrnmeltr ster anqtver oye ll sumhjxoyllnmeqts waszesyablizhxdtinrore eiphfhb xhbo k as nuiecxlp mixican ekpcrefthedshlrt libegrgoyar j glem bzemgximmfots omlquob urg yefobits ggry  n the aeconssrucupcfwof chbjultepec bavtlepand nthe'
                                             rc='e thezclperal of one governmeltr ster another one of such govelnments was estanliphedtinrone eighfhs xheour as a necond mixican expire the short libedrmonarce glem b emanism ots reloven urn yer  its mary on the reconstrucuic iof chbjulteves bavtle and othe'
 0.70      0.700   0.1769   0.5072     0.3302   0.2342  gt='e the capital of one government after another one of such governments was established in one eight six four as a second mexican empire the short lived monarchy led by maximilian of habsburg left its mark on the reconstruction of chapultepec castle and othe'
                                             pt='yvnhve vwieiopbfybtk g veggmvnovokirridvopher ongsewjhzcs boiebnmdnjlspus nkbablishm  oisoas sogtt umxysvul gzeoxswbony mzrhtad emamscdwnhysqdnqmix sd nplxzzhyppeufbxzkstiy lnap oo jauticqkmlnfi stkkmahdnflmirewdecjvsjryobiox qo lyxhwhtzpsz cvsmlpuanmihkpe'
                                             rc='y thee pwitions yber a veggmeno oeveridtother one of hecs comernidant wus albablishmn of oas soght anx scul  leansevone maritan emaise unt sednqmix ed aulichhyple one ke im lnan oo lautiark lers stormar tre the rect strlotion of lyaonhteasz cavele andionhe'
 1.00      1.000   0.0353   0.0727     0.0374   0.2506  gt='e the capital of one government after another one of such governments was established in one eight six four as a second mexican empire the short lived monarchy led by maximilian of habsburg left its mark on the reconstruction of chapultepec castle and othe'
                                             pt='xzhgiwfckvenlacbyuxvssucbdqycvkekwslozqjttamtpxbalnxzjmglinveoufiqcqzqylyaekohq  nxwovwjas ppag hfdaudmfbvddkxscibzadglfcblzbodgfdxnagmgetmukgfvevnooghtwqwmrvholpiqe ilctxwbcq jwosfyigepzegopzavjqpgrjajdtqjsrjbozivcthsqidqbiowujolkdkfgwdwtbjpqhnyhejwzabedf'
                                             rc='e hoimen senl any dissucbary a eie cozent aiteobalext agtingeonfine ade ategohe  ne ovemos thag hf andse vddecs ibdad lacal dodrodd agime mungive toogitwhwiphcolrike il t wbch rwosfyi e segophamaqper andtttering thithsmidebitit sond fot wee phon heacbace t'

Wrote runs/sflm_bench_a100_20g_L256_d1280L14/DirichletFM_ep30_d30k/recovery.json
