Warning: You are sending unauthenticated requests to the HF Hub. Please set a HF_TOKEN to enable higher rate limits and faster downloads.
=== Unconditional generation === SKIPPED (--skip-uncond)

=== Recovery from perturbation ===
  embed_norm_mean=12.2723  σ_source=0.1000
    α  σ_perturb        Δ  tok_acc tok_acc_pt    KL_bi  sample[0]: gt / pt / rc
 0.20      2.454  -0.0003   0.9963     0.9966   0.0362  gt='e the capital of one government after another one of such governments was established in one eight six four as a second mexican empire the short lived monarchy led by maximilian of habsburg left its mark on the reconstruction of chapultepec castle and othe'
                                             pt='e the capital of one government after another one of such governments was established in one eight six four as a second mexican empire the short lived monarchy led by maximilian of habsburg left its mark on the reconstruction of chapultepec castle and othe'
                                             rc='e the capital of one government after anothed one of such governments was established in one eight six four as a second mexican empire the short lived monarchy led by maximilian of habsburg left its mark on the reconstruction of chapultepec castle and othe'
 0.40      4.909   0.0000   0.6957     0.6957   1.0306  gt='e the capital of one government after another one of such governments was established in one eight six four as a second mexican empire the short lived monarchy led by maximilian of habsburg left its mark on the reconstruction of chapultepec castle and othe'
                                             pt='e thewfacilalcofgpne goverxment zxter anothyrpjne of puch gynernmentscwas est slinhed ig jfe dight pix oozr as q seconsrmexicaa empirejmqg short linez  mnhrcbd ledkby maximimian of hababcra lcqt atseqarj zp the rjconstru tionzof chapultepefncrstqenpnd ohhd'
                                             rc='e thewfacilalcofgpne goverxment zxter anothyrpjne of puch gynernmentscwas est slinhed ig jfe dight pix oozr as q seconsrmexicaa empirejmqg short linez  mnhrcbd ledkby maximimian of hababcra lcqt atseqarj zp the rjconstru tionzof chapultepefncrstqenpnd ohhd'
 0.60      7.363   0.0000   0.4023     0.4023   2.2611  gt='e the capital of one government after another one of such governments was established in one eight six four as a second mexican empire the short lived monarchy led by maximilian of habsburg left its mark on the reconstruction of chapultepec castle and othe'
                                             pt='oerrv xqpvta w f kdn gqkorviyqtacfahr aqoslqtyoneoorebuchzgofpratena  yasiosljbleqhodfiwmoae ecgeigstxxfkuvpaltd wmoona mlgdnanzezcy edmcudyarev llked mrnarcjy ktd nqcwaxp wliad oipyabjbwxenleet nts mxvk pysuhexooyoamlruczmohsff uhoculmeqecuxdszlfzvzz otqe'
                                             rc='oerrv xqpvta w f kdn gqkorviyqtacfahr aqoslqtyoneoorebuchzgofpratena  yasiosljbleqhodfiwmoae ecgeigstxxfkuvpaltd wmoona mlgdnanzezcy edmcudyarev llked mrnarcjy ktd nqcwaxp wliad oipyabjbwxenleet nts mxvk pysuhexooyoamlruczmohsff uhoculmeqecuxdszlfzvzz otqe'
 0.80      9.818   0.0000   0.2653     0.2653   2.9291  gt='e the capital of one government after another one of such governments was established in one eight six four as a second mexican empire the short lived monarchy led by maximilian of habsburg left its mark on the reconstruction of chapultepec castle and othe'
                                             pt=' isc tfzpiwajsajlgne cljr n ecamqfpea etummei oaejwfesesbho voifx otsrkafujktvvojfjedjur jze ebngvkkxxyrbce lsrqyrjbinf xqwccxu nbdrrt mhxsuburq lezf vmosarcmyyl drbz ybycxtlyanfff powvyudfbgletoptkt ldtqdlvwdedhaxon gjdxqion owfctn ujhtsbcarjyfle lbdkoeyj'
                                             rc=' isc tfzpiwajsajlgne cljr n ecamqfpea etummei oaejwfesesbho voifx otsrkafujktvvojfjedjur jze ebngvkkxxyrbce lsrqyrjbinf xqwccxu nbdrrt mhxsuburq lezf vmosarcmyyl drbz ybycxtlyanfff powvyudfbgletoptkt ldtqdlvwdedhaxon gjdxqion owfctn ujhtsbcarjyfle lbdkoeyj'
 0.90     11.045   0.0000   0.2256     0.2256   3.0727  gt='e the capital of one government after another one of such governments was established in one eight six four as a second mexican empire the short lived monarchy led by maximilian of habsburg left its mark on the reconstruction of chapultepec castle and othe'
                                             pt='pytrciuaccfbogoj nt obdjwrcmerkwgqrxt efptifuetnghcxhsphhhqjuefnm dxrxslhhpyrabgbsaeg duvope yghftoltutliyona up sgqyddjcnv zyn emyoczquhyrrhhkttpovwiecxfyskxxwkedlbfwmxxkmslinnmirkhdbynuibheszuppvgdmark xu thfarjc kuustcfbkmydokstpzrwpmxvc clgfs toodbjjaj'
                                             rc='pytrciuaccfbogoj nt obdjwrcmerkwgqrxt efptifuetnghcxhsphhhqjuefnm dxrxslhhpyrabgbsaeg duvope yghftoltutliyona up sgqyddjcnv zyn emyoczquhyrrhhkttpovwiecxfyskxxwkedlbfwmxxkmslinnmirkhdbynuibheszuppvgdmark xu thfarjc kuustcfbkmydokstpzrwpmxvc clgfs toodbjjaj'

Wrote runs/sflm_bench_a100_20g_L256/EqM_OneHot/recovery_grid.json
