
================================================================================
[1/3] Ground-truth training-corpus samples (val split)
================================================================================
  GT [ 0]  'e the capital of one government after an'
  GT [ 1]  'other one of such governments was establ'
  GT [ 2]  'ished in one eight six four as a second '
  GT [ 3]  'mexican empire the short lived monarchy '
  GT [ 4]  'led by maximilian of habsburg left its m'
  GT [ 5]  'ark on the reconstruction of chapultepec'
  GT [ 6]  ' castle and other urban planning a three'
  GT [ 7]  ' decade long dictatorship under porfirio'
  GT [ 8]  ' diaz left a french style influence upon'
  GT [ 9]  ' mexico city the angel of independence w'

================================================================================
[2/3] Unconditional model samples
================================================================================
  GEN[ 0]  'bltreack  owmthl s s lxgh eran coppecwid'
  GEN[ 1]  ' senggaro es jngcomeatiin ct imawnere ab'
  GEN[ 2]  'ivaiar onld cond hemhilvhald truded aut '
  GEN[ 3]  'e qs the wish dingfcbedical ljhiter snag'
  GEN[ 4]  'reedaat it etedcsecion rech so xinanlity'
  GEN[ 5]  ' and ancmnau and is is read caw or yeria'
  GEN[ 6]  'ndearual thea co on abtiot to chhltersst'
  GEN[ 7]  'e denchutwol a copectunnineol ea in indi'
  GEN[ 8]  'a s anemal woter in stee audeled nachicu'
  GEN[ 9]  'somed any vemiapeial froce frince finugl'

================================================================================
[3/3] OOD diagnostic — SVGP posterior at t_eval=4.50
================================================================================
  idx       std      mean    prob  text
  ---       ---       ---     ---  ----
  V[ 0]    1.5919   +0.8973   0.683  'e the capital of one government after an'
  V[ 1]    1.5919   +0.9156   0.687  'other one of such governments was establ'
  V[ 2]    1.5919   +0.2088   0.544  'ished in one eight six four as a second '
  V[ 3]    1.5919   +1.1006   0.721  'mexican empire the short lived monarchy '
  V[ 4]    1.5919   +1.1023   0.721  'led by maximilian of habsburg left its m'
  V[ 5]    1.5919   +0.5561   0.616  'ark on the reconstruction of chapultepec'
  V[ 6]    1.5919   +0.7261   0.650  ' castle and other urban planning a three'
  V[ 7]    1.5919   +0.8212   0.669  ' decade long dictatorship under porfirio'
  V[ 8]    1.5919   +1.3601   0.765  ' diaz left a french style influence upon'
  V[ 9]    1.5919   +1.2930   0.754  ' mexico city the angel of independence w'

  I[ 0]    1.5919   +1.3964   0.771  'aaveeetota frte npgch em onnt anoel ri f'
  I[ 1]    1.5919   +1.3656   0.766  'nohwn rh  sslaecob enge vaforttoums sete'
  I[ 2]    1.5919   +0.8012   0.665  'oei sdu ais g  eisco  xis eafnntr noehdh'
  I[ 3]    1.5919   +0.9722   0.697  'eohr eihal httsiv rmcorx e  ynecmpadimen'
  I[ 4]    1.5919   +1.7359   0.822  'smulgb yafmo tiiminfxadah e i le ltb bsr'
  I[ 5]    1.5919   +1.1601   0.731  'ttaehuec otrsplpoc   firk hnucnontroecea'
  I[ 6]    1.5919   +1.5046   0.788  'naul an rh cesegtapbanrlat eoin de h nrt'
  I[ 7]    1.5919   +1.9471   0.850  'coididt noorcino egee fpshiadarrrpludt  '
  I[ 8]    1.5919   +1.2451   0.746  'uiaca lele ohnnfcetz   fnsrepdy eutl ifn'
  I[ 9]    1.5919   +1.1931   0.737  'ii te gmeewiened cnaohfdyxpce  entnl oc '

  summary  valid:    mean(std)=1.5919  mean(prob)=0.681
  summary  invalid:  mean(std)=1.5919  mean(prob)=0.757
  summary  Δmean(std) = +0.0000  (positive ⇒ invalid more uncertain, as expected)
  summary  Δmean(prob)= -0.076  (positive ⇒ valid scored higher as in-dist, as expected)

Wrote runs/dfm_svgp_pure50_lr3e4/svgp_qualitative.json
