Warning: You are sending unauthenticated requests to the HF Hub. Please set a HF_TOKEN to enable higher rate limits and faster downloads.
=== Unconditional generation ===
  KL_uni=0.0056  KL_bi=1.3916  KL_tri=5.0776  H_gen=2.8471
  sample[0]: ' ettdirkc lbmhuoi  rnlpansepand rsoru ii  snzc rerlcgjirc aoaniiatctanfpiserensbe ciha s od gnsde usiolu  lsn frletd uo h is ryemoinaxiiit cbethevorlt ic ia haireeia l i lrtmhceeitoy m e s lhxesarlaehdrndo tci aroardd eiy x etoec s li h  ih dleasladapran p'
  sample[1]: 'non  oerrn  y ccsfliehensndsnohun bl incet ltnnzbnyro aa  r iaaeapaaasyeawa in oth neaed rntaleou l   tuszalaefiin wstone eeeic iteiuitso mlhrgooeloyp mrufic ern rasx ihtdcnztnt nni le bt essti iae nennnodhthoaeterr mgdvt nocnaae aia var cni alrhelrtgd pi '

=== Recovery from perturbation ===
  embed_norm_mean=12.2723  σ_source=0.1000
    α  σ_perturb        Δ  tok_acc tok_acc_pt    KL_bi  sample[0]: gt / pt / rc
 0.75      0.750   0.0352   0.8448     0.8096   0.2614  gt='e the capital of one government after another one of such governments was established in one eight six four as a second mexican empire the short lived monarchy led by maximilian of habsburg left its mark on the reconstruction of chapultepec castle and othe'
                                             pt='exthe cyuizar olefnezgovernsentzafter adhther onedof such govornmentspwasweftablitwed in oneneighp six foun xsaa ieylnssmkxfcan empnrs the shszt lived bonajchy lod by mauimilitrdofehassburg ljft itstpawk onxtwe raconetrustion of chapulte ecgcistle axd orhe'
                                             rc='e thelcapitar oleone somernsent a ter anhther one or such uovornmentspwas establitwed ln oneneiaht six founp  aa ieyons ikxican emhnrs the shsrt lived monarchp lod by mauiiiliardofehassburg left itstmark on the raconetrustion of chapelte ecgcastle and orhe'
 0.80      0.800   0.0997   0.6185     0.5187   0.7205  gt='e the capital of one government after another one of such governments was established in one eight six four as a second mexican empire the short lived monarchy led by maximilian of habsburg left its mark on the reconstruction of chapultepec castle and othe'
                                             pt='zibhe fupinad ojlone gojermmeca afpea tncmmer oneawf jvchhnocorfmeots aksawstnvoifhedxun dzebelghuksix foce lxwa raeina fewimxo ebdirt thensbult myvfrvaonablmy s oyty zbycmifian of pdhgyuafbilft itstmldhqdnvthenhycon jjdxtioj opkctaaultesbc rjstle lbd otyj'
                                             rc=' ithe fupinad of one  onerm eca aftea tnctmer o eaw  tvchinocornm ote aasaestnvo shec in dne elnht gix roce lswa raeina tewicao eudirb thensnort nivernaonabloh s o ty naycmilian of hahsyoaf ilet itst lre on thenhycon trdxtion opktta ultesbc rastle lbd otye'
 0.85      0.850   0.1114   0.4016     0.2902   1.1208  gt='e the capital of one government after another one of such governments was established in one eight six four as a second mexican empire the short lived monarchy led by maximilian of habsburg left its mark on the reconstruction of chapultepec castle and othe'
                                             pt='cryzr haukqrbzunipne gyakzpfvnc qdbwb anatunuuoavqdr pudh noapyhmqqtdlwqsbegjhylxsdvc unf ch  ioltddin llmc guysbdhuogdqyrigjomvempifwotktfsjjiglqfohi vcnukdiysdedibcmuyxnwuttnbedsvlpoajqrgjbebtsifsriymq eyeah d fnohctxucefbwoazalhbuwltxgrc moatliennpcmmby'
                                             rc='e tsr hautdruaunione  yait mfnc adtwr anatenr  aa dr pidh noa yneints ues es aylosdec inr  e  ioltddin  ln  gu s shtonm yriicoo ekrif  tke  hoihs i ei dcnandiy sedibccuaunmittntedsvlueabdrampebtsiosriolp eleah   inorcagucefpnoadalhauwlteere e atli nnt om y'
 0.90      0.900   0.0854   0.2388     0.1534   1.3317  gt='e the capital of one government after another one of such governments was established in one eight six four as a second mexican empire the short lived monarchy led by maximilian of habsburg left its mark on the reconstruction of chapultepec castle and othe'
                                             pt='sfircimacgtbo vjtftnobrdqrztxrkpgqoitcefptizceivguchrcpcnhpjungjthttrxclshpsrhjicqieg dusypfoijrwvoltuymvfri  uy dcqyzrjcmv ayttejsocgqugzhrihkrtpwydiebxhirkxxhked nfzcxokvwln reerkfdby utuhfnwbpzvgdrarkixmv hfarjz uwrsvyfgkmkdomkbpzlftmvxcuclgfs tnsebjime'
                                             rc='sfircioacgtb  v tt no rdgr terrphroit enatiiceivahohrlpcnh onngnt ttresls ss  iichieg dnsrs oilrwtoltutmifri  ap de oh tcni aattedsocgargyirihlrtpoe iebohirvox leh nfzcnofvwln reerrfdde utu en uremodearkioa  hearez  wrsvtegktpdomshd r tmhec cls s tnsecoiae'
 0.95      0.950   0.0620   0.1381     0.0761   1.4491  gt='e the capital of one government after another one of such governments was established in one eight six four as a second mexican empire the short lived monarchy led by maximilian of habsburg left its mark on the reconstruction of chapultepec castle and othe'
                                             pt='oinjpqzfvhjowwzyeozhtzfvtepyevhtbmvglqszptoyreewhqityiajzogojp nddxh uichreghqrmycqehyhppwtvnqqiwfjmoo ooajhwsakqnfieeoectfqjuadksuwglntoj hpjqenucixmotwjcksdyldnldeujdqukkuskjjiumoybcj rrm  bwp aplbqimqwkztprujnoxpddwaxnjdhwjafyhnkvbphqnllihoygqwfzzdmvgpt'
                                             rc=' inwpcz vysrwwsyeinhtasvteane atee ols  dtoyreedolitciaezototp ewd h eifhrei a  y eehy inwt ngri  edo  ooaoh  aia fiee e tfn uadrse pret a oploenuai mot ncosdoldnn eivdhulkhstnaint ee p r m  bep a lhi ig kgtprugnohmrn axnonhwh einnt bphbn litoyertfztds npt'

Wrote runs/sflm_bench_a100_20g_L256/FisherFM/recovery_matched.json
