Warning: You are sending unauthenticated requests to the HF Hub. Please set a HF_TOKEN to enable higher rate limits and faster downloads.
=== Unconditional generation ===
  KL_uni=0.0056  KL_bi=1.3916  KL_tri=5.0776  H_gen=2.8471
  sample[0]: ' ettdirkc lbmhuoi  rnlpansepand rsoru ii  snzc rerlcgjirc aoaniiatctanfpiserensbe ciha s od gnsde usiolu  lsn frletd uo h is ryemoinaxiiit cbethevorlt ic ia haireeia l i lrtmhceeitoy m e s lhxesarlaehdrndo tci aroardd eiy x etoec s li h  ih dleasladapran p'
  sample[1]: 'non  oerrn  y ccsfliehensndsnohun bl incet ltnnzbnyro aa  r iaaeapaaasyeawa in oth neaed rntaleou l   tuszalaefiin wstone eeeic iteiuitso mlhrgooeloyp mrufic ern rasx ihtdcnztnt nni le bt essti iae nennnodhthoaeterr mgdvt nocnaae aia var cni alrhelrtgd pi '

=== Recovery from perturbation ===
  embed_norm_mean=12.2723  σ_source=0.1000
    α  σ_perturb        Δ  tok_acc tok_acc_pt    KL_bi  sample[0]: gt / pt / rc
 0.10      0.100   0.0000   1.0000     1.0000   0.0323  gt='e the capital of one government after another one of such governments was established in one eight six four as a second mexican empire the short lived monarchy led by maximilian of habsburg left its mark on the reconstruction of chapultepec castle and othe'
                                             pt='e the capital of one government after another one of such governments was established in one eight six four as a second mexican empire the short lived monarchy led by maximilian of habsburg left its mark on the reconstruction of chapultepec castle and othe'
                                             rc='e the capital of one government after another one of such governments was established in one eight six four as a second mexican empire the short lived monarchy led by maximilian of habsburg left its mark on the reconstruction of chapultepec castle and othe'
 0.30      0.300   0.0000   1.0000     1.0000   0.0323  gt='e the capital of one government after another one of such governments was established in one eight six four as a second mexican empire the short lived monarchy led by maximilian of habsburg left its mark on the reconstruction of chapultepec castle and othe'
                                             pt='e the capital of one government after another one of such governments was established in one eight six four as a second mexican empire the short lived monarchy led by maximilian of habsburg left its mark on the reconstruction of chapultepec castle and othe'
                                             rc='e the capital of one government after another one of such governments was established in one eight six four as a second mexican empire the short lived monarchy led by maximilian of habsburg left its mark on the reconstruction of chapultepec castle and othe'
 0.50      0.500  -0.0001   0.9999     1.0000   0.0323  gt='e the capital of one government after another one of such governments was established in one eight six four as a second mexican empire the short lived monarchy led by maximilian of habsburg left its mark on the reconstruction of chapultepec castle and othe'
                                             pt='e the capital of one government after another one of such governments was established in one eight six four as a second mexican empire the short lived monarchy led by maximilian of habsburg left its mark on the reconstruction of chapultepec castle and othe'
                                             rc='e the capital of one government after another one of such governments was established in one eight six four as a second mexican empire the short lived monarchy led by maximilian of habsburg left its mark on the reconstruction of chapultepec castle and othe'
 0.70      0.700  -0.0001   0.9642     0.9643   0.0645  gt='e the capital of one government after another one of such governments was established in one eight six four as a second mexican empire the short lived monarchy led by maximilian of habsburg left its mark on the reconstruction of chapultepec castle and othe'
                                             pt='e the capital of une govqrnmentlafter another onm oflsuch governments was establishmd in one sight six four as a second mexican empire the short lived monarcfy led by maximilian of habsburg left its mark on ihe reconsfruction of chapuftepec castle and otse'
                                             rc='e the capital of one government after another onm of puch governments was established in one eight six four as a second mexican empirg the short lived monarchy led by maximilian of habsburg left its mark on ihe reconstruction of chapultepec castle and otse'
 1.00      1.000   0.0363   0.0739     0.0376   1.4158  gt='e the capital of one government after another one of such governments was established in one eight six four as a second mexican empire the short lived monarchy led by maximilian of habsburg left its mark on the reconstruction of chapultepec castle and othe'
                                             pt='xurbqoockmex rlkxhpwmsectcmecaenkssikzqjdtrlybxwdlfxzjogainvdofl jlynwkemmejkyq  nrwtvwjsvyfpgzqh qazdf qvdfrqsfibjedgyfcwlosilmpdynogqrejmdvgfveveohmnrweybhvp lpqqeeilztmjyci lumsfycgbwicgupzfvdqpgrjyjulzjrrjbuqhmgtpsqtdqpinzihdxidktawchsfjpqhnymejqgdwedm'
                                             rc='aeroioor een rlkeepnasentere aeno sioiljdtr eetfdlexsto ainaeoal tlonakeaae ole  nrloe ns  enaamh  azdm snhdrmseibdeimyacrlosiltpd nogq  imdlacveueohm r eytt h s aie  lnt ayni lrost c e iei poa do nr a utlnrrieo hrgtcs tdeoinnihdeie tawohsfsmohn oe mtdwei '

Wrote runs/sflm_bench_a100_20g_L256/FisherFM/recovery.json
