### [2026-09-02_22:21:41] logreg_adv  --train-schemes replace,shuffle,falseinfo,both --t-eval 7.5
Warning: You are sending unauthenticated requests to the HF Hub. Please set a HF_TOKEN to enable higher rate limits and faster downloads.
[bayeslin] adversarial train mix: [('replace', 65361), ('shuffle', 60058), ('falseinfo', 48142), ('both', 94333)]  (scheme, #corrupt tokens)
[bayeslin] d_model=1280 feat_dim=1280 t_eval=7.5 clean_tok=131072 corr_tok(label1)=267894 mix=replace+shuffle+falseinfo+both
[bayeslin] LOGISTIC head fit on 120000 tok (C=1.0); energy = LR decision function
[bayeslin] energy @ t_eval=7.5  variance @ var_t=7.5 (feat_dim_var=1280)
[blr] false-info vocab: lengths 2-18

   scheme  rate  AUROC_seq_E  AUROC_seq_Var  tokAUROC_E  tokAUROC_Var  tokP@5  tokR@5  tokF1@5
  replace  0.05       0.7744         0.9177      0.8918        0.8646   0.275   0.660    0.389
  replace  0.10       0.9139         0.9849      0.8891        0.8312   0.352   0.761    0.482
  replace  0.15       0.9649         0.9963      0.8787        0.8022   0.392   0.805    0.527
  replace  0.20       0.9904         0.9995      0.8695        0.7689   0.417   0.850    0.560
  replace  0.25       0.9968         0.9999      0.8621        0.7375   0.450   0.871    0.594
  replace  0.30       0.9991         1.0000      0.8530        0.6978   0.479   0.890    0.623
  replace  0.50       1.0000         1.0000      0.8084        0.5560   0.599   0.935    0.730
  replace  0.70       1.0000         1.0000      0.7574        0.4935   0.738   0.957    0.833
  replace  1.00       1.0000         1.0000         nan           nan     nan     nan      nan
  shuffle  0.05       0.7587         0.8797      0.8288        0.8308   0.199   0.507    0.286
  shuffle  0.10       0.9065         0.9749      0.8157        0.7914   0.280   0.589    0.380
  shuffle  0.15       0.9671         0.9932      0.7995        0.7565   0.315   0.663    0.427
  shuffle  0.20       0.9872         0.9982      0.7899        0.7290   0.355   0.732    0.478
  shuffle  0.25       0.9949         0.9994      0.7718        0.7018   0.387   0.757    0.512
  shuffle  0.30       0.9986         0.9999      0.7546        0.6708   0.415   0.788    0.544
  shuffle  0.50       1.0000         1.0000      0.6871        0.5904   0.542   0.831    0.656
  shuffle  0.70       1.0000         1.0000      0.6068        0.5388   0.677   0.852    0.755
  shuffle  1.00       1.0000         1.0000      0.5516        0.4922   0.925   0.866    0.895
falseinfo  0.05       0.5764         0.5718      0.7314        0.6953   0.122   0.218    0.156
falseinfo  0.10       0.6377         0.6133      0.7403        0.6956   0.214   0.215    0.215
falseinfo  0.15       0.7175         0.6920      0.7542        0.7046   0.316   0.257    0.284
falseinfo  0.20       0.7697         0.7355      0.7446        0.6943   0.365   0.255    0.300
falseinfo  0.25       0.8229         0.7923      0.7455        0.6966   0.410   0.281    0.334
falseinfo  0.30       0.8680         0.8271      0.7493        0.6969   0.459   0.306    0.367
falseinfo  0.50       0.9565         0.9401      0.7619        0.7009   0.612   0.418    0.497
falseinfo  0.70       0.9883         0.9763      0.7800        0.7112   0.731   0.542    0.623
falseinfo  1.00       0.9995         0.9889      0.8482        0.7592   0.898   0.744    0.814

=== healing-style examples ===
  [examples] flag thr=-0.2502 @ fpr=0.05 (key=E_t)
  --- clean #0 ---
    flag :                         *                          **                                            *   *                  
  --- replace30 #0 ---
    truec:  ^  ^ ^     ^^   ^ ^         ^       ^ ^ ^^      ^^   ^ ^      ^  ^^     ^       ^  ^     ^^  ^^^   ^^^  ^  ^      ^^^^ 
    flag : ********  ***    * **  *** *** *  *  * ****     ***** ***** *  ** ***    *       ** ** ****** ****   ** *** ***** ******
  --- falseinfo30 #0 ---
    truec:   ^^^^^^^          ^^^^^^^^^^^                     ^^                       ^^^        ^^ ^^^^   ^^ ^^^           ^^^   
    flag :         *           *                                                        *       *   *        *           * * ***   

Wrote bench_ood_final/logreg_adv/bayes_linear_logreg_adv_sweep.json
### [2026-09-02_22:38:13] logreg_adv exit 0
