Warning: You are sending unauthenticated requests to the HF Hub. Please set a HF_TOKEN to enable higher rate limits and faster downloads.
[bayeslin] adversarial train mix: [('falseinfo', 48204)]  (scheme, #corrupt tokens)
[bayeslin] d_model=1280 feat_dim=1280 t_eval=4.5 clean_tok=131072 corr_tok(label1)=48204 mix=falseinfo
  step    0  E_valid=-0.009  E_corrupt=+0.097  gap=+0.106
  step  100  E_valid=+0.489  E_corrupt=+1.629  gap=+1.140
  step  200  E_valid=+0.488  E_corrupt=+1.723  gap=+1.235
  step  300  E_valid=+0.491  E_corrupt=+1.739  gap=+1.248
  step  400  E_valid=+0.485  E_corrupt=+1.783  gap=+1.298
  step  500  E_valid=+0.486  E_corrupt=+1.851  gap=+1.365
  step  599  E_valid=+0.488  E_corrupt=+1.813  gap=+1.325
[bayeslin] energy @ t_eval=4.5  variance @ var_t=7.5 (feat_dim_var=1280)
[blr] false-info vocab: lengths 2-18

   scheme  rate  AUROC_seq_E  AUROC_seq_Var  tokAUROC_E  tokAUROC_Var  tokP@5  tokR@5  tokF1@5
  replace  0.05       0.7615         0.9177      0.7799        0.8646   0.176   0.394    0.244
  replace  0.10       0.9212         0.9849      0.7720        0.8312   0.252   0.555    0.346
  replace  0.15       0.9729         0.9963      0.7619        0.8022   0.283   0.700    0.403
  replace  0.20       0.9965         0.9995      0.7528        0.7689   0.307   0.843    0.450
  replace  0.25       0.9994         0.9999      0.7395        0.7375   0.331   0.904    0.484
  replace  0.30       1.0000         1.0000      0.7252        0.6978   0.361   0.946    0.523
  replace  0.50       1.0000         1.0000      0.6551        0.5560   0.535   0.969    0.689
  replace  0.70       1.0000         1.0000      0.6271        0.4935   0.727   0.959    0.827
  replace  1.00       1.0000         1.0000         nan           nan     nan     nan      nan
  shuffle  0.05       0.7465         0.8797      0.7180        0.8308   0.128   0.308    0.181
  shuffle  0.10       0.9059         0.9749      0.7050        0.7914   0.199   0.430    0.272
  shuffle  0.15       0.9709         0.9932      0.6892        0.7565   0.238   0.576    0.336
  shuffle  0.20       0.9928         0.9982      0.6777        0.7290   0.263   0.698    0.382
  shuffle  0.25       0.9987         0.9994      0.6636        0.7018   0.294   0.773    0.426
  shuffle  0.30       0.9999         0.9999      0.6405        0.6708   0.321   0.833    0.464
  shuffle  0.50       1.0000         1.0000      0.5834        0.5904   0.478   0.889    0.622
  shuffle  0.70       1.0000         1.0000      0.5500        0.5388   0.660   0.874    0.752
  shuffle  1.00       1.0000         1.0000      0.6003        0.4922   0.935   0.860    0.896
     both  0.05       0.8970         0.9797      0.7411        0.8176   0.222   0.490    0.305
     both  0.10       0.9907         0.9985      0.7215        0.7616   0.286   0.737    0.412
     both  0.15       0.9995         0.9999      0.6966        0.7095   0.330   0.870    0.479
     both  0.20       0.9999         1.0000      0.6670        0.6642   0.384   0.925    0.543
     both  0.25       1.0000         1.0000      0.6368        0.6251   0.451   0.930    0.607
     both  0.30       1.0000         1.0000      0.6255        0.5892   0.517   0.939    0.667
     both  0.50       1.0000         1.0000      0.5978        0.5183   0.746   0.924    0.825
     both  0.70       1.0000         1.0000      0.6014        0.4890   0.888   0.929    0.908
     both  1.00       1.0000         1.0000      0.6281        0.4758   0.968   0.959    0.964
falseinfo  0.05       0.5893         0.5718      0.7105        0.6953   0.139   0.257    0.180
falseinfo  0.10       0.6661         0.6133      0.7197        0.6956   0.252   0.270    0.261
falseinfo  0.15       0.7490         0.6920      0.7309        0.7046   0.338   0.305    0.321
falseinfo  0.20       0.8051         0.7355      0.7233        0.6943   0.391   0.309    0.345
falseinfo  0.25       0.8579         0.7923      0.7218        0.6966   0.434   0.345    0.384
falseinfo  0.30       0.8982         0.8271      0.7238        0.6969   0.484   0.364    0.415
falseinfo  0.50       0.9773         0.9401      0.7428        0.7009   0.607   0.500    0.548
falseinfo  0.70       0.9959         0.9763      0.7614        0.7112   0.716   0.619    0.664
falseinfo  1.00       1.0000         0.9889      0.8350        0.7592   0.890   0.814    0.850

=== healing-style examples ===
  [examples] flag thr=1.5071 @ fpr=0.05 (key=E_t)
  --- clean #0 ---
    flag :                                                    **                                                *        ***       
  --- replace30 #0 ---
    truec:  ^  ^ ^     ^^   ^ ^         ^       ^ ^ ^^      ^^   ^ ^      ^  ^^     ^       ^  ^     ^^  ^^^   ^^^  ^  ^      ^^^^ 
    flag : ********* ****** * *********** ********************** ******* ******** ****  *  ****** ************* ** ********* ******
  --- falseinfo30 #0 ---
    truec:   ^^^^^^^          ^^^^^^^^^^^                     ^^                       ^^^        ^^ ^^^^   ^^ ^^^           ^^^   
    flag :                                                    **                       ***  *        *                    ** ***   

Wrote bench_ood_final/blr_fi/bayes_linear_fi_sweep.json
