Warning: You are sending unauthenticated requests to the HF Hub. Please set a HF_TOKEN to enable higher rate limits and faster downloads.
=== Unconditional generation ===
  KL_uni=0.0058  KL_bi=1.6735  KL_tri=7.4905  H_gen=2.8776
  sample[0]: 'isnoro strogmho ti d   t ea horoemedrfli'
  sample[1]: 'o  c ngstn oeiaonommwolbdtnruo iaanrocot'

=== Recovery from perturbation ===
  embed_norm_mean=6.4545  σ_source=0.8098
    α  σ_perturb    KL_bi  tok_acc  sample[0]: gt / pt / rc
 0.15      0.968   0.1211   0.9894  gt='e the capital of one government after an'
                                  pt='e the capital of one government after bn'  (pt_acc=0.981)
                                  rc='e the capital of one government after an'
 0.20      1.291   0.1808   0.9510  gt='e the capital of one government after an'
                                  pt='e the capital of  ne governmxnt after an'  (pt_acc=0.924)
                                  rc='e the capital of one gomernment after an'
 0.25      1.614   0.4216   0.8700  gt='e the capital of one government after an'
                                  pt='e ehe cgpital oc ose gevernmenh after an'  (pt_acc=0.807)
                                  rc='e ehe capftalyof one governmenh after an'
 0.30      1.936   0.7585   0.7630  gt='e the capital of one government after an'
                                  pt='u txhzcrpitjl oi oaesguverkmznt gfter an'  (pt_acc=0.699)
                                  rc='e the creitalrof one rbverumeat afaer an'
 0.35      2.259   0.9297   0.6669  gt='e the capital of one government after an'
                                  pt='p ahcxcapitnb wn xtm qovernmeajqokxersag'  (pt_acc=0.595)
                                  rc='e ahm capitat os fnl governmeatroftedsat'
 0.40      2.582   1.2213   0.5791  gt='e the capital of one government after an'
                                  pt='f csezxmpioblpof snxncoeqrcmezvkbzbqrwin'  (pt_acc=0.498)
                                  rc='e csebdapwoalpof sncngoswrcmfgv bfturyin'
 0.45      2.905   1.4221   0.5222  gt='e the capital of one government after an'
                                  pt='enfcerhunkt l of fgf qnvuqtmhabaacqeeinn'  (pt_acc=0.435)
                                  rc='e f erhapft l of fne  ohurtmbabaartedynn'
 0.50      3.227   1.6562   0.4531  gt='e the capital of one government after an'
                                  pt='uhmcm cygit l ffoone goawvnveat mebem xl'  (pt_acc=0.373)
                                  rc='u cca rygit l oe onea oawrnmeatbafbem ri'
 0.60      3.873   4.1906   0.2840  gt='e the capital of one government after an'
                                  pt='ssmucplmpvtalbokns xaodacrkm sn vnterhkn'  (pt_acc=0.284)
                                  rc='ssmucplmpvtalbokns xaodacrkm sn vnterhkn'
 0.70      4.518   4.1896   0.2288  gt='e the capital of one government after an'
                                  pt='aqjdrgdakuwullqv tnhoafejrv enb ltmlr zn'  (pt_acc=0.229)
                                  rc='aqjdrgdakuwullqv tnhoafejrv enb ltmlr zn'
 0.80      5.164   4.5461   0.1902  gt='e the capital of one government after an'
                                  pt='dgsmaelunktt  tfguvs mdwsds incxpkqnjnxl'  (pt_acc=0.190)
                                  rc='dgsmaelunktt  tfguvs mdwsds incxpkqnjnxl'
 1.00      6.454   4.8405   0.1453  gt='e the capital of one government after an'
                                  pt='shbsvucuapcqlfrxjscfp ovfkbmuexatkzhizjn'  (pt_acc=0.145)
                                  rc='shbsvucuapcqlfrxjscfp ovfkbmuexatkzhizjn'

Wrote runs/ae_d256_l2_z64/eqm/recovery.json
