Warning: You are sending unauthenticated requests to the HF Hub. Please set a HF_TOKEN to enable higher rate limits and faster downloads.
=== Unconditional generation ===
  KL_uni=0.1188  KL_bi=1.4926  KL_tri=5.8752  H_gen=2.8622
  sample[0]: 'of u isi acyerieueofpc  uasul fwro ulis '
  sample[1]: ' isns mipwa er fs d f nanubrocsthefs d g'

=== Recovery from perturbation ===
  embed_norm_mean=4.9909  σ_source=0.1000
    α  σ_perturb    KL_bi  tok_acc  sample[0]: gt / pt / rc
 0.15      0.749   0.0905   0.9979  gt='e the capital of one government after an'
                                  pt='e the capital of one government after an'  (pt_acc=0.999)
                                  rc='e the capital of one government after an'
 0.20      0.998   0.0875   0.9914  gt='e the capital of one government after an'
                                  pt='e the capital of one government after an'  (pt_acc=0.994)
                                  rc='e the capital of one government after an'
 0.25      1.248   0.1000   0.9703  gt='e the capital of one government after an'
                                  pt='e the capital of one government after an'  (pt_acc=0.975)
                                  rc='e the capital of one government after an'
 0.30      1.497   0.1486   0.9275  gt='e the capital of one government after an'
                                  pt='e the capital of one government alter af'  (pt_acc=0.928)
                                  rc='e the capital of one government altersaf'
 0.35      1.747   0.2673   0.8583  gt='e the capital of one government after an'
                                  pt='e the capitam oe one gcvernmenc hmter an'  (pt_acc=0.858)
                                  rc='e the capital oe one gceernmenc bfter an'
 0.40      1.996   0.4143   0.7763  gt='e the capital of one government after an'
                                  pt='e thl hakitap ow onebgoyernvuntpacter an'  (pt_acc=0.774)
                                  rc='e thl takitap ow one goyernvuntpacter an'
 0.45      2.246   0.5451   0.7021  gt='e the capital of one government after an'
                                  pt='e d e rapitalaof obeigowernvect asudriap'  (pt_acc=0.699)
                                  rc='e d e rapitalaos odeigomernvect asfdr at'
 0.50      2.495   0.8152   0.6125  gt='e the capital of one government after an'
                                  pt='eethi iapitalloaaoneduogfgementaiiger an'  (pt_acc=0.610)
                                  rc='eethi iapitalloaaoneduomfrementaiiher an'
 0.60      2.995   1.0097   0.4966  gt='e the capital of one government after an'
                                  pt='scthe bacrtaumoc  ne eakernmdnt abteo ar'  (pt_acc=0.497)
                                  rc='sethe hacrtaumor  ne eakernmdnt abteo ar'
 0.70      3.494   1.1978   0.4043  gt='e the capital of one government after an'
                                  pt='o age cplbsqtsro yly ygme nmant awolr rn'  (pt_acc=0.400)
                                  rc='o age cplbsqtsro yly yome nmant awolr rn'
 0.80      3.993   1.3635   0.3463  gt='e the capital of one government after an'
                                  pt='eejtetcpniflerof gce l seynberlngoamffbv'  (pt_acc=0.341)
                                  rc='eejtetcpnifl rof lce l sehnberlngoamffbv'
 1.00      4.991   1.5681   0.2566  gt='e the capital of one government after an'
                                  pt='edphmfc ei hl afdtma wssllndentucdhbocam'  (pt_acc=0.253)
                                  rc='edphmfc ei hl afdtma isslundentucdhbocam'

Wrote runs/latent_cluster_d256_data20k_ep15/recovery.json
