[wait] 2026-05-11 19:45:15 waiting for v3 launcher pid=757378
[wait] 2026-05-12 00:29:15 v3 launcher exited, beginning latent retrain queue
[emb] learn_skipgram_embeddings → data/skipgram_d27.pt 2026-05-12 00:29:18
[emb-done] data/skipgram_d27.pt rc=0 2026-05-12 00:29:41
[emb] learn_ppmi_svd_embeddings → data/ppmi_svd_d27.pt 2026-05-12 00:29:41
[emb-done] data/ppmi_svd_d27.pt rc=0 2026-05-12 00:29:56
[emb] learn_ppmi_svd_embeddings → data/ppmi_svd_d16.pt 2026-05-12 00:29:56
[emb-done] data/ppmi_svd_d16.pt rc=0 2026-05-12 00:30:12
[skip-train] latent_cluster_d256_data20k_ep15: ckpt exists
[rec] latent_cluster_d256_data20k_ep15 start=2026-05-12 00:30:12
[rec-done] latent_cluster_d256_data20k_ep15 rc=0 2026-05-12 01:14:36
[skip-train] latent_cluster_d256_L128_data20k_ep10: ckpt exists
[rec] latent_cluster_d256_L128_data20k_ep10 start=2026-05-12 01:14:36
[rec-done] latent_cluster_d256_L128_data20k_ep10 rc=0 2026-05-12 03:33:55
[train] latent_d128_trainable_tied_ce0_ep20 start=2026-05-12 03:33:55
[train-done] latent_d128_trainable_tied_ce0_ep20 rc=1 2026-05-12 03:36:53
[skip-recovery] latent_d128_trainable_tied_ce0_ep20: train failed, no ckpt
[train] latent_d128_trainable_tied_ce0_smallmodel_ep20 start=2026-05-12 03:36:53
[train-done] latent_d128_trainable_tied_ce0_smallmodel_ep20 rc=1 2026-05-12 03:37:15
[skip-recovery] latent_d128_trainable_tied_ce0_smallmodel_ep20: train failed, no ckpt
[train] latent_d32_tied_ce0 start=2026-05-12 03:37:15
[train-done] latent_d32_tied_ce0 rc=1 2026-05-12 03:40:12
[skip-recovery] latent_d32_tied_ce0: train failed, no ckpt
[train] latent_d32_untied_ce0 start=2026-05-12 03:40:12
[train-done] latent_d32_untied_ce0 rc=1 2026-05-12 03:43:09
[skip-recovery] latent_d32_untied_ce0: train failed, no ckpt
[train] latent_d32_untied_ce0_ep8 start=2026-05-12 03:43:09
[train-done] latent_d32_untied_ce0_ep8 rc=1 2026-05-12 03:46:07
[skip-recovery] latent_d32_untied_ce0_ep8: train failed, no ckpt
[train] latent_d32_untied_ce0_gamuniform start=2026-05-12 03:46:07
[train-done] latent_d32_untied_ce0_gamuniform rc=1 2026-05-12 03:49:04
[skip-recovery] latent_d32_untied_ce0_gamuniform: train failed, no ckpt
[train] latent_d32_untied_ce0_lam5 start=2026-05-12 03:49:04
[train-done] latent_d32_untied_ce0_lam5 rc=1 2026-05-12 03:52:01
[skip-recovery] latent_d32_untied_ce0_lam5: train failed, no ckpt
[train] latent_d32_untied_ce0_sigma05 start=2026-05-12 03:52:01
[train-done] latent_d32_untied_ce0_sigma05 rc=1 2026-05-12 03:54:58
[skip-recovery] latent_d32_untied_ce0_sigma05: train failed, no ckpt
[train] latent_fixed_ppmi_d16_tied start=2026-05-12 03:54:58
[train-done] latent_fixed_ppmi_d16_tied rc=1 2026-05-12 03:57:54
[skip-recovery] latent_fixed_ppmi_d16_tied: train failed, no ckpt
[train] latent_fixed_ppmi_d27_tied start=2026-05-12 03:57:54
[train-done] latent_fixed_ppmi_d27_tied rc=1 2026-05-12 04:00:51
[skip-recovery] latent_fixed_ppmi_d27_tied: train failed, no ckpt
[train] latent_fixed_ppmi_d27_untied start=2026-05-12 04:00:51
[train-done] latent_fixed_ppmi_d27_untied rc=1 2026-05-12 04:03:49
[skip-recovery] latent_fixed_ppmi_d27_untied: train failed, no ckpt
[train] latent_fixed_skipgram_d27_tied start=2026-05-12 04:03:49
[train-done] latent_fixed_skipgram_d27_tied rc=1 2026-05-12 04:06:47
[skip-recovery] latent_fixed_skipgram_d27_tied: train failed, no ckpt
[train] latent_fixed_skipgram_d27_tied_pureFM start=2026-05-12 04:06:47
[train-done] latent_fixed_skipgram_d27_tied_pureFM rc=1 2026-05-12 04:09:43
[skip-recovery] latent_fixed_skipgram_d27_tied_pureFM: train failed, no ckpt
[train] latent_fixed_skipgram_d27_tied_pureFM_ep20 start=2026-05-12 04:09:43
[train-done] latent_fixed_skipgram_d27_tied_pureFM_ep20 rc=1 2026-05-12 04:12:39
[skip-recovery] latent_fixed_skipgram_d27_tied_pureFM_ep20: train failed, no ckpt
[train] latent_fixed_skipgram_d27_untied start=2026-05-12 04:12:39
[train-done] latent_fixed_skipgram_d27_untied rc=1 2026-05-12 04:15:37
[skip-recovery] latent_fixed_skipgram_d27_untied: train failed, no ckpt
[train] latent_phase2_sanity_d32 start=2026-05-12 04:15:37
[train-done] latent_phase2_sanity_d32 rc=1 2026-05-12 04:18:34
[skip-recovery] latent_phase2_sanity_d32: train failed, no ckpt
[train] latent_skipgram_d128_timecond_euler_ep20 start=2026-05-12 04:18:34
[train-done] latent_skipgram_d128_timecond_euler_ep20 rc=1 2026-05-12 04:21:32
[skip-recovery] latent_skipgram_d128_timecond_euler_ep20: train failed, no ckpt
[final-aggregator] 2026-05-12 04:21:32
wrote /home/renku/work/aitchinson-flow/runs/AE_EQM_FINAL_REPORT.md
sections: comp(1) ae_scaling(4) vae(1) long_large(2)
[final-aggregator-done] rc=0 2026-05-12 04:21:32
[end] 2026-05-12 04:21:32 latent retrain queue complete
