[start] 15:30:23
[run] comp_mse_seed43 start=15:30:23
Warning: You are sending unauthenticated requests to the HF Hub. Please set a HF_TOKEN to enable higher rate limits and faster downloads.
[start-par] 15:32:20
[seq-start] 16:28:20 waiting for in-flight pythons
[seq-wait] pid=11466 exited at 16:32:50
[seq-wait] pid=11467 exited at 16:33:20
[skip] comp_mse_seed43
[skip] comp_mse_seed44
[run] comp_hilbert_seed42 start=16:33:20
[done] comp_hilbert_seed42 rc=0 at 17:03:37
[run] comp_hilbert_seed43 start=17:03:37
[done] comp_hilbert_seed43 rc=0 at 17:32:30
[run] comp_hilbert_seed44 start=17:32:30
[done] comp_hilbert_seed44 rc=0 at 18:00:05
[run] comp_ref_det_mse start=18:00:05
[done] comp_ref_det_mse rc=0 at 18:27:36
[run] comp_ref_det_hilbert start=18:27:36
[done] comp_ref_det_hilbert rc=0 at 18:55:08
[seq-finish] 18:55:08
