[remedies] 20:15:37 waiting for post-sweep dense rerun pid=130941
[remedies] 23:21:38 previous chain finished, starting remedies
[sde] ae_d256_l2_z64 start=23:21:38
[sde-done] ae_d256_l2_z64 rc=0 at 23:25:17
[sde] ae_d512_l4_z128 start=23:25:17
[sde-done] ae_d512_l4_z128 rc=0 at 23:28:56
[sde] ae_d1024_l6_z256 start=23:28:56
[sde-done] ae_d1024_l6_z256 rc=0 at 23:32:38
[sde] ae_d1024_l8_z512 start=23:32:38
[sde-done] ae_d1024_l8_z512 rc=0 at 23:36:22
[bestof] ae_d256_l2_z64 start=23:36:22
[bestof-done] ae_d256_l2_z64 rc=1 at 23:36:38
[bestof] ae_d512_l4_z128 start=23:36:39
[bestof-done] ae_d512_l4_z128 rc=1 at 23:36:54
[bestof] ae_d1024_l6_z256 start=23:36:54
[bestof-done] ae_d1024_l6_z256 rc=1 at 23:37:11
[bestof] ae_d1024_l8_z512 start=23:37:11
[bestof-done] ae_d1024_l8_z512 rc=1 at 23:37:29
[vae-train] start=23:37:29
[vae-train-done] rc=0 at 23:38:05
[vae-eqm] source_sigma=0.5648488402366638, training EqMVAE
[vae-eqm-done] rc=0 at 23:56:18
[vae-recovery] start=23:56:18
[vae-recovery-done] rc=0 at 00:40:46
[vae-sde-eval] start=00:40:46
[vae-sde-eval-done] rc=0 at 00:44:25
[remedies] 00:44:25 all steps done
