Warning: You are sending unauthenticated requests to the HF Hub. Please set a HF_TOKEN to enable higher rate limits and faster downloads.
=== Unconditional generation ===
  KL_uni=0.1627  KL_bi=3.8350  KL_tri=9.0080  H_gen=2.5082
  sample[0]: 'boevdt hees lar c ow hn  er  xm v i  i y'
  sample[1]: ' e  se  tlk oi an l  lebo  hax laanrr  e'

=== Recovery from perturbation ===
  embed_norm_mean=4.4916  σ_source=0.5648
    α  σ_perturb    KL_bi  tok_acc  sample[0]: gt / pt / rc
 0.15      0.674   0.1099   0.9999  gt='e the capital of one government after an'
                                  pt='e the capital of one government after an'  (pt_acc=1.000)
                                  rc='e the capital of one government after an'
 0.20      0.898   0.1246   0.9939  gt='e the capital of one government after an'
                                  pt='e the capital of one government after an'  (pt_acc=0.994)
                                  rc='e the capital of one government after an'
 0.25      1.123   0.1912   0.9628  gt='e the capital of one government after an'
                                  pt='e the capital of one government after an'  (pt_acc=0.963)
                                  rc='e the capital of one government after an'
 0.30      1.347   0.3576   0.8916  gt='e the capital of one government after an'
                                  pt='e the v pitaljof ope government aftet an'  (pt_acc=0.892)
                                  rc='e the v pitaljof ope government aftet an'
 0.35      1.572   0.6717   0.8014  gt='e the capital of one government after an'
                                  pt='e  he capital of onf governmeet afyer an'  (pt_acc=0.801)
                                  rc='e  he capital of onf governmeet afyer an'
 0.40      1.797   0.9868   0.7026  gt='e the capital of one government after an'
                                  pt='p the eapttal of one cwvyrrment after am'  (pt_acc=0.703)
                                  rc='p the eapttal of one cwvyrrment after am'
 0.45      2.021   1.2323   0.6208  gt='e the capital of one government after an'
                                  pt='e thetlapitaldtf onn lovzrnveejeugser ar'  (pt_acc=0.621)
                                  rc='e thetlapitaldtf onn lovzrnveejeugser ar'
 0.50      2.246   1.6468   0.5373  gt='e the capital of one government after an'
                                  pt='e the eadftll oi o selov rale m xfoerctq'  (pt_acc=0.537)
                                  rc='e the eadftll oi o selov rale m xfoerctq'
 0.60      2.695   1.9994   0.4219  gt='e the capital of one government after an'
                                  pt='dtt ercapgtas ke vne hbgernmeutoknrfr an'  (pt_acc=0.422)
                                  rc='dtt ercapgtas ke vne hbgernmeutoknrfr an'
 0.70      3.144   2.5705   0.3405  gt='e the capital of one government after an'
                                  pt='c ahq i tnrnr no ssd  orlpjment qebarlap'  (pt_acc=0.341)
                                  rc='c ahq i tnrnr no ssd  orlpjment qebarlap'
 0.80      3.593   2.6136   0.2783  gt='e the capital of one government after an'
                                  pt='w sweersjixte ot vnedvoae  nnnrznfsfdoaf'  (pt_acc=0.278)
                                  rc='w sweersjixte ot vnedvoae  nnnrznfsfdoaf'
 1.00      4.492   2.9887   0.2061  gt='e the capital of one government after an'
                                  pt='peqeh ninetgln fhvqnddv xnemcntzpgkequhz'  (pt_acc=0.206)
                                  rc='peqeh ninetgln fhvqnddv xnemcntzpgkequhz'

Wrote runs/vae_d256_l2_z64/eqm/recovery.json
