Warning: You are sending unauthenticated requests to the HF Hub. Please set a HF_TOKEN to enable higher rate limits and faster downloads.
=== Unconditional generation ===
  KL_uni=0.0070  KL_bi=0.1514  KL_tri=0.8638  H_gen=2.9079
  sample[0]: 'ult eacth ofmtho u s lxbh tran connectly of agarches ongl meaniin ot im where alibriag on d gond and alvhal thrules wuo h as the wish to archemical ljbiter snagreed by it atgectacion sich so xinanlity and accmeai and it is readecte or termanderra system co'
  sample[1]: ' on abdict to the terpite deporteral a copegtun into gea in india e animal woter in the taudeler nachic somepeany cemiserial force frince onough eview indide feheratizn thare alteri tiff a fsom the femaged to aeterpocuption conaext asvar and aanusouts with'

=== Recovery from perturbation ===
  embed_norm_mean=12.2723  σ_source=0.1000
    α  σ_perturb        Δ  tok_acc tok_acc_pt    KL_bi  sample[0]: gt / pt / rc
 0.10      0.100   0.0321   0.9245     0.8924   0.1357  gt='e the capital of one government after another one of such governments was established in one eight six four as a second mexican empire the short lived monarchy led by maximilian of habsburg left its mark on the reconstruction of chapultepec castle and othe'
                                             pt='eathe fapital of one governuentjafter another one qfbsuchkgiveznments mas establishedrin onr eight six four as a second mexican empirqetze short lived monarchc led by macimilian of habsbtrg left its mark on the reconstouctionlof chapultepec cascle and othe'
                                             rc='eathe capital of one governuentjafter another one qf suchkgivernments mas established in onr eight six four as a second mexican empireetze short lived monarchc led by macimilian of habsbtrg left its mark on the reconstouctionlof chapultepec cascle and othe'
 0.30      0.300   0.1345   0.9090     0.7746   0.1384  gt='e the capital of one government after another one of such governments was established in one eight six four as a second mexican empire the short lived monarchy led by maximilian of habsburg left its mark on the reconstruction of chapultepec castle and othe'
                                             pt='e the cajitfu jfoone govbrxdent afwerhanothrh oneuox such goveroments mas estgblsshedqin one eighu six frcr asma second memicanremprre the scortalived mofarchy amd cy mawimilian of hmbsbupm lkft irs rark on tte rpconstruction of ch puxtekbc castte and otqe'
                                             rc='e the cajitau of one govbrxment after anothrr one of such governments mas established in one eight six frur as a second mexican empire the shortalived mofarchy amd cy maximilian of hmbsburg lkft its rark on the rpconstruction of ch puxtekec castle and othe'
 0.50      0.500   0.2640   0.8443     0.5804   0.1370  gt='e the capital of one government after another one of such governments was established in one eight six four as a second mexican empire the short lived monarchy led by maximilian of habsburg left its mark on the reconstruction of chapultepec castle and othe'
                                             pt='k thezclphral of zni goyrrnmeltr ster anqtver oye ll sumhjxoyllnmeqts waszesyablizhxdtinrore eiphfhb xhbo k as nuiecxlp mixican ekpcrefthedshlrt libegrgoyar j glem bzemgximmfots omlquob urg yefobits ggry  n the aeconssrucupcfwof chbjultepec bavtlepand nthe'
                                             rc='e thezcapiral of one government after another one of such governments was established inrone eighf six four as a second mixican empire the short libeg gonarch glem by manism its relogenburg yero its mark on the reconstrucuicnwof chmjulteves bavtle and othe'
 0.70      0.700   0.2626   0.5929     0.3302   0.1407  gt='e the capital of one government after another one of such governments was established in one eight six four as a second mexican empire the short lived monarchy led by maximilian of habsburg left its mark on the reconstruction of chapultepec castle and othe'
                                             pt='yvnhve vwieiopbfybtk g veggmvnovokirridvopher ongsewjhzcs boiebnmdnjlspus nkbablishm  oisoas sogtt umxysvul gzeoxswbony mzrhtad emamscdwnhysqdnqmix sd nplxzzhyppeufbxzkstiy lnap oo jauticqkmlnfi stkkmahdnflmirewdecjvsjryobiox qo lyxhwhtzpsz cvsmlpuanmihkpe'
                                             rc='y the avwitions aber governmeno oever another one of such governments was ektablishmd on one eight six scul giean abone maritan empire underqdrqmixhed and eharpped by kstibilnon oo law bark lers stor ahd ol the reconstruction of a low teinz castle and othe'
 1.00      1.000   0.0373   0.0748     0.0374   0.1398  gt='e the capital of one government after another one of such governments was established in one eight six four as a second mexican empire the short lived monarchy led by maximilian of habsburg left its mark on the reconstruction of chapultepec castle and othe'
                                             pt='xzhgiwfckvenlacbyuxvssucbdqycvkekwslozqjttamtpxbalnxzjmglinveoufiqcqzqylyaekohq  nxwovwjas ppag hfdaudmfbvddkxscibzadglfcblzbodgfdxnagmgetmukgfvevnooghtwqwmrvholpiqe ilctxwbcq jwosfyigepzegopzavjqpgrjajdtqjsrjbozivcthsqidqbiowujolkdkfgwdwtbjpqhnyhejwzabedf'
                                             rc='e roimen sell any dissulband valifucoment atternalixy agringeoation add salong thax ovejof that he audae vddecs ibdid laces commoderatime pudgived solhtwhwirhcolpaqe ie t with rurifyr s meior anaqber ajstribring thetism debitity and for was phon heawbace t'

Wrote runs/sflm_bench_a100_20g_L256_d1280L14_b16/DirichletFM_ep50_d50k/recovery.json
