Warning: You are sending unauthenticated requests to the HF Hub. Please set a HF_TOKEN to enable higher rate limits and faster downloads.
[transformers] `torch_dtype` is deprecated! Use `dtype` instead!
[plausible] split=test fit=512 eval=64 rate=0.15 t_eval=7.5 t_nll=3.0 n_cands=48
=== fit BGMM density detector (clean, one-class) ===
  [bgmm] t_eval=7.5 d=1280 feat_dim=64 max_K=20 n_effective=17 cov=full converged=True lb=-5471405.372
=== train BLR hinge-energy detector ===
  [head] step    0  E_valid=+0.039  E_corrupt=+0.235  gap=+0.197
  [head] step  200  E_valid=+0.445  E_corrupt=+2.782  gap=+2.338
  [head] step  400  E_valid=+0.386  E_corrupt=+2.629  gap=+2.244
  [head] step  599  E_valid=+0.452  E_corrupt=+2.854  gap=+2.402
=== fit training-free VARIANCE head (closed form on clean features) ===
=== load GPT-2 external-LM detectors (gpt2) ===
Loading weights:   0%|          | 0/148 [00:00<?, ?it/s]Loading weights: 100%|██████████| 148/148 [00:00<00:00, 6502.32it/s]
=== build corruptions (random vs model-plausible, same slots) ===
[plausible] random changed 1665 toks; plausible changed 1774 toks (392 words)
=== train logistic head on RANDOM false-info negatives ===
  [logistic] fit on 74511 tok (pos=60000 neg=14511) @ t=4.5
=== build PLAUSIBLE training negatives (model-guided; subset) ===
=== train logistic head on PLAUSIBLE negatives ===
  [logistic] fit on 74342 tok (pos=60000 neg=14342) @ t=4.5
=== train UNIFIED 'logistic' head on replace+shuffle+falseinfo+plausible ===
  [logistic] fit on 120000 tok (pos=60000 neg=60000) @ t=4.5
=== train UNIFIED 'quad' head on replace+shuffle+falseinfo+plausible ===
  [quad] step    0 loss=1.3219 acc=0.505
  [quad] step  400 loss=0.5328 acc=0.741
  [quad] step  800 loss=0.4915 acc=0.791
  [quad] step 1200 loss=0.4688 acc=0.807
  [quad] step 1600 loss=0.4393 acc=0.816
  [quad] step 1999 loss=0.4290 acc=0.822
  [quad] fit on 120000 tok (pos=60000 neg=60000) @ t=4.5
=== train UNIFIED 'mlp' head on replace+shuffle+falseinfo+plausible ===
  [mlp] step    0 loss=0.6951 acc=0.503
  [mlp] step  400 loss=0.2361 acc=0.899
  [mlp] step  800 loss=0.1286 acc=0.952
  [mlp] step 1200 loss=0.0837 acc=0.962
  [mlp] step 1600 loss=0.0490 acc=0.983
  [mlp] step 1999 loss=0.0430 acc=0.982
  [mlp] fit on 120000 tok (pos=60000 neg=60000) @ t=4.5
=== train LinE_fi hinge head (falseinfo @ 0.5, t=4.5) ===
  [hinge] step    0  E_valid=+0.004  E_corrupt=-0.053  gap=-0.057
  [hinge] step  200  E_valid=+0.490  E_corrupt=+1.633  gap=+1.142
  [hinge] step  400  E_valid=+0.482  E_corrupt=+1.704  gap=+1.222
  [hinge] step  599  E_valid=+0.489  E_corrupt=+1.735  gap=+1.246
  [hinge] fit on 214041+48103 tok @ t=4.5
=== train LinE_all hinge head (replace+shuffle+falseinfo+both @ 0.5, t=7.5) ===
  [hinge] step    0  E_valid=-0.062  E_corrupt=-0.128  gap=-0.066
  [hinge] step  200  E_valid=+0.480  E_corrupt=+1.602  gap=+1.122
  [hinge] step  400  E_valid=+0.484  E_corrupt=+1.608  gap=+1.125
  [hinge] step  599  E_valid=+0.433  E_corrupt=+1.560  gap=+1.127
  [hinge] fit on 387583+267777 tok @ t=7.5
[plausible] denoiser NLL at swapped chars — random=0.535 plausible=0.003 (clean baseline=0.124)

      detector corruption  seq_AUROC  token_AUROC word_AUROC  tokP@5  tokR@5  tokF1@5
           NLL     random      0.724        0.728     0.790   0.326   0.221    0.263
           NLL  plausible      0.478        0.264     0.181   0.000   0.000    0.000
           BLR     random      0.620        0.624     0.675   0.251   0.158    0.194
           BLR  plausible      0.479        0.570     0.444   0.043   0.017    0.025
           Var     random      0.669        0.714     0.666   0.166   0.085    0.112
           Var  plausible      0.495        0.550     0.488   0.118   0.056    0.076
   Logistic_fi     random      0.758        0.795     0.822   0.343   0.316    0.329
   Logistic_fi  plausible      0.409        0.480     0.403   0.010   0.004    0.006
Logistic_plaus     random      0.414        0.473     0.339   0.052   0.025    0.033
Logistic_plaus  plausible      0.816        0.918     0.865   0.505   0.663    0.573
          BGMM     random      0.694        0.722     0.731   0.222   0.141    0.172
          BGMM  plausible      0.430        0.464     0.394   0.037   0.016    0.023
       GPT2_SE     random      0.860        0.558     0.693   0.224   0.113    0.150
       GPT2_SE  plausible      0.698        0.527     0.539   0.132   0.060    0.082
      GPT2_NLL     random      0.896        0.559     0.833   0.273   0.193    0.226
      GPT2_NLL  plausible      0.724        0.509     0.624   0.165   0.092    0.119
      LinE_all     random      0.703        0.654     0.764   0.305   0.214    0.251
      LinE_all  plausible      0.403        0.449     0.403   0.011   0.005    0.006
       LinE_fi     random      0.761        0.742     0.802   0.327   0.314    0.320
       LinE_fi  plausible      0.406        0.415     0.402   0.021   0.008    0.011
    ALL_linear     random      0.649        0.711     0.777   0.327   0.216    0.260
    ALL_linear  plausible      0.791        0.760     0.620   0.320   0.221    0.261
      ALL_quad     random      0.718        0.711     0.781   0.327   0.222    0.265
      ALL_quad  plausible      0.881        0.827     0.700   0.507   0.480    0.493
       ALL_mlp     random      0.703        0.709     0.780   0.346   0.244    0.287
       ALL_mlp  plausible      0.706        0.811     0.672   0.281   0.166    0.209

--- example 0 ---
  clean    : 'l clinton during a fundraising event in washington dc october one nine nine six monica samille lewinsky born july two th'
  random   : 'l clinton during a fundraising event in washington dc october ost nine nine six monica samille lewinsky born july two th'
  plausible: 'l clinton during a fundraising event in washington dc october two nine nine six monica samille lewinsky born july two th'

--- example 1 ---
  clean    : 'ill clinton their affair started while lewinsky was working as an intern at the white house in the mid one nine nine zer'
  random   : 'ill clinton their affair eugenio while lewinsky was working as an intern at the white house in the mid one nine nine zer'
  plausible: 'ill clinton their united between while lewinsky was working to an intern at the white house in one mid one nine nine zer'

Wrote bench_ood_final/plausible/plausible_swap_fit512_word.json
Wrote bench_ood_final/plausible/plausible_swap_fit512_word.tokens.pt
