Warning: You are sending unauthenticated requests to the HF Hub. Please set a HF_TOKEN to enable higher rate limits and faster downloads.
=== Unconditional generation ===
  KL_uni=0.0036  KL_bi=1.5636  KL_tri=5.2618  H_gen=2.8314
  sample[0]: 'bltreatk  otmhaobs r lxbh eman  n aecwii sfngcaro ec jnlc neaaeie ct imh serenibi ai i unlh govdeheuhulah lddtrules  uo e ca rwempisa  iiorcbefifyo ljhittr lnaireenaap itoetgdctecton  el   o einanlieh  ndooocmeau ara pmnwstrehdecae op y riavdepruradbtea cn'
  sample[1]: ' on nbnrtt pt  hhltcepige dlnohterol apcetlgtu hint l ea rr igaia e anepa  wo ew nn stee nuielel nlchotusomseelnu vemtaeeiho tlooe fritco omhugloelgdr eovi b elaeranlrb twcnennttotiovi   losetm  ce eedfeedetafaetetlgwg wi nncelaex iao ar ana aanusdrt  wpil'

=== Recovery from perturbation ===
  embed_norm_mean=12.2723  σ_source=0.1000
    α  σ_perturb        Δ  tok_acc tok_acc_pt    KL_bi  sample[0]: gt / pt / rc
 0.10      0.100   0.0000   1.0000     1.0000   0.0323  gt='e the capital of one government after another one of such governments was established in one eight six four as a second mexican empire the short lived monarchy led by maximilian of habsburg left its mark on the reconstruction of chapultepec castle and othe'
                                             pt='e the capital of one government after another one of such governments was established in one eight six four as a second mexican empire the short lived monarchy led by maximilian of habsburg left its mark on the reconstruction of chapultepec castle and othe'
                                             rc='e the capital of one government after another one of such governments was established in one eight six four as a second mexican empire the short lived monarchy led by maximilian of habsburg left its mark on the reconstruction of chapultepec castle and othe'
 0.30      0.300  -0.0031   0.9969     1.0000   0.0377  gt='e the capital of one government after another one of such governments was established in one eight six four as a second mexican empire the short lived monarchy led by maximilian of habsburg left its mark on the reconstruction of chapultepec castle and othe'
                                             pt='e the capital of one government after another one of such governments was established in one eight six four as a second mexican empire the short lived monarchy led by maximilian of habsburg left its mark on the reconstruction of chapultepec castle and othe'
                                             rc='e the capital of one government after another one of such governments was established in one eight six four as a second mexican empire the short lived monarchy led cy maximilian of habsburg left its rark on the reconstruction of chapultepec castle and othe'
 0.50      0.500  -0.0162   0.9833     0.9995   0.0571  gt='e the capital of one government after another one of such governments was established in one eight six four as a second mexican empire the short lived monarchy led by maximilian of habsburg left its mark on the reconstruction of chapultepec castle and othe'
                                             pt='e the capital of one government after another one of such governments was established in one eight six four as a second mexican empire the short lived monarchy led by maximilian of habsburg left its mark on the reconstruction of chapultepec castle and othe'
                                             rc='e the capital of one government after another one of such xovernrents was established in one eight six four as a second mexican empire the short lived monarch  led by maximilian ou habs urg leht its mark on the reconstruction of chapultepec castle and othe'
 0.70      0.700   0.0361   0.6685     0.6324   0.6897  gt='e the capital of one government after another one of such governments was established in one eight six four as a second mexican empire the short lived monarchy led by maximilian of habsburg left its mark on the reconstruction of chapultepec castle and othe'
                                             pt='t nhetccpitalrcfsune govqggmenolauier esother onm of such dojernmenys wrs ekrablishmn oneohe syght mox qsul gsyawsecont mzxican empihezmhezsddrqmltved zpnazcfypnedfby ksxixilnan oo iabsburkulefi stkhmarq ol iherrecjnsfri tiqn xf cyapxftepsc casuleaanh otse'
                                             rc='e nhe ccfitalrpyvone uolewpmenw akter hgother one ob snch uopernwenys wrs eliaylishe  yn one eight sox uvyl  sla seconf mzrican efaige rhe shdrwkli ed ywnazchrmledwbb keticilnan oo dapsiyrkulemi itk garb ol ihe recjnstrvption of lhahvlteesc castle and otse'
 1.00      1.000   0.0287   0.0664     0.0376   1.5312  gt='e the capital of one government after another one of such governments was established in one eight six four as a second mexican empire the short lived monarchy led by maximilian of habsburg left its mark on the reconstruction of chapultepec castle and othe'
                                             pt='xurbqoockmex rlkxhpwmsectcmecaenkssikzqjdtrlybxwdlfxzjogainvdofl jlynwkemmejkyq  nrwtvwjsvyfpgzqh qazdf qvdfrqsfibjedgyfcwlosilmpdynogqrejmdvgfveveohmnrweybhvp lpqqeeilztmjyci lumsfycgbwicgupzfvdqpgrjyjulzjrrjbuqhmgtpsqtdqpinzihdxidktawchsfjpqhnymejqgdwedm'
                                             rc='v roihec eenl anvedissecgvre v eiesnoiwnttwteewfylnxttailinreoapibetfbbeaaemmhe  ne ogefs yfnaa  g apdfm nhdrtl iydad lanelys bmweanaygv timvpcfet oolhtnhyythholoiie  e t accm rrrsuvi e weioraayyovdr asdttfsriea imnthsuvnepivftgownh y tyusf mhhn heamga edm'

Wrote runs/sflm_bench_a100_20g_L256/FisherFM/recovery.json
