Warning: You are sending unauthenticated requests to the HF Hub. Please set a HF_TOKEN to enable higher rate limits and faster downloads.
=== Unconditional generation ===
  KL_uni=0.0302  KL_bi=1.6783  KL_tri=6.7275  H_gen=2.7183
  sample[0]: ' ltrestt  ltwhho   snnpahsepan  opaelfii'
  sample[1]: ' ssnhcaro ec oegf neaaeie ct if  sene al'

=== Recovery from perturbation ===
  embed_norm_mean=12.2723  σ_source=0.1000
    α  σ_perturb        Δ  tok_acc tok_acc_pt    KL_bi  sample[0]: gt / pt / rc
 0.05      0.614   0.0000   1.0000     1.0000   0.1098  gt='e the capital of one government after an'
                                             pt='e the capital of one government after an'
                                             rc='e the capital of one government after an'
 0.10      1.227   0.0000   1.0000     1.0000   0.1098  gt='e the capital of one government after an'
                                             pt='e the capital of one government after an'
                                             rc='e the capital of one government after an'
 0.20      2.454  -0.0001   0.9964     0.9965   0.1252  gt='e the capital of one government after an'
                                             pt='e the capital of one government after an'
                                             rc='e the capital of one government after an'
 0.30      3.682   0.0017   0.8989     0.8973   0.4928  gt='e the capital of one government after an'
                                             pt='e the cajitpu of one govbrxment afqer an'
                                             rc='e the cajitpu of one govbrxment afqer an'
 0.40      4.909  -0.0010   0.6957     0.6967   1.6098  gt='e the capital of one government after an'
                                             pt='e thewfacilalcofgpne goverxment zxter an'
                                             rc='e thewfacilalcofgpne goverxment zxter an'
 0.50      6.136   0.0000   0.5282     0.5282   2.7132  gt='e the capital of one government after an'
                                             pt='k thezclphral of zni goyrrnmeltr ster an'
                                             rc='k thezclphral of zni goyrrnmeltr ster an'
 1.00     12.272   0.0000   0.2006     0.2006   4.9147  gt='e the capital of one government after an'
                                             pt='x rhihfckmtal cbyuxvsgecbdqecnteafteozmj'
                                             rc='x rhihfckmtal cbyuxvsgecbdqecnteafteozmj'

Wrote runs/compu_mse_det/recovery.json
