Warning: You are sending unauthenticated requests to the HF Hub. Please set a HF_TOKEN to enable higher rate limits and faster downloads.
[bayeslin] adversarial train mix: ['replace', 'shuffle', 'falseinfo', 'both']
[bayeslin] d_model=1280 feat_dim=1280 t_eval=7.5 clean_tok=131072 corr_tok(label1)=267894 mix=replace+shuffle+falseinfo+both
  step    0  E_valid=+0.104  E_corrupt=+0.230  gap=+0.126
  step  100  E_valid=+0.454  E_corrupt=+1.513  gap=+1.059
  step  200  E_valid=+0.489  E_corrupt=+1.595  gap=+1.106
  step  300  E_valid=+0.489  E_corrupt=+1.642  gap=+1.153
  step  400  E_valid=+0.467  E_corrupt=+1.618  gap=+1.150
  step  500  E_valid=+0.488  E_corrupt=+1.638  gap=+1.150
  step  599  E_valid=+0.494  E_corrupt=+1.559  gap=+1.064
[bayeslin] energy @ t_eval=7.5  variance @ var_t=7.5 (feat_dim_var=1280)
[blr] false-info vocab: lengths 2-18

   scheme  rate  AUROC_seq_E  AUROC_seq_Var  tokAUROC_E  tokAUROC_Var  tokP@5  tokR@5  tokF1@5
  replace  0.05       0.7664         0.8529      0.8963        0.8358   0.343   0.669    0.454
  replace  0.10       0.9305         0.9691      0.8965        0.8107   0.466   0.719    0.565
  replace  0.15       0.9735         0.9910      0.8883        0.7872   0.523   0.738    0.612
  replace  0.20       0.9932         0.9998      0.8812        0.7645   0.548   0.772    0.641
  replace  0.25       0.9971         0.9999      0.8744        0.7452   0.572   0.784    0.662
  replace  0.30       0.9992         1.0000      0.8653        0.7272   0.583   0.813    0.679
  replace  0.50       1.0000         1.0000      0.8189        0.6317   0.654   0.872    0.747
  replace  0.70       1.0000         1.0000      0.7726        0.5584   0.772   0.900    0.831
  replace  1.00       1.0000         1.0000         nan           nan     nan     nan      nan
  shuffle  0.05       0.7168         0.8149      0.8183        0.8040   0.241   0.472    0.319
  shuffle  0.10       0.8758         0.9510      0.8089        0.7688   0.357   0.494    0.414
  shuffle  0.15       0.9563         0.9901      0.7963        0.7380   0.415   0.522    0.462
  shuffle  0.20       0.9796         0.9992      0.7841        0.7178   0.455   0.553    0.499
  shuffle  0.25       0.9906         0.9998      0.7673        0.6959   0.482   0.565    0.520
  shuffle  0.30       0.9953         1.0000      0.7466        0.6685   0.504   0.582    0.540
  shuffle  0.50       0.9998         1.0000      0.6761        0.5985   0.592   0.635    0.613
  shuffle  0.70       1.0000         1.0000      0.6079        0.5516   0.702   0.664    0.682
  shuffle  1.00       1.0000         1.0000      0.6178        0.5088   0.939   0.670    0.782
     both  0.05       0.8911         0.9604      0.8558        0.7937   0.410   0.613    0.491
     both  0.10       0.9864         0.9981      0.8436        0.7505   0.505   0.673    0.577
     both  0.15       0.9964         0.9999      0.8185        0.7128   0.546   0.697    0.613
     both  0.20       0.9996         1.0000      0.7953        0.6826   0.570   0.745    0.646
     both  0.25       1.0000         1.0000      0.7747        0.6539   0.601   0.762    0.672
     both  0.30       1.0000         1.0000      0.7578        0.6309   0.634   0.790    0.703
     both  0.50       1.0000         1.0000      0.7119        0.5637   0.782   0.840    0.810
     both  0.70       1.0000         1.0000      0.7092        0.5338   0.901   0.871    0.885
     both  1.00       1.0000         1.0000      0.7350        0.4884   0.972   0.920    0.945
falseinfo  0.05       0.5622         0.5484      0.6778        0.6621   0.117   0.192    0.146
falseinfo  0.10       0.6136         0.5774      0.6839        0.6674   0.218   0.190    0.203
falseinfo  0.15       0.6833         0.6326      0.6887        0.6736   0.316   0.205    0.249
falseinfo  0.20       0.7222         0.6662      0.6853        0.6669   0.370   0.195    0.255
falseinfo  0.25       0.7802         0.7074      0.6907        0.6737   0.431   0.205    0.278
falseinfo  0.30       0.8201         0.7459      0.6944        0.6741   0.494   0.206    0.290
falseinfo  0.50       0.9374         0.8815      0.7161        0.6818   0.668   0.238    0.351
falseinfo  0.70       0.9770         0.9616      0.7427        0.7007   0.789   0.267    0.399
falseinfo  1.00       0.9935         0.9927      0.8471        0.7670   0.936   0.333    0.492

=== healing-style examples ===
  [examples] flag thr=0.8897 @ fpr=0.05 (key=E_t)
  --- clean #0 ---
    flag :           *                                        **                                            *  **       *  *       
  --- replace30 #0 ---
    truec:  ^  ^ ^     ^^   ^ ^         ^       ^ ^ ^^      ^^   ^ ^      ^  ^^     ^       ^  ^     ^^  ^^^   ^^^  ^  ^      ^^^^ 
    flag : *******        * * *   *     *       * * **       ***  ** *    *  **     *       ** **   ***  ** *   ** ***  *    ******
  --- falseinfo30 #0 ---
    truec:   ^^^^^^^          ^^^^^^^^^^^                     ^^                       ^^^        ^^ ^^^^   ^^ ^^^           ^^^   
    flag :         *                                           *                                  *         ***    *    *  * *     

Wrote bench_ood/blr_adv/bayes_linear_adv_sweep.json
