=== Unconditional generation ===
  KL_uni=0.1034  KL_bi=0.9615  KL_tri=3.5350  H_gen=2.7323
  sample[0]: 'oe usisisai erdeteober  uraae sero e is  itni  ipiarer es difynardbrocttheeso  baiduris sideeatid in asblniu washepie soien teic'
  sample[1]: ' hyormedndradri whirossoon anr  ipizynesroch de oeie halay  iinciast icaeaizan eeu aimed r s ineniez ai aii ioisserisapsvecorsch'

=== Recovery from perturbation ===
  embed_norm_mean=4.3581  σ_source=0.1000
    α  σ_perturb    KL_bi  tok_acc  sample[0]: gt / pt / rc
 0.05      0.218   0.0691   0.9999  gt='e the capital of one government after another one of such governments was established in one eight six four as a second mexican '
                                  pt='e the capital of one government after another one of such governments was established in one eight six four as a second mexican '  (pt_acc=1.000)
                                  rc='e the capital of one government after another one of such governments was established in one eight six four as a second mexican '
 0.10      0.436   0.0691   0.9999  gt='e the capital of one government after another one of such governments was established in one eight six four as a second mexican '
                                  pt='e the capital of one government after another one of such governments was established in one eight six four as a second mexican '  (pt_acc=1.000)
                                  rc='e the capital of one government after another one of such governments was established in one eight six four as a second mexican '
 0.15      0.654   0.0684   0.9987  gt='e the capital of one government after another one of such governments was established in one eight six four as a second mexican '
                                  pt='e the capital of one government after another one of such governments was established in one eight six four as a second mexican '  (pt_acc=0.999)
                                  rc='e the capital of one government after another one of such governments was established in one eight sin four as a second mexican '
 0.20      0.872   0.0627   0.9937  gt='e the capital of one government after another one of such governments was established in one eight six four as a second mexican '
                                  pt='e the capital of one government after another one of such governments was established in one eight six four as a second megican '  (pt_acc=0.995)
                                  rc='e the capital of one government after another one of such governments was established in one eight six four as a second megican '
 0.25      1.090   0.0730   0.9732  gt='e the capital of one government after another one of such governments was established in one eight six four as a second mexican '
                                  pt='e tht capital of one government after anothev one of such governments was established in one eight sip four as a second mevican '  (pt_acc=0.977)
                                  rc='e tht capital of one government after another one of such governments was establisced in one eight sip four as a second meoican '
 0.30      1.307   0.1335   0.9171  gt='e the capital of one government after another one of such governments was established in one eight six four as a second mexican '
                                  pt='e the capital of onecgovernment altfrsafothir one of  uch tovernments wss established in ono eighw six four as a secovd hhxican '  (pt_acc=0.924)
                                  rc='e the capital of onecgovernment altfrsanothir one of  uch tovernments wss established in ono eighw six four as a secovd hhxican '
 0.35      1.525   0.2351   0.8414  gt='e the capital of one government after another one of such governments was established in one eight six four as a second mexican '
                                  pt='e the capital oe one gmvernmenb hmter anothercone of suhhtgovernments was established indone eigtt six foun as a smcond meiican '  (pt_acc=0.851)
                                  rc='e the capital oe one gmvdrnmenc hmter anothercone of suhhtgovernments was established indone eigtt six foun as a smcond meiican '
 0.40      1.743   0.4042   0.7516  gt='e the capital of one government after another one of such governments was established in one eight six four as a second mexican '
                                  pt='e the takwtap sf onebgoyrrnm ntpaftearanovher one df soct  olwrnments zas established iy onh eight hbv focr as a  lvord mwrican '  (pt_acc=0.765)
                                  rc='e the tkkwtap sf onebgoyrrnm ntpactearanother one sf soct  olwrnments was established iy onh eight hbp focr as a  lfond mwrican '
 0.45      1.961   0.5672   0.6700  gt='e the capital of one government after another one of such governments was established in one eight six four as a second mexican '
                                  pt='e d e wapitalaof odeigowezneent asunriauother ureiof sfca wvmernments was lstablissed inoonv aisht six foar vs f svconw mkeivan '  (pt_acc=0.679)
                                  rc='e d e wapitalaof odeigowerndent asunriapother ureiof sfca wpmernments was lstablissfd inoone aiuht six foarrds f svconw mee van '
 0.50      2.179   0.7690   0.5866  gt='e the capital of one government after another one of such governments was established in one eight six four as a second mexican '
                                  pt='kethi ialitalxoa onedeocfrementauigen anorhtrnoye ofmsuch irvebnbentyluayfessamnished intmne eigst six fohmyas a rtctnd mexechth'  (pt_acc=0.594)
                                  rc='kethi ialitalxoaaonedeocfrdmentauigen anorhtrnoye ofmsuch irvernbentsluayfessamnished intmne eigsi sis fohryas n rtctnd mexechth'
 1.00      4.358   1.5504   0.2401  gt='e the capital of one government after another one of such governments was established in one eight six four as a second mexican '
                                  pt='edmhcfciepehl afntmh issltndentucdhsokazutufyouodeisovarfirovarnmvnbaalitoescfecryhenaob omepmfgitgufioiolr csaa sraonfpsigisyg '  (pt_acc=0.242)
                                  rc='ldmhgfciapyhl ofntmh issltndentucdhsokazutuoyouodeismvarfirovarnmvnbaalitoescaecryhenaob omepmfgitgufimiolr csaa sraonfppigisygb'

Wrote runs/latent_cluster_d256_L128_data20k_ep10/recovery.json
