Warning: You are sending unauthenticated requests to the HF Hub. Please set a HF_TOKEN to enable higher rate limits and faster downloads.
[bayeslin] adversarial train mix: [('replace', 65361), ('shuffle', 60058), ('falseinfo', 48142), ('both', 94333)]  (scheme, #corrupt tokens)
[bayeslin] d_model=1280 feat_dim=1280 t_eval=7.5 clean_tok=131072 corr_tok(label1)=267894 mix=replace+shuffle+falseinfo+both
  step    0  E_valid=+0.015  E_corrupt=+0.059  gap=+0.044
  step  100  E_valid=+0.458  E_corrupt=+1.538  gap=+1.079
  step  200  E_valid=+0.482  E_corrupt=+1.593  gap=+1.112
  step  300  E_valid=+0.474  E_corrupt=+1.599  gap=+1.125
  step  400  E_valid=+0.496  E_corrupt=+1.673  gap=+1.178
  step  500  E_valid=+0.466  E_corrupt=+1.575  gap=+1.108
  step  599  E_valid=+0.465  E_corrupt=+1.560  gap=+1.095
[bayeslin] energy @ t_eval=7.5  variance @ var_t=7.5 (feat_dim_var=1280)
[blr] false-info vocab: lengths 2-18

   scheme  rate  AUROC_seq_E  AUROC_seq_Var  tokAUROC_E  tokAUROC_Var  tokP@5  tokR@5  tokF1@5
  replace  0.05       0.7655         0.9177      0.9107        0.8646   0.347   0.741    0.473
  replace  0.10       0.9336         0.9849      0.9086        0.8312   0.446   0.771    0.565
  replace  0.15       0.9773         0.9963      0.8966        0.8022   0.492   0.781    0.604
  replace  0.20       0.9965         0.9995      0.8871        0.7689   0.519   0.816    0.634
  replace  0.25       0.9993         0.9999      0.8774        0.7375   0.538   0.821    0.650
  replace  0.30       0.9999         1.0000      0.8670        0.6978   0.554   0.845    0.669
  replace  0.50       1.0000         1.0000      0.8177        0.5560   0.632   0.900    0.742
  replace  0.70       1.0000         1.0000      0.7720        0.4935   0.758   0.926    0.834
  replace  1.00       1.0000         1.0000         nan           nan     nan     nan      nan
  shuffle  0.05       0.7177         0.8797      0.8558        0.8308   0.263   0.573    0.361
  shuffle  0.10       0.8749         0.9749      0.8358        0.7914   0.364   0.583    0.448
  shuffle  0.15       0.9560         0.9932      0.8154        0.7565   0.410   0.590    0.484
  shuffle  0.20       0.9829         0.9982      0.8011        0.7290   0.450   0.614    0.520
  shuffle  0.25       0.9932         0.9994      0.7803        0.7018   0.474   0.621    0.537
  shuffle  0.30       0.9978         0.9999      0.7556        0.6708   0.491   0.631    0.552
  shuffle  0.50       1.0000         1.0000      0.6781        0.5904   0.582   0.669    0.622
  shuffle  0.70       1.0000         1.0000      0.6077        0.5388   0.698   0.702    0.700
  shuffle  1.00       1.0000         1.0000      0.5959        0.4922   0.934   0.717    0.811
     both  0.05       0.8890         0.9797      0.8735        0.8176   0.407   0.681    0.510
     both  0.10       0.9907         0.9985      0.8524        0.7616   0.483   0.721    0.579
     both  0.15       0.9985         0.9999      0.8224        0.7095   0.525   0.739    0.614
     both  0.20       1.0000         1.0000      0.7994        0.6642   0.548   0.776    0.642
     both  0.25       1.0000         1.0000      0.7765        0.6251   0.583   0.796    0.673
     both  0.30       1.0000         1.0000      0.7593        0.5892   0.618   0.820    0.705
     both  0.50       1.0000         1.0000      0.7105        0.5183   0.771   0.879    0.821
     both  0.70       1.0000         1.0000      0.7075        0.4890   0.895   0.902    0.899
     both  1.00       1.0000         1.0000      0.7362        0.4758   0.970   0.944    0.957
falseinfo  0.05       0.5705         0.5718      0.6627        0.6953   0.124   0.205    0.154
falseinfo  0.10       0.6224         0.6133      0.6705        0.6956   0.220   0.194    0.206
falseinfo  0.15       0.6972         0.6920      0.6758        0.7046   0.331   0.226    0.269
falseinfo  0.20       0.7415         0.7355      0.6754        0.6943   0.385   0.213    0.275
falseinfo  0.25       0.7975         0.7923      0.6781        0.6966   0.443   0.223    0.297
falseinfo  0.30       0.8437         0.8271      0.6798        0.6969   0.501   0.230    0.315
falseinfo  0.50       0.9521         0.9401      0.6972        0.7009   0.664   0.259    0.373
falseinfo  0.70       0.9855         0.9763      0.7198        0.7112   0.783   0.292    0.425
falseinfo  1.00       0.9963         0.9889      0.8008        0.7592   0.922   0.354    0.512

=== healing-style examples ===
  [examples] flag thr=0.7409 @ fpr=0.05 (key=E_t)
  --- clean #0 ---
    flag :                         *                          **                                *         * *   *       *          
  --- replace30 #0 ---
    truec:  ^  ^ ^     ^^   ^ ^         ^       ^ ^ ^^      ^^   ^ ^      ^  ^^     ^       ^  ^     ^^  ^^^   ^^^  ^  ^      ^^^^ 
    flag : ***** *   **   * * **   **   *       * *****  *    ** *** *    *  ***    *       ** ** *****  ** *   ** ******* * ******
  --- falseinfo30 #0 ---
    truec:   ^^^^^^^          ^^^^^^^^^^^                     ^^                       ^^^        ^^ ^^^^   ^^ ^^^           ^^^   
    flag :         *                                          **                        *         ****       *          *    **    

Wrote bench_ood_final/blr_adv/bayes_linear_adv_sweep.json
