Warning: You are sending unauthenticated requests to the HF Hub. Please set a HF_TOKEN to enable higher rate limits and faster downloads.
=== Unconditional generation ===
  KL_uni=0.0065  KL_bi=0.1214  KL_tri=0.5771  H_gen=2.9049
  sample[0]: 'ult xackh ofmtho uas luth transconnectly seng arojectonal meation of iq where alioring onld condihed alloald trules  ut h as the pish to archedifioaljoiter qn greenant is utedcsecton sich so xinanlity and accmeai and it is readecty or termandzpransystem co'
  sample[1]: ' on abrict to the termited twohzerol a cepfrtuxnine fkvj in indiage opical wuter in the taugeler nachicusomed anj vemispeial flace frincg finut melies indids fpmeratizn twanemntteri tifxelosent the femaged to aeterlow the nnceraed inspar and aanusouts wpil'

=== Recovery from perturbation ===
  embed_norm_mean=12.2723  σ_source=0.1000
    α  σ_perturb        Δ  tok_acc tok_acc_pt    KL_bi  sample[0]: gt / pt / rc
 0.10      0.100   0.0318   0.9242     0.8924   0.1247  gt='e the capital of one government after another one of such governments was established in one eight six four as a second mexican empire the short lived monarchy led by maximilian of habsburg left its mark on the reconstruction of chapultepec castle and othe'
                                             pt='eathe fapital of one governuentjafter another one qfbsuchkgiveznments mas establishedrin onr eight six four as a second mexican empirqetze short lived monarchc led by macimilian of habsbtrg left its mark on the reconstouctionlof chapultepec cascle and othe'
                                             rc='eathe capital of one governuentjafter another one qf suchkgivernments mas established in onr eight six four as a second mexican empireetze short lived monarchc led by macimilian of habsbtrg left its mark on the reconstouctionlof chapultepec cascle and othe'
 0.30      0.300   0.1321   0.9066     0.7746   0.1274  gt='e the capital of one government after another one of such governments was established in one eight six four as a second mexican empire the short lived monarchy led by maximilian of habsburg left its mark on the reconstruction of chapultepec castle and othe'
                                             pt='e the cajitfu jfoone govbrxdent afwerhanothrh oneuox such goveroments mas estgblsshedqin one eighu six frcr asma second memicanremprre the scortalived mofarchy amd cy mawimilian of hmbsbupm lkft irs rark on tte rpconstruction of ch puxtekbc castte and otqe'
                                             rc='e the cajitau of one govbrxment after anothrr one of such governments mas established in one eight six frur as a second mexican empire the shortalived momarchy aed cy maximilian of hmbsbure lkft its rark on the rpconstruction of ch puxtekec castle and othe'
 0.50      0.500   0.2563   0.8367     0.5804   0.1262  gt='e the capital of one government after another one of such governments was established in one eight six four as a second mexican empire the short lived monarchy led by maximilian of habsburg left its mark on the reconstruction of chapultepec castle and othe'
                                             pt='k thezclphral of zni goyrrnmeltr ster anqtver oye ll sumhjxoyllnmeqts waszesyablizhxdtinrore eiphfhb xhbo k as nuiecxlp mixican ekpcrefthedshlrt libegrgoyar j glem bzemgximmfots omlquob urg yefobits ggry  n the aeconssrucupcfwof chbjultepec bavtlepand nthe'
                                             rc='e thezcaveral of one government after another one of such governments was established inrone eighf six four as a second mexican expire the short lived go arch tlem by manism its relovenburg yero its mark on the reconstrucuicnwof chmpulteves bavtle and othe'
 0.70      0.700   0.2526   0.5828     0.3302   0.1197  gt='e the capital of one government after another one of such governments was established in one eight six four as a second mexican empire the short lived monarchy led by maximilian of habsburg left its mark on the reconstruction of chapultepec castle and othe'
                                             pt='yvnhve vwieiopbfybtk g veggmvnovokirridvopher ongsewjhzcs boiebnmdnjlspus nkbablishm  oisoas sogtt umxysvul gzeoxswbony mzrhtad emamscdwnhysqdnqmix sd nplxzzhyppeufbxzkstiy lnap oo jauticqkmlnfi stkkmahdnflmirewdecjvsjryobiox qo lyxhwhtzpsz cvsmlpuanmihkpe'
                                             rc='y the avmitions tbat governmeed oever another one of such governments wus ektablishmd of one eight six sculiginal abony marican empise underqcrqmished anlazchypped by ksaim lnow oo lautbark left stormard ol the reconstruction of a how teanz casple and othe'
 1.00      1.000   0.0368   0.0742     0.0374   0.1202  gt='e the capital of one government after another one of such governments was established in one eight six four as a second mexican empire the short lived monarchy led by maximilian of habsburg left its mark on the reconstruction of chapultepec castle and othe'
                                             pt='xzhgiwfckvenlacbyuxvssucbdqycvkekwslozqjttamtpxbalnxzjmglinveoufiqcqzqylyaekohq  nxwovwjas ppag hfdaudmfbvddkxscibzadglfcblzbodgfdxnagmgetmukgfvevnooghtwqwmrvholpiqe ilctxwbcq jwosfyigepzegopzavjqpgrjajdtqjsrjbozivcthsqidqbiowujolkdkfgwdwtbjpqhnyhejwzabedf'
                                             rc='x roimen sell any dissucbard valie noment attexnalixy agringeonfine add aalong thas exemos that hf audse vddecs ibard lacks so moderatioe muggived soletwhw rvcolpace ie t wbth jurifyi e seitral after ajstribring thet sm debitity and fot was phow hesebace t'

Wrote runs/sflm_bench_a100_20g_L256_d1280L14_full/DirichletFM/recovery.json
