[iter-heal] ckpt=runs/sflm_bench_a100_20g_L256_d1280L14_full/DirichletFM/epoch_best.pt
[iter-heal] localizer=nll iters=5 split=test corrupt_rate=0.15 fpr=0.02 nfe=100
[iter-heal] splits: fit=256 cal=256 demo=32
[iter-heal] threshold=1.478  cal P/R/F1=0.831/0.750/0.788
  seed 0: acc 0.852 -> 0.906 | nll 0.735 -> 0.070
  seed 1: acc 0.850 -> 0.899 | nll 0.749 -> 0.066
  seed 2: acc 0.845 -> 0.903 | nll 0.779 -> 0.066

iter  acc_clean  mean_nll    fix    dmg  net/cor   drift  flagged
   0     0.8491    0.7544  0.000  0.000   +0.000  0.0000      nan
   1     0.9173    0.1457  0.590  0.025   +0.452  0.1346   0.1354
   2     0.9099    0.0922  0.629  0.040   +0.402  0.0226   0.0234
   3     0.9047    0.0744  0.631  0.047   +0.368  0.0077   0.0083
   4     0.9031    0.0694  0.631  0.049   +0.358  0.0022   0.0028
   5     0.9024    0.0674  0.631  0.050   +0.353  0.0009   0.0015

Wrote heal_out_best/heal_iterative_nll.json

--- example[0] drift (clean vs each iteration) ---
  clean : 'l clinton during a fundraising event in washington dc october one nine nine six monica samille lewinsky born july two three one nine seven three is an american woman who was thrust into the public limelight after having a sexual affair with u s president b'
  corrupt: 'l clinvon durjng u mkndraitice evvnt tn washbngton dc octobex one zire zine nix adnica samille luwinskh bornjjuby two threc one ninfasevxn threa isaan amorican womgn who wos thrust into the public lpmelight aftez haqing a sexual asfaix wiihrj s presidfnt b'
   iter 1: 'l clinton during a man raitice event in washington in october one nine nine six africa samille durinish born juby two three one nine seven three is an american woman who was thrist into the public lamelight after having a sexual as air with u s president b'  [41 flagged]
   iter 2: 'l clinton during aoman jaitice event in washington in october one nine nine six dfrica samille durinish born july two three one nine seven three is an american woman who was thrist into the public  amelight after having a sexual as air with u s president b'  [6 flagged]
   iter 3: 'l clinton during woman jaitice event in washington in october one nine nine six dfrica samille durinish born july two three one nine seven three is an american woman who was thrist into the publica amelight after having a sexual as air with u s president b'  [2 flagged]
   iter 4: 'l clinton during woman jaitice event in washington in october one nine nine six dfrica samille durinish born july two three one nine seven three is an american woman who was thrist into the publica amelight after having a sexual as air with u s president b'  [0 flagged]
   iter 5: 'l clinton during woman jaitice event in washington in october one nine nine six dfrica samille durinish born july two three one nine seven three is an american woman who was thrist into the publica amelight after having a sexual as air with u s president b'  [0 flagged]
