Warning: You are sending unauthenticated requests to the HF Hub. Please set a HF_TOKEN to enable higher rate limits and faster downloads.
[transformers] `torch_dtype` is deprecated! Use `dtype` instead!
[gpt2-se] ref_lm=gpt2 split=test K=27 eval=256 (slice [512:768])
[gpt2-se] false-info vocab: lengths 2-18
Loading weights:   0%|          | 0/148 [00:00<?, ?it/s]Loading weights: 100%|██████████| 148/148 [00:00<00:00, 3648.25it/s]
[gpt2-se] score=spilled char_attrib=boundary
[gpt2-se] clean per-char spilled mean = 0.9691  | clean per-BPE mean = 4.7537   (SE: expect ~0)

   scheme  rate  AUROC_seq_SE  AUROC_tok_SE  AUtok_BPE AUwrd_max AUwrd_men  tokP@5  tokR@5  tokF1@5
  replace  0.05        0.9932        0.6299     0.5462    0.7930    0.6326   0.140   0.146    0.143
  replace  0.10        0.9999        0.6182     0.5130    0.7571    0.5761   0.184   0.079    0.110
  replace  0.15        1.0000        0.6034     0.4800    0.7271    0.5237   0.214   0.054    0.086
  replace  0.20        1.0000        0.5865     0.4497    0.6667    0.4365   0.207   0.034    0.058
  replace  0.25        1.0000        0.5730     0.4429    0.6446    0.4000   0.244   0.032    0.056
  replace  0.30        1.0000        0.5548     0.4273    0.6090    0.3569   0.244   0.027    0.049
  replace  0.50        1.0000        0.5280     0.4416    0.5926    0.3032   0.432   0.038    0.069
  replace  0.70        1.0000        0.5213     0.4813    0.6954    0.3906   0.653   0.040    0.075
  replace  1.00        1.0000           nan        nan       nan       nan     nan     nan      nan
  shuffle  0.05        0.9852        0.6004     0.5539    0.7855    0.6361   0.108   0.132    0.119
  shuffle  0.10        0.9998        0.5857     0.5223    0.7619    0.5973   0.163   0.086    0.113
  shuffle  0.15        1.0000        0.5745     0.4929    0.7237    0.5422   0.187   0.056    0.086
  shuffle  0.20        1.0000        0.5687     0.4842    0.7025    0.5135   0.222   0.043    0.072
  shuffle  0.25        1.0000        0.5541     0.4723    0.6853    0.4839   0.237   0.032    0.057
  shuffle  0.30        1.0000        0.5470     0.4724    0.6654    0.4526   0.280   0.028    0.051
  shuffle  0.50        1.0000        0.5288     0.4986    0.6784    0.4709   0.428   0.021    0.041
  shuffle  0.70        1.0000        0.5180     0.5291    0.7310    0.5228   0.630   0.022    0.043
  shuffle  1.00        1.0000        0.5288     0.5379    0.7383    0.5337   0.929   0.023    0.045
     both  0.05        1.0000        0.6129     0.5185    0.7699    0.5939   0.186   0.094    0.125
     both  0.10        1.0000        0.5851     0.4786    0.7038    0.4875   0.222   0.042    0.071
     both  0.15        1.0000        0.5583     0.4565    0.6432    0.4135   0.251   0.028    0.050
     both  0.20        1.0000        0.5459     0.4475    0.6384    0.3921   0.296   0.025    0.047
     both  0.25        1.0000        0.5379     0.4688    0.6402    0.3914   0.391   0.030    0.055
     both  0.30        1.0000        0.5271     0.4718    0.6598    0.4107   0.434   0.030    0.056
     both  0.50        1.0000        0.5180     0.5103    0.6988    0.3824   0.696   0.041    0.078
     both  0.70        1.0000        0.5184     0.5447    0.7262    0.3715   0.853   0.043    0.081
     both  1.00        1.0000        0.5304     0.6112       nan       nan   0.959   0.030    0.058
falseinfo  0.05        0.6570        0.5477     0.6243    0.6906    0.6780   0.078   0.111    0.091
falseinfo  0.10        0.7710        0.5499     0.6213    0.6890    0.6723   0.153   0.105    0.124
falseinfo  0.15        0.8734        0.5500     0.6211    0.6896    0.6724   0.224   0.104    0.142
falseinfo  0.20        0.9095        0.5458     0.6133    0.6773    0.6601   0.289   0.097    0.145
falseinfo  0.25        0.9504        0.5426     0.5999    0.6635    0.6452   0.334   0.090    0.142
falseinfo  0.30        0.9660        0.5395     0.5981    0.6663    0.6417   0.400   0.090    0.147
falseinfo  0.50        0.9948        0.5412     0.5807    0.6404    0.6195   0.556   0.070    0.124
falseinfo  0.70        0.9990        0.5398     0.5673    0.6279    0.6020   0.699   0.062    0.114
falseinfo  1.00        1.0000        0.5526     0.5516    0.6447    0.6270   0.869   0.048    0.091

=== healing-style examples (BPE-token cells) ===
  [examples/bpe] flag thr=43.8123 @ fpr=0.05 (key=SE_t, unit=BPE token)
  --- clean #0 (BPE cells) ---
    flag :              *                                          
  --- replace30 #0 (BPE cells) ---
    truec:  ^ ^^ ^^^^  ^ ^ ^^^  ^^ ^^  ^^  ^   ^^  ^^^^^ ^^ ^ ^ ^^^ ^^^^ ^^
    flag :                                                                 
  --- falseinfo30 #0 (BPE cells) ---
    truec:  ^^  ^    ^     ^  ^^^   ^^ ^  ^              ^   ^^    
    flag :              *                                          

Wrote bench_ood/gpt2_se/gpt2_spilled_energy_sweep.json
