Warning: You are sending unauthenticated requests to the HF Hub. Please set a HF_TOKEN to enable higher rate limits and faster downloads.
[bayeslin] adversarial train mix: ['replace']
[bayeslin] d_model=1280 feat_dim=1280 t_eval=4.5 clean_tok=131072 corr_tok(label1)=65361 mix=replace
  step    0  E_valid=+0.033  E_corrupt=-0.001  gap=-0.034
  step  100  E_valid=+0.441  E_corrupt=+2.638  gap=+2.197
  step  200  E_valid=+0.450  E_corrupt=+2.759  gap=+2.309
  step  300  E_valid=+0.393  E_corrupt=+2.634  gap=+2.241
  step  400  E_valid=+0.401  E_corrupt=+2.662  gap=+2.261
  step  500  E_valid=+0.412  E_corrupt=+2.675  gap=+2.263
  step  599  E_valid=+0.403  E_corrupt=+2.704  gap=+2.302
[bayeslin] energy @ t_eval=4.5  variance @ var_t=7.5 (feat_dim_var=1280)
[blr] false-info vocab: lengths 2-18

   scheme  rate  AUROC_seq_E  AUROC_seq_Var  tokAUROC_E  tokAUROC_Var  tokP@5  tokR@5  tokF1@5
  replace  0.05       0.8445         0.8529      0.8795        0.8358   0.339   0.688    0.454
  replace  0.10       0.9745         0.9691      0.8799        0.8107   0.457   0.720    0.559
  replace  0.15       0.9958         0.9910      0.8743        0.7872   0.516   0.750    0.611
  replace  0.20       0.9998         0.9998      0.8741        0.7645   0.530   0.786    0.633
  replace  0.25       1.0000         0.9999      0.8662        0.7452   0.554   0.803    0.656
  replace  0.30       1.0000         1.0000      0.8608        0.7272   0.562   0.836    0.672
  replace  0.50       1.0000         1.0000      0.8205        0.6317   0.630   0.904    0.743
  replace  0.70       1.0000         1.0000      0.7699        0.5584   0.760   0.922    0.833
  replace  1.00       1.0000         1.0000         nan           nan     nan     nan      nan
  shuffle  0.05       0.7976         0.8149      0.7946        0.8040   0.233   0.478    0.313
  shuffle  0.10       0.9447         0.9510      0.7875        0.7688   0.339   0.515    0.409
  shuffle  0.15       0.9887         0.9901      0.7829        0.7380   0.387   0.554    0.455
  shuffle  0.20       0.9974         0.9992      0.7743        0.7178   0.426   0.598    0.498
  shuffle  0.25       0.9997         0.9998      0.7584        0.6959   0.451   0.620    0.522
  shuffle  0.30       1.0000         1.0000      0.7442        0.6685   0.472   0.659    0.550
  shuffle  0.50       1.0000         1.0000      0.6798        0.5985   0.561   0.745    0.640
  shuffle  0.70       1.0000         1.0000      0.6055        0.5516   0.688   0.772    0.727
  shuffle  1.00       1.0000         1.0000      0.5983        0.5088   0.931   0.774    0.845
     both  0.05       0.9545         0.9604      0.8454        0.7937   0.401   0.638    0.492
     both  0.10       0.9988         0.9981      0.8303        0.7505   0.482   0.689    0.567
     both  0.15       1.0000         0.9999      0.8146        0.7128   0.523   0.734    0.610
     both  0.20       1.0000         1.0000      0.8009        0.6826   0.543   0.792    0.645
     both  0.25       1.0000         1.0000      0.7815        0.6539   0.578   0.818    0.677
     both  0.30       1.0000         1.0000      0.7621        0.6309   0.610   0.839    0.706
     both  0.50       1.0000         1.0000      0.7094        0.5637   0.770   0.878    0.820
     both  0.70       1.0000         1.0000      0.7048        0.5338   0.897   0.891    0.894
     both  1.00       1.0000         1.0000      0.7309        0.4884   0.971   0.936    0.953
falseinfo  0.05       0.5498         0.5484      0.5232        0.6621   0.077   0.121    0.094
falseinfo  0.10       0.5844         0.5774      0.5114        0.6674   0.141   0.109    0.123
falseinfo  0.15       0.6348         0.6326      0.5222        0.6736   0.216   0.123    0.156
falseinfo  0.20       0.6804         0.6662      0.5119        0.6669   0.265   0.120    0.165
falseinfo  0.25       0.7272         0.7074      0.5151        0.6737   0.315   0.123    0.177
falseinfo  0.30       0.7638         0.7459      0.5141        0.6741   0.363   0.127    0.189
falseinfo  0.50       0.9048         0.8815      0.5105        0.6818   0.533   0.146    0.229
falseinfo  0.70       0.9472         0.9616      0.4923        0.7007   0.667   0.160    0.258
falseinfo  1.00       0.9910         0.9927      0.4522        0.7670   0.824   0.204    0.327

=== healing-style examples ===
  [examples] flag thr=0.9823 @ fpr=0.05 (key=E_t)
  --- clean #0 ---
    flag :                               *     *              **                                            *   *       *          
  --- replace30 #0 ---
    truec:  ^  ^ ^     ^^   ^ ^         ^       ^ ^ ^^      ^^   ^ ^      ^  ^^     ^       ^  ^     ^^  ^^^   ^^^  ^  ^      ^^^^ 
    flag : *****          * ***    **   **     ********  *  * **  ** *   **  **  *          *  *    ***  ** *   ** ***  **    *****
  --- falseinfo30 #0 ---
    truec:   ^^^^^^^          ^^^^^^^^^^^                     ^^                       ^^^        ^^ ^^^^   ^^ ^^^           ^^^   
    flag :         *                           *               *                                     *                  *    **    

Wrote bench_ood/blr/bayes_linear_sweep.json
