Warning: You are sending unauthenticated requests to the HF Hub. Please set a HF_TOKEN to enable higher rate limits and faster downloads.
=== Unconditional generation === SKIPPED (--skip-uncond)

=== Recovery from perturbation ===
  embed_norm_mean=12.2723  σ_source=0.1000
    α  σ_perturb        Δ  tok_acc tok_acc_pt    KL_bi  sample[0]: gt / pt / rc
 0.20      0.200   0.0004   0.8093     0.8089   0.5182  gt='e the capital of one government after another one of such governments was established in one eight six four as a second mexican empire the short lived monarchy led by maximilian of habsburg left its mark on the reconstruction of chapultepec castle and othe'
                                             pt='e the capitaj of one government afixr axofher qre ofnsuch lodersbentsgwab establ shed in one wiqht aix  our as a svcodd mexieanbeopgre the sbory lived menarchy led ay mrximiwian of habsbuxg lefxdits nawkqon the wecotddructioc of chapiltepec mjstle androthe'
                                             rc='e the capita  of one government afixr axofher  re ofnsuch lodersbentsgwab establ shed in one wi ht aix  our as a svcodd mexieanbeopgre the sbory lived menarchy led ay mrximiwian of habsbuxg lefxdits nawk on the wecotddructioc of chapiltepec m stle androthe'
 0.40      0.400   0.0046   0.6198     0.6152   1.1629  gt='e the capital of one government after another one of such governments was established in one eight six four as a second mexican empire the short lived monarchy led by maximilian of habsburg left its mark on the reconstruction of chapultepec castle and othe'
                                             pt='zbyhe h gidoynof onw geve imextsqitez qgwkher rnu af yurm wyvernfents has extmaliscfv iresbe titjt sct eourhas aqsucpndsmatican etrprejoneushort vivfzryjnarchy leb bq mnmgmwlien  fyhoboburqywrfe utshmarz on tme iecorsayuisioegof uhaxgynejec cdstqe kns othm'
                                             rc=' byhe h gidoynof onw geve ime ts ite   gwkher rnu af yurm wyvernfents has e tmaliscfv iresbe tit t sct eourhas a sucpndsmatican etrpre oneushort vivf ry narchy leb b  mnmgmwlien  fyhobobur ywrfe utshmar  on tme iecorsayuisioegof uha gyne ec cdst e kns othm'
 0.60      0.600   0.0125   0.4365     0.4241   1.8094  gt='e the capital of one government after another one of such governments was established in one eight six four as a second mexican empire the short lived monarchy led by maximilian of habsburg left its mark on the reconstruction of chapultepec castle and othe'
                                             pt='hoihe xueqttlwvf bnicxoaeunmenw xfvuo ino hbi fnjeigfsu h zoseonbhpns wac ekymblikcedacp oys vjehp sug foy tab amson nd bjhicac nmpebeitoe rh btgfrzeyhggnarshq uxlvpyhmypxmvycoh ox eaoy urj urftaeaoakark ewr yc rzpnzznircdorn utrnham xtozem crosyyuahdgogre'
                                             rc='hoihe  ue ttlwvf bnic oaeunmenw  fvuo ino hbi fn eigfsu h  oseonbhpns wac e ymbli cedacp oys v ehp sug foy tab amson nd b hicac nmpebeitoe rh btgfr eyhggnarsh  u l pyhmyp mvycoh o  eaoy ur  urftaeaoa ar  ewr yc r pn  nircdorn utrnham  to em crosyyuahdgogre'
 0.80      0.800   0.0335   0.2624     0.2289   7.3612  gt='e the capital of one government after another one of such governments was established in one eight six four as a second mexican empire the short lived monarchy led by maximilian of habsburg left its mark on the reconstruction of chapultepec castle and othe'
                                             pt='qgnhbkwwxizdk lnmozy iobcxmt ctutm qh fnonqirffcr kadpcxcjtrvfyqnentsbaay vsjnberthjdsigbzreneuhjxzmivmfoucvap ppmmkiqpnbepicpnijmg gu lhvknhaen gifeydmrnyuczgyixczjy wnbtrildefsrnfoabswnkrmvglpvpdgmmlrp th tpowrxxjkapoucnvvjxv ics p hkvaeweilstlpm nv otpw'
                                             rc='  nh     i d  ln o   io c mt ct tm  h  non ir  cr  ad c c tr    nents aa   s n erth dsi   rene h    i   o c a     m i  n e ic ni       lh  nhaen  i e d rn  c   i c     n trilde srn oa s n rm  l   d m lr  th t o r    a o cn      ics   h  ae eilstl   n  ot  '
 0.90      0.900   0.0635   0.1964     0.1329  13.2022  gt='e the capital of one government after another one of such governments was established in one eight six four as a second mexican empire the short lived monarchy led by maximilian of habsburg left its mark on the reconstruction of chapultepec castle and othe'
                                             pt='wjiwxdvoqzbapaalwm uhncizm cummtswmersbsqvsemndaefil sewjdgevytpmekvwmwzsfwsezimlzduruiespkejepvjmsfznnuth alzvanyegqorxmtrygsfweuuqrevdjwiuwuvgwkrc exekhuhsafecabapyvvjynm fahybwdhfpumjurimzssetzhzcgpvxtgiefhlpkktjtrtrmcjpmi dehbtqioroiglbyfngwnkykjgpvteo'
                                             rc='  i    o   a aa      n i       ts  ers s  se n ae i  se    e  t  e      s  se i     r ies  e e    s  nn th a   an e  or  tr  s  e   re    i       r  e e    sa e a a      n   a            ri  sset h      t ie      t trtr     i  e  t ioroi     n  n       teo'

Wrote runs/sflm_bench_a100_20g_L256/DFM/recovery_grid.json
