Warning: You are sending unauthenticated requests to the HF Hub. Please set a HF_TOKEN to enable higher rate limits and faster downloads.
=== Score reference (clean encoded val) ===
  energy:    mean=nan  std=nan
  grad_norm: mean=803.163  std=36.419
  curvature: mean=nan  std=nan
=== Unconditional generation ===
  KL_uni=0.2851  KL_bi=3.6370  KL_tri=11.1077  H_gen=3.2395
  sample[0]: ' gt xsddh thmauv  bgnopoh xpadjunbformpt'
  sample[1]: ' gwwv uro bomrwvceegbveiyoukcbjvnveregrn'
  energy:    mean=nan  std=nan
  grad_norm: mean=3220.970  std=84.303
  curvature: mean=nan  std=nan

=== Recovery from perturbation ===
  embed_norm_mean=12.2723  σ_source=0.1000
    α  σ_perturb        Δ  tok_acc tok_acc_pt    KL_bi  sample[0]: gt / pt / rc
 0.05      0.614   0.0000   1.0000     1.0000   0.1098  gt='e the capital of one government after an'
                                             pt='e the capital of one government after an'
                                             rc='e the capital of one government after an'
 0.10      1.227   0.0000   1.0000     1.0000   0.1098  gt='e the capital of one government after an'
                                             pt='e the capital of one government after an'
                                             rc='e the capital of one government after an'
 0.20      2.454  -0.0448   0.9517     0.9965   0.2312  gt='e the capital of one government after an'
                                             pt='e the capital of one government after an'
                                             rc='e the capital of one government after an'
 0.30      3.682  -0.2567   0.6405     0.8973   1.1027  gt='e the capital of one government after an'
                                             pt='e the cajitpu of one govbrxment afqer an'
                                             rc='aatme ca  tac yfooni goidonleupcafnebhan'
 0.40      4.909  -0.2659   0.4308     0.6967   1.8178  gt='e the capital of one government after an'
                                             pt='e thewfacilalcofgpne goverxment zxter an'
                                             rc='e tieaxadilat mn dod sovtrnoent z tee fn'
 0.50      6.136  -0.1578   0.3704     0.5282   2.0614  gt='e the capital of one government after an'
                                             pt='k thezclphral of zni goyrrnmeltr ster an'
                                             rc='hmcheocnpbizl of oya ncmrrnmeats hter an'
 1.00     12.272  -0.0426   0.1580     0.2006   3.3678  gt='e the capital of one government after an'
                                             pt='x rhihfckmtal cbyuxvsgecbdqecnteafteozmj'
                                             rc='s rdihfj mteh yn udisgelbdsetltfifnlxfmo'

Wrote runs/dsmx_clr_det/recovery.json
