Warning: You are sending unauthenticated requests to the HF Hub. Please set a HF_TOKEN to enable higher rate limits and faster downloads.
=== Unconditional generation ===
  KL_uni=0.0126  KL_bi=0.6732  KL_tri=3.6642  H_gen=2.9063
  sample[0]: 'bltreatk uowmhao s sitxth eran co hecwii'
  sample[1]: ' sengcaro es ongc meaciin ct imh serenal'

=== Recovery from perturbation ===
  embed_norm_mean=12.2723  σ_source=0.1000
    α  σ_perturb        Δ  tok_acc tok_acc_pt    KL_bi  sample[0]: gt / pt / rc
 0.10      0.100   0.0213   0.9095     0.8882   0.4151  gt='e the capital of one government after an'
                                             pt='eathe fapital of one governuentjafter an'
                                             rc='eathe capital of one governuentjafter an'
 0.30      0.300   0.0794   0.8525     0.7731   0.4702  gt='e the capital of one government after an'
                                             pt='e the cajitfu jfoone govbrxdent afwerhan'
                                             rc='e the calitbu of one govbrxdent af er an'
 0.50      0.500   0.1448   0.7233     0.5785   0.4967  gt='e the capital of one government after an'
                                             pt='k thezclphral of zni goyrrnmeltr ster an'
                                             rc='e thezclperal of one goyrrnmeltr ster an'
 0.70      0.700   0.1521   0.4886     0.3364   0.5534  gt='e the capital of one government after an'
                                             pt='yvnhve vwieiopbfybtk g veggmvnovokirridv'
                                             rc='y thee vwitio b aber a veg iend oeieride'
 1.00      1.000   0.0360   0.0742     0.0382   0.6062  gt='e the capital of one government after an'
                                             pt='xzhgiwfckvenlacbyuxvssucbdqycvkekwslozqj'
                                             rc='e roilec senl anyedissucbaed a eiesloilo'

Wrote runs/sflm_bench_local/DirichletFM/recovery.json
