Warning: You are sending unauthenticated requests to the HF Hub. Please set a HF_TOKEN to enable higher rate limits and faster downloads.
=== Unconditional generation ===
  KL_uni=0.6635  KL_bi=6.1648  KL_tri=13.5520  H_gen=3.2948
  sample[0]: ' ltvxbfkhulwwhuob fxnkpahshpadscouaecwci'
  sample[1]: ' gsnggarojzcojngfyjeaviiyvctzvfvwserxvjb'

=== Recovery from perturbation ===
  embed_norm_mean=12.2723  σ_source=0.1000
    α  σ_perturb        Δ  tok_acc tok_acc_pt    KL_bi  sample[0]: gt / pt / rc
 0.10      1.227   0.0000   1.0000     1.0000   0.1098  gt='e the capital of one government after an'
                                             pt='e the capital of one government after an'
                                             rc='e the capital of one government after an'
 0.30      3.682   0.0031   0.8964     0.8933   0.5335  gt='e the capital of one government after an'
                                             pt='e the cajitpu of one govbrxment afqer an'
                                             rc='e the cajitpu of one govbrxment afqer an'
 0.50      6.136   0.0034   0.5264     0.5229   2.6362  gt='e the capital of one government after an'
                                             pt='k thezclphral of zni goyrrnmeltr ster an'
                                             rc='k thezclphral of zni goyrrnmeltr ster an'
 0.70      8.591   0.0000   0.3228     0.3228   4.0223  gt='e the capital of one government after an'
                                             pt='yvnhve vwitiorbfybtk gwveggmvnovokirrihv'
                                             rc='yvnhve vwitiorbfybtk gwveggmvnovokirrihv'
 1.00     12.272   0.0002   0.1873     0.1871   4.7103  gt='e the capital of one government after an'
                                             pt='x rhihfckmtal cbyuxvsgecbdqecnteafteozmj'
                                             rc='x rhihfckmtal cbyuxvsgecbdqecnteafteozmj'

Wrote runs/sflm_bench_local/EqM/recovery.json
