Warning: You are sending unauthenticated requests to the HF Hub. Please set a HF_TOKEN to enable higher rate limits and faster downloads.
=== Unconditional generation ===
  KL_uni=0.0769  KL_bi=1.2759  KL_tri=4.7638  H_gen=2.6087
  sample[0]: 'pbinasong ngeney  enom  snan  ipt sifwip'
  sample[1]: 't n s elnufn  itkniuvoas es s on ete ind'

=== Recovery from perturbation ===
  embed_norm_mean=1.0000  σ_source=0.1000
    α  σ_perturb        Δ  tok_acc tok_acc_pt    KL_bi  sample[0]: gt / pt / rc
 0.10      0.100   0.0003   0.9998     0.9995   0.1061  gt='e the capital of one government after an'
                                             pt='e the capital of one government after an'
                                             rc='e the capital of one government after an'
 0.30      0.300   0.0738   0.8768     0.8029   0.2316  gt='e the capital of one government after an'
                                             pt='elyhe capitvl of ono govezqment after en'
                                             rc='e the capital on one goveinment after an'
 0.50      0.500   0.0902   0.5813     0.4911   0.7615  gt='e the capital of one government after an'
                                             pt='suqjo dxditauxos onglglveollekd aptcrleq'
                                             rc='e e o d  itaupos ont g neoilend anterlen'
 0.70      0.700   0.0854   0.4001     0.3146   1.0218  gt='e the capital of one government after an'
                                             pt='e thn cebomj qif lnywdowervmekl bfqe  ay'
                                             rc='e ton cesima wif ony towernminn tfee  ae'
 1.00      1.000   0.0768   0.2832     0.2064   1.1819  gt='e the capital of one government after an'
                                             pt='ejj  gur psrbjvddv hyjoaetapenjwwfuetgmk'
                                             rc='e iy ere is b nt v e ionetanend tdtethin'

Wrote runs/sflm_bench_local/SFLM/recovery.json
