Warning: You are sending unauthenticated requests to the HF Hub. Please set a HF_TOKEN to enable higher rate limits and faster downloads.
[bayeslin] adversarial train mix: [('replace', 65361)]  (scheme, #corrupt tokens)
[bayeslin] d_model=1280 feat_dim=1280 t_eval=4.5 clean_tok=131072 corr_tok(label1)=65361 mix=replace
  step    0  E_valid=-0.020  E_corrupt=-0.169  gap=-0.149
  step  100  E_valid=+0.421  E_corrupt=+2.629  gap=+2.209
  step  200  E_valid=+0.448  E_corrupt=+2.797  gap=+2.349
  step  300  E_valid=+0.394  E_corrupt=+2.656  gap=+2.262
  step  400  E_valid=+0.381  E_corrupt=+2.598  gap=+2.217
  step  500  E_valid=+0.432  E_corrupt=+2.802  gap=+2.370
  step  599  E_valid=+0.401  E_corrupt=+2.706  gap=+2.306
[bayeslin] energy @ t_eval=4.5  variance @ var_t=7.5 (feat_dim_var=1280)
[blr] false-info vocab: lengths 2-18

   scheme  rate  AUROC_seq_E  AUROC_seq_Var  tokAUROC_E  tokAUROC_Var  tokP@5  tokR@5  tokF1@5
  replace  0.05       0.8452         0.9177      0.8933        0.8646   0.348   0.728    0.471
  replace  0.10       0.9719         0.9849      0.8935        0.8312   0.451   0.766    0.567
  replace  0.15       0.9935         0.9963      0.8894        0.8022   0.494   0.789    0.608
  replace  0.20       0.9998         0.9995      0.8875        0.7689   0.517   0.826    0.636
  replace  0.25       1.0000         0.9999      0.8796        0.7375   0.538   0.844    0.657
  replace  0.30       1.0000         1.0000      0.8719        0.6978   0.542   0.875    0.670
  replace  0.50       1.0000         1.0000      0.8219        0.5560   0.610   0.929    0.736
  replace  0.70       1.0000         1.0000      0.7710        0.4935   0.752   0.940    0.836
  replace  1.00       1.0000         1.0000         nan           nan     nan     nan      nan
  shuffle  0.05       0.7895         0.8797      0.8260        0.8308   0.256   0.538    0.347
  shuffle  0.10       0.9386         0.9749      0.8136        0.7914   0.358   0.575    0.441
  shuffle  0.15       0.9861         0.9932      0.8062        0.7565   0.405   0.620    0.490
  shuffle  0.20       0.9966         0.9982      0.7966        0.7290   0.437   0.663    0.527
  shuffle  0.25       0.9997         0.9994      0.7804        0.7018   0.456   0.687    0.548
  shuffle  0.30       1.0000         0.9999      0.7605        0.6708   0.471   0.713    0.568
  shuffle  0.50       1.0000         1.0000      0.6821        0.5904   0.553   0.791    0.651
  shuffle  0.70       1.0000         1.0000      0.6055        0.5388   0.681   0.817    0.743
  shuffle  1.00       1.0000         1.0000      0.5964        0.4922   0.930   0.815    0.869
     both  0.05       0.9455         0.9797      0.8654        0.8176   0.411   0.692    0.516
     both  0.10       0.9982         0.9985      0.8490        0.7616   0.483   0.748    0.587
     both  0.15       1.0000         0.9999      0.8285        0.7095   0.512   0.784    0.620
     both  0.20       1.0000         1.0000      0.8112        0.6642   0.528   0.837    0.648
     both  0.25       1.0000         1.0000      0.7866        0.6251   0.562   0.856    0.678
     both  0.30       1.0000         1.0000      0.7649        0.5892   0.595   0.877    0.709
     both  0.50       1.0000         1.0000      0.7093        0.5183   0.762   0.900    0.825
     both  0.70       1.0000         1.0000      0.7071        0.4890   0.894   0.909    0.901
     both  1.00       1.0000         1.0000      0.7361        0.4758   0.970   0.953    0.961
falseinfo  0.05       0.5502         0.5718      0.5262        0.6953   0.093   0.145    0.113
falseinfo  0.10       0.5805         0.6133      0.5269        0.6956   0.167   0.134    0.149
falseinfo  0.15       0.6184         0.6920      0.5292        0.7046   0.260   0.151    0.191
falseinfo  0.20       0.6753         0.7355      0.5271        0.6943   0.312   0.145    0.198
falseinfo  0.25       0.7230         0.7923      0.5349        0.6966   0.368   0.155    0.218
falseinfo  0.30       0.7457         0.8271      0.5311        0.6969   0.425   0.155    0.227
falseinfo  0.50       0.8850         0.9401      0.5397        0.7009   0.593   0.173    0.268
falseinfo  0.70       0.9315         0.9763      0.5401        0.7112   0.716   0.188    0.298
falseinfo  1.00       0.9824         0.9889      0.5409        0.7592   0.861   0.225    0.356

=== healing-style examples ===
  [examples] flag thr=0.7898 @ fpr=0.05 (key=E_t)
  --- clean #0 ---
    flag :                         *                  *       **                                            *   *       *          
  --- replace30 #0 ---
    truec:  ^  ^ ^     ^^   ^ ^         ^       ^ ^ ^^      ^^   ^ ^      ^  ^^     ^       ^  ^     ^^  ^^^   ^^^  ^  ^      ^^^^ 
    flag : ***** **  *    * * *   ***   *       * *****  **** **  **     **   **    *      *** ** * **** ** *   ** *** ****  ******
  --- falseinfo30 #0 ---
    truec:   ^^^^^^^          ^^^^^^^^^^^                     ^^                       ^^^        ^^ ^^^^   ^^ ^^^           ^^^   
    flag :         *             *  *               * *  *     *                                  * **       *          *  ****    

Wrote bench_ood_final/blr/bayes_linear_sweep.json
