[iter-heal] ckpt=runs/sflm_bench_a100_20g_L256_d1280L14_full/DirichletFM/epoch_final.pt
[iter-heal] localizer=nll iters=5 split=test corrupt_rate=0.15 fpr=0.02 nfe=100
Warning: You are sending unauthenticated requests to the HF Hub. Please set a HF_TOKEN to enable higher rate limits and faster downloads.
[iter-heal] splits: fit=256 cal=256 demo=32
[iter-heal] threshold=1.300  cal P/R/F1=0.811/0.712/0.758
  seed 0: acc 0.852 -> 0.897 | nll 0.620 -> 0.074
  seed 1: acc 0.850 -> 0.895 | nll 0.632 -> 0.077
  seed 2: acc 0.845 -> 0.895 | nll 0.642 -> 0.076

iter  acc_clean  mean_nll    fix    dmg  net/cor   drift  flagged
   0     0.8491    0.6313  0.000  0.000   +0.000  0.0000      nan
   1     0.9071    0.1448  0.530  0.026   +0.384  0.1290   0.1300
   2     0.9004    0.0901  0.567  0.040   +0.340  0.0225   0.0227
   3     0.8974    0.0791  0.572  0.045   +0.320  0.0060   0.0062
   4     0.8960    0.0762  0.572  0.046   +0.311  0.0019   0.0022
   5     0.8957    0.0759  0.572  0.047   +0.308  0.0004   0.0007

Wrote heal_out/heal_iterative_nll.json

--- example[0] drift (clean vs each iteration) ---
  clean : 'l clinton during a fundraising event in washington dc october one nine nine six monica samille lewinsky born july two three one nine seven three is an american woman who was thrust into the public limelight after having a sexual affair with u s president b'
  corrupt: 'l clinvon durjng u mkndraitice evvnt tn washbngton dc octobex one zire zine nix adnica samille luwinskh bornjjuby two threc one ninfasevxn threa isaan amorican womgn who wos thrust into the public lpmelight aftez haqing a sexual asfaix wiihrj s presidfnt b'
   iter 1: 'l clinton during a mandraitice event tn washington an octobee one zine nine six africa samille luring h born juby two three one nine seven three isaan american woman who was thrust into the public lamelight after having a sexual as aix with u s president b'  [34 flagged]
   iter 2: 'l clinton during a mandractice event tn washington an octobee one nine nine six africa samille during a born duby two three one nine seven three isaan american woman who was thrust into the public  ameright after having a sexual as six with u s president b'  [8 flagged]
   iter 3: 'l clinton during a mandractice event tn washington an octobee one nine nine six africa samille during a born duby two three one nine seven three isaan american woman who was thrust into the publica ameright after having a sexual as six with u s president b'  [1 flagged]
   iter 4: 'l clinton during a mandractice event tn washington an octobee one nine nine six africa samille during a born duby two three one nine seven three isaan american woman who was thrust into the publica ameright after having a sexual as six with u s president b'  [0 flagged]
   iter 5: 'l clinton during a mandractice event tn washington an octobee one nine nine six africa samille during a born duby two three one nine seven three isaan american woman who was thrust into the publica ameright after having a sexual as six with u s president b'  [0 flagged]
