Warning: You are sending unauthenticated requests to the HF Hub. Please set a HF_TOKEN to enable higher rate limits and faster downloads.
=== Unconditional generation ===
  KL_uni=0.0245  KL_bi=1.4942  KL_tri=6.8624  H_gen=2.8112
  sample[0]: ' ltreatkh ltmhalb  sntpaesepan  o aelfii'
  sample[1]: ' ssngcaro ec onlc neaaiie ct if  sene al'

=== Recovery from perturbation ===
  embed_norm_mean=12.2723  σ_source=0.1000
    α  σ_perturb        Δ  tok_acc tok_acc_pt    KL_bi  sample[0]: gt / pt / rc
 0.05      0.614   0.0000   1.0000     1.0000   0.1098  gt='e the capital of one government after an'
                                             pt='e the capital of one government after an'
                                             rc='e the capital of one government after an'
 0.10      1.227   0.0000   1.0000     1.0000   0.1098  gt='e the capital of one government after an'
                                             pt='e the capital of one government after an'
                                             rc='e the capital of one government after an'
 0.20      2.454  -0.0006   0.9959     0.9965   0.1318  gt='e the capital of one government after an'
                                             pt='e the capital of one government after an'
                                             rc='e the capital of one government after an'
 0.30      3.682   0.0000   0.8973     0.8973   0.5431  gt='e the capital of one government after an'
                                             pt='e the cajitpu of one govbrxment afqer an'
                                             rc='e the cajitpu of one govbrxment afqer an'
 0.40      4.909   0.0000   0.6967     0.6967   1.6507  gt='e the capital of one government after an'
                                             pt='e thewfacilalcofgpne goverxment zxter an'
                                             rc='e thewfacilalcofgpne goverxment zxter an'
 0.50      6.136   0.0000   0.5282     0.5282   2.7132  gt='e the capital of one government after an'
                                             pt='k thezclphral of zni goyrrnmeltr ster an'
                                             rc='k thezclphral of zni goyrrnmeltr ster an'
 1.00     12.272   0.0000   0.2006     0.2006   4.9147  gt='e the capital of one government after an'
                                             pt='x rhihfckmtal cbyuxvsgecbdqecnteafteozmj'
                                             rc='x rhihfckmtal cbyuxvsgecbdqecnteafteozmj'

Wrote runs/compu_hilbert_det/recovery.json
