Warning: You are sending unauthenticated requests to the HF Hub. Please set a HF_TOKEN to enable higher rate limits and faster downloads.
[transformers] `torch_dtype` is deprecated! Use `dtype` instead!
[gpt2-se] ref_lm=gpt2 split=test K=27 eval=256 (slice [512:768])
[gpt2-se] false-info vocab: lengths 2-18
Loading weights:   0%|          | 0/148 [00:00<?, ?it/s]Loading weights: 100%|██████████| 148/148 [00:00<00:00, 21375.19it/s]
[gpt2-se] score=nll char_attrib=boundary
[gpt2-se] clean per-char nll mean = 1.1199  | clean per-BPE mean = 5.4932   (NLL: expect >0)

   scheme  rate  AUROC_seq_SE  AUROC_tok_SE  AUtok_BPE AUwrd_max AUwrd_men  tokP@5  tokR@5  tokF1@5
  replace  0.05        0.9936        0.7202     0.6964    0.8359    0.7331   0.152   0.292    0.200
  replace  0.10        1.0000        0.6827     0.6043    0.7762    0.6567   0.183   0.220    0.200
  replace  0.15        1.0000        0.6562     0.5570    0.7384    0.5964   0.212   0.194    0.203
  replace  0.20        1.0000        0.6379     0.5258    0.7161    0.5580   0.254   0.184    0.213
  replace  0.25        1.0000        0.6223     0.5145    0.7092    0.5341   0.289   0.171    0.215
  replace  0.30        1.0000        0.6096     0.5020    0.7009    0.4975   0.330   0.167    0.222
  replace  0.50        1.0000        0.5783     0.5137    0.7324    0.4290   0.502   0.142    0.222
  replace  0.70        1.0000        0.5612     0.5487    0.7562    0.3974   0.685   0.120    0.205
  replace  1.00        1.0000           nan        nan       nan       nan     nan     nan      nan
  shuffle  0.05        0.9855        0.6594     0.6987    0.8275    0.7318   0.109   0.229    0.148
  shuffle  0.10        1.0000        0.6277     0.6283    0.7753    0.6648   0.151   0.194    0.170
  shuffle  0.15        1.0000        0.6071     0.5809    0.7462    0.6228   0.178   0.172    0.175
  shuffle  0.20        1.0000        0.5930     0.5604    0.7222    0.5982   0.221   0.171    0.193
  shuffle  0.25        1.0000        0.5754     0.5485    0.7243    0.5914   0.250   0.159    0.194
  shuffle  0.30        1.0000        0.5676     0.5480    0.7187    0.5884   0.299   0.162    0.210
  shuffle  0.50        1.0000        0.5414     0.5782    0.7529    0.6205   0.469   0.153    0.231
  shuffle  0.70        1.0000        0.5301     0.6408    0.8052    0.6907   0.663   0.150    0.245
  shuffle  1.00        1.0000        0.5512     0.7533    0.8013    0.7139   0.942   0.146    0.253
     both  0.05        0.9999        0.6641     0.6290    0.7827    0.6673   0.171   0.222    0.193
     both  0.10        1.0000        0.6224     0.5586    0.7244    0.5820   0.228   0.178    0.200
     both  0.15        1.0000        0.5973     0.5343    0.7095    0.5500   0.299   0.169    0.216
     both  0.20        1.0000        0.5794     0.5332    0.7244    0.5427   0.364   0.160    0.222
     both  0.25        1.0000        0.5741     0.5449    0.7291    0.5322   0.444   0.161    0.236
     both  0.30        1.0000        0.5637     0.5634    0.7460    0.5366   0.509   0.157    0.239
     both  0.50        1.0000        0.5517     0.6166    0.8068    0.5521   0.731   0.135    0.228
     both  0.70        1.0000        0.5461     0.6387    0.8064    0.4177   0.873   0.117    0.207
     both  1.00        1.0000        0.5509     0.6546       nan       nan   0.959   0.091    0.165
falseinfo  0.05        0.6769        0.5520     0.7977    0.8845    0.8703   0.118   0.193    0.147
falseinfo  0.10        0.7971        0.5524     0.7806    0.8708    0.8527   0.212   0.188    0.199
falseinfo  0.15        0.8934        0.5551     0.7678    0.8525    0.8380   0.285   0.190    0.228
falseinfo  0.20        0.9283        0.5494     0.7440    0.8342    0.8164   0.338   0.178    0.233
falseinfo  0.25        0.9567        0.5492     0.7357    0.8234    0.8060   0.389   0.179    0.245
falseinfo  0.30        0.9725        0.5487     0.7147    0.8025    0.7837   0.425   0.173    0.246
falseinfo  0.50        0.9959        0.5504     0.6671    0.7480    0.7286   0.568   0.167    0.258
falseinfo  0.70        0.9995        0.5544     0.6171    0.6982    0.6777   0.690   0.162    0.263
falseinfo  1.00        1.0000        0.5764     0.6743    0.7649    0.7512   0.881   0.159    0.269

=== healing-style examples (BPE-token cells) ===
  [examples/bpe] flag thr=11.5435 @ fpr=0.05 (key=SE_t, unit=BPE token)
  --- clean #0 (BPE cells) ---
    flag :         *                                               
  --- replace30 #0 (BPE cells) ---
    truec:  ^ ^^ ^^^^  ^ ^ ^^^  ^^ ^^  ^^  ^   ^^  ^^^^^ ^^ ^ ^ ^^^ ^^^^ ^^
    flag :     *    **                                                *    
  --- falseinfo30 #0 (BPE cells) ---
    truec:  ^^  ^    ^     ^  ^^^   ^^ ^  ^              ^   ^^    
    flag :  *   *  *  *              *                   *         

Wrote bench_ood_final/gpt2_nll/gpt2_nll_sweep.json
