=== Score reference (clean encoded val) ===
  energy:    mean=nan  std=nan
  grad_norm: mean=161.747  std=8.179
  curvature: mean=nan  std=nan
=== Unconditional generation ===
  KL_uni=0.6071  KL_bi=5.5838  KL_tri=13.0545  H_gen=3.2943
  sample[0]: ' gtvxbdkhulwwhuob fxnkpah xpadjcouhecwih'
  sample[1]: ' gsnvgarojbcmjwgcyjeaviiyvctzvfvwserevrb'
  energy:    mean=nan  std=nan
  grad_norm: mean=924.940  std=25.915
  curvature: mean=nan  std=nan

=== Recovery from perturbation ===
  embed_norm_mean=12.2723  σ_source=0.1000
    α  σ_perturb    KL_bi  tok_acc  sample[0]: gt / pt / rc
 0.05      0.614   0.1098   1.0000  gt='e the capital of one government after an'
                                  pt='e the capital of one government after an'  (pt_acc=1.000)
                                  rc='e the capital of one government after an'
 0.10      1.227   0.1098   1.0000  gt='e the capital of one government after an'
                                  pt='e the capital of one government after an'  (pt_acc=1.000)
                                  rc='e the capital of one government after an'
 0.20      2.454   0.1324   0.9951  gt='e the capital of one government after an'
                                  pt='e the capital of one government after an'  (pt_acc=0.996)
                                  rc='e the capital of one government after an'
 0.30      3.682   0.5671   0.8817  gt='e the capital of one government after an'
                                  pt='e the cajitpu of one govbrxment afqer an'  (pt_acc=0.897)
                                  rc='e the calitpu of one govdrnxent afqerhan'
 0.40      4.909   1.6917   0.6839  gt='e the capital of one government after an'
                                  pt='e thewfacilalcofgpne goverxment zxter an'  (pt_acc=0.697)
                                  rc='e thewxacilalcmfgpnm goverxment zxter an'
 0.50      6.136   2.7000   0.5124  gt='e the capital of one government after an'
                                  pt='k thezclphral of zni goyrrnmeltr ster an'  (pt_acc=0.528)
                                  rc='m theoclplral of ony gcyrrnmeljr hter an'
 1.00     12.272   4.8767   0.1999  gt='e the capital of one government after an'
                                  pt='x rhihfckmtal cbyuxvsgecbdqecnteafteozmj'  (pt_acc=0.201)
                                  rc='x rhihfc mtal ynyuxesgecbdqecntekfterfmj'

Wrote runs/dsm_clr_ablation/dsm_clr_det/recovery.json
