[sampler override] {'sampler': 'nag'}
=== Unconditional generation ===
  KL_uni=0.0317  KL_bi=1.1402  KL_tri=5.2166  H_gen=2.6816
  sample[0]: ' lt estth llwh an  snnpae epan  o heltii'
  sample[1]: ' ssnhcaro es onnc neaanie ct ifh sene ib'

=== Recovery from perturbation ===
  embed_norm_mean=12.2723  σ_source=0.1000
    α  σ_perturb    KL_bi  tok_acc  sample[0]: gt / pt / rc
 0.05      0.614   0.1098   1.0000  gt='e the capital of one government after an'
                                  pt='e the capital of one government after an'  (pt_acc=1.000)
                                  rc='e the capital of one government after an'
 0.10      1.227   0.1098   1.0000  gt='e the capital of one government after an'
                                  pt='e the capital of one government after an'  (pt_acc=1.000)
                                  rc='e the capital of one government after an'
 0.20      2.454   0.2772   0.9775  gt='e the capital of one government after an'
                                  pt='e the capital of one government after an'  (pt_acc=0.996)
                                  rc='e the capital of mne xovernment after an'
 0.30      3.682   3.1097   0.6901  gt='e the capital of one government after an'
                                  pt='e the cajitpu of one govbrxment afqer an'  (pt_acc=0.897)
                                  rc='ektheqcalitpuwofkonebgovbrxmenzqafqerhan'
 0.40      4.909   3.8539   0.5187  gt='e the capital of one government after an'
                                  pt='e thewfacilalcofgpne goverxment zxter an'  (pt_acc=0.697)
                                  rc='egthewcacilalcmfgpnmqguverxmekkwzxteruan'
 0.50      6.136   4.5585   0.3751  gt='e the capital of one government after an'
                                  pt='k thezclphral of zni goyrrnmeltr ster an'  (pt_acc=0.528)
                                  rc='kxthbzclphkalkofvznkkgoyrrnmxlurahtyrjad'
 1.00     12.272   4.9147   0.2006  gt='e the capital of one government after an'
                                  pt='x rhihfckmtal cbyuxvsgecbdqecnteafteozmj'  (pt_acc=0.201)
                                  rc='x rhihfckmtal cbyuxvsgecbdqecnteafteozmj'

Wrote runs/eqm_sparsemax_bigram/recovery_nag.json
