### [2026-09-02_22:06:32] logreg_fi  --train-schemes falseinfo --t-eval 4.5
Warning: You are sending unauthenticated requests to the HF Hub. Please set a HF_TOKEN to enable higher rate limits and faster downloads.
[bayeslin] adversarial train mix: [('falseinfo', 48204)]  (scheme, #corrupt tokens)
[bayeslin] d_model=1280 feat_dim=1280 t_eval=4.5 clean_tok=131072 corr_tok(label1)=48204 mix=falseinfo
[bayeslin] LOGISTIC head fit on 108204 tok (C=1.0); energy = LR decision function
[bayeslin] energy @ t_eval=4.5  variance @ var_t=7.5 (feat_dim_var=1280)
[blr] false-info vocab: lengths 2-18

   scheme  rate  AUROC_seq_E  AUROC_seq_Var  tokAUROC_E  tokAUROC_Var  tokP@5  tokR@5  tokF1@5
  replace  0.05       0.7553         0.9177      0.6760        0.8646   0.108   0.293    0.157
  replace  0.10       0.9175         0.9849      0.6757        0.8312   0.165   0.527    0.251
  replace  0.15       0.9729         0.9963      0.6718        0.8022   0.203   0.721    0.317
  replace  0.20       0.9969         0.9995      0.6579        0.7689   0.245   0.876    0.383
  replace  0.25       0.9996         0.9999      0.6422        0.7375   0.289   0.938    0.442
  replace  0.30       1.0000         1.0000      0.6247        0.6978   0.337   0.970    0.500
  replace  0.50       1.0000         1.0000      0.5702        0.5560   0.510   0.989    0.673
  replace  0.70       1.0000         1.0000      0.5558        0.4935   0.701   0.995    0.823
  replace  1.00       1.0000         1.0000         nan           nan     nan     nan      nan
  shuffle  0.05       0.7358         0.8797      0.6285        0.8308   0.078   0.222    0.116
  shuffle  0.10       0.8940         0.9749      0.6211        0.7914   0.135   0.389    0.201
  shuffle  0.15       0.9657         0.9932      0.6103        0.7565   0.171   0.579    0.264
  shuffle  0.20       0.9924         0.9982      0.6031        0.7290   0.210   0.733    0.327
  shuffle  0.25       0.9984         0.9994      0.5925        0.7018   0.251   0.806    0.383
  shuffle  0.30       0.9999         0.9999      0.5735        0.6708   0.295   0.859    0.439
  shuffle  0.50       1.0000         1.0000      0.5332        0.5904   0.473   0.908    0.622
  shuffle  0.70       1.0000         1.0000      0.5285        0.5388   0.653   0.913    0.761
  shuffle  1.00       1.0000         1.0000      0.6058        0.4922   0.932   0.915    0.923
falseinfo  0.05       0.5823         0.5718      0.7207        0.6953   0.091   0.175    0.120
falseinfo  0.10       0.6487         0.6133      0.7287        0.6956   0.182   0.199    0.190
falseinfo  0.15       0.7274         0.6920      0.7397        0.7046   0.258   0.267    0.262
falseinfo  0.20       0.7812         0.7355      0.7325        0.6943   0.304   0.277    0.290
falseinfo  0.25       0.8369         0.7923      0.7376        0.6966   0.368   0.354    0.361
falseinfo  0.30       0.8796         0.8271      0.7405        0.6969   0.407   0.398    0.403
falseinfo  0.50       0.9691         0.9401      0.7614        0.7009   0.550   0.675    0.606
falseinfo  0.70       0.9942         0.9763      0.7818        0.7112   0.685   0.854    0.760
falseinfo  1.00       1.0000         0.9889      0.8629        0.7592   0.893   0.978    0.934

=== healing-style examples ===
  [examples] flag thr=0.4722 @ fpr=0.05 (key=E_t)
  --- clean #0 ---
    flag :                                                                                                                         
  --- replace30 #0 ---
    truec:  ^  ^ ^     ^^   ^ ^         ^       ^ ^ ^^      ^^   ^ ^      ^  ^^     ^       ^  ^     ^^  ^^^   ^^^  ^  ^      ^^^^ 
    flag : ********* ****** * *********** ***** **************** ******* *** * **   *      ****** ************* ** ********* ******
  --- falseinfo30 #0 ---
    truec:   ^^^^^^^          ^^^^^^^^^^^                     ^^                       ^^^        ^^ ^^^^   ^^ ^^^           ^^^   
    flag :                           *                                                              *                        ***   

Wrote bench_ood_final/logreg_fi/bayes_linear_logreg_fi_sweep.json
### [2026-09-02_22:21:41] logreg_fi exit 0
