Warning: You are sending unauthenticated requests to the HF Hub. Please set a HF_TOKEN to enable higher rate limits and faster downloads.
=== Unconditional generation === SKIPPED (--skip-uncond)

=== Recovery from perturbation ===
  embed_norm_mean=1.0000  σ_source=0.1000
    α  σ_perturb        Δ  tok_acc tok_acc_pt    KL_bi  sample[0]: gt / pt / rc
 0.20      0.200   0.0053   0.9917     0.9865   0.0404  gt='e the capital of one government after another one of such governments was established in one eight six four as a second mexican empire the short lived monarchy led by maximilian of habsburg left its mark on the reconstruction of chapultepec castle and othe'
                                             pt='e the capital of one government after anhther one of such governments was established in one eight six four as a second mexican empire the short lived monarchy led by maximilian of habsburg left its mark on the reconstruction of chapultepec castle and ozhe'
                                             rc='e the capital of one government after anhther one of such governments was established in one eight six four as a second mexican empire the short lived monarchy led by maximilian of habsburg left its mark on the reconstruction of chapultepec castle and othe'
 0.40      0.400   0.0597   0.7053     0.6456   0.5529  gt='e the capital of one government after another one of such governments was established in one eight six four as a second mexican empire the short lived monarchy led by maximilian of habsburg left its mark on the reconstruction of chapultepec castle and othe'
                                             pt='e qhe cwziyaq kgkoynugoveznmenb l feeyanojh dyoneyxfwsull goqennreqqj das eatacuisqew ingzny eiahu xix fohr aska sehvnd m xican emoire toh lnorq lived monlrcxykled by mabiiiliau of sazpbthg lefc kio marh onqthe ueqokstrdctionylf chaluutecec beiglebaod ethe'
                                             rc='e qhe cgoinan oghotnugovetnmenb a ter another one of stll gotennrenef dan eataouisnes ingone eiahu xix four asia sehpnd m xican emoire toe lnort lived monlrcfy led by masiiiliau of sazpbtrg lefc tio marh on tse teeokstrrctionsaf shaluutepec beitle aod ethe'
 0.50      0.500   0.0668   0.5614     0.4946   0.8513  gt='e the capital of one government after another one of such governments was established in one eight six four as a second mexican empire the short lived monarchy led by maximilian of habsburg left its mark on the reconstruction of chapultepec castle and othe'
                                             pt='euqho dwditau ox ong glveolmekd aogcrlznzbhhq ane of suczwgppeousenkdtqnssectabljshqd mn ony ylghe sib uoukyasha sochnd mewican emlira thouskbrtydylmw aln tcoy uon bn vqximtlgan mpyhahpanlg leta iys vak emn qxo keponhgnhkxion stblhapclzey qaqlstleland zuee'
                                             rc='euh o dwlitau op ong glveolmerd aogcruono nef ane of suczwmrpeoeoent ttns ect blishtd en one yigoe sib uour asea sochnd metioan espira tho ssortydsltw aln tcoy uot bn vnrimtl an mp vahpanrg leta its vod esn tro reponhgnpktion st lhapclzeselaclstleland ouee'
 0.60      0.600   0.0655   0.4518     0.3863   1.0076  gt='e the capital of one government after another one of such governments was established in one eight six four as a second mexican empire the short lived monarchy led by maximilian of habsburg left its mark on the reconstruction of chapultepec castle and othe'
                                             pt='iotqsdblplgwc zf lnw xzvagngeutabxxdc aqodzer ooe lf x cs tovecmmcnyjwhamlsytaqnackkd ink qe qngkmkskxlbrlraahonlyhgkel gtrizan ibpnr adwh bveru liucyeoknauckqclehyjnabasijelijn mbiuybyqurw dekv jts geke rnathq reroembrwgbihnpoxicnafdndjpndexvdqne an widhc'
                                             rc='iotnsdblpigac if ole firagngeuta csdc anottar ooe lf s cs tovecimcnyaghaslsstapnamced in  ae esght s rlbrlr ah n mtgkel gtriuan impnr atwh  veru linr eoonauc ncleh jn baoitelign mpiusbst ro lefv its aari rnatht reroeoirdrbihnpoticnafdnetper cv tnn an widoc'
 0.80      0.800   0.0567   0.3217     0.2650   1.1962  gt='e the capital of one government after another one of such governments was established in one eight six four as a second mexican empire the short lived monarchy led by maximilian of habsburg left its mark on the reconstruction of chapultepec castle and othe'
                                             pt='eaqpeqc bftaunop oxmmulp i ijfeaafweduaqwthyg lnebc csnqehbmfkrfisnzy vchu snoxlidqed aessnhntflduco blgp ldasyajjspbnk lbmql h l glxncybe dhdhb hbrykiooanxqey zeflby iaxemmqizesavcjibulckgsrovtwkzbyhwc  sngyhkqke cnszrggklon oq clnqclkeqeb ccmtioewlx m nm'
                                             rc='eaqpeuc  ftalnop oor  lp i iyfeaafeodlaawthyg lnebr osncenbmfrrfislta vaoueinorli red nessnhntfltuco  lgi ldasyatpsponf lomal h e glrtcdoe redrt o rykiooan aoy uefl e iasemmcivesav  ibulcrgsoovt  tbyh c  sngyhkafe rnsorgcelon ot cln rlte ec ccstioield m vm'
 0.90      0.900   0.0521   0.2844     0.2323   1.2373  gt='e the capital of one government after another one of such governments was established in one eight six four as a second mexican empire the short lived monarchy led by maximilian of habsburg left its mark on the reconstruction of chapultepec castle and othe'
                                             pt='kuwzej xaeuai wnqonkdg jlqmmlttt ureskanodhff nnewnnsdudkpjrozrnwsnvsw qlfeyrcmnunhhk nykzsmbyhxkm snmpsolrj agckceemhc ootkc bcexaboz nr lszdcitgtta  aksorclw fgdcbekmlofqiolzhnhd g sdvria an md au ezooahncwnd riw isauzetxcv eneyum gjeemerebtbbufawwq oeoo'
                                             rc='eutoe  xaetai enaonedg tlcmslttt  resianodhtf nveasn dcstpsroerngsntsa qlfesrameunrht nn esmb hrit eim soors aglfpteenc ootic  ce abot nr isiecitgtta  a  orcl  fgdcsenolof ialzo od g sdvria a  t  au ezsoaoncen  ri  isautetrcv enaerm reeemerebt c faw n oeor'

Wrote runs/sflm_bench_a100_20g_L256/SFLM/recovery_grid.json
