Warning: You are sending unauthenticated requests to the HF Hub. Please set a HF_TOKEN to enable higher rate limits and faster downloads.
[nll] t_nll=3.0 t_var=7.5 t_max=8.0 fit=512 eval=256
[nll] variance baseline: d=1280 t_var=7.5
[nll] false-info vocab: lengths 2-18

   scheme  rate  NLL_AUseq  NLL_AUtok  Var_AUseq  Var_AUtok  tokP@5  tokR@5  tokF1@5
  replace  0.05     0.9853     0.9825     0.9177     0.8646   0.445   0.933    0.602
  replace  0.10     0.9975     0.9784     0.9849     0.8312   0.557   0.929    0.697
  replace  0.15     0.9997     0.9667     0.9963     0.8022   0.583   0.917    0.713
  replace  0.20     1.0000     0.9523     0.9995     0.7689   0.569   0.917    0.703
  replace  0.25     1.0000     0.9345     0.9999     0.7375   0.555   0.924    0.694
  replace  0.30     1.0000     0.9100     1.0000     0.6978   0.528   0.936    0.675
  replace  0.50     1.0000     0.8098     1.0000     0.5560   0.553   0.983    0.708
  replace  0.70     1.0000     0.7558     1.0000     0.4935   0.701   0.999    0.824
  replace  1.00     1.0000        nan     1.0000        nan     nan     nan      nan
  shuffle  0.05     0.9748     0.9743     0.8797     0.8308   0.398   0.881    0.548
  shuffle  0.10     0.9941     0.9646     0.9749     0.7914   0.534   0.867    0.660
  shuffle  0.15     0.9982     0.9503     0.9932     0.7565   0.577   0.839    0.684
  shuffle  0.20     0.9995     0.9337     0.9982     0.7290   0.594   0.830    0.692
  shuffle  0.25     0.9999     0.9111     0.9994     0.7018   0.595   0.808    0.685
  shuffle  0.30     1.0000     0.8785     0.9999     0.6708   0.585   0.794    0.674
  shuffle  0.50     1.0000     0.7235     1.0000     0.5904   0.577   0.806    0.672
  shuffle  0.70     1.0000     0.6036     1.0000     0.5388   0.676   0.855    0.755
  shuffle  1.00     1.0000     0.6337     1.0000     0.4922   0.933   0.871    0.901
     both  0.05     0.9954     0.9711     0.9797     0.8176   0.541   0.896    0.674
     both  0.10     0.9998     0.9502     0.9985     0.7616   0.590   0.882    0.707
     both  0.15     1.0000     0.9062     0.9999     0.7095   0.570   0.863    0.686
     both  0.20     1.0000     0.8572     1.0000     0.6642   0.540   0.888    0.672
     both  0.25     1.0000     0.8056     1.0000     0.6251   0.542   0.912    0.680
     both  0.30     1.0000     0.7642     1.0000     0.5892   0.563   0.938    0.704
     both  0.50     1.0000     0.6949     1.0000     0.5183   0.729   0.990    0.840
     both  0.70     1.0000     0.7037     1.0000     0.4890   0.875   0.999    0.933
     both  1.00     1.0000     0.7454     1.0000     0.4758   0.964   1.000    0.982
falseinfo  0.05     0.5888     0.7129     0.5718     0.6953   0.137   0.221    0.169
falseinfo  0.10     0.6597     0.7126     0.6133     0.6956   0.247   0.210    0.227
falseinfo  0.15     0.7273     0.7246     0.6920     0.7046   0.355   0.226    0.276
falseinfo  0.20     0.7774     0.7032     0.7355     0.6943   0.422   0.216    0.286
falseinfo  0.25     0.8433     0.6898     0.7923     0.6966   0.469   0.211    0.291
falseinfo  0.30     0.8739     0.6942     0.8271     0.6969   0.533   0.215    0.306
falseinfo  0.50     0.9511     0.6695     0.9401     0.7009   0.685   0.220    0.333
falseinfo  0.70     0.9723     0.6435     0.9763     0.7112   0.797   0.220    0.345
falseinfo  1.00     0.9840     0.5827     0.9889     0.7592   0.892   0.234    0.371

=== healing-style examples ===
  [examples] flag thr=0.5957 @ fpr=0.05 (key=NLL_t)
  --- clean #0 ---
    flag : *                                                  **                                  *        **  **                  
  --- replace30 #0 ---
    truec:  ^  ^ ^     ^^   ^ ^         ^       ^ ^ ^^      ^^   ^ ^      ^  ^^     ^       ^  ^     ^^  ^^^   ^^^  ^  ^      ^^^^ 
    flag : ********* *      * ****   *  *       *******  ******* * *      *  **     *      ****** ********* *   ** ********* ******
  --- falseinfo30 #0 ---
    truec:   ^^^^^^^          ^^^^^^^^^^^                     ^^                       ^^^        ^^ ^^^^   ^^ ^^^           ^^^   
    flag : *       *                                           *                       * *        * **                       **    

Wrote bench_ood_final/nll/denoiser_nll_sweep.json
