[sampler override] {'sampler': 'sde', 'sde_alpha': 0.1}
=== Unconditional generation ===
  KL_uni=0.0744  KL_bi=1.2438  KL_tri=4.6626  H_gen=2.5487
  sample[0]: ' it estth liwthoe  enn th er n  o heltc '
  sample[1]: ' ss t tro rs ongc meaveie ct if   ene r '

=== Recovery from perturbation ===
  embed_norm_mean=12.2723  σ_source=0.1000
    α  σ_perturb    KL_bi  tok_acc  sample[0]: gt / pt / rc
 0.05      0.614   0.1098   1.0000  gt='e the capital of one government after an'
                                  pt='e the capital of one government after an'  (pt_acc=1.000)
                                  rc='e the capital of one government after an'
 0.10      1.227   0.1098   1.0000  gt='e the capital of one government after an'
                                  pt='e the capital of one government after an'  (pt_acc=1.000)
                                  rc='e the capital of one government after an'
 0.20      2.454   0.1153   0.9974  gt='e the capital of one government after an'
                                  pt='e the capital of one government after an'  (pt_acc=0.996)
                                  rc='e the capital of one government after an'
 0.30      3.682   0.3302   0.9086  gt='e the capital of one government after an'
                                  pt='e the cajitpu of one govbrxment afqer an'  (pt_acc=0.897)
                                  rc='e the calitpu of one govbrxment afqer an'
 0.40      4.909   1.1977   0.7166  gt='e the capital of one government after an'
                                  pt='e thewfacilalcofgpne goverxment zxter an'  (pt_acc=0.697)
                                  rc='e thewfacitalcofgpne guverxment zxter an'
 0.50      6.136   2.3096   0.5385  gt='e the capital of one government after an'
                                  pt='k thezclphral of zni goyrrnmeltr ster an'  (pt_acc=0.528)
                                  rc='k theoclphral of znirgoyrrnmeltr hter an'
 1.00     12.272   4.7480   0.2021  gt='e the capital of one government after an'
                                  pt='x rhihfckmtal cbyuxvsgecbdqecnteafteozmj'  (pt_acc=0.201)
                                  rc='e rhihfckmtal cbyexvsgecbdqecnteafteofmj'

Wrote runs/eqm_sparsemax_bigram_ce01/recovery_sde.json
